******************************************************************************
                  TI ARM Linker PC v20.2.4                     
******************************************************************************
>> Linked Tue Mar  2 13:07:35 2021

OUTPUT FILE NAME:   <MSP432_[not_done]_SDCard_ConvertFrom_Arduino.out>
ENTRY POINT SYMBOL: "_c_int00_noargs"  address: 00002365


MEMORY CONFIGURATION

         name            origin    length      used     unused   attr    fill
----------------------  --------  ---------  --------  --------  ----  --------
  MAIN                  00000000   00040000  000027a4  0003d85c  R  X
  INFO                  00200000   00004000  00000000  00004000  R  X
  SRAM_CODE             01000000   00010000  00000238  0000fdc8  RW X
  SRAM_DATA             20000000   00010000  00000238  0000fdc8  RW  


SEGMENT ALLOCATION MAP

run origin  load origin   length   init length attrs members
----------  ----------- ---------- ----------- ----- -------
00000000    00000000    000027a8   000027a8    r-x
  00000000    00000000    000000e4   000000e4    r-- .intvecs
  000000e4    000000e4    00002518   00002518    r-x .text
  000025fc    000025fc    00000178   00000178    r-- .const
  00002778    00002778    00000030   00000030    r-- .cinit
20000000    20000000    00000038   00000000    rw-
  20000000    20000000    00000034   00000000    rw- .bss
  20000034    20000034    00000004   00000000    rw- .data
2000fe00    2000fe00    00000200   00000000    rw-
  2000fe00    2000fe00    00000200   00000000    rw- .stack


SECTION ALLOCATION MAP

 output                                  attributes/
section   page    origin      length       input sections
--------  ----  ----------  ----------   ----------------
.intvecs   0    00000000    000000e4     
                  00000000    000000e4     startup_msp432p401r_ccs.obj (.intvecs:retain)

.text      0    000000e4    00002518     
                  000000e4    00000a4e     rtsv7M4_T_le_v4SPD16_eabi.lib : _printfi.c.obj (.text:__TI_printfi)
                  00000b32    00000002     startup_msp432p401r_ccs.obj (.text:Default_Handler)
                  00000b34    00000270     rtsv7M4_T_le_v4SPD16_eabi.lib : _printfi.c.obj (.text:_pconv_a)
                  00000da4    000001d0                                   : _printfi.c.obj (.text:_pconv_g)
                  00000f74    000001b6                                   : fd_add_t2.asm.obj (.text)
                  0000112a    00000002                                   : div0.asm.obj (.text)
                  0000112c    0000013c                                   : _printfi.c.obj (.text:_pconv_e)
                  00001268    00000136                                   : fd_div_t2.asm.obj (.text)
                  0000139e    00000002     --HOLE-- [fill = 0]
                  000013a0    00000130     msp432p4xx_driverlib.lib : cs.o (.text:CS_initClockSignal)
                  000014d0    00000124     rtsv7M4_T_le_v4SPD16_eabi.lib : _printfi.c.obj (.text:fcvt)
                  000015f4    0000011c     msp432p4xx_driverlib.lib : uart.o (.text:UART_initModule)
                  00001710    00000110     rtsv7M4_T_le_v4SPD16_eabi.lib : s_scalbn.c.obj (.text:scalbn)
                  00001820    000000fc                                   : fd_mul_t2.asm.obj (.text)
                  0000191c    000000b4     main.obj (.text:main)
                  000019d0    000000b1     rtsv7M4_T_le_v4SPD16_eabi.lib : _printfi.c.obj (.text:_ltostr)
                  00001a81    00000001     --HOLE-- [fill = 0]
                  00001a82    000000b0     msp432p4xx_driverlib.lib : spi.o (.text:SPI_initMaster)
                  00001b32    0000009c     rtsv7M4_T_le_v4SPD16_eabi.lib : memcpy_t2.asm.obj (.text)
                  00001bce    00000096                                   : ull_div_t2.asm.obj (.text)
                  00001c64    00000088     msp432p4xx_driverlib.lib : gpio.o (.text:GPIO_setAsPeripheralModuleFunctionInputPin)
                  00001cec    00000086     rtsv7M4_T_le_v4SPD16_eabi.lib : fd_cmp_t2.asm.obj (.text:__aeabi_cdcmple)
                  00001d72    00000086                                   : fd_cmp_t2.asm.obj (.text:__aeabi_cdrcmple)
                  00001df8    0000007a                                   : memset_t2.asm.obj (.text)
                  00001e72    00000002     --HOLE-- [fill = 0]
                  00001e74    00000078     system_msp432p401r.obj (.text:SystemInit)
                  00001eec    0000006e     rtsv7M4_T_le_v4SPD16_eabi.lib : _printfi.c.obj (.text:_mcpy)
                  00001f5a    00000068                                   : copy_decompress_lzss.c.obj (.text:decompress:lzss:__TI_decompress_lzss)
                  00001fc2    00000002     --HOLE-- [fill = 0]
                  00001fc4    00000064                                   : s_frexp.c.obj (.text:frexp)
                  00002028    00000056                                   : _printfi.c.obj (.text:_pconv_f)
                  0000207e    00000054                                   : _ltoa.c.obj (.text:__TI_ltoa)
                  000020d2    00000052                                   : _printfi.c.obj (.text:_ecpy)
                  00002124    0000004c                                   : atoi.c.obj (.text:atoi)
                  00002170    00000048                                   : fd_toi_t2.asm.obj (.text)
                  000021b8    00000044                                   : autoinit.c.obj (.text:__TI_auto_init_nobinit_nopinit:__TI_auto_init_nobinit_nopinit)
                  000021fc    00000040     msp432p4xx_driverlib.lib : gpio.o (.text:GPIO_setAsOutputPin)
                  0000223c    00000040                              : spi.o (.text:is_A_Module)
                  0000227c    00000040     rtsv7M4_T_le_v4SPD16_eabi.lib : sprintf.c.obj (.text:sprintf)
                  000022bc    0000003e                                   : _printfi.c.obj (.text:_fcpy)
                  000022fa    00000002     --HOLE-- [fill = 0]
                  000022fc    00000034     msp432p4xx_driverlib.lib : cs.o (.text:CS_setDCOCenteredFrequency)
                  00002330    00000034                              : uart.o (.text:UART_transmitData)
                  00002364    00000034     rtsv7M4_T_le_v4SPD16_eabi.lib : boot_cortex_m.c.obj (.text:_c_int00_noargs:_c_int00_noargs)
                  00002398    00000034     spiDriver.obj (.text:spi_Start)
                  000023cc    00000030     main.obj (.text:print_uart)
                  000023fc    0000002e     rtsv7M4_T_le_v4SPD16_eabi.lib : i_tofd_t2.asm.obj (.text)
                  0000242a    00000002     --HOLE-- [fill = 0]
                  0000242c    00000028     msp432p4xx_driverlib.lib : gpio.o (.text:GPIO_setOutputLowOnPin)
                  00002454    00000028                              : gpio.o (.text:GPIO_toggleOutputOnPin)
                  0000247c    0000001c                              : spi.o (.text:SPI_enableModule)
                  00002498    0000001c     rtsv7M4_T_le_v4SPD16_eabi.lib : copy_zero_init.c.obj (.text:decompress:ZI:__TI_zero_init_nomemset:__TI_zero_init_nomemset)
                  000024b4    0000001c                                   : memccpy.c.obj (.text:memccpy)
                  000024d0    0000001a                                   : s_copysign.c.obj (.text:copysign)
                  000024ea    00000002     --HOLE-- [fill = 0]
                  000024ec    00000018     msp432p4xx_driverlib.lib : systick.o (.text:SysTick_setPeriod)
                  00002504    00000018     rtsv7M4_T_le_v4SPD16_eabi.lib : sprintf.c.obj (.text:_outs)
                  0000251c    00000016     msp432p4xx_driverlib.lib : spi.o (.text:EUSCI_A_SPI_enable)
                  00002532    00000016                              : spi.o (.text:EUSCI_B_SPI_enable)
                  00002548    00000016                              : uart.o (.text:UART_enableModule)
                  0000255e    00000016     rtsv7M4_T_le_v4SPD16_eabi.lib : strchr.c.obj (.text:strchr)
                  00002574    00000014                                   : strlen.c.obj (.text:strlen)
                  00002588    00000012                                   : wcslen.c.obj (.text:wcslen)
                  0000259a    00000002     --HOLE-- [fill = 0]
                  0000259c    00000010     msp432p4xx_driverlib.lib : systick.o (.text:SysTick_enableInterrupt)
                  000025ac    00000010                              : systick.o (.text:SysTick_enableModule)
                  000025bc    0000000e     rtsv7M4_T_le_v4SPD16_eabi.lib : copy_decompress_none.c.obj (.text:decompress:none:__TI_decompress_none)
                  000025ca    0000000c     startup_msp432p401r_ccs.obj (.text:Reset_Handler)
                  000025d6    0000000c     main.obj (.text:SysTick_Handler)
                  000025e2    0000000a     rtsv7M4_T_le_v4SPD16_eabi.lib : sprintf.c.obj (.text:_outc)
                  000025ec    00000008                                   : errno.c.obj (.text:__aeabi_errno_addr)
                  000025f4    00000004                                   : pre_init.c.obj (.text:_system_pre_init)
                  000025f8    00000004                                   : exit.c.obj (.text:abort:abort)

.const     0    000025fc    00000178     
                  000025fc    00000101     rtsv7M4_T_le_v4SPD16_eabi.lib : ctype.c.obj (.const:.string:_ctypes_)
                  000026fd    00000003     --HOLE-- [fill = 0]
                  00002700    00000030     msp432p4xx_driverlib.lib : gpio.o (.const:GPIO_PORT_TO_BASE)
                  00002730    00000028     main.obj (.const:uartConfig)
                  00002758    0000001c     spiDriver.obj (.const:spiMasterConfig)

.cinit     0    00002778    00000030     
                  00002778    0000000c     (__TI_handler_table)
                  00002784    00000004     --HOLE-- [fill = 0]
                  00002788    00000008     (.cinit..bss.load) [load image, compression = zero_init]
                  00002790    00000007     (.cinit..data.load) [load image, compression = lzss]
                  00002797    00000001     --HOLE-- [fill = 0]
                  00002798    00000010     (__TI_cinit_table)

.init_array 
*          0    00000000    00000000     UNINITIALIZED

.binit     0    00000000    00000000     

.bss       0    20000000    00000034     UNINITIALIZED
                  20000000    00000034     (.common:msg)

.data      0    20000034    00000004     UNINITIALIZED
                  20000034    00000004     rtsv7M4_T_le_v4SPD16_eabi.lib : errno.c.obj (.data)

.stack     0    2000fe00    00000200     UNINITIALIZED
                  2000fe00    00000004     rtsv7M4_T_le_v4SPD16_eabi.lib : boot_cortex_m.c.obj (.stack)
                  2000fe04    000001fc     --HOLE--

__llvm_prf_cnts 
*          0    20000000    00000000     UNINITIALIZED

MODULE SUMMARY

       Module                        code   ro data   rw data
       ------                        ----   -------   -------
    .\
       main.obj                      240    40        104    
       system_msp432p401r.obj        120    0         0      
       spiDriver.obj                 52     28        0      
    +--+-----------------------------+------+---------+---------+
       Total:                        412    68        104    
                                                             
    .\ccs\
       startup_msp432p401r_ccs.obj   14     228       0      
    +--+-----------------------------+------+---------+---------+
       Total:                        14     228       0      
                                                             
    C:/ti/simplelink_msp432p4_sdk_3_40_01_02/source/ti/devices/msp432p4xx/driverlib/ccs/msp432p4xx_driverlib.lib
       uart.o                        358    0         0      
       cs.o                          356    0         0      
       gpio.o                        280    48        0      
       spi.o                         312    0         0      
       systick.o                     56     0         0      
    +--+-----------------------------+------+---------+---------+
       Total:                        1362   48        0      
                                                             
    C:\ti\ccs1011\ccs\tools\compiler\ti-cgt-arm_20.2.4.LTS\lib\rtsv7M4_T_le_v4SPD16_eabi.lib
       _printfi.c.obj                4851   0         0      
       fd_add_t2.asm.obj             438    0         0      
       fd_div_t2.asm.obj             310    0         0      
       s_scalbn.c.obj                272    0         0      
       fd_cmp_t2.asm.obj             268    0         0      
       ctype.c.obj                   0      257       0      
       fd_mul_t2.asm.obj             252    0         0      
       memcpy_t2.asm.obj             156    0         0      
       ull_div_t2.asm.obj            150    0         0      
       memset_t2.asm.obj             122    0         0      
       copy_decompress_lzss.c.obj    104    0         0      
       s_frexp.c.obj                 100    0         0      
       sprintf.c.obj                 98     0         0      
       _ltoa.c.obj                   84     0         0      
       atoi.c.obj                    76     0         0      
       fd_toi_t2.asm.obj             72     0         0      
       autoinit.c.obj                68     0         0      
       boot_cortex_m.c.obj           52     0         0      
       i_tofd_t2.asm.obj             46     0         0      
       copy_zero_init.c.obj          28     0         0      
       memccpy.c.obj                 28     0         0      
       s_copysign.c.obj              26     0         0      
       strchr.c.obj                  22     0         0      
       strlen.c.obj                  20     0         0      
       wcslen.c.obj                  18     0         0      
       errno.c.obj                   8      0         8      
       copy_decompress_none.c.obj    14     0         0      
       exit.c.obj                    4      0         0      
       pre_init.c.obj                4      0         0      
       div0.asm.obj                  2      0         0      
    +--+-----------------------------+------+---------+---------+
       Total:                        7693   257       8      
                                                             
       Stack:                        0      0         1024   
       Linker Generated:             0      43        0      
    +--+-----------------------------+------+---------+---------+
       Grand Total:                  9481   644       1136   


LINKER GENERATED COPY TABLES

__TI_cinit_table @ 00002798 records: 2, size/record: 8, table size: 16
	.bss: load addr=00002788, load size=00000008 bytes, run addr=20000000, run size=00000034 bytes, compression=zero_init
	.data: load addr=00002790, load size=00000007 bytes, run addr=20000034, run size=00000004 bytes, compression=lzss


LINKER GENERATED HANDLER TABLE

__TI_handler_table @ 00002778 records: 3, size/record: 4, table size: 12
	index: 0, handler: __TI_decompress_lzss
	index: 1, handler: __TI_decompress_none
	index: 2, handler: __TI_zero_init


GLOBAL SYMBOLS: SORTED ALPHABETICALLY BY Name 

address   name                                      
-------   ----                                      
00000b33  ADC14_IRQHandler                          
00000b33  AES256_IRQHandler                         
00000b33  BusFault_Handler                          
000025f9  C$$EXIT                                   
00000b33  COMP_E0_IRQHandler                        
00000b33  COMP_E1_IRQHandler                        
00000b33  CS_IRQHandler                             
000013a1  CS_initClockSignal                        
000022fd  CS_setDCOCenteredFrequency                
00000b33  DMA_ERR_IRQHandler                        
00000b33  DMA_INT0_IRQHandler                       
00000b33  DMA_INT1_IRQHandler                       
00000b33  DMA_INT2_IRQHandler                       
00000b33  DMA_INT3_IRQHandler                       
00000b33  DebugMon_Handler                          
00000b33  Default_Handler                           
00000b33  EUSCIA0_IRQHandler                        
00000b33  EUSCIA1_IRQHandler                        
00000b33  EUSCIA2_IRQHandler                        
00000b33  EUSCIA3_IRQHandler                        
00000b33  EUSCIB0_IRQHandler                        
00000b33  EUSCIB1_IRQHandler                        
00000b33  EUSCIB2_IRQHandler                        
00000b33  EUSCIB3_IRQHandler                        
0000251d  EUSCI_A_SPI_enable                        
00002533  EUSCI_B_SPI_enable                        
00000b33  FLCTL_IRQHandler                          
00000b33  FPU_IRQHandler                            
000021fd  GPIO_setAsOutputPin                       
00001c65  GPIO_setAsPeripheralModuleFunctionInputPin
0000242d  GPIO_setOutputLowOnPin                    
00002455  GPIO_toggleOutputOnPin                    
00000b33  HardFault_Handler                         
00000b33  MemManage_Handler                         
00000b33  NMI_Handler                               
00000b33  PCM_IRQHandler                            
00000b33  PORT1_IRQHandler                          
00000b33  PORT2_IRQHandler                          
00000b33  PORT3_IRQHandler                          
00000b33  PORT4_IRQHandler                          
00000b33  PORT5_IRQHandler                          
00000b33  PORT6_IRQHandler                          
00000b33  PSS_IRQHandler                            
00000b33  PendSV_Handler                            
00000b33  RTC_C_IRQHandler                          
000025cb  Reset_Handler                             
0000247d  SPI_enableModule                          
00001a83  SPI_initMaster                            
00000b33  SVC_Handler                               
000025d7  SysTick_Handler                           
000025d7  SysTick_Handler                           
0000259d  SysTick_enableInterrupt                   
000025ad  SysTick_enableModule                      
000024ed  SysTick_setPeriod                         
00001e75  SystemInit                                
00000b33  T32_INT1_IRQHandler                       
00000b33  T32_INT2_IRQHandler                       
00000b33  T32_INTC_IRQHandler                       
00000b33  TA0_0_IRQHandler                          
00000b33  TA0_N_IRQHandler                          
00000b33  TA1_0_IRQHandler                          
00000b33  TA1_N_IRQHandler                          
00000b33  TA2_0_IRQHandler                          
00000b33  TA2_N_IRQHandler                          
00000b33  TA3_0_IRQHandler                          
00000b33  TA3_N_IRQHandler                          
00002549  UART_enableModule                         
000015f5  UART_initModule                           
00002331  UART_transmitData                         
00000b33  UsageFault_Handler                        
4000480c  WDTCTL_SYM                                
00000b33  WDT_A_IRQHandler                          
20010000  __STACK_END                               
00000200  __STACK_SIZE                              
00002798  __TI_CINIT_Base                           
000027a8  __TI_CINIT_Limit                          
00002778  __TI_Handler_Table_Base                   
00002784  __TI_Handler_Table_Limit                  
000021b9  __TI_auto_init_nobinit_nopinit            
00001f5b  __TI_decompress_lzss                      
000025bd  __TI_decompress_none                      
0000207f  __TI_ltoa                                 
ffffffff  __TI_pprof_out_hndl                       
000000e5  __TI_printfi                              
ffffffff  __TI_prof_data_size                       
ffffffff  __TI_prof_data_start                      
00000000  __TI_static_base__                        
00002499  __TI_zero_init_nomemset                   
00001ced  __aeabi_cdcmpeq                           
00001ced  __aeabi_cdcmple                           
00001d73  __aeabi_cdrcmple                          
00002171  __aeabi_d2iz                              
00000f7f  __aeabi_dadd                              
00001269  __aeabi_ddiv                              
00001821  __aeabi_dmul                              
00000f75  __aeabi_dsub                              
000025ed  __aeabi_errno_addr                        
000023fd  __aeabi_i2d                               
0000112b  __aeabi_idiv0                             
0000112b  __aeabi_ldiv0                             
00001df9  __aeabi_memclr                            
00001df9  __aeabi_memclr4                           
00001df9  __aeabi_memclr8                           
00001b33  __aeabi_memcpy                            
00001b33  __aeabi_memcpy4                           
00001b33  __aeabi_memcpy8                           
00001dfb  __aeabi_memset                            
00001dfb  __aeabi_memset4                           
00001dfb  __aeabi_memset8                           
00001bcf  __aeabi_uldivmod                          
ffffffff  __binit__                                 
ffffffff  __c_args__                                
UNDEFED   __mpu_init                                
2000fe00  __stack                                   
20000000  __start___llvm_prf_cnts                   
20000000  __stop___llvm_prf_cnts                    
00002365  _c_int00_noargs                           
000025fc  _ctypes_                                  
UNDEFED   _system_post_cinit                        
000025f5  _system_pre_init                          
000025f9  abort                                     
00002125  atoi                                      
ffffffff  binit                                     
000024d1  copysign                                  
000024d1  copysignl                                 
20000034  errno                                     
00001fc5  frexp                                     
00001fc5  frexpl                                    
00000000  interruptVectors                          
00001711  ldexp                                     
00001711  ldexpl                                    
0000191d  main                                      
000024b5  memccpy                                   
00001b33  memcpy                                    
00001e01  memset                                    
20000000  msg                                       
000023cd  print_uart                                
00001711  scalbn                                    
00001711  scalbnl                                   
00002758  spiMasterConfig                           
00002399  spi_Start                                 
0000227d  sprintf                                   
0000255f  strchr                                    
00002575  strlen                                    
00002730  uartConfig                                
00002589  wcslen                                    


GLOBAL SYMBOLS: SORTED BY Symbol Address 

address   name                                      
-------   ----                                      
00000000  __TI_static_base__                        
00000000  interruptVectors                          
000000e5  __TI_printfi                              
00000200  __STACK_SIZE                              
00000b33  ADC14_IRQHandler                          
00000b33  AES256_IRQHandler                         
00000b33  BusFault_Handler                          
00000b33  COMP_E0_IRQHandler                        
00000b33  COMP_E1_IRQHandler                        
00000b33  CS_IRQHandler                             
00000b33  DMA_ERR_IRQHandler                        
00000b33  DMA_INT0_IRQHandler                       
00000b33  DMA_INT1_IRQHandler                       
00000b33  DMA_INT2_IRQHandler                       
00000b33  DMA_INT3_IRQHandler                       
00000b33  DebugMon_Handler                          
00000b33  Default_Handler                           
00000b33  EUSCIA0_IRQHandler                        
00000b33  EUSCIA1_IRQHandler                        
00000b33  EUSCIA2_IRQHandler                        
00000b33  EUSCIA3_IRQHandler                        
00000b33  EUSCIB0_IRQHandler                        
00000b33  EUSCIB1_IRQHandler                        
00000b33  EUSCIB2_IRQHandler                        
00000b33  EUSCIB3_IRQHandler                        
00000b33  FLCTL_IRQHandler                          
00000b33  FPU_IRQHandler                            
00000b33  HardFault_Handler                         
00000b33  MemManage_Handler                         
00000b33  NMI_Handler                               
00000b33  PCM_IRQHandler                            
00000b33  PORT1_IRQHandler                          
00000b33  PORT2_IRQHandler                          
00000b33  PORT3_IRQHandler                          
00000b33  PORT4_IRQHandler                          
00000b33  PORT5_IRQHandler                          
00000b33  PORT6_IRQHandler                          
00000b33  PSS_IRQHandler                            
00000b33  PendSV_Handler                            
00000b33  RTC_C_IRQHandler                          
00000b33  SVC_Handler                               
00000b33  T32_INT1_IRQHandler                       
00000b33  T32_INT2_IRQHandler                       
00000b33  T32_INTC_IRQHandler                       
00000b33  TA0_0_IRQHandler                          
00000b33  TA0_N_IRQHandler                          
00000b33  TA1_0_IRQHandler                          
00000b33  TA1_N_IRQHandler                          
00000b33  TA2_0_IRQHandler                          
00000b33  TA2_N_IRQHandler                          
00000b33  TA3_0_IRQHandler                          
00000b33  TA3_N_IRQHandler                          
00000b33  UsageFault_Handler                        
00000b33  WDT_A_IRQHandler                          
00000f75  __aeabi_dsub                              
00000f7f  __aeabi_dadd                              
0000112b  __aeabi_idiv0                             
0000112b  __aeabi_ldiv0                             
00001269  __aeabi_ddiv                              
000013a1  CS_initClockSignal                        
000015f5  UART_initModule                           
00001711  ldexp                                     
00001711  ldexpl                                    
00001711  scalbn                                    
00001711  scalbnl                                   
00001821  __aeabi_dmul                              
0000191d  main                                      
00001a83  SPI_initMaster                            
00001b33  __aeabi_memcpy                            
00001b33  __aeabi_memcpy4                           
00001b33  __aeabi_memcpy8                           
00001b33  memcpy                                    
00001bcf  __aeabi_uldivmod                          
00001c65  GPIO_setAsPeripheralModuleFunctionInputPin
00001ced  __aeabi_cdcmpeq                           
00001ced  __aeabi_cdcmple                           
00001d73  __aeabi_cdrcmple                          
00001df9  __aeabi_memclr                            
00001df9  __aeabi_memclr4                           
00001df9  __aeabi_memclr8                           
00001dfb  __aeabi_memset                            
00001dfb  __aeabi_memset4                           
00001dfb  __aeabi_memset8                           
00001e01  memset                                    
00001e75  SystemInit                                
00001f5b  __TI_decompress_lzss                      
00001fc5  frexp                                     
00001fc5  frexpl                                    
0000207f  __TI_ltoa                                 
00002125  atoi                                      
00002171  __aeabi_d2iz                              
000021b9  __TI_auto_init_nobinit_nopinit            
000021fd  GPIO_setAsOutputPin                       
0000227d  sprintf                                   
000022fd  CS_setDCOCenteredFrequency                
00002331  UART_transmitData                         
00002365  _c_int00_noargs                           
00002399  spi_Start                                 
000023cd  print_uart                                
000023fd  __aeabi_i2d                               
0000242d  GPIO_setOutputLowOnPin                    
00002455  GPIO_toggleOutputOnPin                    
0000247d  SPI_enableModule                          
00002499  __TI_zero_init_nomemset                   
000024b5  memccpy                                   
000024d1  copysign                                  
000024d1  copysignl                                 
000024ed  SysTick_setPeriod                         
0000251d  EUSCI_A_SPI_enable                        
00002533  EUSCI_B_SPI_enable                        
00002549  UART_enableModule                         
0000255f  strchr                                    
00002575  strlen                                    
00002589  wcslen                                    
0000259d  SysTick_enableInterrupt                   
000025ad  SysTick_enableModule                      
000025bd  __TI_decompress_none                      
000025cb  Reset_Handler                             
000025d7  SysTick_Handler                           
000025d7  SysTick_Handler                           
000025ed  __aeabi_errno_addr                        
000025f5  _system_pre_init                          
000025f9  C$$EXIT                                   
000025f9  abort                                     
000025fc  _ctypes_                                  
00002730  uartConfig                                
00002758  spiMasterConfig                           
00002778  __TI_Handler_Table_Base                   
00002784  __TI_Handler_Table_Limit                  
00002798  __TI_CINIT_Base                           
000027a8  __TI_CINIT_Limit                          
20000000  __start___llvm_prf_cnts                   
20000000  __stop___llvm_prf_cnts                    
20000000  msg                                       
20000034  errno                                     
2000fe00  __stack                                   
20010000  __STACK_END                               
4000480c  WDTCTL_SYM                                
ffffffff  __TI_pprof_out_hndl                       
ffffffff  __TI_prof_data_size                       
ffffffff  __TI_prof_data_start                      
ffffffff  __binit__                                 
ffffffff  __c_args__                                
ffffffff  binit                                     
UNDEFED   __mpu_init                                
UNDEFED   _system_post_cinit                        

[146 symbols]
