******************************************************************************
                  TI ARM Linker PC v20.2.4                     
******************************************************************************
>> Linked Sat Feb 20 20:34:05 2021

OUTPUT FILE NAME:   <MSP432_systick_interrupt_gpio_blink_MSP_EXP432P401R_nortos_ccs.out>
ENTRY POINT SYMBOL: "_c_int00_noinit_noargs"  address: 000001cd


MEMORY CONFIGURATION

         name            origin    length      used     unused   attr    fill
----------------------  --------  ---------  --------  --------  ----  --------
  MAIN                  00000000   00040000  00000326  0003fcda  R  X
  INFO                  00200000   00004000  00000000  00004000  R  X
  SRAM_CODE             01000000   00010000  00000200  0000fe00  RW X
  SRAM_DATA             20000000   00010000  00000200  0000fe00  RW  


SEGMENT ALLOCATION MAP

run origin  load origin   length   init length attrs members
----------  ----------- ---------- ----------- ----- -------
00000000    00000000    00000328   00000328    r-x
  00000000    00000000    000000e4   000000e4    r-- .intvecs
  000000e4    000000e4    00000212   00000212    r-x .text
  000002f8    000002f8    00000030   00000030    r-- .const
2000fe00    2000fe00    00000200   00000000    rw-
  2000fe00    2000fe00    00000200   00000000    rw- .stack


SECTION ALLOCATION MAP

 output                                  attributes/
section   page    origin      length       input sections
--------  ----  ----------  ----------   ----------------
.intvecs   0    00000000    000000e4     
                  00000000    000000e4     startup_msp432p401r_ccs.obj (.intvecs:retain)

.text      0    000000e4    00000212     
                  000000e4    00000078     system_msp432p401r.obj (.text:SystemInit)
                  0000015c    00000040     msp432p4xx_driverlib.lib : gpio.o (.text:GPIO_setAsOutputPin)
                  0000019c    00000030     systick_interrupt_gpio_blink.obj (.text:main)
                  000001cc    0000002c     rtsv7M4_T_le_v4SPD16_eabi.lib : boot_cortex_m.c.obj (.text:_c_int00_noinit_noargs:_c_int00_noinit_noargs)
                  000001f8    00000028     msp432p4xx_driverlib.lib : gpio.o (.text:GPIO_toggleOutputOnPin)
                  00000220    00000028                              : pcm.o (.text:PCM_gotoLPM0)
                  00000248    00000024                              : wdt_a.o (.text:WDT_A_holdTimer)
                  0000026c    00000018                              : systick.o (.text:SysTick_setPeriod)
                  00000284    00000010                              : interrupt.o (.text:Interrupt_enableMaster)
                  00000294    00000010                              : interrupt.o (.text:Interrupt_enableSleepOnIsrExit)
                  000002a4    00000010                              : systick.o (.text:SysTick_enableInterrupt)
                  000002b4    00000010                              : systick.o (.text:SysTick_enableModule)
                  000002c4    0000000c                              : cpu.o (.text:CPU_cpsie)
                  000002d0    0000000c     startup_msp432p401r_ccs.obj (.text:Reset_Handler)
                  000002dc    0000000c     systick_interrupt_gpio_blink.obj (.text:SysTick_Handler)
                  000002e8    00000004     msp432p4xx_driverlib.lib : cpu.o (.text:CPU_wfi)
                  000002ec    00000004     rtsv7M4_T_le_v4SPD16_eabi.lib : pre_init.c.obj (.text:_system_pre_init)
                  000002f0    00000004                                   : exit.c.obj (.text:abort:abort)
                  000002f4    00000002     startup_msp432p401r_ccs.obj (.text:Default_Handler)

.const     0    000002f8    00000030     
                  000002f8    00000030     msp432p4xx_driverlib.lib : gpio.o (.const:GPIO_PORT_TO_BASE)

.cinit     0    00000000    00000000     UNINITIALIZED

.init_array 
*          0    00000000    00000000     UNINITIALIZED

.binit     0    00000000    00000000     

.stack     0    2000fe00    00000200     UNINITIALIZED
                  2000fe00    00000004     rtsv7M4_T_le_v4SPD16_eabi.lib : boot_cortex_m.c.obj (.stack)
                  2000fe04    000001fc     --HOLE--

__llvm_prf_cnts 
*          0    20000000    00000000     UNINITIALIZED

MODULE SUMMARY

       Module                             code   ro data   rw data
       ------                             ----   -------   -------
    .\
       system_msp432p401r.obj             120    0         0      
       systick_interrupt_gpio_blink.obj   60     0         0      
    +--+----------------------------------+------+---------+---------+
       Total:                             180    0         0      
                                                                  
    .\ccs\
       startup_msp432p401r_ccs.obj        14     228       0      
    +--+----------------------------------+------+---------+---------+
       Total:                             14     228       0      
                                                                  
    C:/ti/simplelink_msp432p4_sdk_3_40_01_02/source/ti/devices/msp432p4xx/driverlib/ccs/msp432p4xx_driverlib.lib
       gpio.o                             104    48        0      
       systick.o                          56     0         0      
       pcm.o                              40     0         0      
       wdt_a.o                            36     0         0      
       interrupt.o                        32     0         0      
       cpu.o                              16     0         0      
    +--+----------------------------------+------+---------+---------+
       Total:                             284    48        0      
                                                                  
    C:\ti\ccs1011\ccs\tools\compiler\ti-cgt-arm_20.2.4.LTS\lib\rtsv7M4_T_le_v4SPD16_eabi.lib
       boot_cortex_m.c.obj                44     0         0      
       exit.c.obj                         4      0         0      
       pre_init.c.obj                     4      0         0      
    +--+----------------------------------+------+---------+---------+
       Total:                             52     0         0      
                                                                  
       Stack:                             0      0         1024   
    +--+----------------------------------+------+---------+---------+
       Grand Total:                       530    276       1024   


GLOBAL SYMBOLS: SORTED ALPHABETICALLY BY Name 

address   name                          
-------   ----                          
000002f5  ADC14_IRQHandler              
000002f5  AES256_IRQHandler             
000002f5  BusFault_Handler              
000002f1  C$$EXIT                       
000002f5  COMP_E0_IRQHandler            
000002f5  COMP_E1_IRQHandler            
000002c5  CPU_cpsie                     
000002e9  CPU_wfi                       
000002f5  CS_IRQHandler                 
000002f5  DMA_ERR_IRQHandler            
000002f5  DMA_INT0_IRQHandler           
000002f5  DMA_INT1_IRQHandler           
000002f5  DMA_INT2_IRQHandler           
000002f5  DMA_INT3_IRQHandler           
000002f5  DebugMon_Handler              
000002f5  Default_Handler               
000002f5  EUSCIA0_IRQHandler            
000002f5  EUSCIA1_IRQHandler            
000002f5  EUSCIA2_IRQHandler            
000002f5  EUSCIA3_IRQHandler            
000002f5  EUSCIB0_IRQHandler            
000002f5  EUSCIB1_IRQHandler            
000002f5  EUSCIB2_IRQHandler            
000002f5  EUSCIB3_IRQHandler            
000002f5  FLCTL_IRQHandler              
000002f5  FPU_IRQHandler                
0000015d  GPIO_setAsOutputPin           
000001f9  GPIO_toggleOutputOnPin        
000002f5  HardFault_Handler             
00000285  Interrupt_enableMaster        
00000295  Interrupt_enableSleepOnIsrExit
000002f5  MemManage_Handler             
000002f5  NMI_Handler                   
000002f5  PCM_IRQHandler                
00000221  PCM_gotoLPM0                  
000002f5  PORT1_IRQHandler              
000002f5  PORT2_IRQHandler              
000002f5  PORT3_IRQHandler              
000002f5  PORT4_IRQHandler              
000002f5  PORT5_IRQHandler              
000002f5  PORT6_IRQHandler              
000002f5  PSS_IRQHandler                
000002f5  PendSV_Handler                
000002f5  RTC_C_IRQHandler              
000002d1  Reset_Handler                 
000002f5  SVC_Handler                   
000002dd  SysTick_Handler               
000002dd  SysTick_Handler               
000002a5  SysTick_enableInterrupt       
000002b5  SysTick_enableModule          
0000026d  SysTick_setPeriod             
000000e5  SystemInit                    
000002f5  T32_INT1_IRQHandler           
000002f5  T32_INT2_IRQHandler           
000002f5  T32_INTC_IRQHandler           
000002f5  TA0_0_IRQHandler              
000002f5  TA0_N_IRQHandler              
000002f5  TA1_0_IRQHandler              
000002f5  TA1_N_IRQHandler              
000002f5  TA2_0_IRQHandler              
000002f5  TA2_N_IRQHandler              
000002f5  TA3_0_IRQHandler              
000002f5  TA3_N_IRQHandler              
000002f5  UsageFault_Handler            
4000480c  WDTCTL_SYM                    
000002f5  WDT_A_IRQHandler              
00000249  WDT_A_holdTimer               
20010000  __STACK_END                   
00000200  __STACK_SIZE                  
ffffffff  __TI_pprof_out_hndl           
ffffffff  __TI_prof_data_size           
ffffffff  __TI_prof_data_start          
00000000  __TI_static_base__            
ffffffff  __binit__                     
ffffffff  __c_args__                    
UNDEFED   __mpu_init                    
2000fe00  __stack                       
20000000  __start___llvm_prf_cnts       
20000000  __stop___llvm_prf_cnts        
000001cd  _c_int00_noinit_noargs        
000002ed  _system_pre_init              
000002f1  abort                         
ffffffff  binit                         
00000000  interruptVectors              
0000019d  main                          


GLOBAL SYMBOLS: SORTED BY Symbol Address 

address   name                          
-------   ----                          
00000000  __TI_static_base__            
00000000  interruptVectors              
000000e5  SystemInit                    
0000015d  GPIO_setAsOutputPin           
0000019d  main                          
000001cd  _c_int00_noinit_noargs        
000001f9  GPIO_toggleOutputOnPin        
00000200  __STACK_SIZE                  
00000221  PCM_gotoLPM0                  
00000249  WDT_A_holdTimer               
0000026d  SysTick_setPeriod             
00000285  Interrupt_enableMaster        
00000295  Interrupt_enableSleepOnIsrExit
000002a5  SysTick_enableInterrupt       
000002b5  SysTick_enableModule          
000002c5  CPU_cpsie                     
000002d1  Reset_Handler                 
000002dd  SysTick_Handler               
000002dd  SysTick_Handler               
000002e9  CPU_wfi                       
000002ed  _system_pre_init              
000002f1  C$$EXIT                       
000002f1  abort                         
000002f5  ADC14_IRQHandler              
000002f5  AES256_IRQHandler             
000002f5  BusFault_Handler              
000002f5  COMP_E0_IRQHandler            
000002f5  COMP_E1_IRQHandler            
000002f5  CS_IRQHandler                 
000002f5  DMA_ERR_IRQHandler            
000002f5  DMA_INT0_IRQHandler           
000002f5  DMA_INT1_IRQHandler           
000002f5  DMA_INT2_IRQHandler           
000002f5  DMA_INT3_IRQHandler           
000002f5  DebugMon_Handler              
000002f5  Default_Handler               
000002f5  EUSCIA0_IRQHandler            
000002f5  EUSCIA1_IRQHandler            
000002f5  EUSCIA2_IRQHandler            
000002f5  EUSCIA3_IRQHandler            
000002f5  EUSCIB0_IRQHandler            
000002f5  EUSCIB1_IRQHandler            
000002f5  EUSCIB2_IRQHandler            
000002f5  EUSCIB3_IRQHandler            
000002f5  FLCTL_IRQHandler              
000002f5  FPU_IRQHandler                
000002f5  HardFault_Handler             
000002f5  MemManage_Handler             
000002f5  NMI_Handler                   
000002f5  PCM_IRQHandler                
000002f5  PORT1_IRQHandler              
000002f5  PORT2_IRQHandler              
000002f5  PORT3_IRQHandler              
000002f5  PORT4_IRQHandler              
000002f5  PORT5_IRQHandler              
000002f5  PORT6_IRQHandler              
000002f5  PSS_IRQHandler                
000002f5  PendSV_Handler                
000002f5  RTC_C_IRQHandler              
000002f5  SVC_Handler                   
000002f5  T32_INT1_IRQHandler           
000002f5  T32_INT2_IRQHandler           
000002f5  T32_INTC_IRQHandler           
000002f5  TA0_0_IRQHandler              
000002f5  TA0_N_IRQHandler              
000002f5  TA1_0_IRQHandler              
000002f5  TA1_N_IRQHandler              
000002f5  TA2_0_IRQHandler              
000002f5  TA2_N_IRQHandler              
000002f5  TA3_0_IRQHandler              
000002f5  TA3_N_IRQHandler              
000002f5  UsageFault_Handler            
000002f5  WDT_A_IRQHandler              
20000000  __start___llvm_prf_cnts       
20000000  __stop___llvm_prf_cnts        
2000fe00  __stack                       
20010000  __STACK_END                   
4000480c  WDTCTL_SYM                    
ffffffff  __TI_pprof_out_hndl           
ffffffff  __TI_prof_data_size           
ffffffff  __TI_prof_data_start          
ffffffff  __binit__                     
ffffffff  __c_args__                    
ffffffff  binit                         
UNDEFED   __mpu_init                    

[85 symbols]
