******************************************************************************
                  TI ARM Linker PC v20.2.4                     
******************************************************************************
>> Linked Sat Feb 20 21:14:25 2021

OUTPUT FILE NAME:   <MSP432_cs_clock_source_init_MSP_EXP432P401R_nortos_ccs.out>
ENTRY POINT SYMBOL: "_c_int00_noargs"  address: 000006c9


MEMORY CONFIGURATION

         name            origin    length      used     unused   attr    fill
----------------------  --------  ---------  --------  --------  ----  --------
  MAIN                  00000000   00040000  00000830  0003f7d0  R  X
  INFO                  00200000   00004000  00000000  00004000  R  X
  SRAM_CODE             01000000   00010000  0000021c  0000fde4  RW X
  SRAM_DATA             20000000   00010000  0000021c  0000fde4  RW  


SEGMENT ALLOCATION MAP

run origin  load origin   length   init length attrs members
----------  ----------- ---------- ----------- ----- -------
00000000    00000000    00000834   00000834    r-x
  00000000    00000000    000000e4   000000e4    r-- .intvecs
  000000e4    000000e4    00000738   00000738    r-x .text
  00000820    00000820    00000014   00000014    r-- .cinit
20000000    20000000    0000001c   00000000    rw-
  20000000    20000000    0000001c   00000000    rw- .bss
2000fe00    2000fe00    00000200   00000000    rw-
  2000fe00    2000fe00    00000200   00000000    rw- .stack


SECTION ALLOCATION MAP

 output                                  attributes/
section   page    origin      length       input sections
--------  ----  ----------  ----------   ----------------
.intvecs   0    00000000    000000e4     
                  00000000    000000e4     startup_msp432p401r_ccs.obj (.intvecs:retain)

.text      0    000000e4    00000738     
                  000000e4    00000130     msp432p4xx_driverlib.lib : cs.o (.text:CS_initClockSignal)
                  00000214    00000104                              : cs.o (.text:_CSComputeCLKFrequency)
                  00000318    000000f8                              : cs.o (.text:CS_getDCOFrequency)
                  00000410    00000094                              : sysctl_a.o (.text:SysCtl_A_getTLVInfo)
                  000004a4    00000088     cs_clock_source_init.obj (.text:main)
                  0000052c    0000007c     msp432p4xx_driverlib.lib : cs.o (.text:_CSGetDOCFrequency)
                  000005a8    00000078     system_msp432p401r.obj (.text:SystemInit)
                  00000620    00000062     msp432p4xx_driverlib.lib : cs.o (.text:_CSGetDividerValue)
                  00000682    00000002     startup_msp432p401r_ccs.obj (.text:Default_Handler)
                  00000684    00000044     rtsv7M4_T_le_v4SPD16_eabi.lib : autoinit.c.obj (.text:__TI_auto_init_nobinit_nopinit:__TI_auto_init_nobinit_nopinit)
                  000006c8    00000034                                   : boot_cortex_m.c.obj (.text:_c_int00_noargs:_c_int00_noargs)
                  000006fc    00000030     msp432p4xx_driverlib.lib : cs.o (.text:CS_clearInterruptFlag)
                  0000072c    00000028                              : cs.o (.text:CS_getACLK)
                  00000754    00000028                              : cs.o (.text:CS_getHSMCLK)
                  0000077c    00000028                              : cs.o (.text:CS_getMCLK)
                  000007a4    00000028                              : cs.o (.text:CS_getSMCLK)
                  000007cc    00000020                              : cs.o (.text:CS_getBCLK)
                  000007ec    0000001c     rtsv7M4_T_le_v4SPD16_eabi.lib : copy_zero_init.c.obj (.text:decompress:ZI:__TI_zero_init_nomemset:__TI_zero_init_nomemset)
                  00000808    0000000c     startup_msp432p401r_ccs.obj (.text:Reset_Handler)
                  00000814    00000004     rtsv7M4_T_le_v4SPD16_eabi.lib : pre_init.c.obj (.text:_system_pre_init)
                  00000818    00000004                                   : exit.c.obj (.text:abort:abort)

.cinit     0    00000820    00000014     
                  00000820    00000008     (.cinit..bss.load) [load image, compression = zero_init]
                  00000828    00000004     (__TI_handler_table)
                  0000082c    00000008     (__TI_cinit_table)

.init_array 
*          0    00000000    00000000     UNINITIALIZED

.binit     0    00000000    00000000     

.bss       0    20000000    0000001c     UNINITIALIZED
                  20000000    00000014     cs_clock_source_init.obj (.bss)
                  20000014    00000008     msp432p4xx_driverlib.lib : cs.o (.bss)

.stack     0    2000fe00    00000200     UNINITIALIZED
                  2000fe00    00000004     rtsv7M4_T_le_v4SPD16_eabi.lib : boot_cortex_m.c.obj (.stack)
                  2000fe04    000001fc     --HOLE--

__llvm_prf_cnts 
*          0    20000000    00000000     UNINITIALIZED

MODULE SUMMARY

       Module                        code   ro data   rw data
       ------                        ----   -------   -------
    .\
       cs_clock_source_init.obj      136    0         40     
       system_msp432p401r.obj        120    0         0      
    +--+-----------------------------+------+---------+---------+
       Total:                        256    0         40     
                                                             
    .\ccs\
       startup_msp432p401r_ccs.obj   14     228       0      
    +--+-----------------------------+------+---------+---------+
       Total:                        14     228       0      
                                                             
    C:/ti/simplelink_msp432p4_sdk_3_40_01_02/source/ti/devices/msp432p4xx/driverlib/ccs/msp432p4xx_driverlib.lib
       cs.o                          1274   0         16     
       sysctl_a.o                    148    0         0      
    +--+-----------------------------+------+---------+---------+
       Total:                        1422   0         16     
                                                             
    C:\ti\ccs1011\ccs\tools\compiler\ti-cgt-arm_20.2.4.LTS\lib\rtsv7M4_T_le_v4SPD16_eabi.lib
       autoinit.c.obj                68     0         0      
       boot_cortex_m.c.obj           52     0         0      
       copy_zero_init.c.obj          28     0         0      
       exit.c.obj                    4      0         0      
       pre_init.c.obj                4      0         0      
    +--+-----------------------------+------+---------+---------+
       Total:                        156    0         0      
                                                             
       Stack:                        0      0         1024   
       Linker Generated:             0      20        0      
    +--+-----------------------------+------+---------+---------+
       Grand Total:                  1848   248       1080   


LINKER GENERATED COPY TABLES

__TI_cinit_table @ 0000082c records: 1, size/record: 8, table size: 8
	.bss: load addr=00000820, load size=00000008 bytes, run addr=20000000, run size=0000001c bytes, compression=zero_init


LINKER GENERATED HANDLER TABLE

__TI_handler_table @ 00000828 records: 1, size/record: 4, table size: 4
	index: 0, handler: __TI_zero_init


GLOBAL SYMBOLS: SORTED ALPHABETICALLY BY Name 

address   name                          
-------   ----                          
00000683  ADC14_IRQHandler              
00000683  AES256_IRQHandler             
00000683  BusFault_Handler              
00000819  C$$EXIT                       
00000683  COMP_E0_IRQHandler            
00000683  COMP_E1_IRQHandler            
00000683  CS_IRQHandler                 
000006fd  CS_clearInterruptFlag         
0000072d  CS_getACLK                    
000007cd  CS_getBCLK                    
00000319  CS_getDCOFrequency            
00000755  CS_getHSMCLK                  
0000077d  CS_getMCLK                    
000007a5  CS_getSMCLK                   
000000e5  CS_initClockSignal            
00000683  DMA_ERR_IRQHandler            
00000683  DMA_INT0_IRQHandler           
00000683  DMA_INT1_IRQHandler           
00000683  DMA_INT2_IRQHandler           
00000683  DMA_INT3_IRQHandler           
00000683  DebugMon_Handler              
00000683  Default_Handler               
00000683  EUSCIA0_IRQHandler            
00000683  EUSCIA1_IRQHandler            
00000683  EUSCIA2_IRQHandler            
00000683  EUSCIA3_IRQHandler            
00000683  EUSCIB0_IRQHandler            
00000683  EUSCIB1_IRQHandler            
00000683  EUSCIB2_IRQHandler            
00000683  EUSCIB3_IRQHandler            
00000683  FLCTL_IRQHandler              
00000683  FPU_IRQHandler                
00000683  HardFault_Handler             
00000683  MemManage_Handler             
00000683  NMI_Handler                   
00000683  PCM_IRQHandler                
00000683  PORT1_IRQHandler              
00000683  PORT2_IRQHandler              
00000683  PORT3_IRQHandler              
00000683  PORT4_IRQHandler              
00000683  PORT5_IRQHandler              
00000683  PORT6_IRQHandler              
00000683  PSS_IRQHandler                
00000683  PendSV_Handler                
00000683  RTC_C_IRQHandler              
00000809  Reset_Handler                 
00000683  SVC_Handler                   
00000411  SysCtl_A_getTLVInfo           
00000683  SysTick_Handler               
000005a9  SystemInit                    
00000683  T32_INT1_IRQHandler           
00000683  T32_INT2_IRQHandler           
00000683  T32_INTC_IRQHandler           
00000683  TA0_0_IRQHandler              
00000683  TA0_N_IRQHandler              
00000683  TA1_0_IRQHandler              
00000683  TA1_N_IRQHandler              
00000683  TA2_0_IRQHandler              
00000683  TA2_N_IRQHandler              
00000683  TA3_0_IRQHandler              
00000683  TA3_N_IRQHandler              
00000683  UsageFault_Handler            
4000480c  WDTCTL_SYM                    
00000683  WDT_A_IRQHandler              
20010000  __STACK_END                   
00000200  __STACK_SIZE                  
0000082c  __TI_CINIT_Base               
00000834  __TI_CINIT_Limit              
00000828  __TI_Handler_Table_Base       
0000082c  __TI_Handler_Table_Limit      
00000685  __TI_auto_init_nobinit_nopinit
ffffffff  __TI_pprof_out_hndl           
ffffffff  __TI_prof_data_size           
ffffffff  __TI_prof_data_start          
00000000  __TI_static_base__            
000007ed  __TI_zero_init_nomemset       
ffffffff  __binit__                     
ffffffff  __c_args__                    
UNDEFED   __mpu_init                    
2000fe00  __stack                       
20000000  __start___llvm_prf_cnts       
20000000  __stop___llvm_prf_cnts        
000006c9  _c_int00_noargs               
UNDEFED   _system_post_cinit            
00000815  _system_pre_init              
00000819  abort                         
ffffffff  binit                         
00000000  interruptVectors              
000004a5  main                          


GLOBAL SYMBOLS: SORTED BY Symbol Address 

address   name                          
-------   ----                          
00000000  __TI_static_base__            
00000000  interruptVectors              
000000e5  CS_initClockSignal            
00000200  __STACK_SIZE                  
00000319  CS_getDCOFrequency            
00000411  SysCtl_A_getTLVInfo           
000004a5  main                          
000005a9  SystemInit                    
00000683  ADC14_IRQHandler              
00000683  AES256_IRQHandler             
00000683  BusFault_Handler              
00000683  COMP_E0_IRQHandler            
00000683  COMP_E1_IRQHandler            
00000683  CS_IRQHandler                 
00000683  DMA_ERR_IRQHandler            
00000683  DMA_INT0_IRQHandler           
00000683  DMA_INT1_IRQHandler           
00000683  DMA_INT2_IRQHandler           
00000683  DMA_INT3_IRQHandler           
00000683  DebugMon_Handler              
00000683  Default_Handler               
00000683  EUSCIA0_IRQHandler            
00000683  EUSCIA1_IRQHandler            
00000683  EUSCIA2_IRQHandler            
00000683  EUSCIA3_IRQHandler            
00000683  EUSCIB0_IRQHandler            
00000683  EUSCIB1_IRQHandler            
00000683  EUSCIB2_IRQHandler            
00000683  EUSCIB3_IRQHandler            
00000683  FLCTL_IRQHandler              
00000683  FPU_IRQHandler                
00000683  HardFault_Handler             
00000683  MemManage_Handler             
00000683  NMI_Handler                   
00000683  PCM_IRQHandler                
00000683  PORT1_IRQHandler              
00000683  PORT2_IRQHandler              
00000683  PORT3_IRQHandler              
00000683  PORT4_IRQHandler              
00000683  PORT5_IRQHandler              
00000683  PORT6_IRQHandler              
00000683  PSS_IRQHandler                
00000683  PendSV_Handler                
00000683  RTC_C_IRQHandler              
00000683  SVC_Handler                   
00000683  SysTick_Handler               
00000683  T32_INT1_IRQHandler           
00000683  T32_INT2_IRQHandler           
00000683  T32_INTC_IRQHandler           
00000683  TA0_0_IRQHandler              
00000683  TA0_N_IRQHandler              
00000683  TA1_0_IRQHandler              
00000683  TA1_N_IRQHandler              
00000683  TA2_0_IRQHandler              
00000683  TA2_N_IRQHandler              
00000683  TA3_0_IRQHandler              
00000683  TA3_N_IRQHandler              
00000683  UsageFault_Handler            
00000683  WDT_A_IRQHandler              
00000685  __TI_auto_init_nobinit_nopinit
000006c9  _c_int00_noargs               
000006fd  CS_clearInterruptFlag         
0000072d  CS_getACLK                    
00000755  CS_getHSMCLK                  
0000077d  CS_getMCLK                    
000007a5  CS_getSMCLK                   
000007cd  CS_getBCLK                    
000007ed  __TI_zero_init_nomemset       
00000809  Reset_Handler                 
00000815  _system_pre_init              
00000819  C$$EXIT                       
00000819  abort                         
00000828  __TI_Handler_Table_Base       
0000082c  __TI_CINIT_Base               
0000082c  __TI_Handler_Table_Limit      
00000834  __TI_CINIT_Limit              
20000000  __start___llvm_prf_cnts       
20000000  __stop___llvm_prf_cnts        
2000fe00  __stack                       
20010000  __STACK_END                   
4000480c  WDTCTL_SYM                    
ffffffff  __TI_pprof_out_hndl           
ffffffff  __TI_prof_data_size           
ffffffff  __TI_prof_data_start          
ffffffff  __binit__                     
ffffffff  __c_args__                    
ffffffff  binit                         
UNDEFED   __mpu_init                    
UNDEFED   _system_post_cinit            

[89 symbols]
