******************************************************************************
                  TI ARM Linker PC v20.2.4                     
******************************************************************************
>> Linked Sun Mar 28 13:45:48 2021

OUTPUT FILE NAME:   <MSP432_[not_done]_FatFS_SDCard_UART_Command.out>
ENTRY POINT SYMBOL: "_c_int00_noargs"  address: 00004d81


MEMORY CONFIGURATION

         name            origin    length      used     unused   attr    fill
----------------------  --------  ---------  --------  --------  ----  --------
  MAIN                  00000000   00040000  000057c0  0003a840  R  X
  INFO                  00200000   00004000  00000000  00004000  R  X
  SRAM_CODE             01000000   00010000  000009e2  0000f61e  RW X
  SRAM_DATA             20000000   00010000  000009e2  0000f61e  RW  


SEGMENT ALLOCATION MAP

run origin  load origin   length   init length attrs members
----------  ----------- ---------- ----------- ----- -------
00000000    00000000    000057c0   000057c0    r-x
  00000000    00000000    000000e4   000000e4    r-- .intvecs
  000000e4    000000e4    0000523c   0000523c    r-x .text
  00005320    00005320    00000388   00000388    r-- .const
  000056a8    000056a8    00000118   00000118    r-- .cinit
20000000    20000000    000007e4   00000000    rw-
  20000000    20000000    0000057e   00000000    rw- .bss
  20000580    20000580    00000264   00000000    rw- .data
2000fe00    2000fe00    00000200   00000000    rw-
  2000fe00    2000fe00    00000200   00000000    rw- .stack


SECTION ALLOCATION MAP

 output                                  attributes/
section   page    origin      length       input sections
--------  ----  ----------  ----------   ----------------
.intvecs   0    00000000    000000e4     
                  00000000    000000e4     startup_msp432p401r_ccs.obj (.intvecs:retain)

.text      0    000000e4    0000523c     
                  000000e4    00000a4e     rtsv7M4_T_le_v4SPD16_eabi.lib : _printfi.c.obj (.text:__TI_printfi)
                  00000b32    00000002     startup_msp432p401r_ccs.obj (.text:Default_Handler)
                  00000b34    000004d8     ff.obj (.text:chk_mounted)
                  0000100c    00000270     rtsv7M4_T_le_v4SPD16_eabi.lib : _printfi.c.obj (.text:_pconv_a)
                  0000127c    00000254     ff.obj (.text:f_read)
                  000014d0    0000022b     ff.obj (.text:create_name)
                  000016fb    00000001     --HOLE-- [fill = 0]
                  000016fc    0000021c     main.obj (.text:main)
                  00001918    00000210     ff.obj (.text:f_open)
                  00001b28    000001d4     main.obj (.text:Cmd_ls)
                  00001cfc    000001d0     rtsv7M4_T_le_v4SPD16_eabi.lib : _printfi.c.obj (.text:_pconv_g)
                  00001ecc    000001be     ff.obj (.text:put_fat)
                  0000208a    000001b6     rtsv7M4_T_le_v4SPD16_eabi.lib : fd_add_t2.asm.obj (.text)
                  00002240    000001ac     mmc-msp432P401r.obj (.text:disk_initialize)
                  000023ec    00000180     ff.obj (.text:dir_next)
                  0000256c    00000162     ff.obj (.text:f_getfree)
                  000026ce    00000002     rtsv7M4_T_le_v4SPD16_eabi.lib : _lock.c.obj (.text:_nop)
                  000026d0    0000013c                                   : _printfi.c.obj (.text:_pconv_e)
                  0000280c    00000136                                   : fd_div_t2.asm.obj (.text)
                  00002942    00000002                                   : div0.asm.obj (.text)
                  00002944    00000130     msp432p4xx_driverlib.lib : cs.o (.text:CS_initClockSignal)
                  00002a74    00000128     main.obj (.text:Cmd_cd)
                  00002b9c    00000124     rtsv7M4_T_le_v4SPD16_eabi.lib : _printfi.c.obj (.text:fcvt)
                  00002cc0    00000124     ff.obj (.text:get_fat)
                  00002de4    0000011c     msp432p4xx_driverlib.lib : uart.o (.text:UART_initModule)
                  00002f00    00000110     rtsv7M4_T_le_v4SPD16_eabi.lib : s_scalbn.c.obj (.text:scalbn)
                  00003010    00000104     ff.obj (.text:create_chain)
                  00003114    00000104     ff.obj (.text:get_fileinfo)
                  00003218    000000fe     ff.obj (.text:dir_sdi)
                  00003316    000000fc     rtsv7M4_T_le_v4SPD16_eabi.lib : fd_mul_t2.asm.obj (.text)
                  00003412    00000002     mmc-msp432P401r.obj (.text:set_max_speed)
                  00003414    000000ec     main.obj (.text:Cmd_cat)
                  00003500    000000e4     mmc-msp432P401r.obj (.text:disk_write)
                  000035e4    000000c0     ff.obj (.text:follow_path)
                  000036a4    000000b4     mmc-msp432P401r.obj (.text:disk_read)
                  00003758    000000b1     rtsv7M4_T_le_v4SPD16_eabi.lib : _printfi.c.obj (.text:_ltostr)
                  00003809    00000001     --HOLE-- [fill = 0]
                  0000380a    000000b0     msp432p4xx_driverlib.lib : spi.o (.text:SPI_initMaster)
                  000038ba    000000b0     ff.obj (.text:f_opendir)
                  0000396a    00000002     --HOLE-- [fill = 0]
                  0000396c    000000ac     cmdline.obj (.text:CmdLineProcess)
                  00003a18    000000aa     ff.obj (.text:dir_read)
                  00003ac2    00000002     --HOLE-- [fill = 0]
                  00003ac4    000000a8     ff.obj (.text:check_fs)
                  00003b6c    0000009e     mmc-msp432P401r.obj (.text:send_cmd)
                  00003c0a    0000009c     rtsv7M4_T_le_v4SPD16_eabi.lib : memcpy_t2.asm.obj (.text)
                  00003ca6    0000009a     ff.obj (.text:remove_chain)
                  00003d40    00000096     rtsv7M4_T_le_v4SPD16_eabi.lib : ull_div_t2.asm.obj (.text)
                  00003dd6    00000002     --HOLE-- [fill = 0]
                  00003dd8    00000094     main.obj (.text:Cmd_help)
                  00003e6c    0000008c     main.obj (.text:EUSCIA0_IRQHandler)
                  00003ef8    0000008a     ff.obj (.text:f_readdir)
                  00003f82    00000002     --HOLE-- [fill = 0]
                  00003f84    00000088     msp432p4xx_driverlib.lib : gpio.o (.text:GPIO_setAsPeripheralModuleFunctionInputPin)
                  0000400c    00000086     rtsv7M4_T_le_v4SPD16_eabi.lib : fd_cmp_t2.asm.obj (.text:__aeabi_cdcmple)
                  00004092    00000086                                   : fd_cmp_t2.asm.obj (.text:__aeabi_cdrcmple)
                  00004118    00000080     msp432p4xx_driverlib.lib : interrupt.o (.text:Interrupt_enableInterrupt)
                  00004198    0000007e     ff.obj (.text:dir_find)
                  00004216    0000007e     ff.obj (.text:sync_window)
                  00004294    0000007a     rtsv7M4_T_le_v4SPD16_eabi.lib : memset_t2.asm.obj (.text)
                  0000430e    0000007a     mmc-msp432P401r.obj (.text:xmit_datablock)
                  00004388    00000078     system_msp432p401r.obj (.text:SystemInit)
                  00004400    00000078     ff.obj (.text:dir_alloc)
                  00004478    0000006e     rtsv7M4_T_le_v4SPD16_eabi.lib : _printfi.c.obj (.text:_mcpy)
                  000044e6    00000068                                   : copy_decompress_lzss.c.obj (.text:decompress:lzss:__TI_decompress_lzss)
                  0000454e    00000002     --HOLE-- [fill = 0]
                  00004550    00000068                                   : printf.c.obj (.text:printf)
                  000045b8    00000064                                   : s_frexp.c.obj (.text:frexp)
                  0000461c    00000064     mmc-msp432P401r.obj (.text:send_cmd12)
                  00004680    0000005c     main.obj (.text:StringFromFResult)
                  000046dc    0000005c     mmc-msp432P401r.obj (.text:rcvr_datablock)
                  00004738    00000056     rtsv7M4_T_le_v4SPD16_eabi.lib : _printfi.c.obj (.text:_pconv_f)
                  0000478e    00000054                                   : _ltoa.c.obj (.text:__TI_ltoa)
                  000047e2    00000054     ff.obj (.text:dir_register)
                  00004836    00000052     rtsv7M4_T_le_v4SPD16_eabi.lib : _printfi.c.obj (.text:_ecpy)
                  00004888    0000004c                                   : atoi.c.obj (.text:atoi)
                  000048d4    0000004c     mmc-msp432P401r.obj (.text:disk_timerproc)
                  00004920    0000004c     ff.obj (.text:f_mount)
                  0000496c    00000048     rtsv7M4_T_le_v4SPD16_eabi.lib : fd_toi_t2.asm.obj (.text)
                  000049b4    00000044                                   : autoinit.c.obj (.text:__TI_auto_init_nobinit_nopinit:__TI_auto_init_nobinit_nopinit)
                  000049f8    00000044     printfOverride.obj (.text:fputs)
                  00004a3c    00000042     ff.obj (.text:validate)
                  00004a7e    00000002     --HOLE-- [fill = 0]
                  00004a80    00000040     msp432p4xx_driverlib.lib : gpio.o (.text:GPIO_setAsOutputPin)
                  00004ac0    00000040                              : spi.o (.text:is_A_Module)
                  00004b00    00000040     rtsv7M4_T_le_v4SPD16_eabi.lib : sprintf.c.obj (.text:sprintf)
                  00004b40    0000003e                                   : _printfi.c.obj (.text:_fcpy)
                  00004b7e    0000003c     ff.obj (.text:ld_clust)
                  00004bba    0000003c     ff.obj (.text:move_window)
                  00004bf6    00000002     --HOLE-- [fill = 0]
                  00004bf8    0000003c     mmc-msp432P401r.obj (.text:send_initial_clock_train)
                  00004c34    0000003a     ff.obj (.text:mem_cmp)
                  00004c6e    0000003a     ff.obj (.text:mem_cpy)
                  00004ca8    00000038     spiDriver.obj (.text:spi_Open)
                  00004ce0    00000036     rtsv7M4_T_le_v4SPD16_eabi.lib : strncpy.c.obj (.text:strncpy)
                  00004d16    00000002     --HOLE-- [fill = 0]
                  00004d18    00000034     msp432p4xx_driverlib.lib : cs.o (.text:CS_setDCOCenteredFrequency)
                  00004d4c    00000034                              : uart.o (.text:UART_transmitData)
                  00004d80    00000034     rtsv7M4_T_le_v4SPD16_eabi.lib : boot_cortex_m.c.obj (.text:_c_int00_noargs:_c_int00_noargs)
                  00004db4    00000032     ff.obj (.text:mem_set)
                  00004de6    00000030     msp432p4xx_driverlib.lib : uart.o (.text:UART_enableInterrupt)
                  00004e16    00000030     ff.obj (.text:clust2sect)
                  00004e46    00000002     --HOLE-- [fill = 0]
                  00004e48    00000030     main.obj (.text:print_uart)
                  00004e78    00000030     ff.obj (.text:st_clust)
                  00004ea8    00000030     mmc-msp432P401r.obj (.text:wait_ready)
                  00004ed8    0000002e     rtsv7M4_T_le_v4SPD16_eabi.lib : i_tofd_t2.asm.obj (.text)
                  00004f06    00000002     --HOLE-- [fill = 0]
                  00004f08    00000028     main.obj (.text:Cmd_pwd)
                  00004f30    00000028     msp432p4xx_driverlib.lib : gpio.o (.text:GPIO_setOutputHighOnPin)
                  00004f58    00000028                              : gpio.o (.text:GPIO_setOutputLowOnPin)
                  00004f80    00000028                              : gpio.o (.text:GPIO_toggleOutputOnPin)
                  00004fa8    00000028     ff.obj (.text:chk_chr)
                  00004fd0    00000028     printfOverride.obj (.text:fputc)
                  00004ff8    00000028     mmc-msp432P401r.obj (.text:xmit_spi)
                  00005020    00000026     msp432p4xx_driverlib.lib : spi.o (.text:SPI_transmitData)
                  00005046    00000002     --HOLE-- [fill = 0]
                  00005048    00000020     mmc-msp432P401r.obj (.text:disk_status)
                  00005068    0000001e     rtsv7M4_T_le_v4SPD16_eabi.lib : strcat.c.obj (.text:strcat)
                  00005086    0000001c     msp432p4xx_driverlib.lib : spi.o (.text:SPI_enableModule)
                  000050a2    0000001c                              : spi.o (.text:SPI_receiveData)
                  000050be    0000001c     rtsv7M4_T_le_v4SPD16_eabi.lib : memccpy.c.obj (.text:memccpy)
                  000050da    00000002     --HOLE-- [fill = 0]
                  000050dc    0000001c     mmc-msp432P401r.obj (.text:rcvr_spi)
                  000050f8    0000001a     rtsv7M4_T_le_v4SPD16_eabi.lib : s_copysign.c.obj (.text:copysign)
                  00005112    00000002     --HOLE-- [fill = 0]
                  00005114    00000018     msp432p4xx_driverlib.lib : systick.o (.text:SysTick_setPeriod)
                  0000512c    00000018     rtsv7M4_T_le_v4SPD16_eabi.lib : sprintf.c.obj (.text:_outs)
                  00005144    00000018                                   : strcmp.c.obj (.text:strcmp)
                  0000515c    00000016     msp432p4xx_driverlib.lib : spi.o (.text:EUSCI_A_SPI_enable)
                  00005172    00000016                              : spi.o (.text:EUSCI_A_SPI_transmitData)
                  00005188    00000016                              : spi.o (.text:EUSCI_B_SPI_enable)
                  0000519e    00000016                              : spi.o (.text:EUSCI_B_SPI_transmitData)
                  000051b4    00000016                              : uart.o (.text:UART_enableModule)
                  000051ca    00000016     rtsv7M4_T_le_v4SPD16_eabi.lib : strchr.c.obj (.text:strchr)
                  000051e0    00000014     mmc-msp432P401r.obj (.text:power_on)
                  000051f4    00000014     rtsv7M4_T_le_v4SPD16_eabi.lib : strcpy.c.obj (.text:strcpy)
                  00005208    00000014                                   : strlen.c.obj (.text:strlen)
                  0000521c    00000012                                   : wcslen.c.obj (.text:wcslen)
                  0000522e    00000010     msp432p4xx_driverlib.lib : spi.o (.text:EUSCI_A_SPI_receiveData)
                  0000523e    00000010                              : spi.o (.text:EUSCI_B_SPI_receiveData)
                  0000524e    00000010                              : interrupt.o (.text:Interrupt_enableMaster)
                  0000525e    00000010     main.obj (.text:SysTick_Handler)
                  0000526e    00000002     --HOLE-- [fill = 0]
                  00005270    00000010     msp432p4xx_driverlib.lib : systick.o (.text:SysTick_enableInterrupt)
                  00005280    00000010                              : systick.o (.text:SysTick_enableModule)
                  00005290    0000000e     rtsv7M4_T_le_v4SPD16_eabi.lib : copy_decompress_none.c.obj (.text:decompress:none:__TI_decompress_none)
                  0000529e    0000000e     mmc-msp432P401r.obj (.text:rcvr_spi_m)
                  000052ac    0000000c     msp432p4xx_driverlib.lib : cpu.o (.text:CPU_cpsie)
                  000052b8    0000000c     mmc-msp432P401r.obj (.text:DESELECT)
                  000052c4    0000000c     startup_msp432p401r_ccs.obj (.text:Reset_Handler)
                  000052d0    0000000c     mmc-msp432P401r.obj (.text:SELECT)
                  000052dc    0000000c     rtsv7M4_T_le_v4SPD16_eabi.lib : copy_zero_init.c.obj (.text:decompress:ZI:__TI_zero_init)
                  000052e8    0000000c     mmc-msp432P401r.obj (.text:power_off)
                  000052f4    0000000a     rtsv7M4_T_le_v4SPD16_eabi.lib : sprintf.c.obj (.text:_outc)
                  000052fe    00000002     --HOLE-- [fill = 0]
                  00005300    00000008                                   : errno.c.obj (.text:__aeabi_errno_addr)
                  00005308    00000008     mmc-msp432P401r.obj (.text:get_fattime)
                  00005310    00000004     rtsv7M4_T_le_v4SPD16_eabi.lib : printf.c.obj (.text:_outc)
                  00005314    00000004                                   : printf.c.obj (.text:_outs)
                  00005318    00000004                                   : pre_init.c.obj (.text:_system_pre_init)
                  0000531c    00000004                                   : exit.c.obj (.text:abort:abort)

.const     0    00005320    00000388     
                  00005320    0000020a     main.obj (.const:.string)
                  0000552a    00000101     rtsv7M4_T_le_v4SPD16_eabi.lib : ctype.c.obj (.const:.string:_ctypes_)
                  0000562b    00000001     --HOLE-- [fill = 0]
                  0000562c    00000030     msp432p4xx_driverlib.lib : gpio.o (.const:GPIO_PORT_TO_BASE)
                  0000565c    00000028     main.obj (.const:uartConfig)
                  00005684    0000001c     spiDriver.obj (.const:spiMasterConfig)
                  000056a0    00000008     msp432p4xx_driverlib.lib : interrupt.o (.const:g_pulEnRegs)

.cinit     0    000056a8    00000118     
                  000056a8    000000f3     (.cinit..data.load) [load image, compression = lzss]
                  0000579b    00000001     --HOLE-- [fill = 0]
                  0000579c    0000000c     (__TI_handler_table)
                  000057a8    00000008     (.cinit..bss.load) [load image, compression = zero_init]
                  000057b0    00000010     (__TI_cinit_table)

.init_array 
*          0    00000000    00000000     UNINITIALIZED

.binit     0    00000000    00000000     

.bss       0    20000000    0000057e     UNINITIALIZED
                  20000000    00000234     main.obj (.bss:g_sFatFs)
                  20000234    00000224     main.obj (.bss:g_sFileObject)
                  20000458    00000050     main.obj (.bss:g_pcTmpBuf)
                  200004a8    00000040     main.obj (.bss:g_pcCmdBuf)
                  200004e8    00000034     (.common:msg)
                  2000051c    00000024     cmdline.obj (.bss:g_ppcArgv)
                  20000540    0000001c     main.obj (.bss:g_sDirObject)
                  2000055c    00000018     main.obj (.bss:g_sFileInfo)
                  20000574    00000004     ff.obj (.bss:FatFs)
                  20000578    00000003     mmc-msp432P401r.obj (.bss)
                  2000057b    00000001     --HOLE--
                  2000057c    00000002     ff.obj (.bss)

.data      0    20000580    00000264     UNINITIALIZED
                  20000580    000000f0     rtsv7M4_T_le_v4SPD16_eabi.lib : defs.c.obj (.data:_ftable)
                  20000670    000000a0     main.obj (.data:g_psFResultStrings)
                  20000710    0000006c     main.obj (.data:g_psCmdTable)
                  2000077c    00000050     main.obj (.data:g_pcCwdBuf)
                  200007cc    00000009     main.obj (.data)
                  200007d5    00000002     mmc-msp432P401r.obj (.data)
                  200007d7    00000001     --HOLE--
                  200007d8    00000008     rtsv7M4_T_le_v4SPD16_eabi.lib : _lock.c.obj (.data:$O1$$)
                  200007e0    00000004                                   : errno.c.obj (.data)

.stack     0    2000fe00    00000200     UNINITIALIZED
                  2000fe00    00000004     rtsv7M4_T_le_v4SPD16_eabi.lib : boot_cortex_m.c.obj (.stack)
                  2000fe04    000001fc     --HOLE--

__llvm_prf_cnts 
*          0    20000000    00000000     UNINITIALIZED

MODULE SUMMARY

       Module                        code    ro data   rw data
       ------                        ----    -------   -------
    .\
       main.obj                      2024    562       3434   
       system_msp432p401r.obj        120     0         0      
       printfOverride.obj            108     0         0      
       spiDriver.obj                 56      28        0      
    +--+-----------------------------+-------+---------+---------+
       Total:                        2308    590       3434   
                                                              
    .\ccs\
       startup_msp432p401r_ccs.obj   14      228       0      
    +--+-----------------------------+-------+---------+---------+
       Total:                        14      228       0      
                                                              
    .\third_party\fatfs\port\
       mmc-msp432P401r.obj           1672    0         10     
    +--+-----------------------------+-------+---------+---------+
       Total:                        1672    0         10     
                                                              
    .\third_party\fatfs\src\
       ff.obj                        7187    0         12     
    +--+-----------------------------+-------+---------+---------+
       Total:                        7187    0         12     
                                                              
    .\utils\
       cmdline.obj                   172     0         72     
    +--+-----------------------------+-------+---------+---------+
       Total:                        172     0         72     
                                                              
    C:/ti/simplelink_msp432p4_sdk_3_40_01_02/source/ti/devices/msp432p4xx/driverlib/ccs/msp432p4xx_driverlib.lib
       spi.o                         454     0         0      
       uart.o                        406     0         0      
       gpio.o                        320     48        0      
       cs.o                          356     0         0      
       interrupt.o                   144     8         0      
       systick.o                     56      0         0      
       cpu.o                         12      0         0      
    +--+-----------------------------+-------+---------+---------+
       Total:                        1748    56        0      
                                                              
    C:\ti\ccs1011\ccs\tools\compiler\ti-cgt-arm_20.2.4.LTS\lib\rtsv7M4_T_le_v4SPD16_eabi.lib
       _printfi.c.obj                4851    0         0      
       defs.c.obj                    0       0         480    
       fd_add_t2.asm.obj             438     0         0      
       fd_div_t2.asm.obj             310     0         0      
       s_scalbn.c.obj                272     0         0      
       fd_cmp_t2.asm.obj             268     0         0      
       ctype.c.obj                   0       257       0      
       fd_mul_t2.asm.obj             252     0         0      
       memcpy_t2.asm.obj             156     0         0      
       ull_div_t2.asm.obj            150     0         0      
       memset_t2.asm.obj             122     0         0      
       printf.c.obj                  112     0         0      
       copy_decompress_lzss.c.obj    104     0         0      
       s_frexp.c.obj                 100     0         0      
       sprintf.c.obj                 98      0         0      
       _ltoa.c.obj                   84      0         0      
       atoi.c.obj                    76      0         0      
       fd_toi_t2.asm.obj             72      0         0      
       autoinit.c.obj                68      0         0      
       strncpy.c.obj                 54      0         0      
       boot_cortex_m.c.obj           52      0         0      
       i_tofd_t2.asm.obj             46      0         0      
       strcat.c.obj                  30      0         0      
       memccpy.c.obj                 28      0         0      
       s_copysign.c.obj              26      0         0      
       strcmp.c.obj                  24      0         0      
       strchr.c.obj                  22      0         0      
       strcpy.c.obj                  20      0         0      
       strlen.c.obj                  20      0         0      
       _lock.c.obj                   2       0         16     
       wcslen.c.obj                  18      0         0      
       errno.c.obj                   8       0         8      
       copy_decompress_none.c.obj    14      0         0      
       copy_zero_init.c.obj          12      0         0      
       exit.c.obj                    4       0         0      
       pre_init.c.obj                4       0         0      
       div0.asm.obj                  2       0         0      
    +--+-----------------------------+-------+---------+---------+
       Total:                        7919    257       504    
                                                              
       Stack:                        0       0         1024   
       Linker Generated:             0       279       0      
    +--+-----------------------------+-------+---------+---------+
       Grand Total:                  21020   1410      5056   


LINKER GENERATED COPY TABLES

__TI_cinit_table @ 000057b0 records: 2, size/record: 8, table size: 16
	.data: load addr=000056a8, load size=000000f3 bytes, run addr=20000580, run size=00000264 bytes, compression=lzss
	.bss: load addr=000057a8, load size=00000008 bytes, run addr=20000000, run size=0000057e bytes, compression=zero_init


LINKER GENERATED HANDLER TABLE

__TI_handler_table @ 0000579c records: 3, size/record: 4, table size: 12
	index: 0, handler: __TI_decompress_lzss
	index: 1, handler: __TI_decompress_none
	index: 2, handler: __TI_zero_init


GLOBAL SYMBOLS: SORTED ALPHABETICALLY BY Name 

address   name                                      
-------   ----                                      
00000b33  ADC14_IRQHandler                          
00000b33  AES256_IRQHandler                         
00000b33  BusFault_Handler                          
0000531d  C$$EXIT                                   
00000b33  COMP_E0_IRQHandler                        
00000b33  COMP_E1_IRQHandler                        
000052ad  CPU_cpsie                                 
00000b33  CS_IRQHandler                             
00002945  CS_initClockSignal                        
00004d19  CS_setDCOCenteredFrequency                
0000396d  CmdLineProcess                            
00003415  Cmd_cat                                   
00002a75  Cmd_cd                                    
00003dd9  Cmd_help                                  
00001b29  Cmd_ls                                    
00004f09  Cmd_pwd                                   
00000b33  DMA_ERR_IRQHandler                        
00000b33  DMA_INT0_IRQHandler                       
00000b33  DMA_INT1_IRQHandler                       
00000b33  DMA_INT2_IRQHandler                       
00000b33  DMA_INT3_IRQHandler                       
00000b33  DebugMon_Handler                          
00000b33  Default_Handler                           
00003e6d  EUSCIA0_IRQHandler                        
00003e6d  EUSCIA0_IRQHandler                        
00000b33  EUSCIA1_IRQHandler                        
00000b33  EUSCIA2_IRQHandler                        
00000b33  EUSCIA3_IRQHandler                        
00000b33  EUSCIB0_IRQHandler                        
00000b33  EUSCIB1_IRQHandler                        
00000b33  EUSCIB2_IRQHandler                        
00000b33  EUSCIB3_IRQHandler                        
0000515d  EUSCI_A_SPI_enable                        
0000522f  EUSCI_A_SPI_receiveData                   
00005173  EUSCI_A_SPI_transmitData                  
00005189  EUSCI_B_SPI_enable                        
0000523f  EUSCI_B_SPI_receiveData                   
0000519f  EUSCI_B_SPI_transmitData                  
00000b33  FLCTL_IRQHandler                          
00000b33  FPU_IRQHandler                            
00004a81  GPIO_setAsOutputPin                       
00003f85  GPIO_setAsPeripheralModuleFunctionInputPin
00004f31  GPIO_setOutputHighOnPin                   
00004f59  GPIO_setOutputLowOnPin                    
00004f81  GPIO_toggleOutputOnPin                    
00000b33  HardFault_Handler                         
00004119  Interrupt_enableInterrupt                 
0000524f  Interrupt_enableMaster                    
00000b33  MemManage_Handler                         
00000b33  NMI_Handler                               
00000b33  PCM_IRQHandler                            
00000b33  PORT1_IRQHandler                          
00000b33  PORT2_IRQHandler                          
00000b33  PORT3_IRQHandler                          
00000b33  PORT4_IRQHandler                          
00000b33  PORT5_IRQHandler                          
00000b33  PORT6_IRQHandler                          
00000b33  PSS_IRQHandler                            
00000b33  PendSV_Handler                            
00000b33  RTC_C_IRQHandler                          
000052c5  Reset_Handler                             
00005087  SPI_enableModule                          
0000380b  SPI_initMaster                            
000050a3  SPI_receiveData                           
00005021  SPI_transmitData                          
00000b33  SVC_Handler                               
00004681  StringFromFResult                         
0000525f  SysTick_Handler                           
0000525f  SysTick_Handler                           
00005271  SysTick_enableInterrupt                   
00005281  SysTick_enableModule                      
00005115  SysTick_setPeriod                         
00004389  SystemInit                                
00000b33  T32_INT1_IRQHandler                       
00000b33  T32_INT2_IRQHandler                       
00000b33  T32_INTC_IRQHandler                       
00000b33  TA0_0_IRQHandler                          
00000b33  TA0_N_IRQHandler                          
00000b33  TA1_0_IRQHandler                          
00000b33  TA1_N_IRQHandler                          
00000b33  TA2_0_IRQHandler                          
00000b33  TA2_N_IRQHandler                          
00000b33  TA3_0_IRQHandler                          
00000b33  TA3_N_IRQHandler                          
00004de7  UART_enableInterrupt                      
000051b5  UART_enableModule                         
00002de5  UART_initModule                           
00004d4d  UART_transmitData                         
00000b33  UsageFault_Handler                        
4000480c  WDTCTL_SYM                                
00000b33  WDT_A_IRQHandler                          
20010000  __STACK_END                               
00000200  __STACK_SIZE                              
000057b0  __TI_CINIT_Base                           
000057c0  __TI_CINIT_Limit                          
0000579c  __TI_Handler_Table_Base                   
000057a8  __TI_Handler_Table_Limit                  
000049b5  __TI_auto_init_nobinit_nopinit            
000044e7  __TI_decompress_lzss                      
00005291  __TI_decompress_none                      
0000478f  __TI_ltoa                                 
ffffffff  __TI_pprof_out_hndl                       
000000e5  __TI_printfi                              
ffffffff  __TI_prof_data_size                       
ffffffff  __TI_prof_data_start                      
00000000  __TI_static_base__                        
000052dd  __TI_zero_init                            
0000400d  __aeabi_cdcmpeq                           
0000400d  __aeabi_cdcmple                           
00004093  __aeabi_cdrcmple                          
0000496d  __aeabi_d2iz                              
00002095  __aeabi_dadd                              
0000280d  __aeabi_ddiv                              
00003317  __aeabi_dmul                              
0000208b  __aeabi_dsub                              
00005301  __aeabi_errno_addr                        
00004ed9  __aeabi_i2d                               
00002943  __aeabi_idiv0                             
00002943  __aeabi_ldiv0                             
00004295  __aeabi_memclr                            
00004295  __aeabi_memclr4                           
00004295  __aeabi_memclr8                           
00003c0b  __aeabi_memcpy                            
00003c0b  __aeabi_memcpy4                           
00003c0b  __aeabi_memcpy8                           
00004297  __aeabi_memset                            
00004297  __aeabi_memset4                           
00004297  __aeabi_memset8                           
00003d41  __aeabi_uldivmod                          
ffffffff  __binit__                                 
ffffffff  __c_args__                                
UNDEFED   __mpu_init                                
2000fe00  __stack                                   
20000000  __start___llvm_prf_cnts                   
20000000  __stop___llvm_prf_cnts                    
00004d81  _c_int00_noargs                           
0000552a  _ctypes_                                  
20000580  _ftable                                   
200007d8  _lock                                     
000026cf  _nop                                      
UNDEFED   _system_post_cinit                        
00005319  _system_pre_init                          
200007dc  _unlock                                   
0000531d  abort                                     
00004889  atoi                                      
ffffffff  binit                                     
00004e17  clust2sect                                
000050f9  copysign                                  
000050f9  copysignl                                 
00002241  disk_initialize                           
000036a5  disk_read                                 
00005049  disk_status                               
000048d5  disk_timerproc                            
00003501  disk_write                                
200007e0  errno                                     
0000256d  f_getfree                                 
00004921  f_mount                                   
00001919  f_open                                    
000038bb  f_opendir                                 
0000127d  f_read                                    
00003ef9  f_readdir                                 
00004fd1  fputc                                     
000049f9  fputs                                     
000045b9  frexp                                     
000045b9  frexpl                                    
20000710  g_psCmdTable                              
20000670  g_psFResultStrings                        
00002cc1  get_fat                                   
00005309  get_fattime                               
200007cc  gucCommandReady                           
00000000  interruptVectors                          
00002f01  ldexp                                     
00002f01  ldexpl                                    
000016fd  main                                      
000050bf  memccpy                                   
00003c0b  memcpy                                    
0000429d  memset                                    
200004e8  msg                                       
00004e49  print_uart                                
00004551  printf                                    
00001ecd  put_fat                                   
00002f01  scalbn                                    
00002f01  scalbnl                                   
00005684  spiMasterConfig                           
00004ca9  spi_Open                                  
00004b01  sprintf                                   
00005069  strcat                                    
000051cb  strchr                                    
00005145  strcmp                                    
000051f5  strcpy                                    
00005209  strlen                                    
00004ce1  strncpy                                   
0000565c  uartConfig                                
0000521d  wcslen                                    


GLOBAL SYMBOLS: SORTED BY Symbol Address 

address   name                                      
-------   ----                                      
00000000  __TI_static_base__                        
00000000  interruptVectors                          
000000e5  __TI_printfi                              
00000200  __STACK_SIZE                              
00000b33  ADC14_IRQHandler                          
00000b33  AES256_IRQHandler                         
00000b33  BusFault_Handler                          
00000b33  COMP_E0_IRQHandler                        
00000b33  COMP_E1_IRQHandler                        
00000b33  CS_IRQHandler                             
00000b33  DMA_ERR_IRQHandler                        
00000b33  DMA_INT0_IRQHandler                       
00000b33  DMA_INT1_IRQHandler                       
00000b33  DMA_INT2_IRQHandler                       
00000b33  DMA_INT3_IRQHandler                       
00000b33  DebugMon_Handler                          
00000b33  Default_Handler                           
00000b33  EUSCIA1_IRQHandler                        
00000b33  EUSCIA2_IRQHandler                        
00000b33  EUSCIA3_IRQHandler                        
00000b33  EUSCIB0_IRQHandler                        
00000b33  EUSCIB1_IRQHandler                        
00000b33  EUSCIB2_IRQHandler                        
00000b33  EUSCIB3_IRQHandler                        
00000b33  FLCTL_IRQHandler                          
00000b33  FPU_IRQHandler                            
00000b33  HardFault_Handler                         
00000b33  MemManage_Handler                         
00000b33  NMI_Handler                               
00000b33  PCM_IRQHandler                            
00000b33  PORT1_IRQHandler                          
00000b33  PORT2_IRQHandler                          
00000b33  PORT3_IRQHandler                          
00000b33  PORT4_IRQHandler                          
00000b33  PORT5_IRQHandler                          
00000b33  PORT6_IRQHandler                          
00000b33  PSS_IRQHandler                            
00000b33  PendSV_Handler                            
00000b33  RTC_C_IRQHandler                          
00000b33  SVC_Handler                               
00000b33  T32_INT1_IRQHandler                       
00000b33  T32_INT2_IRQHandler                       
00000b33  T32_INTC_IRQHandler                       
00000b33  TA0_0_IRQHandler                          
00000b33  TA0_N_IRQHandler                          
00000b33  TA1_0_IRQHandler                          
00000b33  TA1_N_IRQHandler                          
00000b33  TA2_0_IRQHandler                          
00000b33  TA2_N_IRQHandler                          
00000b33  TA3_0_IRQHandler                          
00000b33  TA3_N_IRQHandler                          
00000b33  UsageFault_Handler                        
00000b33  WDT_A_IRQHandler                          
0000127d  f_read                                    
000016fd  main                                      
00001919  f_open                                    
00001b29  Cmd_ls                                    
00001ecd  put_fat                                   
0000208b  __aeabi_dsub                              
00002095  __aeabi_dadd                              
00002241  disk_initialize                           
0000256d  f_getfree                                 
000026cf  _nop                                      
0000280d  __aeabi_ddiv                              
00002943  __aeabi_idiv0                             
00002943  __aeabi_ldiv0                             
00002945  CS_initClockSignal                        
00002a75  Cmd_cd                                    
00002cc1  get_fat                                   
00002de5  UART_initModule                           
00002f01  ldexp                                     
00002f01  ldexpl                                    
00002f01  scalbn                                    
00002f01  scalbnl                                   
00003317  __aeabi_dmul                              
00003415  Cmd_cat                                   
00003501  disk_write                                
000036a5  disk_read                                 
0000380b  SPI_initMaster                            
000038bb  f_opendir                                 
0000396d  CmdLineProcess                            
00003c0b  __aeabi_memcpy                            
00003c0b  __aeabi_memcpy4                           
00003c0b  __aeabi_memcpy8                           
00003c0b  memcpy                                    
00003d41  __aeabi_uldivmod                          
00003dd9  Cmd_help                                  
00003e6d  EUSCIA0_IRQHandler                        
00003e6d  EUSCIA0_IRQHandler                        
00003ef9  f_readdir                                 
00003f85  GPIO_setAsPeripheralModuleFunctionInputPin
0000400d  __aeabi_cdcmpeq                           
0000400d  __aeabi_cdcmple                           
00004093  __aeabi_cdrcmple                          
00004119  Interrupt_enableInterrupt                 
00004295  __aeabi_memclr                            
00004295  __aeabi_memclr4                           
00004295  __aeabi_memclr8                           
00004297  __aeabi_memset                            
00004297  __aeabi_memset4                           
00004297  __aeabi_memset8                           
0000429d  memset                                    
00004389  SystemInit                                
000044e7  __TI_decompress_lzss                      
00004551  printf                                    
000045b9  frexp                                     
000045b9  frexpl                                    
00004681  StringFromFResult                         
0000478f  __TI_ltoa                                 
00004889  atoi                                      
000048d5  disk_timerproc                            
00004921  f_mount                                   
0000496d  __aeabi_d2iz                              
000049b5  __TI_auto_init_nobinit_nopinit            
000049f9  fputs                                     
00004a81  GPIO_setAsOutputPin                       
00004b01  sprintf                                   
00004ca9  spi_Open                                  
00004ce1  strncpy                                   
00004d19  CS_setDCOCenteredFrequency                
00004d4d  UART_transmitData                         
00004d81  _c_int00_noargs                           
00004de7  UART_enableInterrupt                      
00004e17  clust2sect                                
00004e49  print_uart                                
00004ed9  __aeabi_i2d                               
00004f09  Cmd_pwd                                   
00004f31  GPIO_setOutputHighOnPin                   
00004f59  GPIO_setOutputLowOnPin                    
00004f81  GPIO_toggleOutputOnPin                    
00004fd1  fputc                                     
00005021  SPI_transmitData                          
00005049  disk_status                               
00005069  strcat                                    
00005087  SPI_enableModule                          
000050a3  SPI_receiveData                           
000050bf  memccpy                                   
000050f9  copysign                                  
000050f9  copysignl                                 
00005115  SysTick_setPeriod                         
00005145  strcmp                                    
0000515d  EUSCI_A_SPI_enable                        
00005173  EUSCI_A_SPI_transmitData                  
00005189  EUSCI_B_SPI_enable                        
0000519f  EUSCI_B_SPI_transmitData                  
000051b5  UART_enableModule                         
000051cb  strchr                                    
000051f5  strcpy                                    
00005209  strlen                                    
0000521d  wcslen                                    
0000522f  EUSCI_A_SPI_receiveData                   
0000523f  EUSCI_B_SPI_receiveData                   
0000524f  Interrupt_enableMaster                    
0000525f  SysTick_Handler                           
0000525f  SysTick_Handler                           
00005271  SysTick_enableInterrupt                   
00005281  SysTick_enableModule                      
00005291  __TI_decompress_none                      
000052ad  CPU_cpsie                                 
000052c5  Reset_Handler                             
000052dd  __TI_zero_init                            
00005301  __aeabi_errno_addr                        
00005309  get_fattime                               
00005319  _system_pre_init                          
0000531d  C$$EXIT                                   
0000531d  abort                                     
0000552a  _ctypes_                                  
0000565c  uartConfig                                
00005684  spiMasterConfig                           
0000579c  __TI_Handler_Table_Base                   
000057a8  __TI_Handler_Table_Limit                  
000057b0  __TI_CINIT_Base                           
000057c0  __TI_CINIT_Limit                          
20000000  __start___llvm_prf_cnts                   
20000000  __stop___llvm_prf_cnts                    
200004e8  msg                                       
20000580  _ftable                                   
20000670  g_psFResultStrings                        
20000710  g_psCmdTable                              
200007cc  gucCommandReady                           
200007d8  _lock                                     
200007dc  _unlock                                   
200007e0  errno                                     
2000fe00  __stack                                   
20010000  __STACK_END                               
4000480c  WDTCTL_SYM                                
ffffffff  __TI_pprof_out_hndl                       
ffffffff  __TI_prof_data_size                       
ffffffff  __TI_prof_data_start                      
ffffffff  __binit__                                 
ffffffff  __c_args__                                
ffffffff  binit                                     
UNDEFED   __mpu_init                                
UNDEFED   _system_post_cinit                        

[194 symbols]
