******************************************************************************
                  TI ARM Linker PC v20.2.4                     
******************************************************************************
>> Linked Fri Feb 26 17:59:54 2021

OUTPUT FILE NAME:   <MSP432_uart_receive_echo.out>
ENTRY POINT SYMBOL: "_c_int00_noargs"  address: 00002229


MEMORY CONFIGURATION

         name            origin    length      used     unused   attr    fill
----------------------  --------  ---------  --------  --------  ----  --------
  MAIN                  00000000   00040000  000025ec  0003da14  R  X
  INFO                  00200000   00004000  00000000  00004000  R  X
  SRAM_CODE             01000000   00010000  00000204  0000fdfc  RW X
  SRAM_DATA             20000000   00010000  00000204  0000fdfc  RW  


SEGMENT ALLOCATION MAP

run origin  load origin   length   init length attrs members
----------  ----------- ---------- ----------- ----- -------
00000000    00000000    000025f0   000025f0    r-x
  00000000    00000000    000000e4   000000e4    r-- .intvecs
  000000e4    000000e4    000023b4   000023b4    r-x .text
  00002498    00002498    0000013c   0000013c    r-- .const
  000025d8    000025d8    00000018   00000018    r-- .cinit
20000000    20000000    00000004   00000000    rw-
  20000000    20000000    00000004   00000000    rw- .data
2000fe00    2000fe00    00000200   00000000    rw-
  2000fe00    2000fe00    00000200   00000000    rw- .stack


SECTION ALLOCATION MAP

 output                                  attributes/
section   page    origin      length       input sections
--------  ----  ----------  ----------   ----------------
.intvecs   0    00000000    000000e4     
                  00000000    000000e4     startup_msp432p401r_ccs.obj (.intvecs:retain)

.text      0    000000e4    000023b4     
                  000000e4    00000a4e     rtsv7M4_T_le_v4SPD16_eabi.lib : _printfi.c.obj (.text:__TI_printfi)
                  00000b32    00000002     startup_msp432p401r_ccs.obj (.text:Default_Handler)
                  00000b34    00000270     rtsv7M4_T_le_v4SPD16_eabi.lib : _printfi.c.obj (.text:_pconv_a)
                  00000da4    000001d0                                   : _printfi.c.obj (.text:_pconv_g)
                  00000f74    000001b6                                   : fd_add_t2.asm.obj (.text)
                  0000112a    00000002                                   : div0.asm.obj (.text)
                  0000112c    0000013c                                   : _printfi.c.obj (.text:_pconv_e)
                  00001268    00000136                                   : fd_div_t2.asm.obj (.text)
                  0000139e    00000002     --HOLE-- [fill = 0]
                  000013a0    00000124                                   : _printfi.c.obj (.text:fcvt)
                  000014c4    0000011c     msp432p4xx_driverlib.lib : uart.o (.text:UART_initModule)
                  000015e0    00000110     rtsv7M4_T_le_v4SPD16_eabi.lib : s_scalbn.c.obj (.text:scalbn)
                  000016f0    000000fc                                   : fd_mul_t2.asm.obj (.text)
                  000017ec    000000b1                                   : _printfi.c.obj (.text:_ltostr)
                  0000189d    00000001     --HOLE-- [fill = 0]
                  0000189e    0000009c                                   : memcpy_t2.asm.obj (.text)
                  0000193a    00000096                                   : ull_div_t2.asm.obj (.text)
                  000019d0    00000088     msp432p4xx_driverlib.lib : gpio.o (.text:GPIO_setAsPeripheralModuleFunctionInputPin)
                  00001a58    00000086     rtsv7M4_T_le_v4SPD16_eabi.lib : fd_cmp_t2.asm.obj (.text:__aeabi_cdcmple)
                  00001ade    00000086                                   : fd_cmp_t2.asm.obj (.text:__aeabi_cdrcmple)
                  00001b64    00000080     msp432p4xx_driverlib.lib : interrupt.o (.text:Interrupt_enableInterrupt)
                  00001be4    0000007a     rtsv7M4_T_le_v4SPD16_eabi.lib : memset_t2.asm.obj (.text)
                  00001c5e    00000002     --HOLE-- [fill = 0]
                  00001c60    00000078     system_msp432p401r.obj (.text:SystemInit)
                  00001cd8    0000006e     rtsv7M4_T_le_v4SPD16_eabi.lib : _printfi.c.obj (.text:_mcpy)
                  00001d46    00000068                                   : copy_decompress_lzss.c.obj (.text:decompress:lzss:__TI_decompress_lzss)
                  00001dae    00000064     msp432p4xx_driverlib.lib : uart.o (.text:UART_getEnabledInterruptStatus)
                  00001e12    00000002     --HOLE-- [fill = 0]
                  00001e14    00000064     rtsv7M4_T_le_v4SPD16_eabi.lib : s_frexp.c.obj (.text:frexp)
                  00001e78    00000060     main.obj (.text:EUSCIA0_IRQHandler)
                  00001ed8    00000056     rtsv7M4_T_le_v4SPD16_eabi.lib : _printfi.c.obj (.text:_pconv_f)
                  00001f2e    00000054                                   : _ltoa.c.obj (.text:__TI_ltoa)
                  00001f82    00000052                                   : _printfi.c.obj (.text:_ecpy)
                  00001fd4    00000050     main.obj (.text:main)
                  00002024    0000004c     rtsv7M4_T_le_v4SPD16_eabi.lib : atoi.c.obj (.text:atoi)
                  00002070    00000048                                   : fd_toi_t2.asm.obj (.text)
                  000020b8    00000044                                   : autoinit.c.obj (.text:__TI_auto_init_nobinit_nopinit:__TI_auto_init_nobinit_nopinit)
                  000020fc    00000044     main.obj (.text:config_uart)
                  00002140    00000040     rtsv7M4_T_le_v4SPD16_eabi.lib : sprintf.c.obj (.text:sprintf)
                  00002180    0000003e                                   : _printfi.c.obj (.text:_fcpy)
                  000021be    00000002     --HOLE-- [fill = 0]
                  000021c0    00000034     msp432p4xx_driverlib.lib : cs.o (.text:CS_setDCOCenteredFrequency)
                  000021f4    00000034                              : uart.o (.text:UART_transmitData)
                  00002228    00000034     rtsv7M4_T_le_v4SPD16_eabi.lib : boot_cortex_m.c.obj (.text:_c_int00_noargs:_c_int00_noargs)
                  0000225c    00000030     msp432p4xx_driverlib.lib : uart.o (.text:UART_enableInterrupt)
                  0000228c    00000030                              : uart.o (.text:UART_receiveData)
                  000022bc    0000002e     rtsv7M4_T_le_v4SPD16_eabi.lib : i_tofd_t2.asm.obj (.text)
                  000022ea    0000002c     main.obj (.text:print_uart)
                  00002316    00000002     --HOLE-- [fill = 0]
                  00002318    00000028     msp432p4xx_driverlib.lib : pcm.o (.text:PCM_gotoLPM0)
                  00002340    00000024                              : wdt_a.o (.text:WDT_A_holdTimer)
                  00002364    0000001c     rtsv7M4_T_le_v4SPD16_eabi.lib : memccpy.c.obj (.text:memccpy)
                  00002380    0000001a                                   : s_copysign.c.obj (.text:copysign)
                  0000239a    00000018     msp432p4xx_driverlib.lib : uart.o (.text:UART_getInterruptStatus)
                  000023b2    00000018     rtsv7M4_T_le_v4SPD16_eabi.lib : sprintf.c.obj (.text:_outs)
                  000023ca    00000016     msp432p4xx_driverlib.lib : uart.o (.text:UART_clearInterruptFlag)
                  000023e0    00000016                              : uart.o (.text:UART_enableModule)
                  000023f6    00000016     rtsv7M4_T_le_v4SPD16_eabi.lib : strchr.c.obj (.text:strchr)
                  0000240c    00000014                                   : strlen.c.obj (.text:strlen)
                  00002420    00000012                                   : wcslen.c.obj (.text:wcslen)
                  00002432    00000010     msp432p4xx_driverlib.lib : interrupt.o (.text:Interrupt_enableMaster)
                  00002442    00000002     --HOLE-- [fill = 0]
                  00002444    00000010                              : interrupt.o (.text:Interrupt_enableSleepOnIsrExit)
                  00002454    0000000e     rtsv7M4_T_le_v4SPD16_eabi.lib : copy_decompress_none.c.obj (.text:decompress:none:__TI_decompress_none)
                  00002462    0000000c     msp432p4xx_driverlib.lib : cpu.o (.text:CPU_cpsie)
                  0000246e    0000000c     startup_msp432p401r_ccs.obj (.text:Reset_Handler)
                  0000247a    0000000a     rtsv7M4_T_le_v4SPD16_eabi.lib : sprintf.c.obj (.text:_outc)
                  00002484    00000008                                   : errno.c.obj (.text:__aeabi_errno_addr)
                  0000248c    00000004     msp432p4xx_driverlib.lib : cpu.o (.text:CPU_wfi)
                  00002490    00000004     rtsv7M4_T_le_v4SPD16_eabi.lib : pre_init.c.obj (.text:_system_pre_init)
                  00002494    00000004                                   : exit.c.obj (.text:abort:abort)

.const     0    00002498    0000013c     
                  00002498    00000101     rtsv7M4_T_le_v4SPD16_eabi.lib : ctype.c.obj (.const:.string:_ctypes_)
                  00002599    00000003     --HOLE-- [fill = 0]
                  0000259c    00000030     msp432p4xx_driverlib.lib : gpio.o (.const:GPIO_PORT_TO_BASE)
                  000025cc    00000008                              : interrupt.o (.const:g_pulEnRegs)

.cinit     0    000025d8    00000018     
                  000025d8    00000008     (__TI_handler_table)
                  000025e0    00000007     (.cinit..data.load) [load image, compression = lzss]
                  000025e7    00000001     --HOLE-- [fill = 0]
                  000025e8    00000008     (__TI_cinit_table)

.init_array 
*          0    00000000    00000000     UNINITIALIZED

.binit     0    00000000    00000000     

.data      0    20000000    00000004     UNINITIALIZED
                  20000000    00000004     rtsv7M4_T_le_v4SPD16_eabi.lib : errno.c.obj (.data)

.stack     0    2000fe00    00000200     UNINITIALIZED
                  2000fe00    00000004     rtsv7M4_T_le_v4SPD16_eabi.lib : boot_cortex_m.c.obj (.stack)
                  2000fe04    000001fc     --HOLE--

__llvm_prf_cnts 
*          0    20000000    00000000     UNINITIALIZED

MODULE SUMMARY

       Module                        code   ro data   rw data
       ------                        ----   -------   -------
    .\
       main.obj                      288    0         0      
       system_msp432p401r.obj        120    0         0      
    +--+-----------------------------+------+---------+---------+
       Total:                        408    0         0      
                                                             
    .\ccs\
       startup_msp432p401r_ccs.obj   14     228       0      
    +--+-----------------------------+------+---------+---------+
       Total:                        14     228       0      
                                                             
    C:/ti/simplelink_msp432p4_sdk_3_40_01_02/source/ti/devices/msp432p4xx/driverlib/ccs/msp432p4xx_driverlib.lib
       uart.o                        600    0         0      
       gpio.o                        136    48        0      
       interrupt.o                   160    8         0      
       cs.o                          52     0         0      
       pcm.o                         40     0         0      
       wdt_a.o                       36     0         0      
       cpu.o                         16     0         0      
    +--+-----------------------------+------+---------+---------+
       Total:                        1040   56        0      
                                                             
    C:\ti\ccs1011\ccs\tools\compiler\ti-cgt-arm_20.2.4.LTS\lib\rtsv7M4_T_le_v4SPD16_eabi.lib
       _printfi.c.obj                4851   0         0      
       fd_add_t2.asm.obj             438    0         0      
       fd_div_t2.asm.obj             310    0         0      
       s_scalbn.c.obj                272    0         0      
       fd_cmp_t2.asm.obj             268    0         0      
       ctype.c.obj                   0      257       0      
       fd_mul_t2.asm.obj             252    0         0      
       memcpy_t2.asm.obj             156    0         0      
       ull_div_t2.asm.obj            150    0         0      
       memset_t2.asm.obj             122    0         0      
       copy_decompress_lzss.c.obj    104    0         0      
       s_frexp.c.obj                 100    0         0      
       sprintf.c.obj                 98     0         0      
       _ltoa.c.obj                   84     0         0      
       atoi.c.obj                    76     0         0      
       fd_toi_t2.asm.obj             72     0         0      
       autoinit.c.obj                68     0         0      
       boot_cortex_m.c.obj           52     0         0      
       i_tofd_t2.asm.obj             46     0         0      
       memccpy.c.obj                 28     0         0      
       s_copysign.c.obj              26     0         0      
       strchr.c.obj                  22     0         0      
       strlen.c.obj                  20     0         0      
       wcslen.c.obj                  18     0         0      
       errno.c.obj                   8      0         8      
       copy_decompress_none.c.obj    14     0         0      
       exit.c.obj                    4      0         0      
       pre_init.c.obj                4      0         0      
       div0.asm.obj                  2      0         0      
    +--+-----------------------------+------+---------+---------+
       Total:                        7665   257       8      
                                                             
       Stack:                        0      0         1024   
       Linker Generated:             0      23        0      
    +--+-----------------------------+------+---------+---------+
       Grand Total:                  9127   564       1032   


LINKER GENERATED COPY TABLES

__TI_cinit_table @ 000025e8 records: 1, size/record: 8, table size: 8
	.data: load addr=000025e0, load size=00000007 bytes, run addr=20000000, run size=00000004 bytes, compression=lzss


LINKER GENERATED HANDLER TABLE

__TI_handler_table @ 000025d8 records: 2, size/record: 4, table size: 8
	index: 0, handler: __TI_decompress_lzss
	index: 1, handler: __TI_decompress_none


GLOBAL SYMBOLS: SORTED ALPHABETICALLY BY Name 

address   name                                      
-------   ----                                      
00000b33  ADC14_IRQHandler                          
00000b33  AES256_IRQHandler                         
00000b33  BusFault_Handler                          
00002495  C$$EXIT                                   
00000b33  COMP_E0_IRQHandler                        
00000b33  COMP_E1_IRQHandler                        
00002463  CPU_cpsie                                 
0000248d  CPU_wfi                                   
00000b33  CS_IRQHandler                             
000021c1  CS_setDCOCenteredFrequency                
00000b33  DMA_ERR_IRQHandler                        
00000b33  DMA_INT0_IRQHandler                       
00000b33  DMA_INT1_IRQHandler                       
00000b33  DMA_INT2_IRQHandler                       
00000b33  DMA_INT3_IRQHandler                       
00000b33  DebugMon_Handler                          
00000b33  Default_Handler                           
00001e79  EUSCIA0_IRQHandler                        
00001e79  EUSCIA0_IRQHandler                        
00000b33  EUSCIA1_IRQHandler                        
00000b33  EUSCIA2_IRQHandler                        
00000b33  EUSCIA3_IRQHandler                        
00000b33  EUSCIB0_IRQHandler                        
00000b33  EUSCIB1_IRQHandler                        
00000b33  EUSCIB2_IRQHandler                        
00000b33  EUSCIB3_IRQHandler                        
00000b33  FLCTL_IRQHandler                          
00000b33  FPU_IRQHandler                            
000019d1  GPIO_setAsPeripheralModuleFunctionInputPin
00000b33  HardFault_Handler                         
00001b65  Interrupt_enableInterrupt                 
00002433  Interrupt_enableMaster                    
00002445  Interrupt_enableSleepOnIsrExit            
00000b33  MemManage_Handler                         
00000b33  NMI_Handler                               
00000b33  PCM_IRQHandler                            
00002319  PCM_gotoLPM0                              
00000b33  PORT1_IRQHandler                          
00000b33  PORT2_IRQHandler                          
00000b33  PORT3_IRQHandler                          
00000b33  PORT4_IRQHandler                          
00000b33  PORT5_IRQHandler                          
00000b33  PORT6_IRQHandler                          
00000b33  PSS_IRQHandler                            
00000b33  PendSV_Handler                            
00000b33  RTC_C_IRQHandler                          
0000246f  Reset_Handler                             
00000b33  SVC_Handler                               
00000b33  SysTick_Handler                           
00001c61  SystemInit                                
00000b33  T32_INT1_IRQHandler                       
00000b33  T32_INT2_IRQHandler                       
00000b33  T32_INTC_IRQHandler                       
00000b33  TA0_0_IRQHandler                          
00000b33  TA0_N_IRQHandler                          
00000b33  TA1_0_IRQHandler                          
00000b33  TA1_N_IRQHandler                          
00000b33  TA2_0_IRQHandler                          
00000b33  TA2_N_IRQHandler                          
00000b33  TA3_0_IRQHandler                          
00000b33  TA3_N_IRQHandler                          
000023cb  UART_clearInterruptFlag                   
0000225d  UART_enableInterrupt                      
000023e1  UART_enableModule                         
00001daf  UART_getEnabledInterruptStatus            
0000239b  UART_getInterruptStatus                   
000014c5  UART_initModule                           
0000228d  UART_receiveData                          
000021f5  UART_transmitData                         
00000b33  UsageFault_Handler                        
4000480c  WDTCTL_SYM                                
00000b33  WDT_A_IRQHandler                          
00002341  WDT_A_holdTimer                           
20010000  __STACK_END                               
00000200  __STACK_SIZE                              
000025e8  __TI_CINIT_Base                           
000025f0  __TI_CINIT_Limit                          
000025d8  __TI_Handler_Table_Base                   
000025e0  __TI_Handler_Table_Limit                  
000020b9  __TI_auto_init_nobinit_nopinit            
00001d47  __TI_decompress_lzss                      
00002455  __TI_decompress_none                      
00001f2f  __TI_ltoa                                 
ffffffff  __TI_pprof_out_hndl                       
000000e5  __TI_printfi                              
ffffffff  __TI_prof_data_size                       
ffffffff  __TI_prof_data_start                      
00000000  __TI_static_base__                        
00001a59  __aeabi_cdcmpeq                           
00001a59  __aeabi_cdcmple                           
00001adf  __aeabi_cdrcmple                          
00002071  __aeabi_d2iz                              
00000f7f  __aeabi_dadd                              
00001269  __aeabi_ddiv                              
000016f1  __aeabi_dmul                              
00000f75  __aeabi_dsub                              
00002485  __aeabi_errno_addr                        
000022bd  __aeabi_i2d                               
0000112b  __aeabi_idiv0                             
0000112b  __aeabi_ldiv0                             
00001be5  __aeabi_memclr                            
00001be5  __aeabi_memclr4                           
00001be5  __aeabi_memclr8                           
0000189f  __aeabi_memcpy                            
0000189f  __aeabi_memcpy4                           
0000189f  __aeabi_memcpy8                           
00001be7  __aeabi_memset                            
00001be7  __aeabi_memset4                           
00001be7  __aeabi_memset8                           
0000193b  __aeabi_uldivmod                          
ffffffff  __binit__                                 
ffffffff  __c_args__                                
UNDEFED   __mpu_init                                
2000fe00  __stack                                   
20000000  __start___llvm_prf_cnts                   
20000000  __stop___llvm_prf_cnts                    
00002229  _c_int00_noargs                           
00002498  _ctypes_                                  
UNDEFED   _system_post_cinit                        
00002491  _system_pre_init                          
00002495  abort                                     
00002025  atoi                                      
ffffffff  binit                                     
00002381  copysign                                  
00002381  copysignl                                 
20000000  errno                                     
00001e15  frexp                                     
00001e15  frexpl                                    
00000000  interruptVectors                          
000015e1  ldexp                                     
000015e1  ldexpl                                    
00001fd5  main                                      
00002365  memccpy                                   
0000189f  memcpy                                    
00001bed  memset                                    
000015e1  scalbn                                    
000015e1  scalbnl                                   
00002141  sprintf                                   
000023f7  strchr                                    
0000240d  strlen                                    
00002421  wcslen                                    


GLOBAL SYMBOLS: SORTED BY Symbol Address 

address   name                                      
-------   ----                                      
00000000  __TI_static_base__                        
00000000  interruptVectors                          
000000e5  __TI_printfi                              
00000200  __STACK_SIZE                              
00000b33  ADC14_IRQHandler                          
00000b33  AES256_IRQHandler                         
00000b33  BusFault_Handler                          
00000b33  COMP_E0_IRQHandler                        
00000b33  COMP_E1_IRQHandler                        
00000b33  CS_IRQHandler                             
00000b33  DMA_ERR_IRQHandler                        
00000b33  DMA_INT0_IRQHandler                       
00000b33  DMA_INT1_IRQHandler                       
00000b33  DMA_INT2_IRQHandler                       
00000b33  DMA_INT3_IRQHandler                       
00000b33  DebugMon_Handler                          
00000b33  Default_Handler                           
00000b33  EUSCIA1_IRQHandler                        
00000b33  EUSCIA2_IRQHandler                        
00000b33  EUSCIA3_IRQHandler                        
00000b33  EUSCIB0_IRQHandler                        
00000b33  EUSCIB1_IRQHandler                        
00000b33  EUSCIB2_IRQHandler                        
00000b33  EUSCIB3_IRQHandler                        
00000b33  FLCTL_IRQHandler                          
00000b33  FPU_IRQHandler                            
00000b33  HardFault_Handler                         
00000b33  MemManage_Handler                         
00000b33  NMI_Handler                               
00000b33  PCM_IRQHandler                            
00000b33  PORT1_IRQHandler                          
00000b33  PORT2_IRQHandler                          
00000b33  PORT3_IRQHandler                          
00000b33  PORT4_IRQHandler                          
00000b33  PORT5_IRQHandler                          
00000b33  PORT6_IRQHandler                          
00000b33  PSS_IRQHandler                            
00000b33  PendSV_Handler                            
00000b33  RTC_C_IRQHandler                          
00000b33  SVC_Handler                               
00000b33  SysTick_Handler                           
00000b33  T32_INT1_IRQHandler                       
00000b33  T32_INT2_IRQHandler                       
00000b33  T32_INTC_IRQHandler                       
00000b33  TA0_0_IRQHandler                          
00000b33  TA0_N_IRQHandler                          
00000b33  TA1_0_IRQHandler                          
00000b33  TA1_N_IRQHandler                          
00000b33  TA2_0_IRQHandler                          
00000b33  TA2_N_IRQHandler                          
00000b33  TA3_0_IRQHandler                          
00000b33  TA3_N_IRQHandler                          
00000b33  UsageFault_Handler                        
00000b33  WDT_A_IRQHandler                          
00000f75  __aeabi_dsub                              
00000f7f  __aeabi_dadd                              
0000112b  __aeabi_idiv0                             
0000112b  __aeabi_ldiv0                             
00001269  __aeabi_ddiv                              
000014c5  UART_initModule                           
000015e1  ldexp                                     
000015e1  ldexpl                                    
000015e1  scalbn                                    
000015e1  scalbnl                                   
000016f1  __aeabi_dmul                              
0000189f  __aeabi_memcpy                            
0000189f  __aeabi_memcpy4                           
0000189f  __aeabi_memcpy8                           
0000189f  memcpy                                    
0000193b  __aeabi_uldivmod                          
000019d1  GPIO_setAsPeripheralModuleFunctionInputPin
00001a59  __aeabi_cdcmpeq                           
00001a59  __aeabi_cdcmple                           
00001adf  __aeabi_cdrcmple                          
00001b65  Interrupt_enableInterrupt                 
00001be5  __aeabi_memclr                            
00001be5  __aeabi_memclr4                           
00001be5  __aeabi_memclr8                           
00001be7  __aeabi_memset                            
00001be7  __aeabi_memset4                           
00001be7  __aeabi_memset8                           
00001bed  memset                                    
00001c61  SystemInit                                
00001d47  __TI_decompress_lzss                      
00001daf  UART_getEnabledInterruptStatus            
00001e15  frexp                                     
00001e15  frexpl                                    
00001e79  EUSCIA0_IRQHandler                        
00001e79  EUSCIA0_IRQHandler                        
00001f2f  __TI_ltoa                                 
00001fd5  main                                      
00002025  atoi                                      
00002071  __aeabi_d2iz                              
000020b9  __TI_auto_init_nobinit_nopinit            
00002141  sprintf                                   
000021c1  CS_setDCOCenteredFrequency                
000021f5  UART_transmitData                         
00002229  _c_int00_noargs                           
0000225d  UART_enableInterrupt                      
0000228d  UART_receiveData                          
000022bd  __aeabi_i2d                               
00002319  PCM_gotoLPM0                              
00002341  WDT_A_holdTimer                           
00002365  memccpy                                   
00002381  copysign                                  
00002381  copysignl                                 
0000239b  UART_getInterruptStatus                   
000023cb  UART_clearInterruptFlag                   
000023e1  UART_enableModule                         
000023f7  strchr                                    
0000240d  strlen                                    
00002421  wcslen                                    
00002433  Interrupt_enableMaster                    
00002445  Interrupt_enableSleepOnIsrExit            
00002455  __TI_decompress_none                      
00002463  CPU_cpsie                                 
0000246f  Reset_Handler                             
00002485  __aeabi_errno_addr                        
0000248d  CPU_wfi                                   
00002491  _system_pre_init                          
00002495  C$$EXIT                                   
00002495  abort                                     
00002498  _ctypes_                                  
000025d8  __TI_Handler_Table_Base                   
000025e0  __TI_Handler_Table_Limit                  
000025e8  __TI_CINIT_Base                           
000025f0  __TI_CINIT_Limit                          
20000000  __start___llvm_prf_cnts                   
20000000  __stop___llvm_prf_cnts                    
20000000  errno                                     
2000fe00  __stack                                   
20010000  __STACK_END                               
4000480c  WDTCTL_SYM                                
ffffffff  __TI_pprof_out_hndl                       
ffffffff  __TI_prof_data_size                       
ffffffff  __TI_prof_data_start                      
ffffffff  __binit__                                 
ffffffff  __c_args__                                
ffffffff  binit                                     
UNDEFED   __mpu_init                                
UNDEFED   _system_post_cinit                        

[141 symbols]
