******************************************************************************
                  TI ARM Linker PC v20.2.4                     
******************************************************************************
>> Linked Wed Jan 13 12:20:25 2021

OUTPUT FILE NAME:   <[not done]uart_master_i2c_cs811.out>
ENTRY POINT SYMBOL: "_c_int00_noinit_noargs"  address: 00000581


MEMORY CONFIGURATION

         name            origin    length      used     unused   attr    fill
----------------------  --------  ---------  --------  --------  ----  --------
  MAIN                  00000000   00040000  000006ce  0003f932  R  X
  INFO                  00200000   00004000  00000000  00004000  R  X
  SRAM_CODE             01000000   00010000  00000200  0000fe00  RW X
  SRAM_DATA             20000000   00010000  00000200  0000fe00  RW  


SEGMENT ALLOCATION MAP

run origin  load origin   length   init length attrs members
----------  ----------- ---------- ----------- ----- -------
00000000    00000000    000006d4   000006d4    r-x
  00000000    00000000    000000e4   000000e4    r-- .intvecs
  000000e8    000000e8    000005a2   000005a2    r-x .text
  0000068c    0000068c    00000048   00000048    r-- .const
2000fe00    2000fe00    00000200   00000000    rw-
  2000fe00    2000fe00    00000200   00000000    rw- .stack


SECTION ALLOCATION MAP

 output                                  attributes/
section   page    origin      length       input sections
--------  ----  ----------  ----------   ----------------
.intvecs   0    00000000    000000e4     
                  00000000    000000e4     startup_msp432p401r_ccs.obj (.intvecs:retain)

.text      0    000000e8    000005a2     
                  000000e8    0000011c     msp432p4xx_driverlib.lib : uart.o (.text:UART_initModule)
                  00000204    00000088                              : gpio.o (.text:GPIO_setAsPeripheralModuleFunctionInputPin)
                  0000028c    00000084                              : i2c.o (.text:I2C_masterSendSingleByte)
                  00000310    00000078     system_msp432p401r.obj (.text:SystemInit)
                  00000388    00000062     msp432p4xx_driverlib.lib : i2c.o (.text:I2C_initMaster)
                  000003ea    00000004     rtsv7M4_T_le_v4SPD16_eabi.lib : pre_init.c.obj (.text:_system_pre_init)
                  000003ee    00000002     --HOLE-- [fill = 0]
                  000003f0    00000054     main.obj (.text:main)
                  00000444    00000004     rtsv7M4_T_le_v4SPD16_eabi.lib : exit.c.obj (.text:abort:abort)
                  00000448    00000054     ccs811.obj (.text:write)
                  0000049c    00000004     --HOLE-- [fill = 0]
                  000004a0    00000040     main.obj (.text:config_uart)
                  000004e0    00000038     msp432p4xx_driverlib.lib : i2c.o (.text:I2C_masterSendMultiByteStop)
                  00000518    00000034                              : cs.o (.text:CS_setDCOCenteredFrequency)
                  0000054c    00000034                              : i2c.o (.text:I2C_masterSendMultiByteNext)
                  00000580    0000002c     rtsv7M4_T_le_v4SPD16_eabi.lib : boot_cortex_m.c.obj (.text:_c_int00_noinit_noargs:_c_int00_noinit_noargs)
                  000005ac    00000004     --HOLE-- [fill = 0]
                  000005b0    00000028     main.obj (.text:config_i2c)
                  000005d8    00000024     msp432p4xx_driverlib.lib : wdt_a.o (.text:WDT_A_holdTimer)
                  000005fc    00000018                              : i2c.o (.text:I2C_masterSendStart)
                  00000614    00000004     --HOLE-- [fill = 0]
                  00000618    00000018     ccs811.obj (.text:sw_reset)
                  00000630    00000016     msp432p4xx_driverlib.lib : i2c.o (.text:I2C_enableModule)
                  00000646    00000016                              : uart.o (.text:UART_enableModule)
                  0000065c    00000014                              : i2c.o (.text:I2C_setSlaveAddress)
                  00000670    0000000c     startup_msp432p401r_ccs.obj (.text:Reset_Handler)
                  0000067c    00000004     --HOLE-- [fill = 0]
                  00000680    00000008     ccs811.obj (.text:ccs811_begin)
                  00000688    00000002     startup_msp432p401r_ccs.obj (.text:Default_Handler)

.const     0    0000068c    00000048     
                  0000068c    00000030     msp432p4xx_driverlib.lib : gpio.o (.const:GPIO_PORT_TO_BASE)
                  000006bc    00000014     main.obj (.const:$P$T0$1)
                  000006d0    00000004     ccs811.obj (.const:.string:$P$T0$1)

.cinit     0    00000000    00000000     UNINITIALIZED

.init_array 
*          0    00000000    00000000     UNINITIALIZED

.binit     0    00000000    00000000     

.stack     0    2000fe00    00000200     UNINITIALIZED
                  2000fe00    00000004     rtsv7M4_T_le_v4SPD16_eabi.lib : boot_cortex_m.c.obj (.stack)
                  2000fe04    000001fc     --HOLE--

__llvm_prf_cnts 
*          0    20000000    00000000     UNINITIALIZED

MODULE SUMMARY

       Module                        code   ro data   rw data
       ------                        ----   -------   -------
    .\
       main.obj                      188    20        0      
       system_msp432p401r.obj        120    0         0      
    +--+-----------------------------+------+---------+---------+
       Total:                        308    20        0      
                                                             
    .\ccs\
       startup_msp432p401r_ccs.obj   14     228       0      
    +--+-----------------------------+------+---------+---------+
       Total:                        14     228       0      
                                                             
    .\lib\
       ccs811.obj                    116    4         0      
    +--+-----------------------------+------+---------+---------+
       Total:                        116    4         0      
                                                             
    C:/ti/simplelink_msp432p4_sdk_3_40_01_02/source/ti/devices/msp432p4xx/driverlib/ccs/msp432p4xx_driverlib.lib
       i2c.o                         404    0         0      
       uart.o                        306    0         0      
       gpio.o                        136    48        0      
       cs.o                          52     0         0      
       wdt_a.o                       36     0         0      
    +--+-----------------------------+------+---------+---------+
       Total:                        934    48        0      
                                                             
    C:\ti\ccs1011\ccs\tools\compiler\ti-cgt-arm_20.2.4.LTS\lib\rtsv7M4_T_le_v4SPD16_eabi.lib
       boot_cortex_m.c.obj           44     0         0      
       exit.c.obj                    4      0         0      
       pre_init.c.obj                4      0         0      
    +--+-----------------------------+------+---------+---------+
       Total:                        52     0         0      
                                                             
       Stack:                        0      0         1024   
    +--+-----------------------------+------+---------+---------+
       Grand Total:                  1424   300       1024   


GLOBAL SYMBOLS: SORTED ALPHABETICALLY BY Name 

address   name                                      
-------   ----                                      
00000689  ADC14_IRQHandler                          
00000689  AES256_IRQHandler                         
00000689  BusFault_Handler                          
00000445  C$$EXIT                                   
00000689  COMP_E0_IRQHandler                        
00000689  COMP_E1_IRQHandler                        
00000689  CS_IRQHandler                             
00000519  CS_setDCOCenteredFrequency                
00000689  DMA_ERR_IRQHandler                        
00000689  DMA_INT0_IRQHandler                       
00000689  DMA_INT1_IRQHandler                       
00000689  DMA_INT2_IRQHandler                       
00000689  DMA_INT3_IRQHandler                       
00000689  DebugMon_Handler                          
00000689  Default_Handler                           
00000689  EUSCIA0_IRQHandler                        
00000689  EUSCIA1_IRQHandler                        
00000689  EUSCIA2_IRQHandler                        
00000689  EUSCIA3_IRQHandler                        
00000689  EUSCIB0_IRQHandler                        
00000689  EUSCIB1_IRQHandler                        
00000689  EUSCIB2_IRQHandler                        
00000689  EUSCIB3_IRQHandler                        
00000689  FLCTL_IRQHandler                          
00000689  FPU_IRQHandler                            
00000205  GPIO_setAsPeripheralModuleFunctionInputPin
00000689  HardFault_Handler                         
00000631  I2C_enableModule                          
00000389  I2C_initMaster                            
0000054d  I2C_masterSendMultiByteNext               
000004e1  I2C_masterSendMultiByteStop               
0000028d  I2C_masterSendSingleByte                  
000005fd  I2C_masterSendStart                       
0000065d  I2C_setSlaveAddress                       
00000689  MemManage_Handler                         
00000689  NMI_Handler                               
00000689  PCM_IRQHandler                            
00000689  PORT1_IRQHandler                          
00000689  PORT2_IRQHandler                          
00000689  PORT3_IRQHandler                          
00000689  PORT4_IRQHandler                          
00000689  PORT5_IRQHandler                          
00000689  PORT6_IRQHandler                          
00000689  PSS_IRQHandler                            
00000689  PendSV_Handler                            
00000689  RTC_C_IRQHandler                          
00000671  Reset_Handler                             
00000689  SVC_Handler                               
00000689  SysTick_Handler                           
00000311  SystemInit                                
00000689  T32_INT1_IRQHandler                       
00000689  T32_INT2_IRQHandler                       
00000689  T32_INTC_IRQHandler                       
00000689  TA0_0_IRQHandler                          
00000689  TA0_N_IRQHandler                          
00000689  TA1_0_IRQHandler                          
00000689  TA1_N_IRQHandler                          
00000689  TA2_0_IRQHandler                          
00000689  TA2_N_IRQHandler                          
00000689  TA3_0_IRQHandler                          
00000689  TA3_N_IRQHandler                          
00000647  UART_enableModule                         
000000e9  UART_initModule                           
00000689  UsageFault_Handler                        
4000480c  WDTCTL_SYM                                
00000689  WDT_A_IRQHandler                          
000005d9  WDT_A_holdTimer                           
20010000  __STACK_END                               
00000200  __STACK_SIZE                              
ffffffff  __TI_pprof_out_hndl                       
ffffffff  __TI_prof_data_size                       
ffffffff  __TI_prof_data_start                      
00000000  __TI_static_base__                        
ffffffff  __binit__                                 
ffffffff  __c_args__                                
UNDEFED   __mpu_init                                
2000fe00  __stack                                   
20000000  __start___llvm_prf_cnts                   
20000000  __stop___llvm_prf_cnts                    
00000581  _c_int00_noinit_noargs                    
000003eb  _system_pre_init                          
00000445  abort                                     
ffffffff  binit                                     
00000681  ccs811_begin                              
00000000  interruptVectors                          
000003f1  main                                      
00000619  sw_reset                                  
00000449  write                                     


GLOBAL SYMBOLS: SORTED BY Symbol Address 

address   name                                      
-------   ----                                      
00000000  __TI_static_base__                        
00000000  interruptVectors                          
000000e9  UART_initModule                           
00000200  __STACK_SIZE                              
00000205  GPIO_setAsPeripheralModuleFunctionInputPin
0000028d  I2C_masterSendSingleByte                  
00000311  SystemInit                                
00000389  I2C_initMaster                            
000003eb  _system_pre_init                          
000003f1  main                                      
00000445  C$$EXIT                                   
00000445  abort                                     
00000449  write                                     
000004e1  I2C_masterSendMultiByteStop               
00000519  CS_setDCOCenteredFrequency                
0000054d  I2C_masterSendMultiByteNext               
00000581  _c_int00_noinit_noargs                    
000005d9  WDT_A_holdTimer                           
000005fd  I2C_masterSendStart                       
00000619  sw_reset                                  
00000631  I2C_enableModule                          
00000647  UART_enableModule                         
0000065d  I2C_setSlaveAddress                       
00000671  Reset_Handler                             
00000681  ccs811_begin                              
00000689  ADC14_IRQHandler                          
00000689  AES256_IRQHandler                         
00000689  BusFault_Handler                          
00000689  COMP_E0_IRQHandler                        
00000689  COMP_E1_IRQHandler                        
00000689  CS_IRQHandler                             
00000689  DMA_ERR_IRQHandler                        
00000689  DMA_INT0_IRQHandler                       
00000689  DMA_INT1_IRQHandler                       
00000689  DMA_INT2_IRQHandler                       
00000689  DMA_INT3_IRQHandler                       
00000689  DebugMon_Handler                          
00000689  Default_Handler                           
00000689  EUSCIA0_IRQHandler                        
00000689  EUSCIA1_IRQHandler                        
00000689  EUSCIA2_IRQHandler                        
00000689  EUSCIA3_IRQHandler                        
00000689  EUSCIB0_IRQHandler                        
00000689  EUSCIB1_IRQHandler                        
00000689  EUSCIB2_IRQHandler                        
00000689  EUSCIB3_IRQHandler                        
00000689  FLCTL_IRQHandler                          
00000689  FPU_IRQHandler                            
00000689  HardFault_Handler                         
00000689  MemManage_Handler                         
00000689  NMI_Handler                               
00000689  PCM_IRQHandler                            
00000689  PORT1_IRQHandler                          
00000689  PORT2_IRQHandler                          
00000689  PORT3_IRQHandler                          
00000689  PORT4_IRQHandler                          
00000689  PORT5_IRQHandler                          
00000689  PORT6_IRQHandler                          
00000689  PSS_IRQHandler                            
00000689  PendSV_Handler                            
00000689  RTC_C_IRQHandler                          
00000689  SVC_Handler                               
00000689  SysTick_Handler                           
00000689  T32_INT1_IRQHandler                       
00000689  T32_INT2_IRQHandler                       
00000689  T32_INTC_IRQHandler                       
00000689  TA0_0_IRQHandler                          
00000689  TA0_N_IRQHandler                          
00000689  TA1_0_IRQHandler                          
00000689  TA1_N_IRQHandler                          
00000689  TA2_0_IRQHandler                          
00000689  TA2_N_IRQHandler                          
00000689  TA3_0_IRQHandler                          
00000689  TA3_N_IRQHandler                          
00000689  UsageFault_Handler                        
00000689  WDT_A_IRQHandler                          
20000000  __start___llvm_prf_cnts                   
20000000  __stop___llvm_prf_cnts                    
2000fe00  __stack                                   
20010000  __STACK_END                               
4000480c  WDTCTL_SYM                                
ffffffff  __TI_pprof_out_hndl                       
ffffffff  __TI_prof_data_size                       
ffffffff  __TI_prof_data_start                      
ffffffff  __binit__                                 
ffffffff  __c_args__                                
ffffffff  binit                                     
UNDEFED   __mpu_init                                

[88 symbols]
