******************************************************************************
                  TI ARM Linker PC v20.2.4                     
******************************************************************************
>> Linked Wed Mar 31 19:49:13 2021

OUTPUT FILE NAME:   <MSP432_[not_done]_MAX_7219.out>
ENTRY POINT SYMBOL: "_c_int00_noargs"  address: 0000080d


MEMORY CONFIGURATION

         name            origin    length      used     unused   attr    fill
----------------------  --------  ---------  --------  --------  ----  --------
  MAIN                  00000000   00040000  00000bd0  0003f430  R  X
  INFO                  00200000   00004000  00000000  00004000  R  X
  SRAM_CODE             01000000   00010000  00000206  0000fdfa  RW X
  SRAM_DATA             20000000   00010000  00000206  0000fdfa  RW  


SEGMENT ALLOCATION MAP

run origin  load origin   length   init length attrs members
----------  ----------- ---------- ----------- ----- -------
00000000    00000000    00000bd0   00000bd0    r-x
  00000000    00000000    000000e4   000000e4    r-- .intvecs
  000000e4    000000e4    00000a10   00000a10    r-x .text
  00000af4    00000af4    000000ac   000000ac    r-- .const
  00000ba0    00000ba0    00000030   00000030    r-- .cinit
20000000    20000000    00000006   00000000    rw-
  20000000    20000000    00000004   00000000    rw- .bss
  20000004    20000004    00000002   00000000    rw- .data
2000fe00    2000fe00    00000200   00000000    rw-
  2000fe00    2000fe00    00000200   00000000    rw- .stack


SECTION ALLOCATION MAP

 output                                  attributes/
section   page    origin      length       input sections
--------  ----  ----------  ----------   ----------------
.intvecs   0    00000000    000000e4     
                  00000000    000000e4     startup_msp432p401r_ccs.obj (.intvecs:retain)

.text      0    000000e4    00000a10     
                  000000e4    000002e0     main.obj (.text:main)
                  000003c4    000000b0     msp432p4xx_driverlib.lib : spi.o (.text:SPI_initMaster)
                  00000474    0000009c     rtsv7M4_T_le_v4SPD16_eabi.lib : memcpy_t2.asm.obj (.text)
                  00000510    00000088     msp432p4xx_driverlib.lib : gpio.o (.text:GPIO_setAsPeripheralModuleFunctionInputPin)
                  00000598    00000078     system_msp432p401r.obj (.text:SystemInit)
                  00000610    0000006c     main.obj (.text:send16BitData)
                  0000067c    00000068     rtsv7M4_T_le_v4SPD16_eabi.lib : copy_decompress_lzss.c.obj (.text:decompress:lzss:__TI_decompress_lzss)
                  000006e4    00000064     main.obj (.text:EUSCIB0_IRQHandler)
                  00000748    00000044     rtsv7M4_T_le_v4SPD16_eabi.lib : autoinit.c.obj (.text:__TI_auto_init_nobinit_nopinit:__TI_auto_init_nobinit_nopinit)
                  0000078c    00000040     msp432p4xx_driverlib.lib : gpio.o (.text:GPIO_setAsOutputPin)
                  000007cc    00000040                              : spi.o (.text:is_A_Module)
                  0000080c    00000034     rtsv7M4_T_le_v4SPD16_eabi.lib : boot_cortex_m.c.obj (.text:_c_int00_noargs:_c_int00_noargs)
                  00000840    00000030     msp432p4xx_driverlib.lib : spi.o (.text:SPI_getEnabledInterruptStatus)
                  00000870    00000028                              : gpio.o (.text:GPIO_setOutputHighOnPin)
                  00000898    00000028                              : gpio.o (.text:GPIO_setOutputLowOnPin)
                  000008c0    00000028                              : gpio.o (.text:GPIO_toggleOutputOnPin)
                  000008e8    00000028                              : spi.o (.text:SPI_getInterruptStatus)
                  00000910    00000026                              : spi.o (.text:SPI_clearInterruptFlag)
                  00000936    00000026                              : spi.o (.text:SPI_transmitData)
                  0000095c    00000024                              : wdt_a.o (.text:WDT_A_holdTimer)
                  00000980    00000020     SysTick.obj (.text:SysTick_Handler)
                  000009a0    0000001c     msp432p4xx_driverlib.lib : spi.o (.text:SPI_enableModule)
                  000009bc    0000001c                              : spi.o (.text:SPI_receiveData)
                  000009d8    0000001c     rtsv7M4_T_le_v4SPD16_eabi.lib : copy_zero_init.c.obj (.text:decompress:ZI:__TI_zero_init_nomemset:__TI_zero_init_nomemset)
                  000009f4    0000001a     msp432p4xx_driverlib.lib : spi.o (.text:EUSCI_A_SPI_clearInterruptFlag)
                  00000a0e    0000001a                              : spi.o (.text:EUSCI_B_SPI_clearInterruptFlag)
                  00000a28    00000018                              : spi.o (.text:EUSCI_A_SPI_getInterruptStatus)
                  00000a40    00000018                              : spi.o (.text:EUSCI_B_SPI_getInterruptStatus)
                  00000a58    00000016                              : spi.o (.text:EUSCI_A_SPI_enable)
                  00000a6e    00000016                              : spi.o (.text:EUSCI_A_SPI_transmitData)
                  00000a84    00000016                              : spi.o (.text:EUSCI_B_SPI_enable)
                  00000a9a    00000016                              : spi.o (.text:EUSCI_B_SPI_transmitData)
                  00000ab0    00000010                              : spi.o (.text:EUSCI_A_SPI_receiveData)
                  00000ac0    00000010                              : spi.o (.text:EUSCI_B_SPI_receiveData)
                  00000ad0    0000000e     rtsv7M4_T_le_v4SPD16_eabi.lib : copy_decompress_none.c.obj (.text:decompress:none:__TI_decompress_none)
                  00000ade    0000000c     startup_msp432p401r_ccs.obj (.text:Reset_Handler)
                  00000aea    00000004     rtsv7M4_T_le_v4SPD16_eabi.lib : pre_init.c.obj (.text:_system_pre_init)
                  00000aee    00000004                                   : exit.c.obj (.text:abort:abort)
                  00000af2    00000002     startup_msp432p401r_ccs.obj (.text:Default_Handler)

.const     0    00000af4    000000ac     
                  00000af4    00000030     msp432p4xx_driverlib.lib : gpio.o (.const:GPIO_PORT_TO_BASE)
                  00000b24    00000020     main.obj (.const:$P$T0$1)
                  00000b44    00000020     main.obj (.const:$P$T1$2)
                  00000b64    00000020     main.obj (.const:$P$T2$3)
                  00000b84    0000001c     main.obj (.const:spiMasterConfig)

.cinit     0    00000ba0    00000030     
                  00000ba0    0000000c     (__TI_handler_table)
                  00000bac    00000004     --HOLE-- [fill = 0]
                  00000bb0    00000008     (.cinit..bss.load) [load image, compression = zero_init]
                  00000bb8    00000006     (.cinit..data.load) [load image, compression = lzss]
                  00000bbe    00000002     --HOLE-- [fill = 0]
                  00000bc0    00000010     (__TI_cinit_table)

.init_array 
*          0    00000000    00000000     UNINITIALIZED

.binit     0    00000000    00000000     

.bss       0    20000000    00000004     UNINITIALIZED
                  20000000    00000004     (.common:uwTick)

.data      0    20000004    00000002     UNINITIALIZED
                  20000004    00000002     main.obj (.data)

.stack     0    2000fe00    00000200     UNINITIALIZED
                  2000fe00    00000004     rtsv7M4_T_le_v4SPD16_eabi.lib : boot_cortex_m.c.obj (.stack)
                  2000fe04    000001fc     --HOLE--

__llvm_prf_cnts 
*          0    20000000    00000000     UNINITIALIZED

MODULE SUMMARY

       Module                        code   ro data   rw data
       ------                        ----   -------   -------
    .\
       main.obj                      944    124       4      
       system_msp432p401r.obj        120    0         0      
       SysTick.obj                   32     0         8      
    +--+-----------------------------+------+---------+---------+
       Total:                        1096   124       12     
                                                             
    .\ccs\
       startup_msp432p401r_ccs.obj   14     228       0      
    +--+-----------------------------+------+---------+---------+
       Total:                        14     228       0      
                                                             
    C:/ti/simplelink_msp432p4_sdk_3_40_01_02/source/ti/devices/msp432p4xx/driverlib/ccs/msp432p4xx_driverlib.lib
       spi.o                         680    0         0      
       gpio.o                        320    48        0      
       wdt_a.o                       36     0         0      
    +--+-----------------------------+------+---------+---------+
       Total:                        1036   48        0      
                                                             
    C:\ti\ccs1011\ccs\tools\compiler\ti-cgt-arm_20.2.4.LTS\lib\rtsv7M4_T_le_v4SPD16_eabi.lib
       memcpy_t2.asm.obj             156    0         0      
       copy_decompress_lzss.c.obj    104    0         0      
       autoinit.c.obj                68     0         0      
       boot_cortex_m.c.obj           52     0         0      
       copy_zero_init.c.obj          28     0         0      
       copy_decompress_none.c.obj    14     0         0      
       exit.c.obj                    4      0         0      
       pre_init.c.obj                4      0         0      
    +--+-----------------------------+------+---------+---------+
       Total:                        430    0         0      
                                                             
       Stack:                        0      0         1024   
       Linker Generated:             0      42        0      
    +--+-----------------------------+------+---------+---------+
       Grand Total:                  2576   442       1036   


LINKER GENERATED COPY TABLES

__TI_cinit_table @ 00000bc0 records: 2, size/record: 8, table size: 16
	.bss: load addr=00000bb0, load size=00000008 bytes, run addr=20000000, run size=00000004 bytes, compression=zero_init
	.data: load addr=00000bb8, load size=00000006 bytes, run addr=20000004, run size=00000002 bytes, compression=lzss


LINKER GENERATED HANDLER TABLE

__TI_handler_table @ 00000ba0 records: 3, size/record: 4, table size: 12
	index: 0, handler: __TI_decompress_lzss
	index: 1, handler: __TI_decompress_none
	index: 2, handler: __TI_zero_init


GLOBAL SYMBOLS: SORTED ALPHABETICALLY BY Name 

address   name                                      
-------   ----                                      
00000af3  ADC14_IRQHandler                          
00000af3  AES256_IRQHandler                         
00000af3  BusFault_Handler                          
00000aef  C$$EXIT                                   
00000af3  COMP_E0_IRQHandler                        
00000af3  COMP_E1_IRQHandler                        
00000af3  CS_IRQHandler                             
00000af3  DMA_ERR_IRQHandler                        
00000af3  DMA_INT0_IRQHandler                       
00000af3  DMA_INT1_IRQHandler                       
00000af3  DMA_INT2_IRQHandler                       
00000af3  DMA_INT3_IRQHandler                       
00000af3  DebugMon_Handler                          
00000af3  Default_Handler                           
00000af3  EUSCIA0_IRQHandler                        
00000af3  EUSCIA1_IRQHandler                        
00000af3  EUSCIA2_IRQHandler                        
00000af3  EUSCIA3_IRQHandler                        
000006e5  EUSCIB0_IRQHandler                        
000006e5  EUSCIB0_IRQHandler                        
00000af3  EUSCIB1_IRQHandler                        
00000af3  EUSCIB2_IRQHandler                        
00000af3  EUSCIB3_IRQHandler                        
000009f5  EUSCI_A_SPI_clearInterruptFlag            
00000a59  EUSCI_A_SPI_enable                        
00000a29  EUSCI_A_SPI_getInterruptStatus            
00000ab1  EUSCI_A_SPI_receiveData                   
00000a6f  EUSCI_A_SPI_transmitData                  
00000a0f  EUSCI_B_SPI_clearInterruptFlag            
00000a85  EUSCI_B_SPI_enable                        
00000a41  EUSCI_B_SPI_getInterruptStatus            
00000ac1  EUSCI_B_SPI_receiveData                   
00000a9b  EUSCI_B_SPI_transmitData                  
00000af3  FLCTL_IRQHandler                          
00000af3  FPU_IRQHandler                            
0000078d  GPIO_setAsOutputPin                       
00000511  GPIO_setAsPeripheralModuleFunctionInputPin
00000871  GPIO_setOutputHighOnPin                   
00000899  GPIO_setOutputLowOnPin                    
000008c1  GPIO_toggleOutputOnPin                    
00000af3  HardFault_Handler                         
00000af3  MemManage_Handler                         
00000af3  NMI_Handler                               
00000af3  PCM_IRQHandler                            
00000af3  PORT1_IRQHandler                          
00000af3  PORT2_IRQHandler                          
00000af3  PORT3_IRQHandler                          
00000af3  PORT4_IRQHandler                          
00000af3  PORT5_IRQHandler                          
00000af3  PORT6_IRQHandler                          
00000af3  PSS_IRQHandler                            
00000af3  PendSV_Handler                            
00000af3  RTC_C_IRQHandler                          
00000adf  Reset_Handler                             
00000911  SPI_clearInterruptFlag                    
000009a1  SPI_enableModule                          
00000841  SPI_getEnabledInterruptStatus             
000008e9  SPI_getInterruptStatus                    
000003c5  SPI_initMaster                            
000009bd  SPI_receiveData                           
00000937  SPI_transmitData                          
00000af3  SVC_Handler                               
00000981  SysTick_Handler                           
00000981  SysTick_Handler                           
00000599  SystemInit                                
00000af3  T32_INT1_IRQHandler                       
00000af3  T32_INT2_IRQHandler                       
00000af3  T32_INTC_IRQHandler                       
00000af3  TA0_0_IRQHandler                          
00000af3  TA0_N_IRQHandler                          
00000af3  TA1_0_IRQHandler                          
00000af3  TA1_N_IRQHandler                          
00000af3  TA2_0_IRQHandler                          
00000af3  TA2_N_IRQHandler                          
00000af3  TA3_0_IRQHandler                          
00000af3  TA3_N_IRQHandler                          
00000af3  UsageFault_Handler                        
4000480c  WDTCTL_SYM                                
00000af3  WDT_A_IRQHandler                          
0000095d  WDT_A_holdTimer                           
20010000  __STACK_END                               
00000200  __STACK_SIZE                              
00000bc0  __TI_CINIT_Base                           
00000bd0  __TI_CINIT_Limit                          
00000ba0  __TI_Handler_Table_Base                   
00000bac  __TI_Handler_Table_Limit                  
00000749  __TI_auto_init_nobinit_nopinit            
0000067d  __TI_decompress_lzss                      
00000ad1  __TI_decompress_none                      
ffffffff  __TI_pprof_out_hndl                       
ffffffff  __TI_prof_data_size                       
ffffffff  __TI_prof_data_start                      
00000000  __TI_static_base__                        
000009d9  __TI_zero_init_nomemset                   
00000475  __aeabi_memcpy                            
00000475  __aeabi_memcpy4                           
00000475  __aeabi_memcpy8                           
ffffffff  __binit__                                 
ffffffff  __c_args__                                
UNDEFED   __mpu_init                                
2000fe00  __stack                                   
20000000  __start___llvm_prf_cnts                   
20000000  __stop___llvm_prf_cnts                    
0000080d  _c_int00_noargs                           
UNDEFED   _system_post_cinit                        
00000aeb  _system_pre_init                          
00000aef  abort                                     
ffffffff  binit                                     
00000000  interruptVectors                          
000000e5  main                                      
00000475  memcpy                                    
00000611  send16BitData                             
00000b84  spiMasterConfig                           
20000000  uwTick                                    


GLOBAL SYMBOLS: SORTED BY Symbol Address 

address   name                                      
-------   ----                                      
00000000  __TI_static_base__                        
00000000  interruptVectors                          
000000e5  main                                      
00000200  __STACK_SIZE                              
000003c5  SPI_initMaster                            
00000475  __aeabi_memcpy                            
00000475  __aeabi_memcpy4                           
00000475  __aeabi_memcpy8                           
00000475  memcpy                                    
00000511  GPIO_setAsPeripheralModuleFunctionInputPin
00000599  SystemInit                                
00000611  send16BitData                             
0000067d  __TI_decompress_lzss                      
000006e5  EUSCIB0_IRQHandler                        
000006e5  EUSCIB0_IRQHandler                        
00000749  __TI_auto_init_nobinit_nopinit            
0000078d  GPIO_setAsOutputPin                       
0000080d  _c_int00_noargs                           
00000841  SPI_getEnabledInterruptStatus             
00000871  GPIO_setOutputHighOnPin                   
00000899  GPIO_setOutputLowOnPin                    
000008c1  GPIO_toggleOutputOnPin                    
000008e9  SPI_getInterruptStatus                    
00000911  SPI_clearInterruptFlag                    
00000937  SPI_transmitData                          
0000095d  WDT_A_holdTimer                           
00000981  SysTick_Handler                           
00000981  SysTick_Handler                           
000009a1  SPI_enableModule                          
000009bd  SPI_receiveData                           
000009d9  __TI_zero_init_nomemset                   
000009f5  EUSCI_A_SPI_clearInterruptFlag            
00000a0f  EUSCI_B_SPI_clearInterruptFlag            
00000a29  EUSCI_A_SPI_getInterruptStatus            
00000a41  EUSCI_B_SPI_getInterruptStatus            
00000a59  EUSCI_A_SPI_enable                        
00000a6f  EUSCI_A_SPI_transmitData                  
00000a85  EUSCI_B_SPI_enable                        
00000a9b  EUSCI_B_SPI_transmitData                  
00000ab1  EUSCI_A_SPI_receiveData                   
00000ac1  EUSCI_B_SPI_receiveData                   
00000ad1  __TI_decompress_none                      
00000adf  Reset_Handler                             
00000aeb  _system_pre_init                          
00000aef  C$$EXIT                                   
00000aef  abort                                     
00000af3  ADC14_IRQHandler                          
00000af3  AES256_IRQHandler                         
00000af3  BusFault_Handler                          
00000af3  COMP_E0_IRQHandler                        
00000af3  COMP_E1_IRQHandler                        
00000af3  CS_IRQHandler                             
00000af3  DMA_ERR_IRQHandler                        
00000af3  DMA_INT0_IRQHandler                       
00000af3  DMA_INT1_IRQHandler                       
00000af3  DMA_INT2_IRQHandler                       
00000af3  DMA_INT3_IRQHandler                       
00000af3  DebugMon_Handler                          
00000af3  Default_Handler                           
00000af3  EUSCIA0_IRQHandler                        
00000af3  EUSCIA1_IRQHandler                        
00000af3  EUSCIA2_IRQHandler                        
00000af3  EUSCIA3_IRQHandler                        
00000af3  EUSCIB1_IRQHandler                        
00000af3  EUSCIB2_IRQHandler                        
00000af3  EUSCIB3_IRQHandler                        
00000af3  FLCTL_IRQHandler                          
00000af3  FPU_IRQHandler                            
00000af3  HardFault_Handler                         
00000af3  MemManage_Handler                         
00000af3  NMI_Handler                               
00000af3  PCM_IRQHandler                            
00000af3  PORT1_IRQHandler                          
00000af3  PORT2_IRQHandler                          
00000af3  PORT3_IRQHandler                          
00000af3  PORT4_IRQHandler                          
00000af3  PORT5_IRQHandler                          
00000af3  PORT6_IRQHandler                          
00000af3  PSS_IRQHandler                            
00000af3  PendSV_Handler                            
00000af3  RTC_C_IRQHandler                          
00000af3  SVC_Handler                               
00000af3  T32_INT1_IRQHandler                       
00000af3  T32_INT2_IRQHandler                       
00000af3  T32_INTC_IRQHandler                       
00000af3  TA0_0_IRQHandler                          
00000af3  TA0_N_IRQHandler                          
00000af3  TA1_0_IRQHandler                          
00000af3  TA1_N_IRQHandler                          
00000af3  TA2_0_IRQHandler                          
00000af3  TA2_N_IRQHandler                          
00000af3  TA3_0_IRQHandler                          
00000af3  TA3_N_IRQHandler                          
00000af3  UsageFault_Handler                        
00000af3  WDT_A_IRQHandler                          
00000b84  spiMasterConfig                           
00000ba0  __TI_Handler_Table_Base                   
00000bac  __TI_Handler_Table_Limit                  
00000bc0  __TI_CINIT_Base                           
00000bd0  __TI_CINIT_Limit                          
20000000  __start___llvm_prf_cnts                   
20000000  __stop___llvm_prf_cnts                    
20000000  uwTick                                    
2000fe00  __stack                                   
20010000  __STACK_END                               
4000480c  WDTCTL_SYM                                
ffffffff  __TI_pprof_out_hndl                       
ffffffff  __TI_prof_data_size                       
ffffffff  __TI_prof_data_start                      
ffffffff  __binit__                                 
ffffffff  __c_args__                                
ffffffff  binit                                     
UNDEFED   __mpu_init                                
UNDEFED   _system_post_cinit                        

[114 symbols]
