******************************************************************************
                  TI ARM Linker PC v20.2.4                     
******************************************************************************
>> Linked Wed Jan 20 17:38:39 2021

OUTPUT FILE NAME:   <[not done]i2c_mpu6051.out>
ENTRY POINT SYMBOL: "_c_int00_noinit_noargs"  address: 00000555


MEMORY CONFIGURATION

         name            origin    length      used     unused   attr    fill
----------------------  --------  ---------  --------  --------  ----  --------
  MAIN                  00000000   00040000  00000650  0003f9b0  R  X
  INFO                  00200000   00004000  00000000  00004000  R  X
  SRAM_CODE             01000000   00010000  00000200  0000fe00  RW X
  SRAM_DATA             20000000   00010000  00000200  0000fe00  RW  


SEGMENT ALLOCATION MAP

run origin  load origin   length   init length attrs members
----------  ----------- ---------- ----------- ----- -------
00000000    00000000    00000650   00000650    r-x
  00000000    00000000    000000e4   000000e4    r-- .intvecs
  000000e4    000000e4    00000528   00000528    r-x .text
  0000060c    0000060c    00000044   00000044    r-- .const
2000fe00    2000fe00    00000200   00000000    rw-
  2000fe00    2000fe00    00000200   00000000    rw- .stack


SECTION ALLOCATION MAP

 output                                  attributes/
section   page    origin      length       input sections
--------  ----  ----------  ----------   ----------------
.intvecs   0    00000000    000000e4     
                  00000000    000000e4     startup_msp432p401r_ccs.obj (.intvecs:retain)

.text      0    000000e4    00000528     
                  000000e4    0000011c     msp432p4xx_driverlib.lib : uart.o (.text:UART_initModule)
                  00000200    00000098                              : i2c.o (.text:I2C_masterSendSingleByteWithTimeout)
                  00000298    00000088                              : gpio.o (.text:GPIO_setAsPeripheralModuleFunctionInputPin)
                  00000320    00000080     main.obj (.text:main)
                  000003a0    00000078     system_msp432p401r.obj (.text:SystemInit)
                  00000418    00000062     msp432p4xx_driverlib.lib : i2c.o (.text:I2C_initMaster)
                  0000047a    00000002     startup_msp432p401r_ccs.obj (.text:Default_Handler)
                  0000047c    00000040     main.obj (.text:config_uart)
                  000004bc    00000034     msp432p4xx_driverlib.lib : cs.o (.text:CS_setDCOCenteredFrequency)
                  000004f0    00000034                              : uart.o (.text:UART_transmitData)
                  00000524    00000030     main.obj (.text:print_uart)
                  00000554    0000002c     rtsv7M4_T_le_v4SPD16_eabi.lib : boot_cortex_m.c.obj (.text:_c_int00_noinit_noargs:_c_int00_noinit_noargs)
                  00000580    00000024     msp432p4xx_driverlib.lib : wdt_a.o (.text:WDT_A_holdTimer)
                  000005a4    00000016                              : i2c.o (.text:I2C_enableModule)
                  000005ba    00000016                              : uart.o (.text:UART_enableModule)
                  000005d0    00000014                              : i2c.o (.text:I2C_setSlaveAddress)
                  000005e4    00000014     rtsv7M4_T_le_v4SPD16_eabi.lib : strlen.c.obj (.text:strlen)
                  000005f8    0000000c     startup_msp432p401r_ccs.obj (.text:Reset_Handler)
                  00000604    00000004     rtsv7M4_T_le_v4SPD16_eabi.lib : pre_init.c.obj (.text:_system_pre_init)
                  00000608    00000004                                   : exit.c.obj (.text:abort:abort)

.const     0    0000060c    00000044     
                  0000060c    00000030     msp432p4xx_driverlib.lib : gpio.o (.const:GPIO_PORT_TO_BASE)
                  0000063c    00000014     main.obj (.const:i2cConfig)

.cinit     0    00000000    00000000     UNINITIALIZED

.init_array 
*          0    00000000    00000000     UNINITIALIZED

.binit     0    00000000    00000000     

.stack     0    2000fe00    00000200     UNINITIALIZED
                  2000fe00    00000004     rtsv7M4_T_le_v4SPD16_eabi.lib : boot_cortex_m.c.obj (.stack)
                  2000fe04    000001fc     --HOLE--

__llvm_prf_cnts 
*          0    20000000    00000000     UNINITIALIZED

MODULE SUMMARY

       Module                        code   ro data   rw data
       ------                        ----   -------   -------
    .\
       main.obj                      240    20        0      
       system_msp432p401r.obj        120    0         0      
    +--+-----------------------------+------+---------+---------+
       Total:                        360    20        0      
                                                             
    .\ccs\
       startup_msp432p401r_ccs.obj   14     228       0      
    +--+-----------------------------+------+---------+---------+
       Total:                        14     228       0      
                                                             
    C:/ti/simplelink_msp432p4_sdk_3_40_01_02/source/ti/devices/msp432p4xx/driverlib/ccs/msp432p4xx_driverlib.lib
       uart.o                        358    0         0      
       i2c.o                         292    0         0      
       gpio.o                        136    48        0      
       cs.o                          52     0         0      
       wdt_a.o                       36     0         0      
    +--+-----------------------------+------+---------+---------+
       Total:                        874    48        0      
                                                             
    C:\ti\ccs1011\ccs\tools\compiler\ti-cgt-arm_20.2.4.LTS\lib\rtsv7M4_T_le_v4SPD16_eabi.lib
       boot_cortex_m.c.obj           44     0         0      
       strlen.c.obj                  20     0         0      
       exit.c.obj                    4      0         0      
       pre_init.c.obj                4      0         0      
    +--+-----------------------------+------+---------+---------+
       Total:                        72     0         0      
                                                             
       Stack:                        0      0         1024   
    +--+-----------------------------+------+---------+---------+
       Grand Total:                  1320   296       1024   


GLOBAL SYMBOLS: SORTED ALPHABETICALLY BY Name 

address   name                                      
-------   ----                                      
0000047b  ADC14_IRQHandler                          
0000047b  AES256_IRQHandler                         
0000047b  BusFault_Handler                          
00000609  C$$EXIT                                   
0000047b  COMP_E0_IRQHandler                        
0000047b  COMP_E1_IRQHandler                        
0000047b  CS_IRQHandler                             
000004bd  CS_setDCOCenteredFrequency                
0000047b  DMA_ERR_IRQHandler                        
0000047b  DMA_INT0_IRQHandler                       
0000047b  DMA_INT1_IRQHandler                       
0000047b  DMA_INT2_IRQHandler                       
0000047b  DMA_INT3_IRQHandler                       
0000047b  DebugMon_Handler                          
0000047b  Default_Handler                           
0000047b  EUSCIA0_IRQHandler                        
0000047b  EUSCIA1_IRQHandler                        
0000047b  EUSCIA2_IRQHandler                        
0000047b  EUSCIA3_IRQHandler                        
0000047b  EUSCIB0_IRQHandler                        
0000047b  EUSCIB1_IRQHandler                        
0000047b  EUSCIB2_IRQHandler                        
0000047b  EUSCIB3_IRQHandler                        
0000047b  FLCTL_IRQHandler                          
0000047b  FPU_IRQHandler                            
00000299  GPIO_setAsPeripheralModuleFunctionInputPin
0000047b  HardFault_Handler                         
000005a5  I2C_enableModule                          
00000419  I2C_initMaster                            
00000201  I2C_masterSendSingleByteWithTimeout       
000005d1  I2C_setSlaveAddress                       
0000047b  MemManage_Handler                         
0000047b  NMI_Handler                               
0000047b  PCM_IRQHandler                            
0000047b  PORT1_IRQHandler                          
0000047b  PORT2_IRQHandler                          
0000047b  PORT3_IRQHandler                          
0000047b  PORT4_IRQHandler                          
0000047b  PORT5_IRQHandler                          
0000047b  PORT6_IRQHandler                          
0000047b  PSS_IRQHandler                            
0000047b  PendSV_Handler                            
0000047b  RTC_C_IRQHandler                          
000005f9  Reset_Handler                             
0000047b  SVC_Handler                               
0000047b  SysTick_Handler                           
000003a1  SystemInit                                
0000047b  T32_INT1_IRQHandler                       
0000047b  T32_INT2_IRQHandler                       
0000047b  T32_INTC_IRQHandler                       
0000047b  TA0_0_IRQHandler                          
0000047b  TA0_N_IRQHandler                          
0000047b  TA1_0_IRQHandler                          
0000047b  TA1_N_IRQHandler                          
0000047b  TA2_0_IRQHandler                          
0000047b  TA2_N_IRQHandler                          
0000047b  TA3_0_IRQHandler                          
0000047b  TA3_N_IRQHandler                          
000005bb  UART_enableModule                         
000000e5  UART_initModule                           
000004f1  UART_transmitData                         
0000047b  UsageFault_Handler                        
4000480c  WDTCTL_SYM                                
0000047b  WDT_A_IRQHandler                          
00000581  WDT_A_holdTimer                           
20010000  __STACK_END                               
00000200  __STACK_SIZE                              
ffffffff  __TI_pprof_out_hndl                       
ffffffff  __TI_prof_data_size                       
ffffffff  __TI_prof_data_start                      
00000000  __TI_static_base__                        
ffffffff  __binit__                                 
ffffffff  __c_args__                                
UNDEFED   __mpu_init                                
2000fe00  __stack                                   
20000000  __start___llvm_prf_cnts                   
20000000  __stop___llvm_prf_cnts                    
00000555  _c_int00_noinit_noargs                    
00000605  _system_pre_init                          
00000609  abort                                     
ffffffff  binit                                     
0000063c  i2cConfig                                 
00000000  interruptVectors                          
00000321  main                                      
000005e5  strlen                                    


GLOBAL SYMBOLS: SORTED BY Symbol Address 

address   name                                      
-------   ----                                      
00000000  __TI_static_base__                        
00000000  interruptVectors                          
000000e5  UART_initModule                           
00000200  __STACK_SIZE                              
00000201  I2C_masterSendSingleByteWithTimeout       
00000299  GPIO_setAsPeripheralModuleFunctionInputPin
00000321  main                                      
000003a1  SystemInit                                
00000419  I2C_initMaster                            
0000047b  ADC14_IRQHandler                          
0000047b  AES256_IRQHandler                         
0000047b  BusFault_Handler                          
0000047b  COMP_E0_IRQHandler                        
0000047b  COMP_E1_IRQHandler                        
0000047b  CS_IRQHandler                             
0000047b  DMA_ERR_IRQHandler                        
0000047b  DMA_INT0_IRQHandler                       
0000047b  DMA_INT1_IRQHandler                       
0000047b  DMA_INT2_IRQHandler                       
0000047b  DMA_INT3_IRQHandler                       
0000047b  DebugMon_Handler                          
0000047b  Default_Handler                           
0000047b  EUSCIA0_IRQHandler                        
0000047b  EUSCIA1_IRQHandler                        
0000047b  EUSCIA2_IRQHandler                        
0000047b  EUSCIA3_IRQHandler                        
0000047b  EUSCIB0_IRQHandler                        
0000047b  EUSCIB1_IRQHandler                        
0000047b  EUSCIB2_IRQHandler                        
0000047b  EUSCIB3_IRQHandler                        
0000047b  FLCTL_IRQHandler                          
0000047b  FPU_IRQHandler                            
0000047b  HardFault_Handler                         
0000047b  MemManage_Handler                         
0000047b  NMI_Handler                               
0000047b  PCM_IRQHandler                            
0000047b  PORT1_IRQHandler                          
0000047b  PORT2_IRQHandler                          
0000047b  PORT3_IRQHandler                          
0000047b  PORT4_IRQHandler                          
0000047b  PORT5_IRQHandler                          
0000047b  PORT6_IRQHandler                          
0000047b  PSS_IRQHandler                            
0000047b  PendSV_Handler                            
0000047b  RTC_C_IRQHandler                          
0000047b  SVC_Handler                               
0000047b  SysTick_Handler                           
0000047b  T32_INT1_IRQHandler                       
0000047b  T32_INT2_IRQHandler                       
0000047b  T32_INTC_IRQHandler                       
0000047b  TA0_0_IRQHandler                          
0000047b  TA0_N_IRQHandler                          
0000047b  TA1_0_IRQHandler                          
0000047b  TA1_N_IRQHandler                          
0000047b  TA2_0_IRQHandler                          
0000047b  TA2_N_IRQHandler                          
0000047b  TA3_0_IRQHandler                          
0000047b  TA3_N_IRQHandler                          
0000047b  UsageFault_Handler                        
0000047b  WDT_A_IRQHandler                          
000004bd  CS_setDCOCenteredFrequency                
000004f1  UART_transmitData                         
00000555  _c_int00_noinit_noargs                    
00000581  WDT_A_holdTimer                           
000005a5  I2C_enableModule                          
000005bb  UART_enableModule                         
000005d1  I2C_setSlaveAddress                       
000005e5  strlen                                    
000005f9  Reset_Handler                             
00000605  _system_pre_init                          
00000609  C$$EXIT                                   
00000609  abort                                     
0000063c  i2cConfig                                 
20000000  __start___llvm_prf_cnts                   
20000000  __stop___llvm_prf_cnts                    
2000fe00  __stack                                   
20010000  __STACK_END                               
4000480c  WDTCTL_SYM                                
ffffffff  __TI_pprof_out_hndl                       
ffffffff  __TI_prof_data_size                       
ffffffff  __TI_prof_data_start                      
ffffffff  __binit__                                 
ffffffff  __c_args__                                
ffffffff  binit                                     
UNDEFED   __mpu_init                                

[85 symbols]
