******************************************************************************
                  TI ARM Linker PC v20.2.4                     
******************************************************************************
>> Linked Mon Jan 25 17:06:08 2021

OUTPUT FILE NAME:   <[not done]i2c_mpu6050.out>
ENTRY POINT SYMBOL: "_c_int00_noargs"  address: 00002669


MEMORY CONFIGURATION

         name            origin    length      used     unused   attr    fill
----------------------  --------  ---------  --------  --------  ----  --------
  MAIN                  00000000   00040000  000029ec  0003d614  R  X
  INFO                  00200000   00004000  00000000  00004000  R  X
  SRAM_CODE             01000000   00010000  00000204  0000fdfc  RW X
  SRAM_DATA             20000000   00010000  00000204  0000fdfc  RW  


SEGMENT ALLOCATION MAP

run origin  load origin   length   init length attrs members
----------  ----------- ---------- ----------- ----- -------
00000000    00000000    000029f0   000029f0    r-x
  00000000    00000000    000000e4   000000e4    r-- .intvecs
  000000e4    000000e4    00002780   00002780    r-x .text
  00002864    00002864    00000170   00000170    r-- .const
  000029d8    000029d8    00000018   00000018    r-- .cinit
20000000    20000000    00000004   00000000    rw-
  20000000    20000000    00000004   00000000    rw- .data
2000fe00    2000fe00    00000200   00000000    rw-
  2000fe00    2000fe00    00000200   00000000    rw- .stack


SECTION ALLOCATION MAP

 output                                  attributes/
section   page    origin      length       input sections
--------  ----  ----------  ----------   ----------------
.intvecs   0    00000000    000000e4     
                  00000000    000000e4     startup_msp432p401r_ccs.obj (.intvecs:retain)

.text      0    000000e4    00002780     
                  000000e4    00000a4e     rtsv7M4_T_le_v4SPD16_eabi.lib : _printfi.c.obj (.text:__TI_printfi)
                  00000b32    00000002     startup_msp432p401r_ccs.obj (.text:Default_Handler)
                  00000b34    0000028c     main.obj (.text:main)
                  00000dc0    00000270     rtsv7M4_T_le_v4SPD16_eabi.lib : _printfi.c.obj (.text:_pconv_a)
                  00001030    000001d0                                   : _printfi.c.obj (.text:_pconv_g)
                  00001200    000001b6                                   : fd_add_t2.asm.obj (.text)
                  000013b6    00000002                                   : div0.asm.obj (.text)
                  000013b8    0000013c                                   : _printfi.c.obj (.text:_pconv_e)
                  000014f4    00000136                                   : fd_div_t2.asm.obj (.text)
                  0000162a    00000002     --HOLE-- [fill = 0]
                  0000162c    00000124                                   : _printfi.c.obj (.text:fcvt)
                  00001750    0000011c     msp432p4xx_driverlib.lib : uart.o (.text:UART_initModule)
                  0000186c    00000110     rtsv7M4_T_le_v4SPD16_eabi.lib : s_scalbn.c.obj (.text:scalbn)
                  0000197c    000000fc                                   : fd_mul_t2.asm.obj (.text)
                  00001a78    000000d4     main.obj (.text:MPU6050_Begin)
                  00001b4c    000000b1     rtsv7M4_T_le_v4SPD16_eabi.lib : _printfi.c.obj (.text:_ltostr)
                  00001bfd    00000001     --HOLE-- [fill = 0]
                  00001bfe    0000009c                                   : memcpy_t2.asm.obj (.text)
                  00001c9a    00000002     --HOLE-- [fill = 0]
                  00001c9c    00000098     msp432p4xx_driverlib.lib : i2c.o (.text:I2C_masterSendSingleByteWithTimeout)
                  00001d34    00000096     rtsv7M4_T_le_v4SPD16_eabi.lib : ull_div_t2.asm.obj (.text)
                  00001dca    00000002     --HOLE-- [fill = 0]
                  00001dcc    00000088     msp432p4xx_driverlib.lib : gpio.o (.text:GPIO_setAsPeripheralModuleFunctionInputPin)
                  00001e54    00000086     rtsv7M4_T_le_v4SPD16_eabi.lib : fd_cmp_t2.asm.obj (.text:__aeabi_cdcmple)
                  00001eda    00000086                                   : fd_cmp_t2.asm.obj (.text:__aeabi_cdrcmple)
                  00001f60    0000007a                                   : memset_t2.asm.obj (.text)
                  00001fda    00000002     --HOLE-- [fill = 0]
                  00001fdc    00000078     system_msp432p401r.obj (.text:SystemInit)
                  00002054    0000006e     rtsv7M4_T_le_v4SPD16_eabi.lib : _printfi.c.obj (.text:_mcpy)
                  000020c2    0000006e                                   : fd_tos_t2.asm.obj (.text)
                  00002130    0000006c     msp432p4xx_driverlib.lib : i2c.o (.text:I2C_masterSendMultiByteFinish)
                  0000219c    00000068                              : i2c.o (.text:I2C_masterSendMultiByteStart)
                  00002204    00000068     rtsv7M4_T_le_v4SPD16_eabi.lib : copy_decompress_lzss.c.obj (.text:decompress:lzss:__TI_decompress_lzss)
                  0000226c    00000064                                   : s_frexp.c.obj (.text:frexp)
                  000022d0    00000062     msp432p4xx_driverlib.lib : i2c.o (.text:I2C_initMaster)
                  00002332    00000056     rtsv7M4_T_le_v4SPD16_eabi.lib : _printfi.c.obj (.text:_pconv_f)
                  00002388    00000054                                   : _ltoa.c.obj (.text:__TI_ltoa)
                  000023dc    00000052                                   : _printfi.c.obj (.text:_ecpy)
                  0000242e    00000002     --HOLE-- [fill = 0]
                  00002430    0000004c                                   : atoi.c.obj (.text:atoi)
                  0000247c    00000048                                   : fd_toi_t2.asm.obj (.text)
                  000024c4    00000044                                   : autoinit.c.obj (.text:__TI_auto_init_nobinit_nopinit:__TI_auto_init_nobinit_nopinit)
                  00002508    00000040     msp432p4xx_driverlib.lib : i2c.o (.text:I2C_masterReceiveMultiByteFinish)
                  00002548    00000040     rtsv7M4_T_le_v4SPD16_eabi.lib : sprintf.c.obj (.text:sprintf)
                  00002588    0000003e                                   : _printfi.c.obj (.text:_fcpy)
                  000025c6    00000038                                   : fs_tod_t2.asm.obj (.text)
                  000025fe    00000002     --HOLE-- [fill = 0]
                  00002600    00000034     msp432p4xx_driverlib.lib : cs.o (.text:CS_setDCOCenteredFrequency)
                  00002634    00000034                              : uart.o (.text:UART_transmitData)
                  00002668    00000034     rtsv7M4_T_le_v4SPD16_eabi.lib : boot_cortex_m.c.obj (.text:_c_int00_noargs:_c_int00_noargs)
                  0000269c    00000030     main.obj (.text:print_uart)
                  000026cc    0000002e     rtsv7M4_T_le_v4SPD16_eabi.lib : i_tofd_t2.asm.obj (.text)
                  000026fa    00000002     --HOLE-- [fill = 0]
                  000026fc    00000024     msp432p4xx_driverlib.lib : wdt_a.o (.text:WDT_A_holdTimer)
                  00002720    0000001c     rtsv7M4_T_le_v4SPD16_eabi.lib : memccpy.c.obj (.text:memccpy)
                  0000273c    0000001a     msp432p4xx_driverlib.lib : i2c.o (.text:I2C_masterReceiveStart)
                  00002756    0000001a     rtsv7M4_T_le_v4SPD16_eabi.lib : s_copysign.c.obj (.text:copysign)
                  00002770    00000018     msp432p4xx_driverlib.lib : i2c.o (.text:I2C_masterIsStopSent)
                  00002788    00000018     rtsv7M4_T_le_v4SPD16_eabi.lib : sprintf.c.obj (.text:_outs)
                  000027a0    00000016     msp432p4xx_driverlib.lib : i2c.o (.text:I2C_enableModule)
                  000027b6    00000016                              : uart.o (.text:UART_enableModule)
                  000027cc    00000016     rtsv7M4_T_le_v4SPD16_eabi.lib : strchr.c.obj (.text:strchr)
                  000027e2    00000014     msp432p4xx_driverlib.lib : i2c.o (.text:I2C_masterReceiveMultiByteNext)
                  000027f6    00000014                              : i2c.o (.text:I2C_setSlaveAddress)
                  0000280a    00000014     rtsv7M4_T_le_v4SPD16_eabi.lib : strlen.c.obj (.text:strlen)
                  0000281e    00000012                                   : wcslen.c.obj (.text:wcslen)
                  00002830    0000000e                                   : copy_decompress_none.c.obj (.text:decompress:none:__TI_decompress_none)
                  0000283e    0000000c     startup_msp432p401r_ccs.obj (.text:Reset_Handler)
                  0000284a    0000000a     rtsv7M4_T_le_v4SPD16_eabi.lib : sprintf.c.obj (.text:_outc)
                  00002854    00000008                                   : errno.c.obj (.text:__aeabi_errno_addr)
                  0000285c    00000004                                   : pre_init.c.obj (.text:_system_pre_init)
                  00002860    00000004                                   : exit.c.obj (.text:abort:abort)

.const     0    00002864    00000170     
                  00002864    00000101     rtsv7M4_T_le_v4SPD16_eabi.lib : ctype.c.obj (.const:.string:_ctypes_)
                  00002965    00000003     --HOLE-- [fill = 0]
                  00002968    00000030     msp432p4xx_driverlib.lib : gpio.o (.const:GPIO_PORT_TO_BASE)
                  00002998    00000028     main.obj (.const:uartConfig)
                  000029c0    00000014     main.obj (.const:i2cConfig)

.cinit     0    000029d8    00000018     
                  000029d8    00000008     (__TI_handler_table)
                  000029e0    00000007     (.cinit..data.load) [load image, compression = lzss]
                  000029e7    00000001     --HOLE-- [fill = 0]
                  000029e8    00000008     (__TI_cinit_table)

.init_array 
*          0    00000000    00000000     UNINITIALIZED

.binit     0    00000000    00000000     

.data      0    20000000    00000004     UNINITIALIZED
                  20000000    00000004     rtsv7M4_T_le_v4SPD16_eabi.lib : errno.c.obj (.data)

.stack     0    2000fe00    00000200     UNINITIALIZED
                  2000fe00    00000004     rtsv7M4_T_le_v4SPD16_eabi.lib : boot_cortex_m.c.obj (.stack)
                  2000fe04    000001fc     --HOLE--

__llvm_prf_cnts 
*          0    20000000    00000000     UNINITIALIZED

MODULE SUMMARY

       Module                        code    ro data   rw data
       ------                        ----    -------   -------
    .\
       main.obj                      912     60        0      
       system_msp432p401r.obj        120     0         0      
    +--+-----------------------------+-------+---------+---------+
       Total:                        1032    60        0      
                                                              
    .\ccs\
       startup_msp432p401r_ccs.obj   14      228       0      
    +--+-----------------------------+-------+---------+---------+
       Total:                        14      228       0      
                                                              
    C:/ti/simplelink_msp432p4_sdk_3_40_01_02/source/ti/devices/msp432p4xx/driverlib/ccs/msp432p4xx_driverlib.lib
       i2c.o                         638     0         0      
       uart.o                        358     0         0      
       gpio.o                        136     48        0      
       cs.o                          52      0         0      
       wdt_a.o                       36      0         0      
    +--+-----------------------------+-------+---------+---------+
       Total:                        1220    48        0      
                                                              
    C:\ti\ccs1011\ccs\tools\compiler\ti-cgt-arm_20.2.4.LTS\lib\rtsv7M4_T_le_v4SPD16_eabi.lib
       _printfi.c.obj                4851    0         0      
       fd_add_t2.asm.obj             438     0         0      
       fd_div_t2.asm.obj             310     0         0      
       s_scalbn.c.obj                272     0         0      
       fd_cmp_t2.asm.obj             268     0         0      
       ctype.c.obj                   0       257       0      
       fd_mul_t2.asm.obj             252     0         0      
       memcpy_t2.asm.obj             156     0         0      
       ull_div_t2.asm.obj            150     0         0      
       memset_t2.asm.obj             122     0         0      
       fd_tos_t2.asm.obj             110     0         0      
       copy_decompress_lzss.c.obj    104     0         0      
       s_frexp.c.obj                 100     0         0      
       sprintf.c.obj                 98      0         0      
       _ltoa.c.obj                   84      0         0      
       atoi.c.obj                    76      0         0      
       fd_toi_t2.asm.obj             72      0         0      
       autoinit.c.obj                68      0         0      
       fs_tod_t2.asm.obj             56      0         0      
       boot_cortex_m.c.obj           52      0         0      
       i_tofd_t2.asm.obj             46      0         0      
       memccpy.c.obj                 28      0         0      
       s_copysign.c.obj              26      0         0      
       strchr.c.obj                  22      0         0      
       strlen.c.obj                  20      0         0      
       wcslen.c.obj                  18      0         0      
       errno.c.obj                   8       0         8      
       copy_decompress_none.c.obj    14      0         0      
       exit.c.obj                    4       0         0      
       pre_init.c.obj                4       0         0      
       div0.asm.obj                  2       0         0      
    +--+-----------------------------+-------+---------+---------+
       Total:                        7831    257       8      
                                                              
       Stack:                        0       0         1024   
       Linker Generated:             0       23        0      
    +--+-----------------------------+-------+---------+---------+
       Grand Total:                  10097   616       1032   


LINKER GENERATED COPY TABLES

__TI_cinit_table @ 000029e8 records: 1, size/record: 8, table size: 8
	.data: load addr=000029e0, load size=00000007 bytes, run addr=20000000, run size=00000004 bytes, compression=lzss


LINKER GENERATED HANDLER TABLE

__TI_handler_table @ 000029d8 records: 2, size/record: 4, table size: 8
	index: 0, handler: __TI_decompress_lzss
	index: 1, handler: __TI_decompress_none


GLOBAL SYMBOLS: SORTED ALPHABETICALLY BY Name 

address   name                                      
-------   ----                                      
00000b33  ADC14_IRQHandler                          
00000b33  AES256_IRQHandler                         
00000b33  BusFault_Handler                          
00002861  C$$EXIT                                   
00000b33  COMP_E0_IRQHandler                        
00000b33  COMP_E1_IRQHandler                        
00000b33  CS_IRQHandler                             
00002601  CS_setDCOCenteredFrequency                
00000b33  DMA_ERR_IRQHandler                        
00000b33  DMA_INT0_IRQHandler                       
00000b33  DMA_INT1_IRQHandler                       
00000b33  DMA_INT2_IRQHandler                       
00000b33  DMA_INT3_IRQHandler                       
00000b33  DebugMon_Handler                          
00000b33  Default_Handler                           
00000b33  EUSCIA0_IRQHandler                        
00000b33  EUSCIA1_IRQHandler                        
00000b33  EUSCIA2_IRQHandler                        
00000b33  EUSCIA3_IRQHandler                        
00000b33  EUSCIB0_IRQHandler                        
00000b33  EUSCIB1_IRQHandler                        
00000b33  EUSCIB2_IRQHandler                        
00000b33  EUSCIB3_IRQHandler                        
00000b33  FLCTL_IRQHandler                          
00000b33  FPU_IRQHandler                            
00001dcd  GPIO_setAsPeripheralModuleFunctionInputPin
00000b33  HardFault_Handler                         
000027a1  I2C_enableModule                          
000022d1  I2C_initMaster                            
00002771  I2C_masterIsStopSent                      
00002509  I2C_masterReceiveMultiByteFinish          
000027e3  I2C_masterReceiveMultiByteNext            
0000273d  I2C_masterReceiveStart                    
00002131  I2C_masterSendMultiByteFinish             
0000219d  I2C_masterSendMultiByteStart              
00001c9d  I2C_masterSendSingleByteWithTimeout       
000027f7  I2C_setSlaveAddress                       
00000b33  MemManage_Handler                         
00000b33  NMI_Handler                               
00000b33  PCM_IRQHandler                            
00000b33  PORT1_IRQHandler                          
00000b33  PORT2_IRQHandler                          
00000b33  PORT3_IRQHandler                          
00000b33  PORT4_IRQHandler                          
00000b33  PORT5_IRQHandler                          
00000b33  PORT6_IRQHandler                          
00000b33  PSS_IRQHandler                            
00000b33  PendSV_Handler                            
00000b33  RTC_C_IRQHandler                          
0000283f  Reset_Handler                             
00000b33  SVC_Handler                               
00000b33  SysTick_Handler                           
00001fdd  SystemInit                                
00000b33  T32_INT1_IRQHandler                       
00000b33  T32_INT2_IRQHandler                       
00000b33  T32_INTC_IRQHandler                       
00000b33  TA0_0_IRQHandler                          
00000b33  TA0_N_IRQHandler                          
00000b33  TA1_0_IRQHandler                          
00000b33  TA1_N_IRQHandler                          
00000b33  TA2_0_IRQHandler                          
00000b33  TA2_N_IRQHandler                          
00000b33  TA3_0_IRQHandler                          
00000b33  TA3_N_IRQHandler                          
000027b7  UART_enableModule                         
00001751  UART_initModule                           
00002635  UART_transmitData                         
00000b33  UsageFault_Handler                        
4000480c  WDTCTL_SYM                                
00000b33  WDT_A_IRQHandler                          
000026fd  WDT_A_holdTimer                           
20010000  __STACK_END                               
00000200  __STACK_SIZE                              
000029e8  __TI_CINIT_Base                           
000029f0  __TI_CINIT_Limit                          
000029d8  __TI_Handler_Table_Base                   
000029e0  __TI_Handler_Table_Limit                  
000024c5  __TI_auto_init_nobinit_nopinit            
00002205  __TI_decompress_lzss                      
00002831  __TI_decompress_none                      
00002389  __TI_ltoa                                 
ffffffff  __TI_pprof_out_hndl                       
000000e5  __TI_printfi                              
ffffffff  __TI_prof_data_size                       
ffffffff  __TI_prof_data_start                      
00000000  __TI_static_base__                        
00001e55  __aeabi_cdcmpeq                           
00001e55  __aeabi_cdcmple                           
00001edb  __aeabi_cdrcmple                          
000020c3  __aeabi_d2f                               
0000247d  __aeabi_d2iz                              
0000120b  __aeabi_dadd                              
000014f5  __aeabi_ddiv                              
0000197d  __aeabi_dmul                              
00001201  __aeabi_dsub                              
00002855  __aeabi_errno_addr                        
000025c7  __aeabi_f2d                               
000026cd  __aeabi_i2d                               
000013b7  __aeabi_idiv0                             
000013b7  __aeabi_ldiv0                             
00001f61  __aeabi_memclr                            
00001f61  __aeabi_memclr4                           
00001f61  __aeabi_memclr8                           
00001bff  __aeabi_memcpy                            
00001bff  __aeabi_memcpy4                           
00001bff  __aeabi_memcpy8                           
00001f63  __aeabi_memset                            
00001f63  __aeabi_memset4                           
00001f63  __aeabi_memset8                           
00001d35  __aeabi_uldivmod                          
ffffffff  __binit__                                 
ffffffff  __c_args__                                
UNDEFED   __mpu_init                                
2000fe00  __stack                                   
20000000  __start___llvm_prf_cnts                   
20000000  __stop___llvm_prf_cnts                    
00002669  _c_int00_noargs                           
00002864  _ctypes_                                  
UNDEFED   _system_post_cinit                        
0000285d  _system_pre_init                          
00002861  abort                                     
00002431  atoi                                      
ffffffff  binit                                     
00002757  copysign                                  
00002757  copysignl                                 
20000000  errno                                     
0000226d  frexp                                     
0000226d  frexpl                                    
000029c0  i2cConfig                                 
00000000  interruptVectors                          
0000186d  ldexp                                     
0000186d  ldexpl                                    
00000b35  main                                      
00002721  memccpy                                   
00001bff  memcpy                                    
00001f69  memset                                    
0000186d  scalbn                                    
0000186d  scalbnl                                   
00002549  sprintf                                   
000027cd  strchr                                    
0000280b  strlen                                    
00002998  uartConfig                                
0000281f  wcslen                                    


GLOBAL SYMBOLS: SORTED BY Symbol Address 

address   name                                      
-------   ----                                      
00000000  __TI_static_base__                        
00000000  interruptVectors                          
000000e5  __TI_printfi                              
00000200  __STACK_SIZE                              
00000b33  ADC14_IRQHandler                          
00000b33  AES256_IRQHandler                         
00000b33  BusFault_Handler                          
00000b33  COMP_E0_IRQHandler                        
00000b33  COMP_E1_IRQHandler                        
00000b33  CS_IRQHandler                             
00000b33  DMA_ERR_IRQHandler                        
00000b33  DMA_INT0_IRQHandler                       
00000b33  DMA_INT1_IRQHandler                       
00000b33  DMA_INT2_IRQHandler                       
00000b33  DMA_INT3_IRQHandler                       
00000b33  DebugMon_Handler                          
00000b33  Default_Handler                           
00000b33  EUSCIA0_IRQHandler                        
00000b33  EUSCIA1_IRQHandler                        
00000b33  EUSCIA2_IRQHandler                        
00000b33  EUSCIA3_IRQHandler                        
00000b33  EUSCIB0_IRQHandler                        
00000b33  EUSCIB1_IRQHandler                        
00000b33  EUSCIB2_IRQHandler                        
00000b33  EUSCIB3_IRQHandler                        
00000b33  FLCTL_IRQHandler                          
00000b33  FPU_IRQHandler                            
00000b33  HardFault_Handler                         
00000b33  MemManage_Handler                         
00000b33  NMI_Handler                               
00000b33  PCM_IRQHandler                            
00000b33  PORT1_IRQHandler                          
00000b33  PORT2_IRQHandler                          
00000b33  PORT3_IRQHandler                          
00000b33  PORT4_IRQHandler                          
00000b33  PORT5_IRQHandler                          
00000b33  PORT6_IRQHandler                          
00000b33  PSS_IRQHandler                            
00000b33  PendSV_Handler                            
00000b33  RTC_C_IRQHandler                          
00000b33  SVC_Handler                               
00000b33  SysTick_Handler                           
00000b33  T32_INT1_IRQHandler                       
00000b33  T32_INT2_IRQHandler                       
00000b33  T32_INTC_IRQHandler                       
00000b33  TA0_0_IRQHandler                          
00000b33  TA0_N_IRQHandler                          
00000b33  TA1_0_IRQHandler                          
00000b33  TA1_N_IRQHandler                          
00000b33  TA2_0_IRQHandler                          
00000b33  TA2_N_IRQHandler                          
00000b33  TA3_0_IRQHandler                          
00000b33  TA3_N_IRQHandler                          
00000b33  UsageFault_Handler                        
00000b33  WDT_A_IRQHandler                          
00000b35  main                                      
00001201  __aeabi_dsub                              
0000120b  __aeabi_dadd                              
000013b7  __aeabi_idiv0                             
000013b7  __aeabi_ldiv0                             
000014f5  __aeabi_ddiv                              
00001751  UART_initModule                           
0000186d  ldexp                                     
0000186d  ldexpl                                    
0000186d  scalbn                                    
0000186d  scalbnl                                   
0000197d  __aeabi_dmul                              
00001bff  __aeabi_memcpy                            
00001bff  __aeabi_memcpy4                           
00001bff  __aeabi_memcpy8                           
00001bff  memcpy                                    
00001c9d  I2C_masterSendSingleByteWithTimeout       
00001d35  __aeabi_uldivmod                          
00001dcd  GPIO_setAsPeripheralModuleFunctionInputPin
00001e55  __aeabi_cdcmpeq                           
00001e55  __aeabi_cdcmple                           
00001edb  __aeabi_cdrcmple                          
00001f61  __aeabi_memclr                            
00001f61  __aeabi_memclr4                           
00001f61  __aeabi_memclr8                           
00001f63  __aeabi_memset                            
00001f63  __aeabi_memset4                           
00001f63  __aeabi_memset8                           
00001f69  memset                                    
00001fdd  SystemInit                                
000020c3  __aeabi_d2f                               
00002131  I2C_masterSendMultiByteFinish             
0000219d  I2C_masterSendMultiByteStart              
00002205  __TI_decompress_lzss                      
0000226d  frexp                                     
0000226d  frexpl                                    
000022d1  I2C_initMaster                            
00002389  __TI_ltoa                                 
00002431  atoi                                      
0000247d  __aeabi_d2iz                              
000024c5  __TI_auto_init_nobinit_nopinit            
00002509  I2C_masterReceiveMultiByteFinish          
00002549  sprintf                                   
000025c7  __aeabi_f2d                               
00002601  CS_setDCOCenteredFrequency                
00002635  UART_transmitData                         
00002669  _c_int00_noargs                           
000026cd  __aeabi_i2d                               
000026fd  WDT_A_holdTimer                           
00002721  memccpy                                   
0000273d  I2C_masterReceiveStart                    
00002757  copysign                                  
00002757  copysignl                                 
00002771  I2C_masterIsStopSent                      
000027a1  I2C_enableModule                          
000027b7  UART_enableModule                         
000027cd  strchr                                    
000027e3  I2C_masterReceiveMultiByteNext            
000027f7  I2C_setSlaveAddress                       
0000280b  strlen                                    
0000281f  wcslen                                    
00002831  __TI_decompress_none                      
0000283f  Reset_Handler                             
00002855  __aeabi_errno_addr                        
0000285d  _system_pre_init                          
00002861  C$$EXIT                                   
00002861  abort                                     
00002864  _ctypes_                                  
00002998  uartConfig                                
000029c0  i2cConfig                                 
000029d8  __TI_Handler_Table_Base                   
000029e0  __TI_Handler_Table_Limit                  
000029e8  __TI_CINIT_Base                           
000029f0  __TI_CINIT_Limit                          
20000000  __start___llvm_prf_cnts                   
20000000  __stop___llvm_prf_cnts                    
20000000  errno                                     
2000fe00  __stack                                   
20010000  __STACK_END                               
4000480c  WDTCTL_SYM                                
ffffffff  __TI_pprof_out_hndl                       
ffffffff  __TI_prof_data_size                       
ffffffff  __TI_prof_data_start                      
ffffffff  __binit__                                 
ffffffff  __c_args__                                
ffffffff  binit                                     
UNDEFED   __mpu_init                                
UNDEFED   _system_post_cinit                        

[143 symbols]
