******************************************************************************
                  TI ARM Linker PC v20.2.4                     
******************************************************************************
>> Linked Sun Jan 10 13:23:56 2021

OUTPUT FILE NAME:   <timer32_periodic_mode_led_toggle_MSP_EXP432P401R_nortos_ccs.out>
ENTRY POINT SYMBOL: "_c_int00_noinit_noargs"  address: 000002dd


MEMORY CONFIGURATION

         name            origin    length      used     unused   attr    fill
----------------------  --------  ---------  --------  --------  ----  --------
  MAIN                  00000000   00040000  0000031e  0003fce2  R  X
  INFO                  00200000   00004000  00000000  00004000  R  X
  SRAM_CODE             01000000   00010000  00000200  0000fe00  RW X
  SRAM_DATA             20000000   00010000  00000200  0000fe00  RW  


SEGMENT ALLOCATION MAP

run origin  load origin   length   init length attrs members
----------  ----------- ---------- ----------- ----- -------
00000000    00000000    0000031e   0000031e    r-x
  00000000    00000000    000000e4   000000e4    r-- .intvecs
  000000e4    000000e4    0000023a   0000023a    r-x .text
2000fe00    2000fe00    00000200   00000000    rw-
  2000fe00    2000fe00    00000200   00000000    rw- .stack


SECTION ALLOCATION MAP

 output                                  attributes/
section   page    origin      length       input sections
--------  ----  ----------  ----------   ----------------
.intvecs   0    00000000    000000e4     
                  00000000    000000e4     startup_msp432p401r_ccs.obj (.intvecs:retain)

.text      0    000000e4    0000023a     
                  000000e4    000000d0     timer32_periodic_mode_led_toggle.obj (.text:main)
                  000001b4    00000078     timer32_periodic_mode_led_toggle.obj (.text:PORT1_IRQHandler)
                  0000022c    00000078     system_msp432p401r.obj (.text:SystemInit)
                  000002a4    00000038     timer32_periodic_mode_led_toggle.obj (.text:T32_INT1_IRQHandler)
                  000002dc    0000002c     rtsv7M4_T_le_v4SPD16_eabi.lib : boot_cortex_m.c.obj (.text:_c_int00_noinit_noargs:_c_int00_noinit_noargs)
                  00000308    0000000c     startup_msp432p401r_ccs.obj (.text:Reset_Handler)
                  00000314    00000004     rtsv7M4_T_le_v4SPD16_eabi.lib : pre_init.c.obj (.text:_system_pre_init)
                  00000318    00000004                                   : exit.c.obj (.text:abort:abort)
                  0000031c    00000002     startup_msp432p401r_ccs.obj (.text:Default_Handler)

.cinit     0    00000000    00000000     UNINITIALIZED

.init_array 
*          0    00000000    00000000     UNINITIALIZED

.binit     0    00000000    00000000     

.stack     0    2000fe00    00000200     UNINITIALIZED
                  2000fe00    00000004     rtsv7M4_T_le_v4SPD16_eabi.lib : boot_cortex_m.c.obj (.stack)
                  2000fe04    000001fc     --HOLE--

__llvm_prf_cnts 
*          0    20000000    00000000     UNINITIALIZED

MODULE SUMMARY

       Module                                 code   ro data   rw data
       ------                                 ----   -------   -------
    .\
       timer32_periodic_mode_led_toggle.obj   384    0         0      
       system_msp432p401r.obj                 120    0         0      
    +--+--------------------------------------+------+---------+---------+
       Total:                                 504    0         0      
                                                                      
    .\ccs\
       startup_msp432p401r_ccs.obj            14     228       0      
    +--+--------------------------------------+------+---------+---------+
       Total:                                 14     228       0      
                                                                      
    C:\ti\ccs1011\ccs\tools\compiler\ti-cgt-arm_20.2.4.LTS\lib\rtsv7M4_T_le_v4SPD16_eabi.lib
       boot_cortex_m.c.obj                    44     0         0      
       exit.c.obj                             4      0         0      
       pre_init.c.obj                         4      0         0      
    +--+--------------------------------------+------+---------+---------+
       Total:                                 52     0         0      
                                                                      
       Stack:                                 0      0         1024   
    +--+--------------------------------------+------+---------+---------+
       Grand Total:                           570    228       1024   


GLOBAL SYMBOLS: SORTED ALPHABETICALLY BY Name 

address   name                   
-------   ----                   
0000031d  ADC14_IRQHandler       
0000031d  AES256_IRQHandler      
0000031d  BusFault_Handler       
00000319  C$$EXIT                
0000031d  COMP_E0_IRQHandler     
0000031d  COMP_E1_IRQHandler     
0000031d  CS_IRQHandler          
0000031d  DMA_ERR_IRQHandler     
0000031d  DMA_INT0_IRQHandler    
0000031d  DMA_INT1_IRQHandler    
0000031d  DMA_INT2_IRQHandler    
0000031d  DMA_INT3_IRQHandler    
0000031d  DebugMon_Handler       
0000031d  Default_Handler        
0000031d  EUSCIA0_IRQHandler     
0000031d  EUSCIA1_IRQHandler     
0000031d  EUSCIA2_IRQHandler     
0000031d  EUSCIA3_IRQHandler     
0000031d  EUSCIB0_IRQHandler     
0000031d  EUSCIB1_IRQHandler     
0000031d  EUSCIB2_IRQHandler     
0000031d  EUSCIB3_IRQHandler     
0000031d  FLCTL_IRQHandler       
0000031d  FPU_IRQHandler         
0000031d  HardFault_Handler      
0000031d  MemManage_Handler      
0000031d  NMI_Handler            
0000031d  PCM_IRQHandler         
000001b5  PORT1_IRQHandler       
000001b5  PORT1_IRQHandler       
0000031d  PORT2_IRQHandler       
0000031d  PORT3_IRQHandler       
0000031d  PORT4_IRQHandler       
0000031d  PORT5_IRQHandler       
0000031d  PORT6_IRQHandler       
0000031d  PSS_IRQHandler         
0000031d  PendSV_Handler         
0000031d  RTC_C_IRQHandler       
00000309  Reset_Handler          
0000031d  SVC_Handler            
0000031d  SysTick_Handler        
0000022d  SystemInit             
000002a5  T32_INT1_IRQHandler    
000002a5  T32_INT1_IRQHandler    
0000031d  T32_INT2_IRQHandler    
0000031d  T32_INTC_IRQHandler    
0000031d  TA0_0_IRQHandler       
0000031d  TA0_N_IRQHandler       
0000031d  TA1_0_IRQHandler       
0000031d  TA1_N_IRQHandler       
0000031d  TA2_0_IRQHandler       
0000031d  TA2_N_IRQHandler       
0000031d  TA3_0_IRQHandler       
0000031d  TA3_N_IRQHandler       
0000031d  UsageFault_Handler     
4000480c  WDTCTL_SYM             
0000031d  WDT_A_IRQHandler       
20010000  __STACK_END            
00000200  __STACK_SIZE           
ffffffff  __TI_pprof_out_hndl    
ffffffff  __TI_prof_data_size    
ffffffff  __TI_prof_data_start   
00000000  __TI_static_base__     
ffffffff  __binit__              
ffffffff  __c_args__             
UNDEFED   __mpu_init             
2000fe00  __stack                
20000000  __start___llvm_prf_cnts
20000000  __stop___llvm_prf_cnts 
000002dd  _c_int00_noinit_noargs 
00000315  _system_pre_init       
00000319  abort                  
ffffffff  binit                  
00000000  interruptVectors       
000000e5  main                   


GLOBAL SYMBOLS: SORTED BY Symbol Address 

address   name                   
-------   ----                   
00000000  __TI_static_base__     
00000000  interruptVectors       
000000e5  main                   
000001b5  PORT1_IRQHandler       
000001b5  PORT1_IRQHandler       
00000200  __STACK_SIZE           
0000022d  SystemInit             
000002a5  T32_INT1_IRQHandler    
000002a5  T32_INT1_IRQHandler    
000002dd  _c_int00_noinit_noargs 
00000309  Reset_Handler          
00000315  _system_pre_init       
00000319  C$$EXIT                
00000319  abort                  
0000031d  ADC14_IRQHandler       
0000031d  AES256_IRQHandler      
0000031d  BusFault_Handler       
0000031d  COMP_E0_IRQHandler     
0000031d  COMP_E1_IRQHandler     
0000031d  CS_IRQHandler          
0000031d  DMA_ERR_IRQHandler     
0000031d  DMA_INT0_IRQHandler    
0000031d  DMA_INT1_IRQHandler    
0000031d  DMA_INT2_IRQHandler    
0000031d  DMA_INT3_IRQHandler    
0000031d  DebugMon_Handler       
0000031d  Default_Handler        
0000031d  EUSCIA0_IRQHandler     
0000031d  EUSCIA1_IRQHandler     
0000031d  EUSCIA2_IRQHandler     
0000031d  EUSCIA3_IRQHandler     
0000031d  EUSCIB0_IRQHandler     
0000031d  EUSCIB1_IRQHandler     
0000031d  EUSCIB2_IRQHandler     
0000031d  EUSCIB3_IRQHandler     
0000031d  FLCTL_IRQHandler       
0000031d  FPU_IRQHandler         
0000031d  HardFault_Handler      
0000031d  MemManage_Handler      
0000031d  NMI_Handler            
0000031d  PCM_IRQHandler         
0000031d  PORT2_IRQHandler       
0000031d  PORT3_IRQHandler       
0000031d  PORT4_IRQHandler       
0000031d  PORT5_IRQHandler       
0000031d  PORT6_IRQHandler       
0000031d  PSS_IRQHandler         
0000031d  PendSV_Handler         
0000031d  RTC_C_IRQHandler       
0000031d  SVC_Handler            
0000031d  SysTick_Handler        
0000031d  T32_INT2_IRQHandler    
0000031d  T32_INTC_IRQHandler    
0000031d  TA0_0_IRQHandler       
0000031d  TA0_N_IRQHandler       
0000031d  TA1_0_IRQHandler       
0000031d  TA1_N_IRQHandler       
0000031d  TA2_0_IRQHandler       
0000031d  TA2_N_IRQHandler       
0000031d  TA3_0_IRQHandler       
0000031d  TA3_N_IRQHandler       
0000031d  UsageFault_Handler     
0000031d  WDT_A_IRQHandler       
20000000  __start___llvm_prf_cnts
20000000  __stop___llvm_prf_cnts 
2000fe00  __stack                
20010000  __STACK_END            
4000480c  WDTCTL_SYM             
ffffffff  __TI_pprof_out_hndl    
ffffffff  __TI_prof_data_size    
ffffffff  __TI_prof_data_start   
ffffffff  __binit__              
ffffffff  __c_args__             
ffffffff  binit                  
UNDEFED   __mpu_init             

[75 symbols]
