******************************************************************************
                  TI ARM Linker PC v20.2.4                     
******************************************************************************
>> Linked Sun Jan 17 02:20:00 2021

OUTPUT FILE NAME:   <[not done]i2c_tmp102.out>
ENTRY POINT SYMBOL: "_c_int00_noargs"  address: 0000229d


MEMORY CONFIGURATION

         name            origin    length      used     unused   attr    fill
----------------------  --------  ---------  --------  --------  ----  --------
  MAIN                  00000000   00040000  00002620  0003d9e0  R  X
  INFO                  00200000   00004000  00000000  00004000  R  X
  SRAM_CODE             01000000   00010000  00000204  0000fdfc  RW X
  SRAM_DATA             20000000   00010000  00000204  0000fdfc  RW  


SEGMENT ALLOCATION MAP

run origin  load origin   length   init length attrs members
----------  ----------- ---------- ----------- ----- -------
00000000    00000000    00002620   00002620    r-x
  00000000    00000000    000000e4   000000e4    r-- .intvecs
  000000e4    000000e4    000023b4   000023b4    r-x .text
  00002498    00002498    00000170   00000170    r-- .const
  00002608    00002608    00000018   00000018    r-- .cinit
20000000    20000000    00000004   00000000    rw-
  20000000    20000000    00000004   00000000    rw- .data
2000fe00    2000fe00    00000200   00000000    rw-
  2000fe00    2000fe00    00000200   00000000    rw- .stack


SECTION ALLOCATION MAP

 output                                  attributes/
section   page    origin      length       input sections
--------  ----  ----------  ----------   ----------------
.intvecs   0    00000000    000000e4     
                  00000000    000000e4     startup_msp432p401r_ccs.obj (.intvecs:retain)

.text      0    000000e4    000023b4     
                  000000e4    00000a4e     rtsv7M4_T_le_v4SPD16_eabi.lib : _printfi.c.obj (.text:__TI_printfi)
                  00000b32    00000002     startup_msp432p401r_ccs.obj (.text:Default_Handler)
                  00000b34    00000270     rtsv7M4_T_le_v4SPD16_eabi.lib : _printfi.c.obj (.text:_pconv_a)
                  00000da4    000001d0                                   : _printfi.c.obj (.text:_pconv_g)
                  00000f74    000001b6                                   : fd_add_t2.asm.obj (.text)
                  0000112a    00000002                                   : div0.asm.obj (.text)
                  0000112c    0000014c     main.obj (.text:main)
                  00001278    0000013c     rtsv7M4_T_le_v4SPD16_eabi.lib : _printfi.c.obj (.text:_pconv_e)
                  000013b4    00000136                                   : fd_div_t2.asm.obj (.text)
                  000014ea    00000002     --HOLE-- [fill = 0]
                  000014ec    00000124                                   : _printfi.c.obj (.text:fcvt)
                  00001610    0000011c     msp432p4xx_driverlib.lib : uart.o (.text:UART_initModule)
                  0000172c    00000110     rtsv7M4_T_le_v4SPD16_eabi.lib : s_scalbn.c.obj (.text:scalbn)
                  0000183c    000000fc                                   : fd_mul_t2.asm.obj (.text)
                  00001938    000000b1                                   : _printfi.c.obj (.text:_ltostr)
                  000019e9    00000001     --HOLE-- [fill = 0]
                  000019ea    0000009c                                   : memcpy_t2.asm.obj (.text)
                  00001a86    00000002     --HOLE-- [fill = 0]
                  00001a88    00000098     msp432p4xx_driverlib.lib : i2c.o (.text:I2C_masterSendSingleByteWithTimeout)
                  00001b20    00000096     rtsv7M4_T_le_v4SPD16_eabi.lib : ull_div_t2.asm.obj (.text)
                  00001bb6    00000002     --HOLE-- [fill = 0]
                  00001bb8    00000088     msp432p4xx_driverlib.lib : gpio.o (.text:GPIO_setAsPeripheralModuleFunctionInputPin)
                  00001c40    00000086     rtsv7M4_T_le_v4SPD16_eabi.lib : fd_cmp_t2.asm.obj (.text:__aeabi_cdcmple)
                  00001cc6    00000086                                   : fd_cmp_t2.asm.obj (.text:__aeabi_cdrcmple)
                  00001d4c    0000007a                                   : memset_t2.asm.obj (.text)
                  00001dc6    00000002     --HOLE-- [fill = 0]
                  00001dc8    00000078     system_msp432p401r.obj (.text:SystemInit)
                  00001e40    0000006e     rtsv7M4_T_le_v4SPD16_eabi.lib : _printfi.c.obj (.text:_mcpy)
                  00001eae    00000068                                   : copy_decompress_lzss.c.obj (.text:decompress:lzss:__TI_decompress_lzss)
                  00001f16    00000002     --HOLE-- [fill = 0]
                  00001f18    00000064                                   : s_frexp.c.obj (.text:frexp)
                  00001f7c    00000062     msp432p4xx_driverlib.lib : i2c.o (.text:I2C_initMaster)
                  00001fde    00000056     rtsv7M4_T_le_v4SPD16_eabi.lib : _printfi.c.obj (.text:_pconv_f)
                  00002034    00000054                                   : _ltoa.c.obj (.text:__TI_ltoa)
                  00002088    00000052                                   : _printfi.c.obj (.text:_ecpy)
                  000020da    00000002     --HOLE-- [fill = 0]
                  000020dc    0000004c                                   : atoi.c.obj (.text:atoi)
                  00002128    00000048                                   : fd_toi_t2.asm.obj (.text)
                  00002170    00000044                                   : autoinit.c.obj (.text:__TI_auto_init_nobinit_nopinit:__TI_auto_init_nobinit_nopinit)
                  000021b4    00000040                                   : sprintf.c.obj (.text:sprintf)
                  000021f4    0000003e                                   : _printfi.c.obj (.text:_fcpy)
                  00002232    00000002     --HOLE-- [fill = 0]
                  00002234    00000034     msp432p4xx_driverlib.lib : cs.o (.text:CS_setDCOCenteredFrequency)
                  00002268    00000034                              : uart.o (.text:UART_transmitData)
                  0000229c    00000034     rtsv7M4_T_le_v4SPD16_eabi.lib : boot_cortex_m.c.obj (.text:_c_int00_noargs:_c_int00_noargs)
                  000022d0    00000030     main.obj (.text:print_uart)
                  00002300    0000002e     rtsv7M4_T_le_v4SPD16_eabi.lib : i_tofd_t2.asm.obj (.text)
                  0000232e    00000002     --HOLE-- [fill = 0]
                  00002330    00000024     msp432p4xx_driverlib.lib : wdt_a.o (.text:WDT_A_holdTimer)
                  00002354    0000001c     rtsv7M4_T_le_v4SPD16_eabi.lib : memccpy.c.obj (.text:memccpy)
                  00002370    0000001a     msp432p4xx_driverlib.lib : i2c.o (.text:I2C_masterReceiveStart)
                  0000238a    0000001a     rtsv7M4_T_le_v4SPD16_eabi.lib : s_copysign.c.obj (.text:copysign)
                  000023a4    00000018     msp432p4xx_driverlib.lib : i2c.o (.text:I2C_masterReceiveMultiByteStop)
                  000023bc    00000018     rtsv7M4_T_le_v4SPD16_eabi.lib : sprintf.c.obj (.text:_outs)
                  000023d4    00000016     msp432p4xx_driverlib.lib : i2c.o (.text:I2C_enableModule)
                  000023ea    00000016                              : uart.o (.text:UART_enableModule)
                  00002400    00000016     rtsv7M4_T_le_v4SPD16_eabi.lib : strchr.c.obj (.text:strchr)
                  00002416    00000014     msp432p4xx_driverlib.lib : i2c.o (.text:I2C_masterReceiveMultiByteNext)
                  0000242a    00000014                              : i2c.o (.text:I2C_setSlaveAddress)
                  0000243e    00000014     rtsv7M4_T_le_v4SPD16_eabi.lib : strlen.c.obj (.text:strlen)
                  00002452    00000012                                   : wcslen.c.obj (.text:wcslen)
                  00002464    0000000e                                   : copy_decompress_none.c.obj (.text:decompress:none:__TI_decompress_none)
                  00002472    0000000c     startup_msp432p401r_ccs.obj (.text:Reset_Handler)
                  0000247e    0000000a     rtsv7M4_T_le_v4SPD16_eabi.lib : sprintf.c.obj (.text:_outc)
                  00002488    00000008                                   : errno.c.obj (.text:__aeabi_errno_addr)
                  00002490    00000004                                   : pre_init.c.obj (.text:_system_pre_init)
                  00002494    00000004                                   : exit.c.obj (.text:abort:abort)

.const     0    00002498    00000170     
                  00002498    00000101     rtsv7M4_T_le_v4SPD16_eabi.lib : ctype.c.obj (.const:.string:_ctypes_)
                  00002599    00000003     --HOLE-- [fill = 0]
                  0000259c    00000030     msp432p4xx_driverlib.lib : gpio.o (.const:GPIO_PORT_TO_BASE)
                  000025cc    00000028     main.obj (.const:uartConfig)
                  000025f4    00000014     main.obj (.const:i2cConfig)

.cinit     0    00002608    00000018     
                  00002608    00000008     (__TI_handler_table)
                  00002610    00000007     (.cinit..data.load) [load image, compression = lzss]
                  00002617    00000001     --HOLE-- [fill = 0]
                  00002618    00000008     (__TI_cinit_table)

.init_array 
*          0    00000000    00000000     UNINITIALIZED

.binit     0    00000000    00000000     

.data      0    20000000    00000004     UNINITIALIZED
                  20000000    00000004     rtsv7M4_T_le_v4SPD16_eabi.lib : errno.c.obj (.data)

.stack     0    2000fe00    00000200     UNINITIALIZED
                  2000fe00    00000004     rtsv7M4_T_le_v4SPD16_eabi.lib : boot_cortex_m.c.obj (.stack)
                  2000fe04    000001fc     --HOLE--

__llvm_prf_cnts 
*          0    20000000    00000000     UNINITIALIZED

MODULE SUMMARY

       Module                        code   ro data   rw data
       ------                        ----   -------   -------
    .\
       main.obj                      380    60        0      
       system_msp432p401r.obj        120    0         0      
    +--+-----------------------------+------+---------+---------+
       Total:                        500    60        0      
                                                             
    .\ccs\
       startup_msp432p401r_ccs.obj   14     228       0      
    +--+-----------------------------+------+---------+---------+
       Total:                        14     228       0      
                                                             
    C:/ti/simplelink_msp432p4_sdk_3_40_01_02/source/ti/devices/msp432p4xx/driverlib/ccs/msp432p4xx_driverlib.lib
       i2c.o                         362    0         0      
       uart.o                        358    0         0      
       gpio.o                        136    48        0      
       cs.o                          52     0         0      
       wdt_a.o                       36     0         0      
    +--+-----------------------------+------+---------+---------+
       Total:                        944    48        0      
                                                             
    C:\ti\ccs1011\ccs\tools\compiler\ti-cgt-arm_20.2.4.LTS\lib\rtsv7M4_T_le_v4SPD16_eabi.lib
       _printfi.c.obj                4851   0         0      
       fd_add_t2.asm.obj             438    0         0      
       fd_div_t2.asm.obj             310    0         0      
       s_scalbn.c.obj                272    0         0      
       fd_cmp_t2.asm.obj             268    0         0      
       ctype.c.obj                   0      257       0      
       fd_mul_t2.asm.obj             252    0         0      
       memcpy_t2.asm.obj             156    0         0      
       ull_div_t2.asm.obj            150    0         0      
       memset_t2.asm.obj             122    0         0      
       copy_decompress_lzss.c.obj    104    0         0      
       s_frexp.c.obj                 100    0         0      
       sprintf.c.obj                 98     0         0      
       _ltoa.c.obj                   84     0         0      
       atoi.c.obj                    76     0         0      
       fd_toi_t2.asm.obj             72     0         0      
       autoinit.c.obj                68     0         0      
       boot_cortex_m.c.obj           52     0         0      
       i_tofd_t2.asm.obj             46     0         0      
       memccpy.c.obj                 28     0         0      
       s_copysign.c.obj              26     0         0      
       strchr.c.obj                  22     0         0      
       strlen.c.obj                  20     0         0      
       wcslen.c.obj                  18     0         0      
       errno.c.obj                   8      0         8      
       copy_decompress_none.c.obj    14     0         0      
       exit.c.obj                    4      0         0      
       pre_init.c.obj                4      0         0      
       div0.asm.obj                  2      0         0      
    +--+-----------------------------+------+---------+---------+
       Total:                        7665   257       8      
                                                             
       Stack:                        0      0         1024   
       Linker Generated:             0      23        0      
    +--+-----------------------------+------+---------+---------+
       Grand Total:                  9123   616       1032   


LINKER GENERATED COPY TABLES

__TI_cinit_table @ 00002618 records: 1, size/record: 8, table size: 8
	.data: load addr=00002610, load size=00000007 bytes, run addr=20000000, run size=00000004 bytes, compression=lzss


LINKER GENERATED HANDLER TABLE

__TI_handler_table @ 00002608 records: 2, size/record: 4, table size: 8
	index: 0, handler: __TI_decompress_lzss
	index: 1, handler: __TI_decompress_none


GLOBAL SYMBOLS: SORTED ALPHABETICALLY BY Name 

address   name                                      
-------   ----                                      
00000b33  ADC14_IRQHandler                          
00000b33  AES256_IRQHandler                         
00000b33  BusFault_Handler                          
00002495  C$$EXIT                                   
00000b33  COMP_E0_IRQHandler                        
00000b33  COMP_E1_IRQHandler                        
00000b33  CS_IRQHandler                             
00002235  CS_setDCOCenteredFrequency                
00000b33  DMA_ERR_IRQHandler                        
00000b33  DMA_INT0_IRQHandler                       
00000b33  DMA_INT1_IRQHandler                       
00000b33  DMA_INT2_IRQHandler                       
00000b33  DMA_INT3_IRQHandler                       
00000b33  DebugMon_Handler                          
00000b33  Default_Handler                           
00000b33  EUSCIA0_IRQHandler                        
00000b33  EUSCIA1_IRQHandler                        
00000b33  EUSCIA2_IRQHandler                        
00000b33  EUSCIA3_IRQHandler                        
00000b33  EUSCIB0_IRQHandler                        
00000b33  EUSCIB1_IRQHandler                        
00000b33  EUSCIB2_IRQHandler                        
00000b33  EUSCIB3_IRQHandler                        
00000b33  FLCTL_IRQHandler                          
00000b33  FPU_IRQHandler                            
00001bb9  GPIO_setAsPeripheralModuleFunctionInputPin
00000b33  HardFault_Handler                         
000023d5  I2C_enableModule                          
00001f7d  I2C_initMaster                            
00002417  I2C_masterReceiveMultiByteNext            
000023a5  I2C_masterReceiveMultiByteStop            
00002371  I2C_masterReceiveStart                    
00001a89  I2C_masterSendSingleByteWithTimeout       
0000242b  I2C_setSlaveAddress                       
00000b33  MemManage_Handler                         
00000b33  NMI_Handler                               
00000b33  PCM_IRQHandler                            
00000b33  PORT1_IRQHandler                          
00000b33  PORT2_IRQHandler                          
00000b33  PORT3_IRQHandler                          
00000b33  PORT4_IRQHandler                          
00000b33  PORT5_IRQHandler                          
00000b33  PORT6_IRQHandler                          
00000b33  PSS_IRQHandler                            
00000b33  PendSV_Handler                            
00000b33  RTC_C_IRQHandler                          
00002473  Reset_Handler                             
00000b33  SVC_Handler                               
00000b33  SysTick_Handler                           
00001dc9  SystemInit                                
00000b33  T32_INT1_IRQHandler                       
00000b33  T32_INT2_IRQHandler                       
00000b33  T32_INTC_IRQHandler                       
00000b33  TA0_0_IRQHandler                          
00000b33  TA0_N_IRQHandler                          
00000b33  TA1_0_IRQHandler                          
00000b33  TA1_N_IRQHandler                          
00000b33  TA2_0_IRQHandler                          
00000b33  TA2_N_IRQHandler                          
00000b33  TA3_0_IRQHandler                          
00000b33  TA3_N_IRQHandler                          
000023eb  UART_enableModule                         
00001611  UART_initModule                           
00002269  UART_transmitData                         
00000b33  UsageFault_Handler                        
4000480c  WDTCTL_SYM                                
00000b33  WDT_A_IRQHandler                          
00002331  WDT_A_holdTimer                           
20010000  __STACK_END                               
00000200  __STACK_SIZE                              
00002618  __TI_CINIT_Base                           
00002620  __TI_CINIT_Limit                          
00002608  __TI_Handler_Table_Base                   
00002610  __TI_Handler_Table_Limit                  
00002171  __TI_auto_init_nobinit_nopinit            
00001eaf  __TI_decompress_lzss                      
00002465  __TI_decompress_none                      
00002035  __TI_ltoa                                 
ffffffff  __TI_pprof_out_hndl                       
000000e5  __TI_printfi                              
ffffffff  __TI_prof_data_size                       
ffffffff  __TI_prof_data_start                      
00000000  __TI_static_base__                        
00001c41  __aeabi_cdcmpeq                           
00001c41  __aeabi_cdcmple                           
00001cc7  __aeabi_cdrcmple                          
00002129  __aeabi_d2iz                              
00000f7f  __aeabi_dadd                              
000013b5  __aeabi_ddiv                              
0000183d  __aeabi_dmul                              
00000f75  __aeabi_dsub                              
00002489  __aeabi_errno_addr                        
00002301  __aeabi_i2d                               
0000112b  __aeabi_idiv0                             
0000112b  __aeabi_ldiv0                             
00001d4d  __aeabi_memclr                            
00001d4d  __aeabi_memclr4                           
00001d4d  __aeabi_memclr8                           
000019eb  __aeabi_memcpy                            
000019eb  __aeabi_memcpy4                           
000019eb  __aeabi_memcpy8                           
00001d4f  __aeabi_memset                            
00001d4f  __aeabi_memset4                           
00001d4f  __aeabi_memset8                           
00001b21  __aeabi_uldivmod                          
ffffffff  __binit__                                 
ffffffff  __c_args__                                
UNDEFED   __mpu_init                                
2000fe00  __stack                                   
20000000  __start___llvm_prf_cnts                   
20000000  __stop___llvm_prf_cnts                    
0000229d  _c_int00_noargs                           
00002498  _ctypes_                                  
UNDEFED   _system_post_cinit                        
00002491  _system_pre_init                          
00002495  abort                                     
000020dd  atoi                                      
ffffffff  binit                                     
0000238b  copysign                                  
0000238b  copysignl                                 
20000000  errno                                     
00001f19  frexp                                     
00001f19  frexpl                                    
000025f4  i2cConfig                                 
00000000  interruptVectors                          
0000172d  ldexp                                     
0000172d  ldexpl                                    
0000112d  main                                      
00002355  memccpy                                   
000019eb  memcpy                                    
00001d55  memset                                    
0000172d  scalbn                                    
0000172d  scalbnl                                   
000021b5  sprintf                                   
00002401  strchr                                    
0000243f  strlen                                    
000025cc  uartConfig                                
00002453  wcslen                                    


GLOBAL SYMBOLS: SORTED BY Symbol Address 

address   name                                      
-------   ----                                      
00000000  __TI_static_base__                        
00000000  interruptVectors                          
000000e5  __TI_printfi                              
00000200  __STACK_SIZE                              
00000b33  ADC14_IRQHandler                          
00000b33  AES256_IRQHandler                         
00000b33  BusFault_Handler                          
00000b33  COMP_E0_IRQHandler                        
00000b33  COMP_E1_IRQHandler                        
00000b33  CS_IRQHandler                             
00000b33  DMA_ERR_IRQHandler                        
00000b33  DMA_INT0_IRQHandler                       
00000b33  DMA_INT1_IRQHandler                       
00000b33  DMA_INT2_IRQHandler                       
00000b33  DMA_INT3_IRQHandler                       
00000b33  DebugMon_Handler                          
00000b33  Default_Handler                           
00000b33  EUSCIA0_IRQHandler                        
00000b33  EUSCIA1_IRQHandler                        
00000b33  EUSCIA2_IRQHandler                        
00000b33  EUSCIA3_IRQHandler                        
00000b33  EUSCIB0_IRQHandler                        
00000b33  EUSCIB1_IRQHandler                        
00000b33  EUSCIB2_IRQHandler                        
00000b33  EUSCIB3_IRQHandler                        
00000b33  FLCTL_IRQHandler                          
00000b33  FPU_IRQHandler                            
00000b33  HardFault_Handler                         
00000b33  MemManage_Handler                         
00000b33  NMI_Handler                               
00000b33  PCM_IRQHandler                            
00000b33  PORT1_IRQHandler                          
00000b33  PORT2_IRQHandler                          
00000b33  PORT3_IRQHandler                          
00000b33  PORT4_IRQHandler                          
00000b33  PORT5_IRQHandler                          
00000b33  PORT6_IRQHandler                          
00000b33  PSS_IRQHandler                            
00000b33  PendSV_Handler                            
00000b33  RTC_C_IRQHandler                          
00000b33  SVC_Handler                               
00000b33  SysTick_Handler                           
00000b33  T32_INT1_IRQHandler                       
00000b33  T32_INT2_IRQHandler                       
00000b33  T32_INTC_IRQHandler                       
00000b33  TA0_0_IRQHandler                          
00000b33  TA0_N_IRQHandler                          
00000b33  TA1_0_IRQHandler                          
00000b33  TA1_N_IRQHandler                          
00000b33  TA2_0_IRQHandler                          
00000b33  TA2_N_IRQHandler                          
00000b33  TA3_0_IRQHandler                          
00000b33  TA3_N_IRQHandler                          
00000b33  UsageFault_Handler                        
00000b33  WDT_A_IRQHandler                          
00000f75  __aeabi_dsub                              
00000f7f  __aeabi_dadd                              
0000112b  __aeabi_idiv0                             
0000112b  __aeabi_ldiv0                             
0000112d  main                                      
000013b5  __aeabi_ddiv                              
00001611  UART_initModule                           
0000172d  ldexp                                     
0000172d  ldexpl                                    
0000172d  scalbn                                    
0000172d  scalbnl                                   
0000183d  __aeabi_dmul                              
000019eb  __aeabi_memcpy                            
000019eb  __aeabi_memcpy4                           
000019eb  __aeabi_memcpy8                           
000019eb  memcpy                                    
00001a89  I2C_masterSendSingleByteWithTimeout       
00001b21  __aeabi_uldivmod                          
00001bb9  GPIO_setAsPeripheralModuleFunctionInputPin
00001c41  __aeabi_cdcmpeq                           
00001c41  __aeabi_cdcmple                           
00001cc7  __aeabi_cdrcmple                          
00001d4d  __aeabi_memclr                            
00001d4d  __aeabi_memclr4                           
00001d4d  __aeabi_memclr8                           
00001d4f  __aeabi_memset                            
00001d4f  __aeabi_memset4                           
00001d4f  __aeabi_memset8                           
00001d55  memset                                    
00001dc9  SystemInit                                
00001eaf  __TI_decompress_lzss                      
00001f19  frexp                                     
00001f19  frexpl                                    
00001f7d  I2C_initMaster                            
00002035  __TI_ltoa                                 
000020dd  atoi                                      
00002129  __aeabi_d2iz                              
00002171  __TI_auto_init_nobinit_nopinit            
000021b5  sprintf                                   
00002235  CS_setDCOCenteredFrequency                
00002269  UART_transmitData                         
0000229d  _c_int00_noargs                           
00002301  __aeabi_i2d                               
00002331  WDT_A_holdTimer                           
00002355  memccpy                                   
00002371  I2C_masterReceiveStart                    
0000238b  copysign                                  
0000238b  copysignl                                 
000023a5  I2C_masterReceiveMultiByteStop            
000023d5  I2C_enableModule                          
000023eb  UART_enableModule                         
00002401  strchr                                    
00002417  I2C_masterReceiveMultiByteNext            
0000242b  I2C_setSlaveAddress                       
0000243f  strlen                                    
00002453  wcslen                                    
00002465  __TI_decompress_none                      
00002473  Reset_Handler                             
00002489  __aeabi_errno_addr                        
00002491  _system_pre_init                          
00002495  C$$EXIT                                   
00002495  abort                                     
00002498  _ctypes_                                  
000025cc  uartConfig                                
000025f4  i2cConfig                                 
00002608  __TI_Handler_Table_Base                   
00002610  __TI_Handler_Table_Limit                  
00002618  __TI_CINIT_Base                           
00002620  __TI_CINIT_Limit                          
20000000  __start___llvm_prf_cnts                   
20000000  __stop___llvm_prf_cnts                    
20000000  errno                                     
2000fe00  __stack                                   
20010000  __STACK_END                               
4000480c  WDTCTL_SYM                                
ffffffff  __TI_pprof_out_hndl                       
ffffffff  __TI_prof_data_size                       
ffffffff  __TI_prof_data_start                      
ffffffff  __binit__                                 
ffffffff  __c_args__                                
ffffffff  binit                                     
UNDEFED   __mpu_init                                
UNDEFED   _system_post_cinit                        

[138 symbols]
