******************************************************************************
                  TI ARM Linker PC v20.2.4                     
******************************************************************************
>> Linked Fri Jan 15 16:39:33 2021

OUTPUT FILE NAME:   <[not done]i2c_mpu6050.out>
ENTRY POINT SYMBOL: "_c_int00_noinit_noargs"  address: 00000625


MEMORY CONFIGURATION

         name            origin    length      used     unused   attr    fill
----------------------  --------  ---------  --------  --------  ----  --------
  MAIN                  00000000   00040000  00000736  0003f8ca  R  X
  INFO                  00200000   00004000  00000000  00004000  R  X
  SRAM_CODE             01000000   00010000  00000200  0000fe00  RW X
  SRAM_DATA             20000000   00010000  00000200  0000fe00  RW  


SEGMENT ALLOCATION MAP

run origin  load origin   length   init length attrs members
----------  ----------- ---------- ----------- ----- -------
00000000    00000000    00000738   00000738    r-x
  00000000    00000000    000000e4   000000e4    r-- .intvecs
  000000e4    000000e4    0000060e   0000060e    r-x .text
  000006f4    000006f4    00000044   00000044    r-- .const
2000fe00    2000fe00    00000200   00000000    rw-
  2000fe00    2000fe00    00000200   00000000    rw- .stack


SECTION ALLOCATION MAP

 output                                  attributes/
section   page    origin      length       input sections
--------  ----  ----------  ----------   ----------------
.intvecs   0    00000000    000000e4     
                  00000000    000000e4     startup_msp432p401r_ccs.obj (.intvecs:retain)

.text      0    000000e4    0000060e     
                  000000e4    0000011c     msp432p4xx_driverlib.lib : uart.o (.text:UART_initModule)
                  00000200    000000bc     main.obj (.text:writeI2C)
                  000002bc    00000088     msp432p4xx_driverlib.lib : gpio.o (.text:GPIO_setAsPeripheralModuleFunctionInputPin)
                  00000344    00000084     main.obj (.text:main)
                  000003c8    00000078     system_msp432p401r.obj (.text:SystemInit)
                  00000440    00000068     msp432p4xx_driverlib.lib : i2c.o (.text:I2C_masterSendMultiByteStart)
                  000004a8    00000062                              : i2c.o (.text:I2C_initMaster)
                  0000050a    00000002     startup_msp432p401r_ccs.obj (.text:Default_Handler)
                  0000050c    00000040     main.obj (.text:config_uart)
                  0000054c    0000003d     main.obj (.text:MPU6050_Init)
                  00000589    00000003     --HOLE-- [fill = 0]
                  0000058c    00000034     msp432p4xx_driverlib.lib : cs.o (.text:CS_setDCOCenteredFrequency)
                  000005c0    00000034                              : uart.o (.text:UART_transmitData)
                  000005f4    00000030     main.obj (.text:print_uart)
                  00000624    0000002c     rtsv7M4_T_le_v4SPD16_eabi.lib : boot_cortex_m.c.obj (.text:_c_int00_noinit_noargs:_c_int00_noinit_noargs)
                  00000650    00000024     msp432p4xx_driverlib.lib : wdt_a.o (.text:WDT_A_holdTimer)
                  00000674    00000016                              : i2c.o (.text:I2C_disableInterrupt)
                  0000068a    00000016                              : i2c.o (.text:I2C_enableModule)
                  000006a0    00000016                              : uart.o (.text:UART_enableModule)
                  000006b6    00000014                              : i2c.o (.text:I2C_setSlaveAddress)
                  000006ca    00000014     rtsv7M4_T_le_v4SPD16_eabi.lib : strlen.c.obj (.text:strlen)
                  000006de    0000000c     startup_msp432p401r_ccs.obj (.text:Reset_Handler)
                  000006ea    00000004     rtsv7M4_T_le_v4SPD16_eabi.lib : pre_init.c.obj (.text:_system_pre_init)
                  000006ee    00000004                                   : exit.c.obj (.text:abort:abort)

.const     0    000006f4    00000044     
                  000006f4    00000030     msp432p4xx_driverlib.lib : gpio.o (.const:GPIO_PORT_TO_BASE)
                  00000724    00000014     main.obj (.const:i2cConfig)

.cinit     0    00000000    00000000     UNINITIALIZED

.init_array 
*          0    00000000    00000000     UNINITIALIZED

.binit     0    00000000    00000000     

.stack     0    2000fe00    00000200     UNINITIALIZED
                  2000fe00    00000004     rtsv7M4_T_le_v4SPD16_eabi.lib : boot_cortex_m.c.obj (.stack)
                  2000fe04    000001fc     --HOLE--

__llvm_prf_cnts 
*          0    20000000    00000000     UNINITIALIZED

MODULE SUMMARY

       Module                        code   ro data   rw data
       ------                        ----   -------   -------
    .\
       main.obj                      493    20        0      
       system_msp432p401r.obj        120    0         0      
    +--+-----------------------------+------+---------+---------+
       Total:                        613    20        0      
                                                             
    .\ccs\
       startup_msp432p401r_ccs.obj   14     228       0      
    +--+-----------------------------+------+---------+---------+
       Total:                        14     228       0      
                                                             
    C:/ti/simplelink_msp432p4_sdk_3_40_01_02/source/ti/devices/msp432p4xx/driverlib/ccs/msp432p4xx_driverlib.lib
       uart.o                        358    0         0      
       i2c.o                         266    0         0      
       gpio.o                        136    48        0      
       cs.o                          52     0         0      
       wdt_a.o                       36     0         0      
    +--+-----------------------------+------+---------+---------+
       Total:                        848    48        0      
                                                             
    C:\ti\ccs1011\ccs\tools\compiler\ti-cgt-arm_20.2.4.LTS\lib\rtsv7M4_T_le_v4SPD16_eabi.lib
       boot_cortex_m.c.obj           44     0         0      
       strlen.c.obj                  20     0         0      
       exit.c.obj                    4      0         0      
       pre_init.c.obj                4      0         0      
    +--+-----------------------------+------+---------+---------+
       Total:                        72     0         0      
                                                             
       Stack:                        0      0         1024   
    +--+-----------------------------+------+---------+---------+
       Grand Total:                  1547   296       1024   


GLOBAL SYMBOLS: SORTED ALPHABETICALLY BY Name 

address   name                                      
-------   ----                                      
0000050b  ADC14_IRQHandler                          
0000050b  AES256_IRQHandler                         
0000050b  BusFault_Handler                          
000006ef  C$$EXIT                                   
0000050b  COMP_E0_IRQHandler                        
0000050b  COMP_E1_IRQHandler                        
0000050b  CS_IRQHandler                             
0000058d  CS_setDCOCenteredFrequency                
0000050b  DMA_ERR_IRQHandler                        
0000050b  DMA_INT0_IRQHandler                       
0000050b  DMA_INT1_IRQHandler                       
0000050b  DMA_INT2_IRQHandler                       
0000050b  DMA_INT3_IRQHandler                       
0000050b  DebugMon_Handler                          
0000050b  Default_Handler                           
0000050b  EUSCIA0_IRQHandler                        
0000050b  EUSCIA1_IRQHandler                        
0000050b  EUSCIA2_IRQHandler                        
0000050b  EUSCIA3_IRQHandler                        
0000050b  EUSCIB0_IRQHandler                        
0000050b  EUSCIB1_IRQHandler                        
0000050b  EUSCIB2_IRQHandler                        
0000050b  EUSCIB3_IRQHandler                        
0000050b  FLCTL_IRQHandler                          
0000050b  FPU_IRQHandler                            
000002bd  GPIO_setAsPeripheralModuleFunctionInputPin
0000050b  HardFault_Handler                         
00000675  I2C_disableInterrupt                      
0000068b  I2C_enableModule                          
000004a9  I2C_initMaster                            
00000441  I2C_masterSendMultiByteStart              
000006b7  I2C_setSlaveAddress                       
0000050b  MemManage_Handler                         
0000050b  NMI_Handler                               
0000050b  PCM_IRQHandler                            
0000050b  PORT1_IRQHandler                          
0000050b  PORT2_IRQHandler                          
0000050b  PORT3_IRQHandler                          
0000050b  PORT4_IRQHandler                          
0000050b  PORT5_IRQHandler                          
0000050b  PORT6_IRQHandler                          
0000050b  PSS_IRQHandler                            
0000050b  PendSV_Handler                            
0000050b  RTC_C_IRQHandler                          
000006df  Reset_Handler                             
0000050b  SVC_Handler                               
0000050b  SysTick_Handler                           
000003c9  SystemInit                                
0000050b  T32_INT1_IRQHandler                       
0000050b  T32_INT2_IRQHandler                       
0000050b  T32_INTC_IRQHandler                       
0000050b  TA0_0_IRQHandler                          
0000050b  TA0_N_IRQHandler                          
0000050b  TA1_0_IRQHandler                          
0000050b  TA1_N_IRQHandler                          
0000050b  TA2_0_IRQHandler                          
0000050b  TA2_N_IRQHandler                          
0000050b  TA3_0_IRQHandler                          
0000050b  TA3_N_IRQHandler                          
000006a1  UART_enableModule                         
000000e5  UART_initModule                           
000005c1  UART_transmitData                         
0000050b  UsageFault_Handler                        
4000480c  WDTCTL_SYM                                
0000050b  WDT_A_IRQHandler                          
00000651  WDT_A_holdTimer                           
20010000  __STACK_END                               
00000200  __STACK_SIZE                              
ffffffff  __TI_pprof_out_hndl                       
ffffffff  __TI_prof_data_size                       
ffffffff  __TI_prof_data_start                      
00000000  __TI_static_base__                        
ffffffff  __binit__                                 
ffffffff  __c_args__                                
UNDEFED   __mpu_init                                
2000fe00  __stack                                   
20000000  __start___llvm_prf_cnts                   
20000000  __stop___llvm_prf_cnts                    
00000625  _c_int00_noinit_noargs                    
000006eb  _system_pre_init                          
000006ef  abort                                     
ffffffff  binit                                     
00000724  i2cConfig                                 
00000000  interruptVectors                          
00000345  main                                      
000006cb  strlen                                    
00000201  writeI2C                                  


GLOBAL SYMBOLS: SORTED BY Symbol Address 

address   name                                      
-------   ----                                      
00000000  __TI_static_base__                        
00000000  interruptVectors                          
000000e5  UART_initModule                           
00000200  __STACK_SIZE                              
00000201  writeI2C                                  
000002bd  GPIO_setAsPeripheralModuleFunctionInputPin
00000345  main                                      
000003c9  SystemInit                                
00000441  I2C_masterSendMultiByteStart              
000004a9  I2C_initMaster                            
0000050b  ADC14_IRQHandler                          
0000050b  AES256_IRQHandler                         
0000050b  BusFault_Handler                          
0000050b  COMP_E0_IRQHandler                        
0000050b  COMP_E1_IRQHandler                        
0000050b  CS_IRQHandler                             
0000050b  DMA_ERR_IRQHandler                        
0000050b  DMA_INT0_IRQHandler                       
0000050b  DMA_INT1_IRQHandler                       
0000050b  DMA_INT2_IRQHandler                       
0000050b  DMA_INT3_IRQHandler                       
0000050b  DebugMon_Handler                          
0000050b  Default_Handler                           
0000050b  EUSCIA0_IRQHandler                        
0000050b  EUSCIA1_IRQHandler                        
0000050b  EUSCIA2_IRQHandler                        
0000050b  EUSCIA3_IRQHandler                        
0000050b  EUSCIB0_IRQHandler                        
0000050b  EUSCIB1_IRQHandler                        
0000050b  EUSCIB2_IRQHandler                        
0000050b  EUSCIB3_IRQHandler                        
0000050b  FLCTL_IRQHandler                          
0000050b  FPU_IRQHandler                            
0000050b  HardFault_Handler                         
0000050b  MemManage_Handler                         
0000050b  NMI_Handler                               
0000050b  PCM_IRQHandler                            
0000050b  PORT1_IRQHandler                          
0000050b  PORT2_IRQHandler                          
0000050b  PORT3_IRQHandler                          
0000050b  PORT4_IRQHandler                          
0000050b  PORT5_IRQHandler                          
0000050b  PORT6_IRQHandler                          
0000050b  PSS_IRQHandler                            
0000050b  PendSV_Handler                            
0000050b  RTC_C_IRQHandler                          
0000050b  SVC_Handler                               
0000050b  SysTick_Handler                           
0000050b  T32_INT1_IRQHandler                       
0000050b  T32_INT2_IRQHandler                       
0000050b  T32_INTC_IRQHandler                       
0000050b  TA0_0_IRQHandler                          
0000050b  TA0_N_IRQHandler                          
0000050b  TA1_0_IRQHandler                          
0000050b  TA1_N_IRQHandler                          
0000050b  TA2_0_IRQHandler                          
0000050b  TA2_N_IRQHandler                          
0000050b  TA3_0_IRQHandler                          
0000050b  TA3_N_IRQHandler                          
0000050b  UsageFault_Handler                        
0000050b  WDT_A_IRQHandler                          
0000058d  CS_setDCOCenteredFrequency                
000005c1  UART_transmitData                         
00000625  _c_int00_noinit_noargs                    
00000651  WDT_A_holdTimer                           
00000675  I2C_disableInterrupt                      
0000068b  I2C_enableModule                          
000006a1  UART_enableModule                         
000006b7  I2C_setSlaveAddress                       
000006cb  strlen                                    
000006df  Reset_Handler                             
000006eb  _system_pre_init                          
000006ef  C$$EXIT                                   
000006ef  abort                                     
00000724  i2cConfig                                 
20000000  __start___llvm_prf_cnts                   
20000000  __stop___llvm_prf_cnts                    
2000fe00  __stack                                   
20010000  __STACK_END                               
4000480c  WDTCTL_SYM                                
ffffffff  __TI_pprof_out_hndl                       
ffffffff  __TI_prof_data_size                       
ffffffff  __TI_prof_data_start                      
ffffffff  __binit__                                 
ffffffff  __c_args__                                
ffffffff  binit                                     
UNDEFED   __mpu_init                                

[87 symbols]
