******************************************************************************
                  TI ARM Linker PC v20.2.4                     
******************************************************************************
>> Linked Wed Mar 31 13:41:34 2021

OUTPUT FILE NAME:   <MSP432_[not_done]FATFS_SDCard_convert_STM32_4.out>
ENTRY POINT SYMBOL: "_c_int00_noargs"  address: 000038d1


MEMORY CONFIGURATION

         name            origin    length      used     unused   attr    fill
----------------------  --------  ---------  --------  --------  ----  --------
  MAIN                  00000000   00040000  000040b4  0003bf4c  R  X
  INFO                  00200000   00004000  00000000  00004000  R  X
  SRAM_CODE             01000000   00010000  000006c6  0000f93a  RW X
  SRAM_DATA             20000000   00010000  000006c6  0000f93a  RW  


SEGMENT ALLOCATION MAP

run origin  load origin   length   init length attrs members
----------  ----------- ---------- ----------- ----- -------
00000000    00000000    000040b8   000040b8    r-x
  00000000    00000000    000000e4   000000e4    r-- .intvecs
  000000e4    000000e4    00003e18   00003e18    r-x .text
  00003efc    00003efc    00000178   00000178    r-- .const
  00004078    00004078    00000040   00000040    r-- .cinit
20000000    20000000    000004c7   00000000    rw-
  20000000    20000000    0000049f   00000000    rw- .bss
  200004a0    200004a0    00000027   00000000    rw- .data
2000fe00    2000fe00    00000200   00000000    rw-
  2000fe00    2000fe00    00000200   00000000    rw- .stack


SECTION ALLOCATION MAP

 output                                  attributes/
section   page    origin      length       input sections
--------  ----  ----------  ----------   ----------------
.intvecs   0    00000000    000000e4     
                  00000000    000000e4     startup_msp432p401r_ccs.obj (.intvecs:retain)

.text      0    000000e4    00003e18     
                  000000e4    00000a4e     rtsv7M4_T_le_v4SPD16_eabi.lib : _printfi.c.obj (.text:__TI_printfi)
                  00000b32    00000002     startup_msp432p401r_ccs.obj (.text:Default_Handler)
                  00000b34    00000570     ff.obj (.text:find_volume)
                  000010a4    00000270     rtsv7M4_T_le_v4SPD16_eabi.lib : _printfi.c.obj (.text:_pconv_a)
                  00001314    00000200     fatfs_sd.obj (.text:SD_disk_ioctl)
                  00001514    000001d0     rtsv7M4_T_le_v4SPD16_eabi.lib : _printfi.c.obj (.text:_pconv_g)
                  000016e4    000001b6                                   : fd_add_t2.asm.obj (.text)
                  0000189a    00000002                                   : div0.asm.obj (.text)
                  0000189c    000001a4     fatfs_sd.obj (.text:SD_disk_initialize)
                  00001a40    0000016c     main.obj (.text:main)
                  00001bac    0000013c     rtsv7M4_T_le_v4SPD16_eabi.lib : _printfi.c.obj (.text:_pconv_e)
                  00001ce8    00000136                                   : fd_div_t2.asm.obj (.text)
                  00001e1e    00000002     --HOLE-- [fill = 0]
                  00001e20    00000124                                   : _printfi.c.obj (.text:fcvt)
                  00001f44    0000011c     msp432p4xx_driverlib.lib : uart.o (.text:UART_initModule)
                  00002060    00000110     rtsv7M4_T_le_v4SPD16_eabi.lib : s_scalbn.c.obj (.text:scalbn)
                  00002170    00000104     msp432p4xx_driverlib.lib : cs.o (.text:_CSComputeCLKFrequency)
                  00002274    000000fd     fatfs_sd.obj (.text:SD_SendCmd)
                  00002371    00000001     --HOLE-- [fill = 0]
                  00002372    000000fc     rtsv7M4_T_le_v4SPD16_eabi.lib : fd_mul_t2.asm.obj (.text)
                  0000246e    00000002     --HOLE-- [fill = 0]
                  00002470    000000f8     msp432p4xx_driverlib.lib : cs.o (.text:CS_getDCOFrequency)
                  00002568    000000d4     fatfs_sd.obj (.text:SD_disk_write)
                  0000263c    000000b1     rtsv7M4_T_le_v4SPD16_eabi.lib : _printfi.c.obj (.text:_ltostr)
                  000026ed    00000001     --HOLE-- [fill = 0]
                  000026ee    000000b0     msp432p4xx_driverlib.lib : spi.o (.text:SPI_initMaster)
                  0000279e    00000002     --HOLE-- [fill = 0]
                  000027a0    000000b0     ff.obj (.text:check_fs)
                  00002850    000000ac     fatfs_sd.obj (.text:SD_disk_read)
                  000028fc    000000a9     fatfs_sd.obj (.text:SD_TxDataBlock)
                  000029a5    00000001     --HOLE-- [fill = 0]
                  000029a6    0000009c     rtsv7M4_T_le_v4SPD16_eabi.lib : memcpy_t2.asm.obj (.text)
                  00002a42    00000096                                   : ull_div_t2.asm.obj (.text)
                  00002ad8    00000094     msp432p4xx_driverlib.lib : sysctl_a.o (.text:SysCtl_A_getTLVInfo)
                  00002b6c    00000094     ff.obj (.text:sync_window)
                  00002c00    0000008c     fatfs_sd.obj (.text:SD_PowerOn)
                  00002c8c    00000088     ff_gen_drv.obj (.text:FATFS_LinkDriverEx)
                  00002d14    00000088     msp432p4xx_driverlib.lib : gpio.o (.text:GPIO_setAsPeripheralModuleFunctionInputPin)
                  00002d9c    00000086     rtsv7M4_T_le_v4SPD16_eabi.lib : fd_cmp_t2.asm.obj (.text:__aeabi_cdcmple)
                  00002e22    00000086                                   : fd_cmp_t2.asm.obj (.text:__aeabi_cdrcmple)
                  00002ea8    00000080     ff.obj (.text:f_mount)
                  00002f28    0000007c     msp432p4xx_driverlib.lib : cs.o (.text:_CSGetDOCFrequency)
                  00002fa4    0000007a     ff.obj (.text:get_ldnumber)
                  0000301e    0000007a     rtsv7M4_T_le_v4SPD16_eabi.lib : memset_t2.asm.obj (.text)
                  00003098    00000078     system_msp432p401r.obj (.text:SystemInit)
                  00003110    0000006e     rtsv7M4_T_le_v4SPD16_eabi.lib : _printfi.c.obj (.text:_mcpy)
                  0000317e    00000002     --HOLE-- [fill = 0]
                  00003180    00000068     msp432p4xx_driverlib.lib : timer32.o (.text:Timer32_initModule)
                  000031e8    00000068     rtsv7M4_T_le_v4SPD16_eabi.lib : copy_decompress_lzss.c.obj (.text:decompress:lzss:__TI_decompress_lzss)
                  00003250    00000064                                   : s_frexp.c.obj (.text:frexp)
                  000032b4    00000062     msp432p4xx_driverlib.lib : cs.o (.text:_CSGetDividerValue)
                  00003316    00000056     rtsv7M4_T_le_v4SPD16_eabi.lib : _printfi.c.obj (.text:_pconv_f)
                  0000336c    00000054     fatfs_sd.obj (.text:SD_RxDataBlock)
                  000033c0    00000054     rtsv7M4_T_le_v4SPD16_eabi.lib : _ltoa.c.obj (.text:__TI_ltoa)
                  00003414    00000054     ff.obj (.text:move_window)
                  00003468    00000052     rtsv7M4_T_le_v4SPD16_eabi.lib : _printfi.c.obj (.text:_ecpy)
                  000034ba    00000002     --HOLE-- [fill = 0]
                  000034bc    00000050     diskio.obj (.text:disk_initialize)
                  0000350c    0000004c     rtsv7M4_T_le_v4SPD16_eabi.lib : atoi.c.obj (.text:atoi)
                  00003558    00000048                                   : fd_toi_t2.asm.obj (.text)
                  000035a0    00000044     fatfs_sd.obj (.text:SPI_TxBuffer)
                  000035e4    00000044     rtsv7M4_T_le_v4SPD16_eabi.lib : autoinit.c.obj (.text:__TI_auto_init_nobinit_nopinit:__TI_auto_init_nobinit_nopinit)
                  00003628    00000044     ff.obj (.text:clear_lock)
                  0000366c    00000040     msp432p4xx_driverlib.lib : gpio.o (.text:GPIO_setAsOutputPin)
                  000036ac    00000040     SysTick.obj (.text:SysTick_Handler)
                  000036ec    00000040     diskio.obj (.text:disk_read)
                  0000372c    00000040     diskio.obj (.text:disk_write)
                  0000376c    00000040     msp432p4xx_driverlib.lib : spi.o (.text:is_A_Module)
                  000037ac    00000040     rtsv7M4_T_le_v4SPD16_eabi.lib : sprintf.c.obj (.text:sprintf)
                  000037ec    0000003e                                   : _printfi.c.obj (.text:_fcpy)
                  0000382a    00000002     --HOLE-- [fill = 0]
                  0000382c    0000003c     diskio.obj (.text:disk_ioctl)
                  00003868    00000034     msp432p4xx_driverlib.lib : cs.o (.text:CS_setDCOCenteredFrequency)
                  0000389c    00000034                              : uart.o (.text:UART_transmitData)
                  000038d0    00000034     rtsv7M4_T_le_v4SPD16_eabi.lib : boot_cortex_m.c.obj (.text:_c_int00_noargs:_c_int00_noargs)
                  00003904    00000030     msp432p4xx_driverlib.lib : cs.o (.text:CS_clearInterruptFlag)
                  00003934    00000030     fatfs_sd.obj (.text:SPI_RxByte)
                  00003964    00000030     diskio.obj (.text:disk_status)
                  00003994    00000030     UART_Transmit.obj (.text:print_uart)
                  000039c4    0000002e     rtsv7M4_T_le_v4SPD16_eabi.lib : i_tofd_t2.asm.obj (.text)
                  000039f2    00000002     --HOLE-- [fill = 0]
                  000039f4    0000002c     SysTick.obj (.text:SDTimer_Handler)
                  00003a20    0000002c     fatfs_sd.obj (.text:SD_ReadyWait)
                  00003a4c    00000028     msp432p4xx_driverlib.lib : cs.o (.text:CS_getMCLK)
                  00003a74    00000028                              : cs.o (.text:CS_getSMCLK)
                  00003a9c    00000028                              : gpio.o (.text:GPIO_setOutputHighOnPin)
                  00003ac4    00000028                              : gpio.o (.text:GPIO_setOutputLowOnPin)
                  00003aec    00000026                              : spi.o (.text:SPI_transmitData)
                  00003b12    00000024     SysTick.obj (.text:SysTick_Init)
                  00003b36    00000002     --HOLE-- [fill = 0]
                  00003b38    00000024     msp432p4xx_driverlib.lib : wdt_a.o (.text:WDT_A_holdTimer)
                  00003b5c    00000022     user_diskio.obj (.text:USER_read)
                  00003b7e    00000022     user_diskio.obj (.text:USER_write)
                  00003ba0    00000020     fatfs_sd.obj (.text:SD_disk_status)
                  00003bc0    00000020     fatfs_sd.obj (.text:SPI_TxByte)
                  00003be0    0000001e     SysTick.obj (.text:SysTick_Delay)
                  00003bfe    00000002     --HOLE-- [fill = 0]
                  00003c00    0000001c     msp432p4xx_driverlib.lib : spi.o (.text:EUSCI_A_SPI_isBusy)
                  00003c1c    0000001c                              : spi.o (.text:EUSCI_B_SPI_isBusy)
                  00003c38    0000001c     fatfs.obj (.text:MX_FATFS_Init)
                  00003c54    0000001c     msp432p4xx_driverlib.lib : spi.o (.text:SPI_enableModule)
                  00003c70    0000001c                              : spi.o (.text:SPI_isBusy)
                  00003c8c    0000001c                              : spi.o (.text:SPI_receiveData)
                  00003ca8    0000001c     user_diskio.obj (.text:USER_ioctl)
                  00003cc4    0000001c     rtsv7M4_T_le_v4SPD16_eabi.lib : memccpy.c.obj (.text:memccpy)
                  00003ce0    0000001a                                   : s_copysign.c.obj (.text:copysign)
                  00003cfa    00000002     --HOLE-- [fill = 0]
                  00003cfc    00000018     msp432p4xx_driverlib.lib : systick.o (.text:SysTick_setPeriod)
                  00003d14    00000018     rtsv7M4_T_le_v4SPD16_eabi.lib : sprintf.c.obj (.text:_outs)
                  00003d2c    00000016     msp432p4xx_driverlib.lib : spi.o (.text:EUSCI_A_SPI_enable)
                  00003d42    00000016                              : spi.o (.text:EUSCI_A_SPI_transmitData)
                  00003d58    00000016                              : spi.o (.text:EUSCI_B_SPI_enable)
                  00003d6e    00000016                              : spi.o (.text:EUSCI_B_SPI_transmitData)
                  00003d84    00000016                              : uart.o (.text:UART_enableModule)
                  00003d9a    00000016     rtsv7M4_T_le_v4SPD16_eabi.lib : strchr.c.obj (.text:strchr)
                  00003db0    00000014                                   : strlen.c.obj (.text:strlen)
                  00003dc4    00000012     fatfs_sd.obj (.text:DESELECT)
                  00003dd6    00000012     ff_gen_drv.obj (.text:FATFS_LinkDriver)
                  00003de8    00000012     fatfs_sd.obj (.text:SELECT)
                  00003dfa    00000012     rtsv7M4_T_le_v4SPD16_eabi.lib : wcslen.c.obj (.text:wcslen)
                  00003e0c    00000010     msp432p4xx_driverlib.lib : spi.o (.text:EUSCI_A_SPI_receiveData)
                  00003e1c    00000010                              : spi.o (.text:EUSCI_B_SPI_receiveData)
                  00003e2c    00000010                              : interrupt.o (.text:Interrupt_enableMaster)
                  00003e3c    00000010                              : systick.o (.text:SysTick_enableInterrupt)
                  00003e4c    00000010                              : systick.o (.text:SysTick_enableModule)
                  00003e5c    00000010     user_diskio.obj (.text:USER_initialize)
                  00003e6c    00000010     user_diskio.obj (.text:USER_status)
                  00003e7c    0000000e     fatfs_sd.obj (.text:SPI_RxBytePtr)
                  00003e8a    0000000e     rtsv7M4_T_le_v4SPD16_eabi.lib : copy_decompress_none.c.obj (.text:decompress:none:__TI_decompress_none)
                  00003e98    0000000c     msp432p4xx_driverlib.lib : cpu.o (.text:CPU_cpsie)
                  00003ea4    0000000c     startup_msp432p401r_ccs.obj (.text:Reset_Handler)
                  00003eb0    0000000c     fatfs_sd.obj (.text:SD_CheckPower)
                  00003ebc    0000000c     fatfs_sd.obj (.text:SD_PowerOff)
                  00003ec8    0000000c     SysTick.obj (.text:SysTick_GetTick)
                  00003ed4    0000000c     rtsv7M4_T_le_v4SPD16_eabi.lib : copy_zero_init.c.obj (.text:decompress:ZI:__TI_zero_init)
                  00003ee0    0000000a                                   : sprintf.c.obj (.text:_outc)
                  00003eea    00000002     --HOLE-- [fill = 0]
                  00003eec    00000008                                   : errno.c.obj (.text:__aeabi_errno_addr)
                  00003ef4    00000004                                   : pre_init.c.obj (.text:_system_pre_init)
                  00003ef8    00000004                                   : exit.c.obj (.text:abort:abort)

.const     0    00003efc    00000178     
                  00003efc    00000101     rtsv7M4_T_le_v4SPD16_eabi.lib : ctype.c.obj (.const:.string:_ctypes_)
                  00003ffd    00000003     --HOLE-- [fill = 0]
                  00004000    00000030     msp432p4xx_driverlib.lib : gpio.o (.const:GPIO_PORT_TO_BASE)
                  00004030    00000028     main.obj (.const:uartConfig)
                  00004058    0000001c     main.obj (.const:spiMasterConfig)

.cinit     0    00004078    00000040     
                  00004078    0000001c     (.cinit..data.load) [load image, compression = lzss]
                  00004094    0000000c     (__TI_handler_table)
                  000040a0    00000008     (.cinit..bss.load) [load image, compression = zero_init]
                  000040a8    00000010     (__TI_cinit_table)

.init_array 
*          0    00000000    00000000     UNINITIALIZED

.binit     0    00000000    00000000     

.bss       0    20000000    0000049f     UNINITIALIZED
                  20000000    00000430     (.common:fs)
                  20000430    00000034     (.common:msg)
                  20000464    00000018     ff.obj (.bss:Files)
                  2000047c    00000008     main.obj (.bss)
                  20000484    00000008     msp432p4xx_driverlib.lib : cs.o (.bss)
                  2000048c    00000004     ff.obj (.bss:FatFs)
                  20000490    00000004     (.common:USERPath)
                  20000494    00000004     (.common:uwTick)
                  20000498    00000002     ff.obj (.bss)
                  2000049a    00000001     fatfs_sd.obj (.bss)
                  2000049b    00000001     (.common:Timer1)
                  2000049c    00000001     (.common:Timer2)
                  2000049d    00000001     (.common:fresult)
                  2000049e    00000001     (.common:retUSER)

.data      0    200004a0    00000027     UNINITIALIZED
                  200004a0    00000014     user_diskio.obj (.data:USER_Driver)
                  200004b4    0000000c     ff_gen_drv.obj (.data:disk)
                  200004c0    00000004     rtsv7M4_T_le_v4SPD16_eabi.lib : errno.c.obj (.data)
                  200004c4    00000002     fatfs_sd.obj (.data)
                  200004c6    00000001     SysTick.obj (.data)

.stack     0    2000fe00    00000200     UNINITIALIZED
                  2000fe00    00000004     rtsv7M4_T_le_v4SPD16_eabi.lib : boot_cortex_m.c.obj (.stack)
                  2000fe04    000001fc     --HOLE--

__llvm_prf_cnts 
*          0    20000000    00000000     UNINITIALIZED

MODULE SUMMARY

       Module                        code    ro data   rw data
       ------                        ----    -------   -------
    .\
       main.obj                      364     68        2266   
       fatfs_sd.obj                  2260    0         6      
       SysTick.obj                   186     0         14     
       system_msp432p401r.obj        120     0         0      
       UART_Transmit.obj             48      0         0      
    +--+-----------------------------+-------+---------+---------+
       Total:                        2978    68        2286   
                                                              
    .\FATFS\App\
       fatfs.obj                     28      0         10     
    +--+-----------------------------+-------+---------+---------+
       Total:                        28      0         10     
                                                              
    .\FATFS\Target\
       user_diskio.obj               128     0         40     
    +--+-----------------------------+-------+---------+---------+
       Total:                        128     0         40     
                                                              
    .\Middlewares\Third_Party\FatFs\src\
       ff.obj                        2118    0         60     
       diskio.obj                    316     0         0      
       ff_gen_drv.obj                154     0         24     
    +--+-----------------------------+-------+---------+---------+
       Total:                        2588    0         84     
                                                              
    .\ccs\
       startup_msp432p401r_ccs.obj   14      228       0      
    +--+-----------------------------+-------+---------+---------+
       Total:                        14      228       0      
                                                              
    C:/ti/simplelink_msp432p4_sdk_3_40_01_02/source/ti/devices/msp432p4xx/driverlib/ccs/msp432p4xx_driverlib.lib
       cs.o                          910     0         16     
       spi.o                         538     0         0      
       uart.o                        358     0         0      
       gpio.o                        280     48        0      
       sysctl_a.o                    148     0         0      
       timer32.o                     104     0         0      
       systick.o                     56      0         0      
       wdt_a.o                       36      0         0      
       interrupt.o                   16      0         0      
       cpu.o                         12      0         0      
    +--+-----------------------------+-------+---------+---------+
       Total:                        2458    48        16     
                                                              
    C:\ti\ccs1011\ccs\tools\compiler\ti-cgt-arm_20.2.4.LTS\lib\rtsv7M4_T_le_v4SPD16_eabi.lib
       _printfi.c.obj                4851    0         0      
       fd_add_t2.asm.obj             438     0         0      
       fd_div_t2.asm.obj             310     0         0      
       s_scalbn.c.obj                272     0         0      
       fd_cmp_t2.asm.obj             268     0         0      
       ctype.c.obj                   0       257       0      
       fd_mul_t2.asm.obj             252     0         0      
       memcpy_t2.asm.obj             156     0         0      
       ull_div_t2.asm.obj            150     0         0      
       memset_t2.asm.obj             122     0         0      
       copy_decompress_lzss.c.obj    104     0         0      
       s_frexp.c.obj                 100     0         0      
       sprintf.c.obj                 98      0         0      
       _ltoa.c.obj                   84      0         0      
       atoi.c.obj                    76      0         0      
       fd_toi_t2.asm.obj             72      0         0      
       autoinit.c.obj                68      0         0      
       boot_cortex_m.c.obj           52      0         0      
       i_tofd_t2.asm.obj             46      0         0      
       memccpy.c.obj                 28      0         0      
       s_copysign.c.obj              26      0         0      
       strchr.c.obj                  22      0         0      
       strlen.c.obj                  20      0         0      
       wcslen.c.obj                  18      0         0      
       errno.c.obj                   8       0         8      
       copy_decompress_none.c.obj    14      0         0      
       copy_zero_init.c.obj          12      0         0      
       exit.c.obj                    4       0         0      
       pre_init.c.obj                4       0         0      
       div0.asm.obj                  2       0         0      
    +--+-----------------------------+-------+---------+---------+
       Total:                        7677    257       8      
                                                              
       Stack:                        0       0         1024   
       Linker Generated:             0       64        0      
    +--+-----------------------------+-------+---------+---------+
       Grand Total:                  15871   665       3468   


LINKER GENERATED COPY TABLES

__TI_cinit_table @ 000040a8 records: 2, size/record: 8, table size: 16
	.data: load addr=00004078, load size=0000001c bytes, run addr=200004a0, run size=00000027 bytes, compression=lzss
	.bss: load addr=000040a0, load size=00000008 bytes, run addr=20000000, run size=0000049f bytes, compression=zero_init


LINKER GENERATED HANDLER TABLE

__TI_handler_table @ 00004094 records: 3, size/record: 4, table size: 12
	index: 0, handler: __TI_decompress_lzss
	index: 1, handler: __TI_decompress_none
	index: 2, handler: __TI_zero_init


GLOBAL SYMBOLS: SORTED ALPHABETICALLY BY Name 

address   name                                      
-------   ----                                      
00000b33  ADC14_IRQHandler                          
00000b33  AES256_IRQHandler                         
00000b33  BusFault_Handler                          
00003ef9  C$$EXIT                                   
00000b33  COMP_E0_IRQHandler                        
00000b33  COMP_E1_IRQHandler                        
00003e99  CPU_cpsie                                 
00000b33  CS_IRQHandler                             
00003905  CS_clearInterruptFlag                     
00002471  CS_getDCOFrequency                        
00003a4d  CS_getMCLK                                
00003a75  CS_getSMCLK                               
00003869  CS_setDCOCenteredFrequency                
00000b33  DMA_ERR_IRQHandler                        
00000b33  DMA_INT0_IRQHandler                       
00000b33  DMA_INT1_IRQHandler                       
00000b33  DMA_INT2_IRQHandler                       
00000b33  DMA_INT3_IRQHandler                       
00000b33  DebugMon_Handler                          
00000b33  Default_Handler                           
00000b33  EUSCIA0_IRQHandler                        
00000b33  EUSCIA1_IRQHandler                        
00000b33  EUSCIA2_IRQHandler                        
00000b33  EUSCIA3_IRQHandler                        
00000b33  EUSCIB0_IRQHandler                        
00000b33  EUSCIB1_IRQHandler                        
00000b33  EUSCIB2_IRQHandler                        
00000b33  EUSCIB3_IRQHandler                        
00003d2d  EUSCI_A_SPI_enable                        
00003c01  EUSCI_A_SPI_isBusy                        
00003e0d  EUSCI_A_SPI_receiveData                   
00003d43  EUSCI_A_SPI_transmitData                  
00003d59  EUSCI_B_SPI_enable                        
00003c1d  EUSCI_B_SPI_isBusy                        
00003e1d  EUSCI_B_SPI_receiveData                   
00003d6f  EUSCI_B_SPI_transmitData                  
00003dd7  FATFS_LinkDriver                          
00002c8d  FATFS_LinkDriverEx                        
00000b33  FLCTL_IRQHandler                          
00000b33  FPU_IRQHandler                            
200004c6  FatFsCnt                                  
0000366d  GPIO_setAsOutputPin                       
00002d15  GPIO_setAsPeripheralModuleFunctionInputPin
00003a9d  GPIO_setOutputHighOnPin                   
00003ac5  GPIO_setOutputLowOnPin                    
00000b33  HardFault_Handler                         
00003e2d  Interrupt_enableMaster                    
00003c39  MX_FATFS_Init                             
00000b33  MemManage_Handler                         
00000b33  NMI_Handler                               
00000b33  PCM_IRQHandler                            
00000b33  PORT1_IRQHandler                          
00000b33  PORT2_IRQHandler                          
00000b33  PORT3_IRQHandler                          
00000b33  PORT4_IRQHandler                          
00000b33  PORT5_IRQHandler                          
00000b33  PORT6_IRQHandler                          
00000b33  PSS_IRQHandler                            
00000b33  PendSV_Handler                            
00000b33  RTC_C_IRQHandler                          
00003ea5  Reset_Handler                             
000039f5  SDTimer_Handler                           
0000189d  SD_disk_initialize                        
00001315  SD_disk_ioctl                             
00002851  SD_disk_read                              
00003ba1  SD_disk_status                            
00002569  SD_disk_write                             
00003c55  SPI_enableModule                          
000026ef  SPI_initMaster                            
00003c71  SPI_isBusy                                
00003c8d  SPI_receiveData                           
00003aed  SPI_transmitData                          
00000b33  SVC_Handler                               
00002ad9  SysCtl_A_getTLVInfo                       
00003be1  SysTick_Delay                             
00003ec9  SysTick_GetTick                           
000036ad  SysTick_Handler                           
000036ad  SysTick_Handler                           
00003b13  SysTick_Init                              
00003e3d  SysTick_enableInterrupt                   
00003e4d  SysTick_enableModule                      
00003cfd  SysTick_setPeriod                         
00003099  SystemInit                                
00000b33  T32_INT1_IRQHandler                       
00000b33  T32_INT2_IRQHandler                       
00000b33  T32_INTC_IRQHandler                       
00000b33  TA0_0_IRQHandler                          
00000b33  TA0_N_IRQHandler                          
00000b33  TA1_0_IRQHandler                          
00000b33  TA1_N_IRQHandler                          
00000b33  TA2_0_IRQHandler                          
00000b33  TA2_N_IRQHandler                          
00000b33  TA3_0_IRQHandler                          
00000b33  TA3_N_IRQHandler                          
2000049b  Timer1                                    
2000049c  Timer2                                    
00003181  Timer32_initModule                        
00003d85  UART_enableModule                         
00001f45  UART_initModule                           
0000389d  UART_transmitData                         
20000490  USERPath                                  
200004a0  USER_Driver                               
00003e5d  USER_initialize                           
00003ca9  USER_ioctl                                
00003b5d  USER_read                                 
00003e6d  USER_status                               
00003b7f  USER_write                                
00000b33  UsageFault_Handler                        
4000480c  WDTCTL_SYM                                
00000b33  WDT_A_IRQHandler                          
00003b39  WDT_A_holdTimer                           
20010000  __STACK_END                               
00000200  __STACK_SIZE                              
000040a8  __TI_CINIT_Base                           
000040b8  __TI_CINIT_Limit                          
00004094  __TI_Handler_Table_Base                   
000040a0  __TI_Handler_Table_Limit                  
000035e5  __TI_auto_init_nobinit_nopinit            
000031e9  __TI_decompress_lzss                      
00003e8b  __TI_decompress_none                      
000033c1  __TI_ltoa                                 
ffffffff  __TI_pprof_out_hndl                       
000000e5  __TI_printfi                              
ffffffff  __TI_prof_data_size                       
ffffffff  __TI_prof_data_start                      
00000000  __TI_static_base__                        
00003ed5  __TI_zero_init                            
00002d9d  __aeabi_cdcmpeq                           
00002d9d  __aeabi_cdcmple                           
00002e23  __aeabi_cdrcmple                          
00003559  __aeabi_d2iz                              
000016ef  __aeabi_dadd                              
00001ce9  __aeabi_ddiv                              
00002373  __aeabi_dmul                              
000016e5  __aeabi_dsub                              
00003eed  __aeabi_errno_addr                        
000039c5  __aeabi_i2d                               
0000189b  __aeabi_idiv0                             
0000189b  __aeabi_ldiv0                             
0000301f  __aeabi_memclr                            
0000301f  __aeabi_memclr4                           
0000301f  __aeabi_memclr8                           
000029a7  __aeabi_memcpy                            
000029a7  __aeabi_memcpy4                           
000029a7  __aeabi_memcpy8                           
00003021  __aeabi_memset                            
00003021  __aeabi_memset4                           
00003021  __aeabi_memset8                           
00002a43  __aeabi_uldivmod                          
ffffffff  __binit__                                 
ffffffff  __c_args__                                
UNDEFED   __mpu_init                                
2000fe00  __stack                                   
20000000  __start___llvm_prf_cnts                   
20000000  __stop___llvm_prf_cnts                    
000038d1  _c_int00_noargs                           
00003efc  _ctypes_                                  
UNDEFED   _system_post_cinit                        
00003ef5  _system_pre_init                          
00003ef9  abort                                     
0000350d  atoi                                      
ffffffff  binit                                     
00003ce1  copysign                                  
00003ce1  copysignl                                 
200004b4  disk                                      
000034bd  disk_initialize                           
0000382d  disk_ioctl                                
000036ed  disk_read                                 
00003965  disk_status                               
0000372d  disk_write                                
200004c0  errno                                     
00002ea9  f_mount                                   
2000049d  fresult                                   
00003251  frexp                                     
00003251  frexpl                                    
20000000  fs                                        
00000000  interruptVectors                          
00002061  ldexp                                     
00002061  ldexpl                                    
00001a41  main                                      
00003cc5  memccpy                                   
000029a7  memcpy                                    
00003027  memset                                    
20000430  msg                                       
00003995  print_uart                                
2000049e  retUSER                                   
00002061  scalbn                                    
00002061  scalbnl                                   
00004058  spiMasterConfig                           
000037ad  sprintf                                   
00003d9b  strchr                                    
00003db1  strlen                                    
00004030  uartConfig                                
20000494  uwTick                                    
00003dfb  wcslen                                    


GLOBAL SYMBOLS: SORTED BY Symbol Address 

address   name                                      
-------   ----                                      
00000000  __TI_static_base__                        
00000000  interruptVectors                          
000000e5  __TI_printfi                              
00000200  __STACK_SIZE                              
00000b33  ADC14_IRQHandler                          
00000b33  AES256_IRQHandler                         
00000b33  BusFault_Handler                          
00000b33  COMP_E0_IRQHandler                        
00000b33  COMP_E1_IRQHandler                        
00000b33  CS_IRQHandler                             
00000b33  DMA_ERR_IRQHandler                        
00000b33  DMA_INT0_IRQHandler                       
00000b33  DMA_INT1_IRQHandler                       
00000b33  DMA_INT2_IRQHandler                       
00000b33  DMA_INT3_IRQHandler                       
00000b33  DebugMon_Handler                          
00000b33  Default_Handler                           
00000b33  EUSCIA0_IRQHandler                        
00000b33  EUSCIA1_IRQHandler                        
00000b33  EUSCIA2_IRQHandler                        
00000b33  EUSCIA3_IRQHandler                        
00000b33  EUSCIB0_IRQHandler                        
00000b33  EUSCIB1_IRQHandler                        
00000b33  EUSCIB2_IRQHandler                        
00000b33  EUSCIB3_IRQHandler                        
00000b33  FLCTL_IRQHandler                          
00000b33  FPU_IRQHandler                            
00000b33  HardFault_Handler                         
00000b33  MemManage_Handler                         
00000b33  NMI_Handler                               
00000b33  PCM_IRQHandler                            
00000b33  PORT1_IRQHandler                          
00000b33  PORT2_IRQHandler                          
00000b33  PORT3_IRQHandler                          
00000b33  PORT4_IRQHandler                          
00000b33  PORT5_IRQHandler                          
00000b33  PORT6_IRQHandler                          
00000b33  PSS_IRQHandler                            
00000b33  PendSV_Handler                            
00000b33  RTC_C_IRQHandler                          
00000b33  SVC_Handler                               
00000b33  T32_INT1_IRQHandler                       
00000b33  T32_INT2_IRQHandler                       
00000b33  T32_INTC_IRQHandler                       
00000b33  TA0_0_IRQHandler                          
00000b33  TA0_N_IRQHandler                          
00000b33  TA1_0_IRQHandler                          
00000b33  TA1_N_IRQHandler                          
00000b33  TA2_0_IRQHandler                          
00000b33  TA2_N_IRQHandler                          
00000b33  TA3_0_IRQHandler                          
00000b33  TA3_N_IRQHandler                          
00000b33  UsageFault_Handler                        
00000b33  WDT_A_IRQHandler                          
00001315  SD_disk_ioctl                             
000016e5  __aeabi_dsub                              
000016ef  __aeabi_dadd                              
0000189b  __aeabi_idiv0                             
0000189b  __aeabi_ldiv0                             
0000189d  SD_disk_initialize                        
00001a41  main                                      
00001ce9  __aeabi_ddiv                              
00001f45  UART_initModule                           
00002061  ldexp                                     
00002061  ldexpl                                    
00002061  scalbn                                    
00002061  scalbnl                                   
00002373  __aeabi_dmul                              
00002471  CS_getDCOFrequency                        
00002569  SD_disk_write                             
000026ef  SPI_initMaster                            
00002851  SD_disk_read                              
000029a7  __aeabi_memcpy                            
000029a7  __aeabi_memcpy4                           
000029a7  __aeabi_memcpy8                           
000029a7  memcpy                                    
00002a43  __aeabi_uldivmod                          
00002ad9  SysCtl_A_getTLVInfo                       
00002c8d  FATFS_LinkDriverEx                        
00002d15  GPIO_setAsPeripheralModuleFunctionInputPin
00002d9d  __aeabi_cdcmpeq                           
00002d9d  __aeabi_cdcmple                           
00002e23  __aeabi_cdrcmple                          
00002ea9  f_mount                                   
0000301f  __aeabi_memclr                            
0000301f  __aeabi_memclr4                           
0000301f  __aeabi_memclr8                           
00003021  __aeabi_memset                            
00003021  __aeabi_memset4                           
00003021  __aeabi_memset8                           
00003027  memset                                    
00003099  SystemInit                                
00003181  Timer32_initModule                        
000031e9  __TI_decompress_lzss                      
00003251  frexp                                     
00003251  frexpl                                    
000033c1  __TI_ltoa                                 
000034bd  disk_initialize                           
0000350d  atoi                                      
00003559  __aeabi_d2iz                              
000035e5  __TI_auto_init_nobinit_nopinit            
0000366d  GPIO_setAsOutputPin                       
000036ad  SysTick_Handler                           
000036ad  SysTick_Handler                           
000036ed  disk_read                                 
0000372d  disk_write                                
000037ad  sprintf                                   
0000382d  disk_ioctl                                
00003869  CS_setDCOCenteredFrequency                
0000389d  UART_transmitData                         
000038d1  _c_int00_noargs                           
00003905  CS_clearInterruptFlag                     
00003965  disk_status                               
00003995  print_uart                                
000039c5  __aeabi_i2d                               
000039f5  SDTimer_Handler                           
00003a4d  CS_getMCLK                                
00003a75  CS_getSMCLK                               
00003a9d  GPIO_setOutputHighOnPin                   
00003ac5  GPIO_setOutputLowOnPin                    
00003aed  SPI_transmitData                          
00003b13  SysTick_Init                              
00003b39  WDT_A_holdTimer                           
00003b5d  USER_read                                 
00003b7f  USER_write                                
00003ba1  SD_disk_status                            
00003be1  SysTick_Delay                             
00003c01  EUSCI_A_SPI_isBusy                        
00003c1d  EUSCI_B_SPI_isBusy                        
00003c39  MX_FATFS_Init                             
00003c55  SPI_enableModule                          
00003c71  SPI_isBusy                                
00003c8d  SPI_receiveData                           
00003ca9  USER_ioctl                                
00003cc5  memccpy                                   
00003ce1  copysign                                  
00003ce1  copysignl                                 
00003cfd  SysTick_setPeriod                         
00003d2d  EUSCI_A_SPI_enable                        
00003d43  EUSCI_A_SPI_transmitData                  
00003d59  EUSCI_B_SPI_enable                        
00003d6f  EUSCI_B_SPI_transmitData                  
00003d85  UART_enableModule                         
00003d9b  strchr                                    
00003db1  strlen                                    
00003dd7  FATFS_LinkDriver                          
00003dfb  wcslen                                    
00003e0d  EUSCI_A_SPI_receiveData                   
00003e1d  EUSCI_B_SPI_receiveData                   
00003e2d  Interrupt_enableMaster                    
00003e3d  SysTick_enableInterrupt                   
00003e4d  SysTick_enableModule                      
00003e5d  USER_initialize                           
00003e6d  USER_status                               
00003e8b  __TI_decompress_none                      
00003e99  CPU_cpsie                                 
00003ea5  Reset_Handler                             
00003ec9  SysTick_GetTick                           
00003ed5  __TI_zero_init                            
00003eed  __aeabi_errno_addr                        
00003ef5  _system_pre_init                          
00003ef9  C$$EXIT                                   
00003ef9  abort                                     
00003efc  _ctypes_                                  
00004030  uartConfig                                
00004058  spiMasterConfig                           
00004094  __TI_Handler_Table_Base                   
000040a0  __TI_Handler_Table_Limit                  
000040a8  __TI_CINIT_Base                           
000040b8  __TI_CINIT_Limit                          
20000000  __start___llvm_prf_cnts                   
20000000  __stop___llvm_prf_cnts                    
20000000  fs                                        
20000430  msg                                       
20000490  USERPath                                  
20000494  uwTick                                    
2000049b  Timer1                                    
2000049c  Timer2                                    
2000049d  fresult                                   
2000049e  retUSER                                   
200004a0  USER_Driver                               
200004b4  disk                                      
200004c0  errno                                     
200004c6  FatFsCnt                                  
2000fe00  __stack                                   
20010000  __STACK_END                               
4000480c  WDTCTL_SYM                                
ffffffff  __TI_pprof_out_hndl                       
ffffffff  __TI_prof_data_size                       
ffffffff  __TI_prof_data_start                      
ffffffff  __binit__                                 
ffffffff  __c_args__                                
ffffffff  binit                                     
UNDEFED   __mpu_init                                
UNDEFED   _system_post_cinit                        

[195 symbols]
