******************************************************************************
                  TI ARM Linker PC v20.2.4                     
******************************************************************************
>> Linked Wed Jan 13 12:20:27 2021

OUTPUT FILE NAME:   <[not done]uart_master_i2c_cs811.out>
ENTRY POINT SYMBOL: "_c_int00_noinit_noargs"  address: 000005c9


MEMORY CONFIGURATION

         name            origin    length      used     unused   attr    fill
----------------------  --------  ---------  --------  --------  ----  --------
  MAIN                  00000000   00040000  0000071e  0003f8e2  R  X
  INFO                  00200000   00004000  00000000  00004000  R  X
  SRAM_CODE             01000000   00010000  00000200  0000fe00  RW X
  SRAM_DATA             20000000   00010000  00000200  0000fe00  RW  


SEGMENT ALLOCATION MAP

run origin  load origin   length   init length attrs members
----------  ----------- ---------- ----------- ----- -------
00000000    00000000    00000724   00000724    r-x
  00000000    00000000    000000e4   000000e4    r-- .intvecs
  000000e8    000000e8    000005f2   000005f2    r-x .text
  000006dc    000006dc    00000048   00000048    r-- .const
2000fe00    2000fe00    00000200   00000000    rw-
  2000fe00    2000fe00    00000200   00000000    rw- .stack


SECTION ALLOCATION MAP

 output                                  attributes/
section   page    origin      length       input sections
--------  ----  ----------  ----------   ----------------
.intvecs   0    00000000    000000e4     
                  00000000    000000e4     startup_msp432p401r_ccs.obj (.intvecs:retain)

.text      0    000000e8    000005f2     
                  000000e8    0000011c     msp432p4xx_driverlib.lib : uart.o (.text:UART_initModule)
                  00000204    00000004     rtsv7M4_T_le_v4SPD16_eabi.lib : pre_init.c.obj (.text:_system_pre_init)
                  00000208    000000a0     system_msp432p401r.obj (.text:SystemInit)
                  000002a8    00000088     msp432p4xx_driverlib.lib : gpio.o (.text:GPIO_setAsPeripheralModuleFunctionInputPin)
                  00000330    00000084                              : i2c.o (.text:I2C_masterSendSingleByte)
                  000003b4    00000004     rtsv7M4_T_le_v4SPD16_eabi.lib : exit.c.obj (.text:abort:abort)
                  000003b8    0000006e     ccs811.obj (.text:write)
                  00000426    00000062     msp432p4xx_driverlib.lib : i2c.o (.text:I2C_initMaster)
                  00000488    0000005a     main.obj (.text:main)
                  000004e2    00000006     --HOLE-- [fill = 0]
                  000004e8    00000040     main.obj (.text:config_uart)
                  00000528    00000038     msp432p4xx_driverlib.lib : i2c.o (.text:I2C_masterSendMultiByteStop)
                  00000560    00000034                              : cs.o (.text:CS_setDCOCenteredFrequency)
                  00000594    00000034                              : i2c.o (.text:I2C_masterSendMultiByteNext)
                  000005c8    0000002c     rtsv7M4_T_le_v4SPD16_eabi.lib : boot_cortex_m.c.obj (.text:_c_int00_noinit_noargs:_c_int00_noinit_noargs)
                  000005f4    00000004     --HOLE-- [fill = 0]
                  000005f8    0000002c     main.obj (.text:config_i2c)
                  00000624    00000024     msp432p4xx_driverlib.lib : wdt_a.o (.text:WDT_A_holdTimer)
                  00000648    0000001a     ccs811.obj (.text:sw_reset)
                  00000662    00000002     --HOLE-- [fill = 0]
                  00000664    00000018     msp432p4xx_driverlib.lib : i2c.o (.text:I2C_masterSendStart)
                  0000067c    00000016                              : i2c.o (.text:I2C_enableModule)
                  00000692    00000016                              : uart.o (.text:UART_enableModule)
                  000006a8    00000014                              : i2c.o (.text:I2C_setSlaveAddress)
                  000006bc    00000004     --HOLE-- [fill = 0]
                  000006c0    0000000c     startup_msp432p401r_ccs.obj (.text:Reset_Handler)
                  000006cc    00000004     --HOLE-- [fill = 0]
                  000006d0    00000008     ccs811.obj (.text:ccs811_begin)
                  000006d8    00000002     startup_msp432p401r_ccs.obj (.text:Default_Handler)

.const     0    000006dc    00000048     
                  000006dc    00000030     msp432p4xx_driverlib.lib : gpio.o (.const:GPIO_PORT_TO_BASE)
                  0000070c    00000014     main.obj (.const:$P$T0$1)
                  00000720    00000004     ccs811.obj (.const:.string:$P$T0$1)

.cinit     0    00000000    00000000     UNINITIALIZED

.init_array 
*          0    00000000    00000000     UNINITIALIZED

.binit     0    00000000    00000000     

.stack     0    2000fe00    00000200     UNINITIALIZED
                  2000fe00    00000004     rtsv7M4_T_le_v4SPD16_eabi.lib : boot_cortex_m.c.obj (.stack)
                  2000fe04    000001fc     --HOLE--

__llvm_prf_cnts 
*          0    20000000    00000000     UNINITIALIZED

MODULE SUMMARY

       Module                        code   ro data   rw data
       ------                        ----   -------   -------
    .\
       main.obj                      198    20        0      
       system_msp432p401r.obj        160    0         0      
    +--+-----------------------------+------+---------+---------+
       Total:                        358    20        0      
                                                             
    .\ccs\
       startup_msp432p401r_ccs.obj   14     228       0      
    +--+-----------------------------+------+---------+---------+
       Total:                        14     228       0      
                                                             
    .\lib\
       ccs811.obj                    144    4         0      
    +--+-----------------------------+------+---------+---------+
       Total:                        144    4         0      
                                                             
    C:/ti/simplelink_msp432p4_sdk_3_40_01_02/source/ti/devices/msp432p4xx/driverlib/ccs/msp432p4xx_driverlib.lib
       i2c.o                         404    0         0      
       uart.o                        306    0         0      
       gpio.o                        136    48        0      
       cs.o                          52     0         0      
       wdt_a.o                       36     0         0      
    +--+-----------------------------+------+---------+---------+
       Total:                        934    48        0      
                                                             
    C:\ti\ccs1011\ccs\tools\compiler\ti-cgt-arm_20.2.4.LTS\lib\rtsv7M4_T_le_v4SPD16_eabi.lib
       boot_cortex_m.c.obj           44     0         0      
       exit.c.obj                    4      0         0      
       pre_init.c.obj                4      0         0      
    +--+-----------------------------+------+---------+---------+
       Total:                        52     0         0      
                                                             
       Stack:                        0      0         1024   
    +--+-----------------------------+------+---------+---------+
       Grand Total:                  1502   300       1024   


GLOBAL SYMBOLS: SORTED ALPHABETICALLY BY Name 

address   name                                      
-------   ----                                      
000006d9  ADC14_IRQHandler                          
000006d9  AES256_IRQHandler                         
000006d9  BusFault_Handler                          
000003b5  C$$EXIT                                   
000006d9  COMP_E0_IRQHandler                        
000006d9  COMP_E1_IRQHandler                        
000006d9  CS_IRQHandler                             
00000561  CS_setDCOCenteredFrequency                
000006d9  DMA_ERR_IRQHandler                        
000006d9  DMA_INT0_IRQHandler                       
000006d9  DMA_INT1_IRQHandler                       
000006d9  DMA_INT2_IRQHandler                       
000006d9  DMA_INT3_IRQHandler                       
000006d9  DebugMon_Handler                          
000006d9  Default_Handler                           
000006d9  EUSCIA0_IRQHandler                        
000006d9  EUSCIA1_IRQHandler                        
000006d9  EUSCIA2_IRQHandler                        
000006d9  EUSCIA3_IRQHandler                        
000006d9  EUSCIB0_IRQHandler                        
000006d9  EUSCIB1_IRQHandler                        
000006d9  EUSCIB2_IRQHandler                        
000006d9  EUSCIB3_IRQHandler                        
000006d9  FLCTL_IRQHandler                          
000006d9  FPU_IRQHandler                            
000002a9  GPIO_setAsPeripheralModuleFunctionInputPin
000006d9  HardFault_Handler                         
0000067d  I2C_enableModule                          
00000427  I2C_initMaster                            
00000595  I2C_masterSendMultiByteNext               
00000529  I2C_masterSendMultiByteStop               
00000331  I2C_masterSendSingleByte                  
00000665  I2C_masterSendStart                       
000006a9  I2C_setSlaveAddress                       
000006d9  MemManage_Handler                         
000006d9  NMI_Handler                               
000006d9  PCM_IRQHandler                            
000006d9  PORT1_IRQHandler                          
000006d9  PORT2_IRQHandler                          
000006d9  PORT3_IRQHandler                          
000006d9  PORT4_IRQHandler                          
000006d9  PORT5_IRQHandler                          
000006d9  PORT6_IRQHandler                          
000006d9  PSS_IRQHandler                            
000006d9  PendSV_Handler                            
000006d9  RTC_C_IRQHandler                          
000006c1  Reset_Handler                             
000006d9  SVC_Handler                               
000006d9  SysTick_Handler                           
00000209  SystemInit                                
000006d9  T32_INT1_IRQHandler                       
000006d9  T32_INT2_IRQHandler                       
000006d9  T32_INTC_IRQHandler                       
000006d9  TA0_0_IRQHandler                          
000006d9  TA0_N_IRQHandler                          
000006d9  TA1_0_IRQHandler                          
000006d9  TA1_N_IRQHandler                          
000006d9  TA2_0_IRQHandler                          
000006d9  TA2_N_IRQHandler                          
000006d9  TA3_0_IRQHandler                          
000006d9  TA3_N_IRQHandler                          
00000693  UART_enableModule                         
000000e9  UART_initModule                           
000006d9  UsageFault_Handler                        
4000480c  WDTCTL_SYM                                
000006d9  WDT_A_IRQHandler                          
00000625  WDT_A_holdTimer                           
20010000  __STACK_END                               
00000200  __STACK_SIZE                              
ffffffff  __TI_pprof_out_hndl                       
ffffffff  __TI_prof_data_size                       
ffffffff  __TI_prof_data_start                      
00000000  __TI_static_base__                        
ffffffff  __binit__                                 
ffffffff  __c_args__                                
UNDEFED   __mpu_init                                
2000fe00  __stack                                   
20000000  __start___llvm_prf_cnts                   
20000000  __stop___llvm_prf_cnts                    
000005c9  _c_int00_noinit_noargs                    
00000205  _system_pre_init                          
000003b5  abort                                     
ffffffff  binit                                     
000006d1  ccs811_begin                              
00000000  interruptVectors                          
00000489  main                                      
00000649  sw_reset                                  
000003b9  write                                     


GLOBAL SYMBOLS: SORTED BY Symbol Address 

address   name                                      
-------   ----                                      
00000000  __TI_static_base__                        
00000000  interruptVectors                          
000000e9  UART_initModule                           
00000200  __STACK_SIZE                              
00000205  _system_pre_init                          
00000209  SystemInit                                
000002a9  GPIO_setAsPeripheralModuleFunctionInputPin
00000331  I2C_masterSendSingleByte                  
000003b5  C$$EXIT                                   
000003b5  abort                                     
000003b9  write                                     
00000427  I2C_initMaster                            
00000489  main                                      
00000529  I2C_masterSendMultiByteStop               
00000561  CS_setDCOCenteredFrequency                
00000595  I2C_masterSendMultiByteNext               
000005c9  _c_int00_noinit_noargs                    
00000625  WDT_A_holdTimer                           
00000649  sw_reset                                  
00000665  I2C_masterSendStart                       
0000067d  I2C_enableModule                          
00000693  UART_enableModule                         
000006a9  I2C_setSlaveAddress                       
000006c1  Reset_Handler                             
000006d1  ccs811_begin                              
000006d9  ADC14_IRQHandler                          
000006d9  AES256_IRQHandler                         
000006d9  BusFault_Handler                          
000006d9  COMP_E0_IRQHandler                        
000006d9  COMP_E1_IRQHandler                        
000006d9  CS_IRQHandler                             
000006d9  DMA_ERR_IRQHandler                        
000006d9  DMA_INT0_IRQHandler                       
000006d9  DMA_INT1_IRQHandler                       
000006d9  DMA_INT2_IRQHandler                       
000006d9  DMA_INT3_IRQHandler                       
000006d9  DebugMon_Handler                          
000006d9  Default_Handler                           
000006d9  EUSCIA0_IRQHandler                        
000006d9  EUSCIA1_IRQHandler                        
000006d9  EUSCIA2_IRQHandler                        
000006d9  EUSCIA3_IRQHandler                        
000006d9  EUSCIB0_IRQHandler                        
000006d9  EUSCIB1_IRQHandler                        
000006d9  EUSCIB2_IRQHandler                        
000006d9  EUSCIB3_IRQHandler                        
000006d9  FLCTL_IRQHandler                          
000006d9  FPU_IRQHandler                            
000006d9  HardFault_Handler                         
000006d9  MemManage_Handler                         
000006d9  NMI_Handler                               
000006d9  PCM_IRQHandler                            
000006d9  PORT1_IRQHandler                          
000006d9  PORT2_IRQHandler                          
000006d9  PORT3_IRQHandler                          
000006d9  PORT4_IRQHandler                          
000006d9  PORT5_IRQHandler                          
000006d9  PORT6_IRQHandler                          
000006d9  PSS_IRQHandler                            
000006d9  PendSV_Handler                            
000006d9  RTC_C_IRQHandler                          
000006d9  SVC_Handler                               
000006d9  SysTick_Handler                           
000006d9  T32_INT1_IRQHandler                       
000006d9  T32_INT2_IRQHandler                       
000006d9  T32_INTC_IRQHandler                       
000006d9  TA0_0_IRQHandler                          
000006d9  TA0_N_IRQHandler                          
000006d9  TA1_0_IRQHandler                          
000006d9  TA1_N_IRQHandler                          
000006d9  TA2_0_IRQHandler                          
000006d9  TA2_N_IRQHandler                          
000006d9  TA3_0_IRQHandler                          
000006d9  TA3_N_IRQHandler                          
000006d9  UsageFault_Handler                        
000006d9  WDT_A_IRQHandler                          
20000000  __start___llvm_prf_cnts                   
20000000  __stop___llvm_prf_cnts                    
2000fe00  __stack                                   
20010000  __STACK_END                               
4000480c  WDTCTL_SYM                                
ffffffff  __TI_pprof_out_hndl                       
ffffffff  __TI_prof_data_size                       
ffffffff  __TI_prof_data_start                      
ffffffff  __binit__                                 
ffffffff  __c_args__                                
ffffffff  binit                                     
UNDEFED   __mpu_init                                

[88 symbols]
