******************************************************************************
                  TI ARM Linker PC v20.2.4                     
******************************************************************************
>> Linked Fri Mar 26 10:11:38 2021

OUTPUT FILE NAME:   <MSP432_[not_done]_SDCard_ConvertFrom_STM32_3.out>
ENTRY POINT SYMBOL: "_c_int00_noargs"  address: 00004e95


MEMORY CONFIGURATION

         name            origin    length      used     unused   attr    fill
----------------------  --------  ---------  --------  --------  ----  --------
  MAIN                  00000000   00040000  000055ea  0003aa16  R  X
  INFO                  00200000   00004000  00000000  00004000  R  X
  SRAM_CODE             01000000   00010000  000007c4  0000f83c  RW X
  SRAM_DATA             20000000   00010000  000007c4  0000f83c  RW  


SEGMENT ALLOCATION MAP

run origin  load origin   length   init length attrs members
----------  ----------- ---------- ----------- ----- -------
00000000    00000000    000055f0   000055f0    r-x
  00000000    00000000    000000e4   000000e4    r-- .intvecs
  000000e4    000000e4    00005378   00005378    r-x .text
  0000545c    0000545c    0000013e   0000013e    r-- .const
  000055a0    000055a0    00000050   00000050    r-- .cinit
20000000    20000000    000005c5   00000000    rw-
  20000000    20000000    0000057b   00000000    rw- .bss
  2000057c    2000057c    00000049   00000000    rw- .data
2000fe00    2000fe00    00000200   00000000    rw-
  2000fe00    2000fe00    00000200   00000000    rw- .stack


SECTION ALLOCATION MAP

 output                                  attributes/
section   page    origin      length       input sections
--------  ----  ----------  ----------   ----------------
.intvecs   0    00000000    000000e4     
                  00000000    000000e4     startup_msp432p401r_ccs.obj (.intvecs:retain)

.text      0    000000e4    00005378     
                  000000e4    00000a4e     rtsv7M4_T_le_v4SPD16_eabi.lib : _printfi.c.obj (.text:__TI_printfi)
                  00000b32    00000002     startup_msp432p401r_ccs.obj (.text:Default_Handler)
                  00000b34    0000035c     ff.obj (.text:mount_volume)
                  00000e90    000002b4     ff.obj (.text:f_open)
                  00001144    00000282     ff.obj (.text:f_write)
                  000013c6    00000002     rtsv7M4_T_le_v4SPD16_eabi.lib : div0.asm.obj (.text)
                  000013c8    00000270                                   : _printfi.c.obj (.text:_pconv_a)
                  00001638    000001d0                                   : _printfi.c.obj (.text:_pconv_g)
                  00001808    000001b6                                   : fd_add_t2.asm.obj (.text)
                  000019be    00000002     --HOLE-- [fill = 0]
                  000019c0    00000198     sdmm.obj (.text:disk_initialize)
                  00001b58    0000018c     ff.obj (.text:create_chain)
                  00001ce4    00000188     ff.obj (.text:put_fat)
                  00001e6c    0000016b     ff.obj (.text:create_name)
                  00001fd7    00000001     --HOLE-- [fill = 0]
                  00001fd8    0000015c     msp432p4xx_driverlib.lib : pcm.o (.text:__PCM_setPowerModeAdvanced)
                  00002134    0000013c     rtsv7M4_T_le_v4SPD16_eabi.lib : _printfi.c.obj (.text:_pconv_e)
                  00002270    00000136                                   : fd_div_t2.asm.obj (.text)
                  000023a6    00000002     --HOLE-- [fill = 0]
                  000023a8    00000130     msp432p4xx_driverlib.lib : cs.o (.text:CS_initClockSignal)
                  000024d8    00000130     main.obj (.text:main)
                  00002608    00000124     rtsv7M4_T_le_v4SPD16_eabi.lib : _printfi.c.obj (.text:fcvt)
                  0000272c    0000011c     msp432p4xx_driverlib.lib : uart.o (.text:UART_initModule)
                  00002848    00000118     ff.obj (.text:get_fat)
                  00002960    00000110     sdmm.obj (.text:disk_ioctl)
                  00002a70    00000110     rtsv7M4_T_le_v4SPD16_eabi.lib : s_scalbn.c.obj (.text:scalbn)
                  00002b80    0000010d     ff.obj (.text:check_fs)
                  00002c8d    00000001     --HOLE-- [fill = 0]
                  00002c8e    0000010a     ff.obj (.text:dir_next)
                  00002d98    00000108     msp432p4xx_driverlib.lib : pcm.o (.text:__PCM_setCoreVoltageLevelAdvanced)
                  00002ea0    00000104                              : cs.o (.text:_CSComputeCLKFrequency)
                  00002fa4    000000fc     rtsv7M4_T_le_v4SPD16_eabi.lib : fd_mul_t2.asm.obj (.text)
                  000030a0    000000f8     msp432p4xx_driverlib.lib : cs.o (.text:CS_getDCOFrequency)
                  00003198    000000ee     sdmm.obj (.text:send_cmd)
                  00003286    000000e8     ff.obj (.text:dir_sdi)
                  0000336e    000000ce     ff.obj (.text:follow_path)
                  0000343c    000000cc     ff.obj (.text:f_sync)
                  00003508    000000c0     ff.obj (.text:remove_chain)
                  000035c8    000000ba     MSPIO.obj (.text:MSPrintf)
                  00003682    00000002     --HOLE-- [fill = 0]
                  00003684    000000b8     UART_Driver.obj (.text:UART_Init)
                  0000373c    000000b8     ff.obj (.text:sync_fs)
                  000037f4    000000b1     rtsv7M4_T_le_v4SPD16_eabi.lib : _printfi.c.obj (.text:_ltostr)
                  000038a5    00000001     --HOLE-- [fill = 0]
                  000038a6    000000b0     msp432p4xx_driverlib.lib : spi.o (.text:SPI_initMaster)
                  00003956    00000002     --HOLE-- [fill = 0]
                  00003958    000000b0     sdmm.obj (.text:disk_write)
                  00003a08    0000009c     rtsv7M4_T_le_v4SPD16_eabi.lib : memcpy_t2.asm.obj (.text)
                  00003aa4    00000096     ff.obj (.text:find_volume)
                  00003b3a    00000096     rtsv7M4_T_le_v4SPD16_eabi.lib : ull_div_t2.asm.obj (.text)
                  00003bd0    00000094     msp432p4xx_driverlib.lib : sysctl_a.o (.text:SysCtl_A_getTLVInfo)
                  00003c64    00000090     ff.obj (.text:dir_find)
                  00003cf4    00000090     sdmm.obj (.text:disk_read)
                  00003d84    0000008c     MSPIO.obj (.text:PrintInteger)
                  00003e10    0000008a     ff.obj (.text:dir_alloc)
                  00003e9a    00000002     --HOLE-- [fill = 0]
                  00003e9c    00000088     UART_Driver.obj (.text:EUSCIA0_IRQHandler)
                  00003f24    00000086     rtsv7M4_T_le_v4SPD16_eabi.lib : fd_cmp_t2.asm.obj (.text:__aeabi_cdcmple)
                  00003faa    00000086                                   : fd_cmp_t2.asm.obj (.text:__aeabi_cdrcmple)
                  00004030    00000084     ff.obj (.text:get_ldnumber)
                  000040b4    00000080     ff.obj (.text:dir_clear)
                  00004134    0000007c     msp432p4xx_driverlib.lib : cs.o (.text:_CSGetDOCFrequency)
                  000041b0    0000007c     ff.obj (.text:dbc_2nd)
                  0000422c    0000007a     rtsv7M4_T_le_v4SPD16_eabi.lib : memset_t2.asm.obj (.text)
                  000042a6    00000002     --HOLE-- [fill = 0]
                  000042a8    00000078     UART_Driver.obj (.text:EUSCIA2_IRQHandler)
                  00004320    00000078     system_msp432p401r.obj (.text:SystemInit)
                  00004398    00000070     ff.obj (.text:f_mount)
                  00004408    0000006e     rtsv7M4_T_le_v4SPD16_eabi.lib : _printfi.c.obj (.text:_mcpy)
                  00004476    0000006a     ff.obj (.text:sync_window)
                  000044e0    00000068     rtsv7M4_T_le_v4SPD16_eabi.lib : copy_decompress_lzss.c.obj (.text:decompress:lzss:__TI_decompress_lzss)
                  00004548    00000064     msp432p4xx_driverlib.lib : uart.o (.text:UART_getEnabledInterruptStatus)
                  000045ac    00000064     rtsv7M4_T_le_v4SPD16_eabi.lib : s_frexp.c.obj (.text:frexp)
                  00004610    00000062     msp432p4xx_driverlib.lib : cs.o (.text:_CSGetDividerValue)
                  00004672    0000005e                              : pcm.o (.text:PCM_getCoreVoltageLevel)
                  000046d0    0000005a                              : pcm.o (.text:PCM_getPowerMode)
                  0000472a    00000002     --HOLE-- [fill = 0]
                  0000472c    00000058     SPI_Driver.obj (.text:SPI_Init)
                  00004784    00000058     ff.obj (.text:dbc_1st)
                  000047dc    00000058     sdmm.obj (.text:rcvr_datablock)
                  00004834    00000058     ff.obj (.text:validate)
                  0000488c    00000058     sdmm.obj (.text:xmit_datablock)
                  000048e4    00000056     rtsv7M4_T_le_v4SPD16_eabi.lib : _printfi.c.obj (.text:_pconv_f)
                  0000493a    00000056     ff.obj (.text:dir_register)
                  00004990    00000054     rtsv7M4_T_le_v4SPD16_eabi.lib : _ltoa.c.obj (.text:__TI_ltoa)
                  000049e4    00000052                                   : _printfi.c.obj (.text:_ecpy)
                  00004a36    00000050     ff.obj (.text:move_window)
                  00004a86    0000004e     ff.obj (.text:st_dword)
                  00004ad4    0000004c     rtsv7M4_T_le_v4SPD16_eabi.lib : atoi.c.obj (.text:atoi)
                  00004b20    00000048     msp432p4xx_driverlib.lib : flash.o (.text:FlashCtl_setWaitState)
                  00004b68    00000048     rtsv7M4_T_le_v4SPD16_eabi.lib : fd_toi_t2.asm.obj (.text)
                  00004bb0    00000044                                   : autoinit.c.obj (.text:__TI_auto_init_nobinit_nopinit:__TI_auto_init_nobinit_nopinit)
                  00004bf4    00000040     CS_Driver.obj (.text:CS_Init)
                  00004c34    00000040     SPI_Driver.obj (.text:SPI_Read)
                  00004c74    00000040     SPI_Driver.obj (.text:SPI_Write)
                  00004cb4    00000040     UART_Driver.obj (.text:UART_Write)
                  00004cf4    00000040     msp432p4xx_driverlib.lib : spi.o (.text:is_A_Module)
                  00004d34    00000040     rtsv7M4_T_le_v4SPD16_eabi.lib : sprintf.c.obj (.text:sprintf)
                  00004d74    0000003e                                   : _printfi.c.obj (.text:_fcpy)
                  00004db2    0000003e     ff.obj (.text:mem_cmp)
                  00004df0    0000003a     sdmm.obj (.text:wait_ready)
                  00004e2a    00000036     ff.obj (.text:ld_dword)
                  00004e60    00000034     msp432p4xx_driverlib.lib : cs.o (.text:CS_setDCOCenteredFrequency)
                  00004e94    00000034     rtsv7M4_T_le_v4SPD16_eabi.lib : boot_cortex_m.c.obj (.text:_c_int00_noargs:_c_int00_noargs)
                  00004ec8    00000032     ff.obj (.text:f_close)
                  00004efa    00000032     ff.obj (.text:mem_cpy)
                  00004f2c    00000030     msp432p4xx_driverlib.lib : cs.o (.text:CS_clearInterruptFlag)
                  00004f5c    00000030     ff.obj (.text:clst2sect)
                  00004f8c    00000030     ff.obj (.text:st_word)
                  00004fbc    0000002e     rtsv7M4_T_le_v4SPD16_eabi.lib : i_tofd_t2.asm.obj (.text)
                  00004fea    0000002c     ff.obj (.text:ld_clust)
                  00005016    00000002     --HOLE-- [fill = 0]
                  00005018    0000002c     sdmm.obj (.text:xmit_mmc)
                  00005044    0000002a     ff.obj (.text:st_clust)
                  0000506e    00000002     --HOLE-- [fill = 0]
                  00005070    00000028     msp432p4xx_driverlib.lib : cs.o (.text:CS_getMCLK)
                  00005098    00000028                              : gpio.o (.text:GPIO_toggleOutputOnPin)
                  000050c0    00000028     SysTick.obj (.text:SysTick_Init)
                  000050e8    00000028     ff.obj (.text:chk_chr)
                  00005110    00000026     ff.obj (.text:ld_word)
                  00005136    00000026     ff.obj (.text:mem_set)
                  0000515c    00000024     msp432p4xx_driverlib.lib : wdt_a.o (.text:WDT_A_holdTimer)
                  00005180    00000024     sdmm.obj (.text:rcvr_mmc)
                  000051a4    00000024     sdmm.obj (.text:select)
                  000051c8    00000022     MSPIO.obj (.text:PrintString)
                  000051ea    00000002     --HOLE-- [fill = 0]
                  000051ec    00000020     GPIO_Driver.obj (.text:GPIO_High)
                  0000520c    00000020     GPIO_Driver.obj (.text:GPIO_Init)
                  0000522c    00000020     GPIO_Driver.obj (.text:GPIO_Low)
                  0000524c    00000020     SysTick.obj (.text:SysTick_Handler)
                  0000526c    00000020     sdmm.obj (.text:disk_status)
                  0000528c    0000001e     SysTick.obj (.text:SysTick_Delay)
                  000052aa    0000001c     rtsv7M4_T_le_v4SPD16_eabi.lib : memccpy.c.obj (.text:memccpy)
                  000052c6    0000001a                                   : s_copysign.c.obj (.text:copysign)
                  000052e0    00000018     msp432p4xx_driverlib.lib : systick.o (.text:SysTick_setPeriod)
                  000052f8    00000018                              : uart.o (.text:UART_getInterruptStatus)
                  00005310    00000018     rtsv7M4_T_le_v4SPD16_eabi.lib : sprintf.c.obj (.text:_outs)
                  00005328    00000016                                   : strchr.c.obj (.text:strchr)
                  0000533e    00000002     --HOLE-- [fill = 0]
                  00005340    00000014     msp432p4xx_driverlib.lib : pcm.o (.text:PCM_getPowerState)
                  00005354    00000014     MSPIO.obj (.text:PrintChar)
                  00005368    00000014     sdmm.obj (.text:deselect)
                  0000537c    00000014     rtsv7M4_T_le_v4SPD16_eabi.lib : strlen.c.obj (.text:strlen)
                  00005390    00000012                                   : wcslen.c.obj (.text:wcslen)
                  000053a2    00000010     msp432p4xx_driverlib.lib : interrupt.o (.text:Interrupt_enableMaster)
                  000053b2    00000010                              : pcm.o (.text:PCM_setCoreVoltageLevel)
                  000053c2    00000010                              : pcm.o (.text:PCM_setPowerMode)
                  000053d2    00000002     --HOLE-- [fill = 0]
                  000053d4    00000010                              : systick.o (.text:SysTick_enableInterrupt)
                  000053e4    00000010                              : systick.o (.text:SysTick_enableModule)
                  000053f4    0000000e     rtsv7M4_T_le_v4SPD16_eabi.lib : copy_decompress_none.c.obj (.text:decompress:none:__TI_decompress_none)
                  00005402    0000000c     msp432p4xx_driverlib.lib : cpu.o (.text:CPU_cpsie)
                  0000540e    0000000c     startup_msp432p401r_ccs.obj (.text:Reset_Handler)
                  0000541a    00000002     --HOLE-- [fill = 0]
                  0000541c    0000000c     SysTick.obj (.text:SysTick_GetTick)
                  00005428    0000000c     rtsv7M4_T_le_v4SPD16_eabi.lib : copy_zero_init.c.obj (.text:decompress:ZI:__TI_zero_init)
                  00005434    0000000c     sdmm.obj (.text:dly_10us)
                  00005440    0000000a     rtsv7M4_T_le_v4SPD16_eabi.lib : sprintf.c.obj (.text:_outc)
                  0000544a    00000002     --HOLE-- [fill = 0]
                  0000544c    00000008                                   : errno.c.obj (.text:__aeabi_errno_addr)
                  00005454    00000004                                   : pre_init.c.obj (.text:_system_pre_init)
                  00005458    00000004                                   : exit.c.obj (.text:abort:abort)

.const     0    0000545c    0000013e     
                  0000545c    00000101     rtsv7M4_T_le_v4SPD16_eabi.lib : ctype.c.obj (.const:.string:_ctypes_)
                  0000555d    00000003     --HOLE-- [fill = 0]
                  00005560    00000030     msp432p4xx_driverlib.lib : gpio.o (.const:GPIO_PORT_TO_BASE)
                  00005590    0000000a     ff.obj (.const:.string:DbcTbl)

.cinit     0    000055a0    00000050     
                  000055a0    00000029     (.cinit..data.load) [load image, compression = lzss]
                  000055c9    00000003     --HOLE-- [fill = 0]
                  000055cc    0000000c     (__TI_handler_table)
                  000055d8    00000008     (.cinit..bss.load) [load image, compression = zero_init]
                  000055e0    00000010     (__TI_cinit_table)

.init_array 
*          0    00000000    00000000     UNINITIALIZED

.binit     0    00000000    00000000     

.bss       0    20000000    0000057b     UNINITIALIZED
                  20000000    00000230     (.common:FatFs)
                  20000230    00000228     (.common:Fil)
                  20000458    00000080     (.common:UARTA0Data)
                  200004d8    00000080     (.common:UARTA2Data)
                  20000558    00000008     msp432p4xx_driverlib.lib : cs.o (.bss)
                  20000560    00000004     ff.obj (.bss:FatFs)
                  20000564    00000004     (.common:UARTA0ReadIndex)
                  20000568    00000004     (.common:UARTA0WriteIndex)
                  2000056c    00000004     (.common:UARTA2ReadIndex)
                  20000570    00000004     (.common:UARTA2WriteIndex)
                  20000574    00000004     (.common:uwTick)
                  20000578    00000002     ff.obj (.bss)
                  2000057a    00000001     sdmm.obj (.bss)

.data      0    2000057c    00000049     UNINITIALIZED
                  2000057c    00000028     main.obj (.data:UART0Config)
                  200005a4    0000001c     sdmm.obj (.data:SPI0MasterConfig)
                  200005c0    00000004     rtsv7M4_T_le_v4SPD16_eabi.lib : errno.c.obj (.data)
                  200005c4    00000001     sdmm.obj (.data)

.stack     0    2000fe00    00000200     UNINITIALIZED
                  2000fe00    00000004     rtsv7M4_T_le_v4SPD16_eabi.lib : boot_cortex_m.c.obj (.stack)
                  2000fe04    000001fc     --HOLE--

__llvm_prf_cnts 
*          0    20000000    00000000     UNINITIALIZED

MODULE SUMMARY

       Module                        code    ro data   rw data
       ------                        ----    -------   -------
    .\
       ff.obj                        7146    10        12     
       main.obj                      304     0         2304   
       sdmm.obj                      1652    0         60     
       system_msp432p401r.obj        120     0         0      
    +--+-----------------------------+-------+---------+---------+
       Total:                        9222    10        2376   
                                                              
    .\Devices\
       MSPIO.obj                     380     0         0      
    +--+-----------------------------+-------+---------+---------+
       Total:                        380     0         0      
                                                              
    .\Hardware\
       UART_Driver.obj               504     0         544    
       SPI_Driver.obj                216     0         0      
       SysTick.obj                   114     0         8      
       GPIO_Driver.obj               96      0         0      
       CS_Driver.obj                 64      0         0      
    +--+-----------------------------+-------+---------+---------+
       Total:                        994     0         552    
                                                              
    .\ccs\
       startup_msp432p401r_ccs.obj   14      228       0      
    +--+-----------------------------+-------+---------+---------+
       Total:                        14      228       0      
                                                              
    C:/ti/simplelink_msp432p4_sdk_3_40_01_02/source/ti/devices/msp432p4xx/driverlib/ccs/msp432p4xx_driverlib.lib
       cs.o                          1174    0         16     
       pcm.o                         848     0         0      
       uart.o                        408     0         0      
       spi.o                         240     0         0      
       sysctl_a.o                    148     0         0      
       gpio.o                        40      48        0      
       flash.o                       72      0         0      
       systick.o                     56      0         0      
       wdt_a.o                       36      0         0      
       interrupt.o                   16      0         0      
       cpu.o                         12      0         0      
    +--+-----------------------------+-------+---------+---------+
       Total:                        3050    48        16     
                                                              
    C:\ti\ccs1011\ccs\tools\compiler\ti-cgt-arm_20.2.4.LTS\lib\rtsv7M4_T_le_v4SPD16_eabi.lib
       _printfi.c.obj                4851    0         0      
       fd_add_t2.asm.obj             438     0         0      
       fd_div_t2.asm.obj             310     0         0      
       s_scalbn.c.obj                272     0         0      
       fd_cmp_t2.asm.obj             268     0         0      
       ctype.c.obj                   0       257       0      
       fd_mul_t2.asm.obj             252     0         0      
       memcpy_t2.asm.obj             156     0         0      
       ull_div_t2.asm.obj            150     0         0      
       memset_t2.asm.obj             122     0         0      
       copy_decompress_lzss.c.obj    104     0         0      
       s_frexp.c.obj                 100     0         0      
       sprintf.c.obj                 98      0         0      
       _ltoa.c.obj                   84      0         0      
       atoi.c.obj                    76      0         0      
       fd_toi_t2.asm.obj             72      0         0      
       autoinit.c.obj                68      0         0      
       boot_cortex_m.c.obj           52      0         0      
       i_tofd_t2.asm.obj             46      0         0      
       memccpy.c.obj                 28      0         0      
       s_copysign.c.obj              26      0         0      
       strchr.c.obj                  22      0         0      
       strlen.c.obj                  20      0         0      
       wcslen.c.obj                  18      0         0      
       errno.c.obj                   8       0         8      
       copy_decompress_none.c.obj    14      0         0      
       copy_zero_init.c.obj          12      0         0      
       exit.c.obj                    4       0         0      
       pre_init.c.obj                4       0         0      
       div0.asm.obj                  2       0         0      
    +--+-----------------------------+-------+---------+---------+
       Total:                        7677    257       8      
                                                              
       Stack:                        0       0         1024   
       Linker Generated:             0       77        0      
    +--+-----------------------------+-------+---------+---------+
       Grand Total:                  21337   620       3976   


LINKER GENERATED COPY TABLES

__TI_cinit_table @ 000055e0 records: 2, size/record: 8, table size: 16
	.data: load addr=000055a0, load size=00000029 bytes, run addr=2000057c, run size=00000049 bytes, compression=lzss
	.bss: load addr=000055d8, load size=00000008 bytes, run addr=20000000, run size=0000057b bytes, compression=zero_init


LINKER GENERATED HANDLER TABLE

__TI_handler_table @ 000055cc records: 3, size/record: 4, table size: 12
	index: 0, handler: __TI_decompress_lzss
	index: 1, handler: __TI_decompress_none
	index: 2, handler: __TI_zero_init


GLOBAL SYMBOLS: SORTED ALPHABETICALLY BY Name 

address   name                          
-------   ----                          
00000b33  ADC14_IRQHandler              
00000b33  AES256_IRQHandler             
00000b33  BusFault_Handler              
00005459  C$$EXIT                       
00000b33  COMP_E0_IRQHandler            
00000b33  COMP_E1_IRQHandler            
00005403  CPU_cpsie                     
00000b33  CS_IRQHandler                 
00004bf5  CS_Init                       
00004f2d  CS_clearInterruptFlag         
000030a1  CS_getDCOFrequency            
00005071  CS_getMCLK                    
000023a9  CS_initClockSignal            
00004e61  CS_setDCOCenteredFrequency    
00000b33  DMA_ERR_IRQHandler            
00000b33  DMA_INT0_IRQHandler           
00000b33  DMA_INT1_IRQHandler           
00000b33  DMA_INT2_IRQHandler           
00000b33  DMA_INT3_IRQHandler           
00000b33  DebugMon_Handler              
00000b33  Default_Handler               
00003e9d  EUSCIA0_IRQHandler            
00003e9d  EUSCIA0_IRQHandler            
00000b33  EUSCIA1_IRQHandler            
000042a9  EUSCIA2_IRQHandler            
000042a9  EUSCIA2_IRQHandler            
00000b33  EUSCIA3_IRQHandler            
00000b33  EUSCIB0_IRQHandler            
00000b33  EUSCIB1_IRQHandler            
00000b33  EUSCIB2_IRQHandler            
00000b33  EUSCIB3_IRQHandler            
00000b33  FLCTL_IRQHandler              
00000b33  FPU_IRQHandler                
20000000  FatFs                         
20000230  Fil                           
00004b21  FlashCtl_setWaitState         
000051ed  GPIO_High                     
0000520d  GPIO_Init                     
0000522d  GPIO_Low                      
00005099  GPIO_toggleOutputOnPin        
00000b33  HardFault_Handler             
000053a3  Interrupt_enableMaster        
000035c9  MSPrintf                      
00000b33  MemManage_Handler             
00000b33  NMI_Handler                   
00000b33  PCM_IRQHandler                
00004673  PCM_getCoreVoltageLevel       
000046d1  PCM_getPowerMode              
00005341  PCM_getPowerState             
000053b3  PCM_setCoreVoltageLevel       
000053c3  PCM_setPowerMode              
00000b33  PORT1_IRQHandler              
00000b33  PORT2_IRQHandler              
00000b33  PORT3_IRQHandler              
00000b33  PORT4_IRQHandler              
00000b33  PORT5_IRQHandler              
00000b33  PORT6_IRQHandler              
00000b33  PSS_IRQHandler                
00000b33  PendSV_Handler                
00005355  PrintChar                     
00003d85  PrintInteger                  
000051c9  PrintString                   
00000b33  RTC_C_IRQHandler              
0000540f  Reset_Handler                 
200005a4  SPI0MasterConfig              
0000472d  SPI_Init                      
00004c35  SPI_Read                      
00004c75  SPI_Write                     
000038a7  SPI_initMaster                
00000b33  SVC_Handler                   
00003bd1  SysCtl_A_getTLVInfo           
0000528d  SysTick_Delay                 
0000541d  SysTick_GetTick               
0000524d  SysTick_Handler               
0000524d  SysTick_Handler               
000050c1  SysTick_Init                  
000053d5  SysTick_enableInterrupt       
000053e5  SysTick_enableModule          
000052e1  SysTick_setPeriod             
00004321  SystemInit                    
00000b33  T32_INT1_IRQHandler           
00000b33  T32_INT2_IRQHandler           
00000b33  T32_INTC_IRQHandler           
00000b33  TA0_0_IRQHandler              
00000b33  TA0_N_IRQHandler              
00000b33  TA1_0_IRQHandler              
00000b33  TA1_N_IRQHandler              
00000b33  TA2_0_IRQHandler              
00000b33  TA2_N_IRQHandler              
00000b33  TA3_0_IRQHandler              
00000b33  TA3_N_IRQHandler              
2000057c  UART0Config                   
20000458  UARTA0Data                    
20000564  UARTA0ReadIndex               
20000568  UARTA0WriteIndex              
200004d8  UARTA2Data                    
2000056c  UARTA2ReadIndex               
20000570  UARTA2WriteIndex              
00003685  UART_Init                     
00004cb5  UART_Write                    
00004549  UART_getEnabledInterruptStatus
000052f9  UART_getInterruptStatus       
0000272d  UART_initModule               
00000b33  UsageFault_Handler            
4000480c  WDTCTL_SYM                    
00000b33  WDT_A_IRQHandler              
0000515d  WDT_A_holdTimer               
20010000  __STACK_END                   
00000200  __STACK_SIZE                  
000055e0  __TI_CINIT_Base               
000055f0  __TI_CINIT_Limit              
000055cc  __TI_Handler_Table_Base       
000055d8  __TI_Handler_Table_Limit      
00004bb1  __TI_auto_init_nobinit_nopinit
000044e1  __TI_decompress_lzss          
000053f5  __TI_decompress_none          
00004991  __TI_ltoa                     
ffffffff  __TI_pprof_out_hndl           
000000e5  __TI_printfi                  
ffffffff  __TI_prof_data_size           
ffffffff  __TI_prof_data_start          
00000000  __TI_static_base__            
00005429  __TI_zero_init                
00003f25  __aeabi_cdcmpeq               
00003f25  __aeabi_cdcmple               
00003fab  __aeabi_cdrcmple              
00004b69  __aeabi_d2iz                  
00001813  __aeabi_dadd                  
00002271  __aeabi_ddiv                  
00002fa5  __aeabi_dmul                  
00001809  __aeabi_dsub                  
0000544d  __aeabi_errno_addr            
00004fbd  __aeabi_i2d                   
000013c7  __aeabi_idiv0                 
000013c7  __aeabi_ldiv0                 
0000422d  __aeabi_memclr                
0000422d  __aeabi_memclr4               
0000422d  __aeabi_memclr8               
00003a09  __aeabi_memcpy                
00003a09  __aeabi_memcpy4               
00003a09  __aeabi_memcpy8               
0000422f  __aeabi_memset                
0000422f  __aeabi_memset4               
0000422f  __aeabi_memset8               
00003b3b  __aeabi_uldivmod              
ffffffff  __binit__                     
ffffffff  __c_args__                    
UNDEFED   __mpu_init                    
2000fe00  __stack                       
20000000  __start___llvm_prf_cnts       
20000000  __stop___llvm_prf_cnts        
00004e95  _c_int00_noargs               
0000545c  _ctypes_                      
UNDEFED   _system_post_cinit            
00005455  _system_pre_init              
00005459  abort                         
00004ad5  atoi                          
ffffffff  binit                         
000052c7  copysign                      
000052c7  copysignl                     
000019c1  disk_initialize               
00002961  disk_ioctl                    
00003cf5  disk_read                     
0000526d  disk_status                   
00003959  disk_write                    
200005c0  errno                         
00004ec9  f_close                       
00004399  f_mount                       
00000e91  f_open                        
0000343d  f_sync                        
00001145  f_write                       
000045ad  frexp                         
000045ad  frexpl                        
00000000  interruptVectors              
00002a71  ldexp                         
00002a71  ldexpl                        
000024d9  main                          
000052ab  memccpy                       
00003a09  memcpy                        
00004235  memset                        
00002a71  scalbn                        
00002a71  scalbnl                       
00004d35  sprintf                       
00005329  strchr                        
0000537d  strlen                        
20000574  uwTick                        
00005391  wcslen                        


GLOBAL SYMBOLS: SORTED BY Symbol Address 

address   name                          
-------   ----                          
00000000  __TI_static_base__            
00000000  interruptVectors              
000000e5  __TI_printfi                  
00000200  __STACK_SIZE                  
00000b33  ADC14_IRQHandler              
00000b33  AES256_IRQHandler             
00000b33  BusFault_Handler              
00000b33  COMP_E0_IRQHandler            
00000b33  COMP_E1_IRQHandler            
00000b33  CS_IRQHandler                 
00000b33  DMA_ERR_IRQHandler            
00000b33  DMA_INT0_IRQHandler           
00000b33  DMA_INT1_IRQHandler           
00000b33  DMA_INT2_IRQHandler           
00000b33  DMA_INT3_IRQHandler           
00000b33  DebugMon_Handler              
00000b33  Default_Handler               
00000b33  EUSCIA1_IRQHandler            
00000b33  EUSCIA3_IRQHandler            
00000b33  EUSCIB0_IRQHandler            
00000b33  EUSCIB1_IRQHandler            
00000b33  EUSCIB2_IRQHandler            
00000b33  EUSCIB3_IRQHandler            
00000b33  FLCTL_IRQHandler              
00000b33  FPU_IRQHandler                
00000b33  HardFault_Handler             
00000b33  MemManage_Handler             
00000b33  NMI_Handler                   
00000b33  PCM_IRQHandler                
00000b33  PORT1_IRQHandler              
00000b33  PORT2_IRQHandler              
00000b33  PORT3_IRQHandler              
00000b33  PORT4_IRQHandler              
00000b33  PORT5_IRQHandler              
00000b33  PORT6_IRQHandler              
00000b33  PSS_IRQHandler                
00000b33  PendSV_Handler                
00000b33  RTC_C_IRQHandler              
00000b33  SVC_Handler                   
00000b33  T32_INT1_IRQHandler           
00000b33  T32_INT2_IRQHandler           
00000b33  T32_INTC_IRQHandler           
00000b33  TA0_0_IRQHandler              
00000b33  TA0_N_IRQHandler              
00000b33  TA1_0_IRQHandler              
00000b33  TA1_N_IRQHandler              
00000b33  TA2_0_IRQHandler              
00000b33  TA2_N_IRQHandler              
00000b33  TA3_0_IRQHandler              
00000b33  TA3_N_IRQHandler              
00000b33  UsageFault_Handler            
00000b33  WDT_A_IRQHandler              
00000e91  f_open                        
00001145  f_write                       
000013c7  __aeabi_idiv0                 
000013c7  __aeabi_ldiv0                 
00001809  __aeabi_dsub                  
00001813  __aeabi_dadd                  
000019c1  disk_initialize               
00002271  __aeabi_ddiv                  
000023a9  CS_initClockSignal            
000024d9  main                          
0000272d  UART_initModule               
00002961  disk_ioctl                    
00002a71  ldexp                         
00002a71  ldexpl                        
00002a71  scalbn                        
00002a71  scalbnl                       
00002fa5  __aeabi_dmul                  
000030a1  CS_getDCOFrequency            
0000343d  f_sync                        
000035c9  MSPrintf                      
00003685  UART_Init                     
000038a7  SPI_initMaster                
00003959  disk_write                    
00003a09  __aeabi_memcpy                
00003a09  __aeabi_memcpy4               
00003a09  __aeabi_memcpy8               
00003a09  memcpy                        
00003b3b  __aeabi_uldivmod              
00003bd1  SysCtl_A_getTLVInfo           
00003cf5  disk_read                     
00003d85  PrintInteger                  
00003e9d  EUSCIA0_IRQHandler            
00003e9d  EUSCIA0_IRQHandler            
00003f25  __aeabi_cdcmpeq               
00003f25  __aeabi_cdcmple               
00003fab  __aeabi_cdrcmple              
0000422d  __aeabi_memclr                
0000422d  __aeabi_memclr4               
0000422d  __aeabi_memclr8               
0000422f  __aeabi_memset                
0000422f  __aeabi_memset4               
0000422f  __aeabi_memset8               
00004235  memset                        
000042a9  EUSCIA2_IRQHandler            
000042a9  EUSCIA2_IRQHandler            
00004321  SystemInit                    
00004399  f_mount                       
000044e1  __TI_decompress_lzss          
00004549  UART_getEnabledInterruptStatus
000045ad  frexp                         
000045ad  frexpl                        
00004673  PCM_getCoreVoltageLevel       
000046d1  PCM_getPowerMode              
0000472d  SPI_Init                      
00004991  __TI_ltoa                     
00004ad5  atoi                          
00004b21  FlashCtl_setWaitState         
00004b69  __aeabi_d2iz                  
00004bb1  __TI_auto_init_nobinit_nopinit
00004bf5  CS_Init                       
00004c35  SPI_Read                      
00004c75  SPI_Write                     
00004cb5  UART_Write                    
00004d35  sprintf                       
00004e61  CS_setDCOCenteredFrequency    
00004e95  _c_int00_noargs               
00004ec9  f_close                       
00004f2d  CS_clearInterruptFlag         
00004fbd  __aeabi_i2d                   
00005071  CS_getMCLK                    
00005099  GPIO_toggleOutputOnPin        
000050c1  SysTick_Init                  
0000515d  WDT_A_holdTimer               
000051c9  PrintString                   
000051ed  GPIO_High                     
0000520d  GPIO_Init                     
0000522d  GPIO_Low                      
0000524d  SysTick_Handler               
0000524d  SysTick_Handler               
0000526d  disk_status                   
0000528d  SysTick_Delay                 
000052ab  memccpy                       
000052c7  copysign                      
000052c7  copysignl                     
000052e1  SysTick_setPeriod             
000052f9  UART_getInterruptStatus       
00005329  strchr                        
00005341  PCM_getPowerState             
00005355  PrintChar                     
0000537d  strlen                        
00005391  wcslen                        
000053a3  Interrupt_enableMaster        
000053b3  PCM_setCoreVoltageLevel       
000053c3  PCM_setPowerMode              
000053d5  SysTick_enableInterrupt       
000053e5  SysTick_enableModule          
000053f5  __TI_decompress_none          
00005403  CPU_cpsie                     
0000540f  Reset_Handler                 
0000541d  SysTick_GetTick               
00005429  __TI_zero_init                
0000544d  __aeabi_errno_addr            
00005455  _system_pre_init              
00005459  C$$EXIT                       
00005459  abort                         
0000545c  _ctypes_                      
000055cc  __TI_Handler_Table_Base       
000055d8  __TI_Handler_Table_Limit      
000055e0  __TI_CINIT_Base               
000055f0  __TI_CINIT_Limit              
20000000  FatFs                         
20000000  __start___llvm_prf_cnts       
20000000  __stop___llvm_prf_cnts        
20000230  Fil                           
20000458  UARTA0Data                    
200004d8  UARTA2Data                    
20000564  UARTA0ReadIndex               
20000568  UARTA0WriteIndex              
2000056c  UARTA2ReadIndex               
20000570  UARTA2WriteIndex              
20000574  uwTick                        
2000057c  UART0Config                   
200005a4  SPI0MasterConfig              
200005c0  errno                         
2000fe00  __stack                       
20010000  __STACK_END                   
4000480c  WDTCTL_SYM                    
ffffffff  __TI_pprof_out_hndl           
ffffffff  __TI_prof_data_size           
ffffffff  __TI_prof_data_start          
ffffffff  __binit__                     
ffffffff  __c_args__                    
ffffffff  binit                         
UNDEFED   __mpu_init                    
UNDEFED   _system_post_cinit            

[187 symbols]
