******************************************************************************
                  TI ARM Linker PC v20.2.4                     
******************************************************************************
>> Linked Tue Mar  2 23:29:11 2021

OUTPUT FILE NAME:   <MSP432_[not_done]_SDCard_ConvertFrom_STM32_1.out>
ENTRY POINT SYMBOL: "_c_int00_noargs"  address: 00002999


MEMORY CONFIGURATION

         name            origin    length      used     unused   attr    fill
----------------------  --------  ---------  --------  --------  ----  --------
  MAIN                  00000000   00040000  00002e12  0003d1ee  R  X
  INFO                  00200000   00004000  00000000  00004000  R  X
  SRAM_CODE             01000000   00010000  0000060e  0000f9f2  RW X
  SRAM_DATA             20000000   00010000  0000060e  0000f9f2  RW  


SEGMENT ALLOCATION MAP

run origin  load origin   length   init length attrs members
----------  ----------- ---------- ----------- ----- -------
00000000    00000000    00002e18   00002e18    r-x
  00000000    00000000    000000e4   000000e4    r-- .intvecs
  000000e4    000000e4    00002cc4   00002cc4    r-x .text
  00002da8    00002da8    0000000a   0000000a    r-- .const
  00002db8    00002db8    00000060   00000060    r-- .cinit
20000000    20000000    0000040e   00000000    rw-
  20000000    20000000    000003a8   00000000    rw- .bss
  200003a8    200003a8    00000066   00000000    rw- .data
2000fe00    2000fe00    00000200   00000000    rw-
  2000fe00    2000fe00    00000200   00000000    rw- .stack


SECTION ALLOCATION MAP

 output                                  attributes/
section   page    origin      length       input sections
--------  ----  ----------  ----------   ----------------
.intvecs   0    00000000    000000e4     
                  00000000    000000e4     startup_msp432p401r_ccs.obj (.intvecs:retain)

.text      0    000000e4    00002cc4     
                  000000e4    00000400     ff.obj (.text:find_volume)
                  000004e4    000001ec     main.obj (.text:main)
                  000006d0    000001a4     mmc_MSP432P401r.obj (.text:MMC_disk_initialize)
                  00000874    0000018c     ff.obj (.text:create_chain)
                  00000a00    00000188     ff.obj (.text:put_fat)
                  00000b88    0000016b     ff.obj (.text:create_name)
                  00000cf3    00000001     --HOLE-- [fill = 0]
                  00000cf4    0000015c     msp432p4xx_driverlib.lib : pcm.o (.text:__PCM_setPowerModeAdvanced)
                  00000e50    0000011c                              : uart.o (.text:UART_initModule)
                  00000f6c    00000118     ff.obj (.text:get_fat)
                  00001084    00000108     msp432p4xx_driverlib.lib : pcm.o (.text:__PCM_setCoreVoltageLevelAdvanced)
                  0000118c    00000104     ff.obj (.text:dir_next)
                  00001290    000000e8     ff.obj (.text:dir_sdi)
                  00001378    000000d0     TIMERA_Driver.obj (.text:TIMERA_Init)
                  00001448    000000ce     ff.obj (.text:follow_path)
                  00001516    00000002     startup_msp432p401r_ccs.obj (.text:Default_Handler)
                  00001518    000000cc     mmc_MSP432P401r.obj (.text:MMC_disk_write)
                  000015e4    000000ba     MSPIO.obj (.text:MSPrintf)
                  0000169e    00000002     mmc_MSP432P401r.obj (.text:set_max_speed)
                  000016a0    000000b8     UART_Driver.obj (.text:UART_Init)
                  00001758    000000b6     ff.obj (.text:get_fileinfo)
                  0000180e    000000b4     ff.obj (.text:dir_read)
                  000018c2    000000b0     msp432p4xx_driverlib.lib : spi.o (.text:SPI_initMaster)
                  00001972    000000a4     ff.obj (.text:f_opendir)
                  00001a16    00000002     --HOLE-- [fill = 0]
                  00001a18    000000a0     mmc_MSP432P401r.obj (.text:MMC_disk_read)
                  00001ab8    0000009e     mmc_MSP432P401r.obj (.text:send_cmd)
                  00001b56    0000009c     rtsv7M4_T_le_v4SPD16_eabi.lib : memcpy_t2.asm.obj (.text)
                  00001bf2    00000090     ff.obj (.text:dir_find)
                  00001c82    0000008c     MSPIO.obj (.text:PrintInteger)
                  00001d0e    00000002     --HOLE-- [fill = 0]
                  00001d10    0000008a     ff.obj (.text:check_fs)
                  00001d9a    00000002     --HOLE-- [fill = 0]
                  00001d9c    00000088     UART_Driver.obj (.text:EUSCIA0_IRQHandler)
                  00001e24    00000080     ff.obj (.text:dir_clear)
                  00001ea4    00000080     ff.obj (.text:get_ldnumber)
                  00001f24    0000007c     ff.obj (.text:dbc_2nd)
                  00001fa0    0000007a     mmc_MSP432P401r.obj (.text:xmit_datablock)
                  0000201a    00000002     --HOLE-- [fill = 0]
                  0000201c    00000078     UART_Driver.obj (.text:EUSCIA2_IRQHandler)
                  00002094    00000078     system_msp432p401r.obj (.text:SystemInit)
                  0000210c    00000078     ff.obj (.text:f_readdir)
                  00002184    00000070     ff.obj (.text:f_mount)
                  000021f4    0000006a     ff.obj (.text:sync_window)
                  0000225e    00000068     rtsv7M4_T_le_v4SPD16_eabi.lib : copy_decompress_lzss.c.obj (.text:decompress:lzss:__TI_decompress_lzss)
                  000022c6    00000064     msp432p4xx_driverlib.lib : uart.o (.text:UART_getEnabledInterruptStatus)
                  0000232a    00000064     mmc_MSP432P401r.obj (.text:send_cmd12)
                  0000238e    0000005e     msp432p4xx_driverlib.lib : pcm.o (.text:PCM_getCoreVoltageLevel)
                  000023ec    0000005c     mmc_MSP432P401r.obj (.text:rcvr_datablock)
                  00002448    0000005a     msp432p4xx_driverlib.lib : pcm.o (.text:PCM_getPowerMode)
                  000024a2    00000002     --HOLE-- [fill = 0]
                  000024a4    00000058     SPI_Driver.obj (.text:SPI_Init)
                  000024fc    00000058     ff.obj (.text:dbc_1st)
                  00002554    00000058     ff.obj (.text:validate)
                  000025ac    00000050     ff.obj (.text:move_window)
                  000025fc    0000004e     ff.obj (.text:st_dword)
                  0000264a    00000002     --HOLE-- [fill = 0]
                  0000264c    0000004c     mmc_MSP432P401r.obj (.text:disk_timerproc)
                  00002698    00000048     msp432p4xx_driverlib.lib : flash.o (.text:FlashCtl_setWaitState)
                  000026e0    00000044     rtsv7M4_T_le_v4SPD16_eabi.lib : autoinit.c.obj (.text:__TI_auto_init_nobinit_nopinit:__TI_auto_init_nobinit_nopinit)
                  00002724    00000044     diskio.obj (.text:disk_read)
                  00002768    00000044     diskio.obj (.text:disk_write)
                  000027ac    00000044     mmc_MSP432P401r.obj (.text:send_initial_clock_train)
                  000027f0    00000040     SPI_Driver.obj (.text:SPI_Read)
                  00002830    00000040     SPI_Driver.obj (.text:SPI_Write)
                  00002870    00000040     UART_Driver.obj (.text:UART_Write)
                  000028b0    00000040     msp432p4xx_driverlib.lib : spi.o (.text:is_A_Module)
                  000028f0    0000003e     ff.obj (.text:mem_cmp)
                  0000292e    00000036     ff.obj (.text:ld_dword)
                  00002964    00000034     msp432p4xx_driverlib.lib : cs.o (.text:CS_setDCOCenteredFrequency)
                  00002998    00000034     rtsv7M4_T_le_v4SPD16_eabi.lib : boot_cortex_m.c.obj (.text:_c_int00_noargs:_c_int00_noargs)
                  000029cc    00000032     diskio.obj (.text:disk_initialize)
                  000029fe    00000032     diskio.obj (.text:disk_status)
                  00002a30    00000030     ff.obj (.text:clst2sect)
                  00002a60    00000030     ff.obj (.text:st_word)
                  00002a90    00000030     mmc_MSP432P401r.obj (.text:wait_ready)
                  00002ac0    0000002c     TIMERA_Driver.obj (.text:TA1_0_IRQHandler)
                  00002aec    0000002c     ff.obj (.text:ld_clust)
                  00002b18    00000028     ff.obj (.text:chk_chr)
                  00002b40    00000028     mmc_MSP432P401r.obj (.text:rcvr_spi)
                  00002b68    00000026     ff.obj (.text:ld_word)
                  00002b8e    00000026     ff.obj (.text:mem_set)
                  00002bb4    00000024     msp432p4xx_driverlib.lib : wdt_a.o (.text:WDT_A_holdTimer)
                  00002bd8    00000024     mmc_MSP432P401r.obj (.text:xmit_spi)
                  00002bfc    00000022     CS_Driver.obj (.text:CS_Init)
                  00002c1e    00000022     MSPIO.obj (.text:PrintString)
                  00002c40    00000020     GPIO_Driver.obj (.text:GPIO_High)
                  00002c60    00000020     GPIO_Driver.obj (.text:GPIO_Init)
                  00002c80    00000020     GPIO_Driver.obj (.text:GPIO_Low)
                  00002ca0    0000001c     rtsv7M4_T_le_v4SPD16_eabi.lib : copy_zero_init.c.obj (.text:decompress:ZI:__TI_zero_init_nomemset:__TI_zero_init_nomemset)
                  00002cbc    00000018     msp432p4xx_driverlib.lib : uart.o (.text:UART_getInterruptStatus)
                  00002cd4    00000014                              : pcm.o (.text:PCM_getPowerState)
                  00002ce8    00000014     MSPIO.obj (.text:PrintChar)
                  00002cfc    00000014     TIMERA_Driver.obj (.text:TA0_0_IRQHandler)
                  00002d10    00000014     mmc_MSP432P401r.obj (.text:power_on)
                  00002d24    00000010     msp432p4xx_driverlib.lib : interrupt.o (.text:Interrupt_enableMaster)
                  00002d34    00000010                              : pcm.o (.text:PCM_setCoreVoltageLevel)
                  00002d44    00000010                              : pcm.o (.text:PCM_setPowerMode)
                  00002d54    0000000e     rtsv7M4_T_le_v4SPD16_eabi.lib : copy_decompress_none.c.obj (.text:decompress:none:__TI_decompress_none)
                  00002d62    0000000e     mmc_MSP432P401r.obj (.text:rcvr_spi_m)
                  00002d70    0000000c     msp432p4xx_driverlib.lib : cpu.o (.text:CPU_cpsie)
                  00002d7c    0000000c     mmc_MSP432P401r.obj (.text:MMC_disk_status)
                  00002d88    0000000c     startup_msp432p401r_ccs.obj (.text:Reset_Handler)
                  00002d94    0000000c     mmc_MSP432P401r.obj (.text:power_off)
                  00002da0    00000004     rtsv7M4_T_le_v4SPD16_eabi.lib : pre_init.c.obj (.text:_system_pre_init)
                  00002da4    00000004                                   : exit.c.obj (.text:abort:abort)

.const     0    00002da8    0000000a     
                  00002da8    0000000a     ff.obj (.const:.string:DbcTbl)

.cinit     0    00002db8    00000060     
                  00002db8    00000037     (.cinit..data.load) [load image, compression = lzss]
                  00002def    00000001     --HOLE-- [fill = 0]
                  00002df0    0000000c     (__TI_handler_table)
                  00002dfc    00000004     --HOLE-- [fill = 0]
                  00002e00    00000008     (.cinit..bss.load) [load image, compression = zero_init]
                  00002e08    00000010     (__TI_cinit_table)

.init_array 
*          0    00000000    00000000     UNINITIALIZED

.binit     0    00000000    00000000     

.bss       0    20000000    000003a8     UNINITIALIZED
                  20000000    00000230     (.common:FS)
                  20000230    00000080     (.common:UARTA0Data)
                  200002b0    00000080     (.common:UARTA2Data)
                  20000330    0000002c     (.common:DI)
                  2000035c    0000002c     (.common:FI)
                  20000388    00000009     mmc_MSP432P401r.obj (.bss)
                  20000391    00000001     --HOLE--
                  20000392    00000002     ff.obj (.bss)
                  20000394    00000004     ff.obj (.bss:FatFs)
                  20000398    00000004     (.common:UARTA0ReadIndex)
                  2000039c    00000004     (.common:UARTA0WriteIndex)
                  200003a0    00000004     (.common:UARTA2ReadIndex)
                  200003a4    00000004     (.common:UARTA2WriteIndex)

.data      0    200003a8    00000066     UNINITIALIZED
                  200003a8    00000028     main.obj (.data:UART0Config)
                  200003d0    0000001c     main.obj (.data:SPI0MasterConfig)
                  200003ec    00000018     main.obj (.data:upConfig)
                  20000404    00000008     TIMERA_Driver.obj (.data)
                  2000040c    00000002     mmc_MSP432P401r.obj (.data)

.stack     0    2000fe00    00000200     UNINITIALIZED
                  2000fe00    00000004     rtsv7M4_T_le_v4SPD16_eabi.lib : boot_cortex_m.c.obj (.stack)
                  2000fe04    000001fc     --HOLE--

__llvm_prf_cnts 
*          0    20000000    00000000     UNINITIALIZED

MODULE SUMMARY

       Module                        code    ro data   rw data
       ------                        ----    -------   -------
    .\
       main.obj                      492     0         1480   
       system_msp432p401r.obj        120     0         0      
    +--+-----------------------------+-------+---------+---------+
       Total:                        612     0         1480   
                                                              
    .\Devices\
       MSPIO.obj                     380     0         0      
    +--+-----------------------------+-------+---------+---------+
       Total:                        380     0         0      
                                                              
    .\Hardware\
       UART_Driver.obj               504     0         544    
       TIMERA_Driver.obj             272     0         16     
       SPI_Driver.obj                216     0         0      
       GPIO_Driver.obj               96      0         0      
       CS_Driver.obj                 34      0         0      
    +--+-----------------------------+-------+---------+---------+
       Total:                        1122    0         560    
                                                              
    .\ccs\
       startup_msp432p401r_ccs.obj   14      228       0      
    +--+-----------------------------+-------+---------+---------+
       Total:                        14      228       0      
                                                              
    .\fatfs\
       ff.obj                        5385    10        12     
       mmc_MSP432P401r.obj           1584    0         22     
       diskio.obj                    236     0         0      
    +--+-----------------------------+-------+---------+---------+
       Total:                        7205    10        34     
                                                              
    C:/ti/simplelink_msp432p4_sdk_3_40_01_02/source/ti/devices/msp432p4xx/driverlib/ccs/msp432p4xx_driverlib.lib
       pcm.o                         848     0         0      
       uart.o                        408     0         0      
       spi.o                         240     0         0      
       flash.o                       72      0         0      
       cs.o                          52      0         0      
       wdt_a.o                       36      0         0      
       interrupt.o                   16      0         0      
       cpu.o                         12      0         0      
    +--+-----------------------------+-------+---------+---------+
       Total:                        1684    0         0      
                                                              
    C:\ti\ccs1011\ccs\tools\compiler\ti-cgt-arm_20.2.4.LTS\lib\rtsv7M4_T_le_v4SPD16_eabi.lib
       memcpy_t2.asm.obj             156     0         0      
       copy_decompress_lzss.c.obj    104     0         0      
       autoinit.c.obj                68      0         0      
       boot_cortex_m.c.obj           52      0         0      
       copy_zero_init.c.obj          28      0         0      
       copy_decompress_none.c.obj    14      0         0      
       exit.c.obj                    4       0         0      
       pre_init.c.obj                4       0         0      
    +--+-----------------------------+-------+---------+---------+
       Total:                        430     0         0      
                                                              
       Stack:                        0       0         1024   
       Linker Generated:             0       91        0      
    +--+-----------------------------+-------+---------+---------+
       Grand Total:                  11447   329       3098   


LINKER GENERATED COPY TABLES

__TI_cinit_table @ 00002e08 records: 2, size/record: 8, table size: 16
	.data: load addr=00002db8, load size=00000037 bytes, run addr=200003a8, run size=00000066 bytes, compression=lzss
	.bss: load addr=00002e00, load size=00000008 bytes, run addr=20000000, run size=000003a8 bytes, compression=zero_init


LINKER GENERATED HANDLER TABLE

__TI_handler_table @ 00002df0 records: 3, size/record: 4, table size: 12
	index: 0, handler: __TI_decompress_lzss
	index: 1, handler: __TI_decompress_none
	index: 2, handler: __TI_zero_init


GLOBAL SYMBOLS: SORTED ALPHABETICALLY BY Name 

address   name                          
-------   ----                          
00001517  ADC14_IRQHandler              
00001517  AES256_IRQHandler             
00001517  BusFault_Handler              
00002da5  C$$EXIT                       
00001517  COMP_E0_IRQHandler            
00001517  COMP_E1_IRQHandler            
00002d71  CPU_cpsie                     
00001517  CS_IRQHandler                 
00002bfd  CS_Init                       
00002965  CS_setDCOCenteredFrequency    
20000330  DI                            
00001517  DMA_ERR_IRQHandler            
00001517  DMA_INT0_IRQHandler           
00001517  DMA_INT1_IRQHandler           
00001517  DMA_INT2_IRQHandler           
00001517  DMA_INT3_IRQHandler           
00001517  DebugMon_Handler              
00001517  Default_Handler               
00001d9d  EUSCIA0_IRQHandler            
00001d9d  EUSCIA0_IRQHandler            
00001517  EUSCIA1_IRQHandler            
0000201d  EUSCIA2_IRQHandler            
0000201d  EUSCIA2_IRQHandler            
00001517  EUSCIA3_IRQHandler            
00001517  EUSCIB0_IRQHandler            
00001517  EUSCIB1_IRQHandler            
00001517  EUSCIB2_IRQHandler            
00001517  EUSCIB3_IRQHandler            
2000035c  FI                            
00001517  FLCTL_IRQHandler              
00001517  FPU_IRQHandler                
20000000  FS                            
00002699  FlashCtl_setWaitState         
00002c41  GPIO_High                     
00002c61  GPIO_Init                     
00002c81  GPIO_Low                      
00001517  HardFault_Handler             
00002d25  Interrupt_enableMaster        
000006d1  MMC_disk_initialize           
00001a19  MMC_disk_read                 
00002d7d  MMC_disk_status               
00001519  MMC_disk_write                
000015e5  MSPrintf                      
00001517  MemManage_Handler             
00001517  NMI_Handler                   
00001517  PCM_IRQHandler                
0000238f  PCM_getCoreVoltageLevel       
00002449  PCM_getPowerMode              
00002cd5  PCM_getPowerState             
00002d35  PCM_setCoreVoltageLevel       
00002d45  PCM_setPowerMode              
00001517  PORT1_IRQHandler              
00001517  PORT2_IRQHandler              
00001517  PORT3_IRQHandler              
00001517  PORT4_IRQHandler              
00001517  PORT5_IRQHandler              
00001517  PORT6_IRQHandler              
00001517  PSS_IRQHandler                
00001517  PendSV_Handler                
00002ce9  PrintChar                     
00001c83  PrintInteger                  
00002c1f  PrintString                   
00001517  RTC_C_IRQHandler              
00002d89  Reset_Handler                 
200003d0  SPI0MasterConfig              
000024a5  SPI_Init                      
000027f1  SPI_Read                      
00002831  SPI_Write                     
000018c3  SPI_initMaster                
00001517  SVC_Handler                   
00001517  SysTick_Handler               
00002095  SystemInit                    
00001517  T32_INT1_IRQHandler           
00001517  T32_INT2_IRQHandler           
00001517  T32_INTC_IRQHandler           
00002cfd  TA0_0_IRQHandler              
00002cfd  TA0_0_IRQHandler              
00001517  TA0_N_IRQHandler              
00002ac1  TA1_0_IRQHandler              
00002ac1  TA1_0_IRQHandler              
00001517  TA1_N_IRQHandler              
00001517  TA2_0_IRQHandler              
00001517  TA2_N_IRQHandler              
00001517  TA3_0_IRQHandler              
00001517  TA3_N_IRQHandler              
00001379  TIMERA_Init                   
20000404  TIMER_A0_CB                   
20000408  TIMER_A1_CB                   
200003a8  UART0Config                   
20000230  UARTA0Data                    
20000398  UARTA0ReadIndex               
2000039c  UARTA0WriteIndex              
200002b0  UARTA2Data                    
200003a0  UARTA2ReadIndex               
200003a4  UARTA2WriteIndex              
000016a1  UART_Init                     
00002871  UART_Write                    
000022c7  UART_getEnabledInterruptStatus
00002cbd  UART_getInterruptStatus       
00000e51  UART_initModule               
00001517  UsageFault_Handler            
4000480c  WDTCTL_SYM                    
00001517  WDT_A_IRQHandler              
00002bb5  WDT_A_holdTimer               
20010000  __STACK_END                   
00000200  __STACK_SIZE                  
00002e08  __TI_CINIT_Base               
00002e18  __TI_CINIT_Limit              
00002df0  __TI_Handler_Table_Base       
00002dfc  __TI_Handler_Table_Limit      
000026e1  __TI_auto_init_nobinit_nopinit
0000225f  __TI_decompress_lzss          
00002d55  __TI_decompress_none          
ffffffff  __TI_pprof_out_hndl           
ffffffff  __TI_prof_data_size           
ffffffff  __TI_prof_data_start          
00000000  __TI_static_base__            
00002ca1  __TI_zero_init_nomemset       
00001b57  __aeabi_memcpy                
00001b57  __aeabi_memcpy4               
00001b57  __aeabi_memcpy8               
ffffffff  __binit__                     
ffffffff  __c_args__                    
UNDEFED   __mpu_init                    
2000fe00  __stack                       
20000000  __start___llvm_prf_cnts       
20000000  __stop___llvm_prf_cnts        
00002999  _c_int00_noargs               
UNDEFED   _system_post_cinit            
00002da1  _system_pre_init              
00002da5  abort                         
ffffffff  binit                         
000029cd  disk_initialize               
00002725  disk_read                     
000029ff  disk_status                   
0000264d  disk_timerproc                
00002769  disk_write                    
00002185  f_mount                       
00001973  f_opendir                     
0000210d  f_readdir                     
00000000  interruptVectors              
000004e5  main                          
00001b57  memcpy                        
200003ec  upConfig                      


GLOBAL SYMBOLS: SORTED BY Symbol Address 

address   name                          
-------   ----                          
00000000  __TI_static_base__            
00000000  interruptVectors              
00000200  __STACK_SIZE                  
000004e5  main                          
000006d1  MMC_disk_initialize           
00000e51  UART_initModule               
00001379  TIMERA_Init                   
00001517  ADC14_IRQHandler              
00001517  AES256_IRQHandler             
00001517  BusFault_Handler              
00001517  COMP_E0_IRQHandler            
00001517  COMP_E1_IRQHandler            
00001517  CS_IRQHandler                 
00001517  DMA_ERR_IRQHandler            
00001517  DMA_INT0_IRQHandler           
00001517  DMA_INT1_IRQHandler           
00001517  DMA_INT2_IRQHandler           
00001517  DMA_INT3_IRQHandler           
00001517  DebugMon_Handler              
00001517  Default_Handler               
00001517  EUSCIA1_IRQHandler            
00001517  EUSCIA3_IRQHandler            
00001517  EUSCIB0_IRQHandler            
00001517  EUSCIB1_IRQHandler            
00001517  EUSCIB2_IRQHandler            
00001517  EUSCIB3_IRQHandler            
00001517  FLCTL_IRQHandler              
00001517  FPU_IRQHandler                
00001517  HardFault_Handler             
00001517  MemManage_Handler             
00001517  NMI_Handler                   
00001517  PCM_IRQHandler                
00001517  PORT1_IRQHandler              
00001517  PORT2_IRQHandler              
00001517  PORT3_IRQHandler              
00001517  PORT4_IRQHandler              
00001517  PORT5_IRQHandler              
00001517  PORT6_IRQHandler              
00001517  PSS_IRQHandler                
00001517  PendSV_Handler                
00001517  RTC_C_IRQHandler              
00001517  SVC_Handler                   
00001517  SysTick_Handler               
00001517  T32_INT1_IRQHandler           
00001517  T32_INT2_IRQHandler           
00001517  T32_INTC_IRQHandler           
00001517  TA0_N_IRQHandler              
00001517  TA1_N_IRQHandler              
00001517  TA2_0_IRQHandler              
00001517  TA2_N_IRQHandler              
00001517  TA3_0_IRQHandler              
00001517  TA3_N_IRQHandler              
00001517  UsageFault_Handler            
00001517  WDT_A_IRQHandler              
00001519  MMC_disk_write                
000015e5  MSPrintf                      
000016a1  UART_Init                     
000018c3  SPI_initMaster                
00001973  f_opendir                     
00001a19  MMC_disk_read                 
00001b57  __aeabi_memcpy                
00001b57  __aeabi_memcpy4               
00001b57  __aeabi_memcpy8               
00001b57  memcpy                        
00001c83  PrintInteger                  
00001d9d  EUSCIA0_IRQHandler            
00001d9d  EUSCIA0_IRQHandler            
0000201d  EUSCIA2_IRQHandler            
0000201d  EUSCIA2_IRQHandler            
00002095  SystemInit                    
0000210d  f_readdir                     
00002185  f_mount                       
0000225f  __TI_decompress_lzss          
000022c7  UART_getEnabledInterruptStatus
0000238f  PCM_getCoreVoltageLevel       
00002449  PCM_getPowerMode              
000024a5  SPI_Init                      
0000264d  disk_timerproc                
00002699  FlashCtl_setWaitState         
000026e1  __TI_auto_init_nobinit_nopinit
00002725  disk_read                     
00002769  disk_write                    
000027f1  SPI_Read                      
00002831  SPI_Write                     
00002871  UART_Write                    
00002965  CS_setDCOCenteredFrequency    
00002999  _c_int00_noargs               
000029cd  disk_initialize               
000029ff  disk_status                   
00002ac1  TA1_0_IRQHandler              
00002ac1  TA1_0_IRQHandler              
00002bb5  WDT_A_holdTimer               
00002bfd  CS_Init                       
00002c1f  PrintString                   
00002c41  GPIO_High                     
00002c61  GPIO_Init                     
00002c81  GPIO_Low                      
00002ca1  __TI_zero_init_nomemset       
00002cbd  UART_getInterruptStatus       
00002cd5  PCM_getPowerState             
00002ce9  PrintChar                     
00002cfd  TA0_0_IRQHandler              
00002cfd  TA0_0_IRQHandler              
00002d25  Interrupt_enableMaster        
00002d35  PCM_setCoreVoltageLevel       
00002d45  PCM_setPowerMode              
00002d55  __TI_decompress_none          
00002d71  CPU_cpsie                     
00002d7d  MMC_disk_status               
00002d89  Reset_Handler                 
00002da1  _system_pre_init              
00002da5  C$$EXIT                       
00002da5  abort                         
00002df0  __TI_Handler_Table_Base       
00002dfc  __TI_Handler_Table_Limit      
00002e08  __TI_CINIT_Base               
00002e18  __TI_CINIT_Limit              
20000000  FS                            
20000000  __start___llvm_prf_cnts       
20000000  __stop___llvm_prf_cnts        
20000230  UARTA0Data                    
200002b0  UARTA2Data                    
20000330  DI                            
2000035c  FI                            
20000398  UARTA0ReadIndex               
2000039c  UARTA0WriteIndex              
200003a0  UARTA2ReadIndex               
200003a4  UARTA2WriteIndex              
200003a8  UART0Config                   
200003d0  SPI0MasterConfig              
200003ec  upConfig                      
20000404  TIMER_A0_CB                   
20000408  TIMER_A1_CB                   
2000fe00  __stack                       
20010000  __STACK_END                   
4000480c  WDTCTL_SYM                    
ffffffff  __TI_pprof_out_hndl           
ffffffff  __TI_prof_data_size           
ffffffff  __TI_prof_data_start          
ffffffff  __binit__                     
ffffffff  __c_args__                    
ffffffff  binit                         
UNDEFED   __mpu_init                    
UNDEFED   _system_post_cinit            

[144 symbols]
