******************************************************************************
                  TI ARM Linker PC v20.2.4                     
******************************************************************************
>> Linked Thu Jan 14 18:47:28 2021

OUTPUT FILE NAME:   <delay_ms_using_timer.out>
ENTRY POINT SYMBOL: "_c_int00_noargs"  address: 00000955


MEMORY CONFIGURATION

         name            origin    length      used     unused   attr    fill
----------------------  --------  ---------  --------  --------  ----  --------
  MAIN                  00000000   00040000  00000afa  0003f506  R  X
  INFO                  00200000   00004000  00000000  00004000  R  X
  SRAM_CODE             01000000   00010000  00000208  0000fdf8  RW X
  SRAM_DATA             20000000   00010000  00000208  0000fdf8  RW  


SEGMENT ALLOCATION MAP

run origin  load origin   length   init length attrs members
----------  ----------- ---------- ----------- ----- -------
00000000    00000000    00000afc   00000afc    r-x
  00000000    00000000    000000e4   000000e4    r-- .intvecs
  000000e4    000000e4    000009d2   000009d2    r-x .text
  00000ab8    00000ab8    00000030   00000030    r-- .const
  00000ae8    00000ae8    00000014   00000014    r-- .cinit
20000000    20000000    00000008   00000000    rw-
  20000000    20000000    00000008   00000000    rw- .bss
2000fe00    2000fe00    00000200   00000000    rw-
  2000fe00    2000fe00    00000200   00000000    rw- .stack


SECTION ALLOCATION MAP

 output                                  attributes/
section   page    origin      length       input sections
--------  ----  ----------  ----------   ----------------
.intvecs   0    00000000    000000e4     
                  00000000    000000e4     startup_msp432p401r_ccs.obj (.intvecs:retain)

.text      0    000000e4    000009d2     
                  000000e4    00000130     msp432p4xx_driverlib.lib : cs.o (.text:CS_initClockSignal)
                  00000214    0000011c                              : uart.o (.text:UART_initModule)
                  00000330    00000104                              : cs.o (.text:_CSComputeCLKFrequency)
                  00000434    000000f8                              : cs.o (.text:CS_getDCOFrequency)
                  0000052c    00000094                              : sysctl_a.o (.text:SysCtl_A_getTLVInfo)
                  000005c0    00000088                              : gpio.o (.text:GPIO_setAsPeripheralModuleFunctionInputPin)
                  00000648    00000088     main.obj (.text:main)
                  000006d0    0000007c     msp432p4xx_driverlib.lib : cs.o (.text:_CSGetDOCFrequency)
                  0000074c    00000078     system_msp432p401r.obj (.text:SystemInit)
                  000007c4    00000062     msp432p4xx_driverlib.lib : cs.o (.text:_CSGetDividerValue)
                  00000826    00000002     startup_msp432p401r_ccs.obj (.text:Default_Handler)
                  00000828    00000044     rtsv7M4_T_le_v4SPD16_eabi.lib : autoinit.c.obj (.text:__TI_auto_init_nobinit_nopinit:__TI_auto_init_nobinit_nopinit)
                  0000086c    00000040     msp432p4xx_driverlib.lib : gpio.o (.text:GPIO_setAsOutputPin)
                  000008ac    00000040     main.obj (.text:config_uart)
                  000008ec    00000034     msp432p4xx_driverlib.lib : cs.o (.text:CS_setDCOCenteredFrequency)
                  00000920    00000034                              : uart.o (.text:UART_transmitData)
                  00000954    00000034     rtsv7M4_T_le_v4SPD16_eabi.lib : boot_cortex_m.c.obj (.text:_c_int00_noargs:_c_int00_noargs)
                  00000988    00000030     msp432p4xx_driverlib.lib : cs.o (.text:CS_clearInterruptFlag)
                  000009b8    00000030     main.obj (.text:print_uart)
                  000009e8    00000028     msp432p4xx_driverlib.lib : cs.o (.text:CS_getMCLK)
                  00000a10    00000028                              : gpio.o (.text:GPIO_setOutputLowOnPin)
                  00000a38    00000024                              : wdt_a.o (.text:WDT_A_holdTimer)
                  00000a5c    0000001c     rtsv7M4_T_le_v4SPD16_eabi.lib : copy_zero_init.c.obj (.text:decompress:ZI:__TI_zero_init_nomemset:__TI_zero_init_nomemset)
                  00000a78    00000016     msp432p4xx_driverlib.lib : uart.o (.text:UART_enableModule)
                  00000a8e    00000014     rtsv7M4_T_le_v4SPD16_eabi.lib : strlen.c.obj (.text:strlen)
                  00000aa2    0000000c     startup_msp432p401r_ccs.obj (.text:Reset_Handler)
                  00000aae    00000004     rtsv7M4_T_le_v4SPD16_eabi.lib : pre_init.c.obj (.text:_system_pre_init)
                  00000ab2    00000004                                   : exit.c.obj (.text:abort:abort)

.const     0    00000ab8    00000030     
                  00000ab8    00000030     msp432p4xx_driverlib.lib : gpio.o (.const:GPIO_PORT_TO_BASE)

.cinit     0    00000ae8    00000014     
                  00000ae8    00000008     (.cinit..bss.load) [load image, compression = zero_init]
                  00000af0    00000004     (__TI_handler_table)
                  00000af4    00000008     (__TI_cinit_table)

.init_array 
*          0    00000000    00000000     UNINITIALIZED

.binit     0    00000000    00000000     

.bss       0    20000000    00000008     UNINITIALIZED
                  20000000    00000008     msp432p4xx_driverlib.lib : cs.o (.bss)

.stack     0    2000fe00    00000200     UNINITIALIZED
                  2000fe00    00000004     rtsv7M4_T_le_v4SPD16_eabi.lib : boot_cortex_m.c.obj (.stack)
                  2000fe04    000001fc     --HOLE--

__llvm_prf_cnts 
*          0    20000000    00000000     UNINITIALIZED

MODULE SUMMARY

       Module                        code   ro data   rw data
       ------                        ----   -------   -------
    .\
       main.obj                      248    0         0      
       system_msp432p401r.obj        120    0         0      
    +--+-----------------------------+------+---------+---------+
       Total:                        368    0         0      
                                                             
    .\ccs\
       startup_msp432p401r_ccs.obj   14     228       0      
    +--+-----------------------------+------+---------+---------+
       Total:                        14     228       0      
                                                             
    C:/ti/simplelink_msp432p4_sdk_3_40_01_02/source/ti/devices/msp432p4xx/driverlib/ccs/msp432p4xx_driverlib.lib
       cs.o                          1174   0         16     
       uart.o                        358    0         0      
       gpio.o                        240    48        0      
       sysctl_a.o                    148    0         0      
       wdt_a.o                       36     0         0      
    +--+-----------------------------+------+---------+---------+
       Total:                        1956   48        16     
                                                             
    C:\ti\ccs1011\ccs\tools\compiler\ti-cgt-arm_20.2.4.LTS\lib\rtsv7M4_T_le_v4SPD16_eabi.lib
       autoinit.c.obj                68     0         0      
       boot_cortex_m.c.obj           52     0         0      
       copy_zero_init.c.obj          28     0         0      
       strlen.c.obj                  20     0         0      
       exit.c.obj                    4      0         0      
       pre_init.c.obj                4      0         0      
    +--+-----------------------------+------+---------+---------+
       Total:                        176    0         0      
                                                             
       Stack:                        0      0         1024   
       Linker Generated:             0      20        0      
    +--+-----------------------------+------+---------+---------+
       Grand Total:                  2514   296       1040   


LINKER GENERATED COPY TABLES

__TI_cinit_table @ 00000af4 records: 1, size/record: 8, table size: 8
	.bss: load addr=00000ae8, load size=00000008 bytes, run addr=20000000, run size=00000008 bytes, compression=zero_init


LINKER GENERATED HANDLER TABLE

__TI_handler_table @ 00000af0 records: 1, size/record: 4, table size: 4
	index: 0, handler: __TI_zero_init


GLOBAL SYMBOLS: SORTED ALPHABETICALLY BY Name 

address   name                                      
-------   ----                                      
00000827  ADC14_IRQHandler                          
00000827  AES256_IRQHandler                         
00000827  BusFault_Handler                          
00000ab3  C$$EXIT                                   
00000827  COMP_E0_IRQHandler                        
00000827  COMP_E1_IRQHandler                        
00000827  CS_IRQHandler                             
00000989  CS_clearInterruptFlag                     
00000435  CS_getDCOFrequency                        
000009e9  CS_getMCLK                                
000000e5  CS_initClockSignal                        
000008ed  CS_setDCOCenteredFrequency                
00000827  DMA_ERR_IRQHandler                        
00000827  DMA_INT0_IRQHandler                       
00000827  DMA_INT1_IRQHandler                       
00000827  DMA_INT2_IRQHandler                       
00000827  DMA_INT3_IRQHandler                       
00000827  DebugMon_Handler                          
00000827  Default_Handler                           
00000827  EUSCIA0_IRQHandler                        
00000827  EUSCIA1_IRQHandler                        
00000827  EUSCIA2_IRQHandler                        
00000827  EUSCIA3_IRQHandler                        
00000827  EUSCIB0_IRQHandler                        
00000827  EUSCIB1_IRQHandler                        
00000827  EUSCIB2_IRQHandler                        
00000827  EUSCIB3_IRQHandler                        
00000827  FLCTL_IRQHandler                          
00000827  FPU_IRQHandler                            
0000086d  GPIO_setAsOutputPin                       
000005c1  GPIO_setAsPeripheralModuleFunctionInputPin
00000a11  GPIO_setOutputLowOnPin                    
00000827  HardFault_Handler                         
00000827  MemManage_Handler                         
00000827  NMI_Handler                               
00000827  PCM_IRQHandler                            
00000827  PORT1_IRQHandler                          
00000827  PORT2_IRQHandler                          
00000827  PORT3_IRQHandler                          
00000827  PORT4_IRQHandler                          
00000827  PORT5_IRQHandler                          
00000827  PORT6_IRQHandler                          
00000827  PSS_IRQHandler                            
00000827  PendSV_Handler                            
00000827  RTC_C_IRQHandler                          
00000aa3  Reset_Handler                             
00000827  SVC_Handler                               
0000052d  SysCtl_A_getTLVInfo                       
00000827  SysTick_Handler                           
0000074d  SystemInit                                
00000827  T32_INT1_IRQHandler                       
00000827  T32_INT2_IRQHandler                       
00000827  T32_INTC_IRQHandler                       
00000827  TA0_0_IRQHandler                          
00000827  TA0_N_IRQHandler                          
00000827  TA1_0_IRQHandler                          
00000827  TA1_N_IRQHandler                          
00000827  TA2_0_IRQHandler                          
00000827  TA2_N_IRQHandler                          
00000827  TA3_0_IRQHandler                          
00000827  TA3_N_IRQHandler                          
00000a79  UART_enableModule                         
00000215  UART_initModule                           
00000921  UART_transmitData                         
00000827  UsageFault_Handler                        
4000480c  WDTCTL_SYM                                
00000827  WDT_A_IRQHandler                          
00000a39  WDT_A_holdTimer                           
20010000  __STACK_END                               
00000200  __STACK_SIZE                              
00000af4  __TI_CINIT_Base                           
00000afc  __TI_CINIT_Limit                          
00000af0  __TI_Handler_Table_Base                   
00000af4  __TI_Handler_Table_Limit                  
00000829  __TI_auto_init_nobinit_nopinit            
ffffffff  __TI_pprof_out_hndl                       
ffffffff  __TI_prof_data_size                       
ffffffff  __TI_prof_data_start                      
00000000  __TI_static_base__                        
00000a5d  __TI_zero_init_nomemset                   
ffffffff  __binit__                                 
ffffffff  __c_args__                                
UNDEFED   __mpu_init                                
2000fe00  __stack                                   
20000000  __start___llvm_prf_cnts                   
20000000  __stop___llvm_prf_cnts                    
00000955  _c_int00_noargs                           
UNDEFED   _system_post_cinit                        
00000aaf  _system_pre_init                          
00000ab3  abort                                     
ffffffff  binit                                     
00000000  interruptVectors                          
00000649  main                                      
00000a8f  strlen                                    


GLOBAL SYMBOLS: SORTED BY Symbol Address 

address   name                                      
-------   ----                                      
00000000  __TI_static_base__                        
00000000  interruptVectors                          
000000e5  CS_initClockSignal                        
00000200  __STACK_SIZE                              
00000215  UART_initModule                           
00000435  CS_getDCOFrequency                        
0000052d  SysCtl_A_getTLVInfo                       
000005c1  GPIO_setAsPeripheralModuleFunctionInputPin
00000649  main                                      
0000074d  SystemInit                                
00000827  ADC14_IRQHandler                          
00000827  AES256_IRQHandler                         
00000827  BusFault_Handler                          
00000827  COMP_E0_IRQHandler                        
00000827  COMP_E1_IRQHandler                        
00000827  CS_IRQHandler                             
00000827  DMA_ERR_IRQHandler                        
00000827  DMA_INT0_IRQHandler                       
00000827  DMA_INT1_IRQHandler                       
00000827  DMA_INT2_IRQHandler                       
00000827  DMA_INT3_IRQHandler                       
00000827  DebugMon_Handler                          
00000827  Default_Handler                           
00000827  EUSCIA0_IRQHandler                        
00000827  EUSCIA1_IRQHandler                        
00000827  EUSCIA2_IRQHandler                        
00000827  EUSCIA3_IRQHandler                        
00000827  EUSCIB0_IRQHandler                        
00000827  EUSCIB1_IRQHandler                        
00000827  EUSCIB2_IRQHandler                        
00000827  EUSCIB3_IRQHandler                        
00000827  FLCTL_IRQHandler                          
00000827  FPU_IRQHandler                            
00000827  HardFault_Handler                         
00000827  MemManage_Handler                         
00000827  NMI_Handler                               
00000827  PCM_IRQHandler                            
00000827  PORT1_IRQHandler                          
00000827  PORT2_IRQHandler                          
00000827  PORT3_IRQHandler                          
00000827  PORT4_IRQHandler                          
00000827  PORT5_IRQHandler                          
00000827  PORT6_IRQHandler                          
00000827  PSS_IRQHandler                            
00000827  PendSV_Handler                            
00000827  RTC_C_IRQHandler                          
00000827  SVC_Handler                               
00000827  SysTick_Handler                           
00000827  T32_INT1_IRQHandler                       
00000827  T32_INT2_IRQHandler                       
00000827  T32_INTC_IRQHandler                       
00000827  TA0_0_IRQHandler                          
00000827  TA0_N_IRQHandler                          
00000827  TA1_0_IRQHandler                          
00000827  TA1_N_IRQHandler                          
00000827  TA2_0_IRQHandler                          
00000827  TA2_N_IRQHandler                          
00000827  TA3_0_IRQHandler                          
00000827  TA3_N_IRQHandler                          
00000827  UsageFault_Handler                        
00000827  WDT_A_IRQHandler                          
00000829  __TI_auto_init_nobinit_nopinit            
0000086d  GPIO_setAsOutputPin                       
000008ed  CS_setDCOCenteredFrequency                
00000921  UART_transmitData                         
00000955  _c_int00_noargs                           
00000989  CS_clearInterruptFlag                     
000009e9  CS_getMCLK                                
00000a11  GPIO_setOutputLowOnPin                    
00000a39  WDT_A_holdTimer                           
00000a5d  __TI_zero_init_nomemset                   
00000a79  UART_enableModule                         
00000a8f  strlen                                    
00000aa3  Reset_Handler                             
00000aaf  _system_pre_init                          
00000ab3  C$$EXIT                                   
00000ab3  abort                                     
00000af0  __TI_Handler_Table_Base                   
00000af4  __TI_CINIT_Base                           
00000af4  __TI_Handler_Table_Limit                  
00000afc  __TI_CINIT_Limit                          
20000000  __start___llvm_prf_cnts                   
20000000  __stop___llvm_prf_cnts                    
2000fe00  __stack                                   
20010000  __STACK_END                               
4000480c  WDTCTL_SYM                                
ffffffff  __TI_pprof_out_hndl                       
ffffffff  __TI_prof_data_size                       
ffffffff  __TI_prof_data_start                      
ffffffff  __binit__                                 
ffffffff  __c_args__                                
ffffffff  binit                                     
UNDEFED   __mpu_init                                
UNDEFED   _system_post_cinit                        

[94 symbols]
