******************************************************************************
                  TI ARM Linker PC v20.2.1                     
******************************************************************************
>> Linked Sat Feb 13 15:47:41 2021

OUTPUT FILE NAME:   <TM4C1294_blinky.out>
ENTRY POINT SYMBOL: "_c_int00_noinit_noargs"  address: 00000425


MEMORY CONFIGURATION

         name            origin    length      used     unused   attr    fill
----------------------  --------  ---------  --------  --------  ----  --------
  FLASH                 00000000   00100000  000004aa  000ffb56  R  X
  SRAM                  20000000   00040000  00000200  0003fe00  RW X


SEGMENT ALLOCATION MAP

run origin  load origin   length   init length attrs members
----------  ----------- ---------- ----------- ----- -------
00000000    00000000    000004aa   000004aa    r-x
  00000000    00000000    00000200   00000200    r-- .intvecs
  00000200    00000200    000002aa   000002aa    r-x .text
20000000    20000000    00000200   00000000    rw-
  20000000    20000000    00000200   00000000    rw- .stack


SECTION ALLOCATION MAP

 output                                  attributes/
section   page    origin      length       input sections
--------  ----  ----------  ----------   ----------------
.intvecs   0    00000000    00000200     
                  00000000    00000200     startup_ccs.obj (.intvecs)

.text      0    00000200    000002aa     
                  00000200    00000132     driverlib.lib : gpio.obj (.text:GPIOPadConfigSet)
                  00000332    00000002     startup_ccs.obj (.text:FaultISR)
                  00000334    00000084     blinky.obj (.text:main)
                  000003b8    00000038     driverlib.lib : sysctl.obj (.text:SysCtlPeripheralReady)
                  000003f0    00000034                   : sysctl.obj (.text:SysCtlPeripheralEnable)
                  00000424    0000002c     rtsv7M4_T_le_v4SPD16_eabi.lib : boot_cortex_m.c.obj (.text:_c_int00_noinit_noargs:_c_int00_noinit_noargs)
                  00000450    0000002a     driverlib.lib : gpio.obj (.text:GPIODirModeSet)
                  0000047a    00000018                   : gpio.obj (.text:GPIOPinTypeGPIOOutput)
                  00000492    00000006                   : gpio.obj (.text:GPIOPinWrite)
                  00000498    00000006     startup_ccs.obj (.text:ResetISR)
                  0000049e    00000004     rtsv7M4_T_le_v4SPD16_eabi.lib : pre_init.c.obj (.text:_system_pre_init)
                  000004a2    00000004                                   : exit.c.obj (.text:abort:abort)
                  000004a6    00000002     startup_ccs.obj (.text:IntDefaultHandler)
                  000004a8    00000002     startup_ccs.obj (.text:NmiSR)

.cinit     0    00000000    00000000     UNINITIALIZED

.init_array 
*          0    00000000    00000000     UNINITIALIZED

.stack     0    20000000    00000200     UNINITIALIZED
                  20000000    00000004     rtsv7M4_T_le_v4SPD16_eabi.lib : boot_cortex_m.c.obj (.stack)
                  20000004    000001fc     --HOLE--

__llvm_prf_cnts 
*          0    20000000    00000000     UNINITIALIZED

MODULE SUMMARY

       Module                code   ro data   rw data
       ------                ----   -------   -------
    .\
       startup_ccs.obj       12     512       0      
       blinky.obj            132    0         0      
    +--+---------------------+------+---------+---------+
       Total:                144    512       0      
                                                     
    C:/ti/tivaware_c_series_2_1_4_178/driverlib/ccs/Debug/driverlib.lib
       gpio.obj              378    0         0      
       sysctl.obj            108    0         0      
    +--+---------------------+------+---------+---------+
       Total:                486    0         0      
                                                     
    C:\ti\ccs1011\ccs\tools\compiler\ti-cgt-arm_20.2.1.LTS\lib\rtsv7M4_T_le_v4SPD16_eabi.lib
       boot_cortex_m.c.obj   44     0         0      
       exit.c.obj            4      0         0      
       pre_init.c.obj        4      0         0      
    +--+---------------------+------+---------+---------+
       Total:                52     0         0      
                                                     
       Stack:                0      0         512    
    +--+---------------------+------+---------+---------+
       Grand Total:          682    512       512    


GLOBAL SYMBOLS: SORTED ALPHABETICALLY BY Name 

address   name                   
-------   ----                   
000004a3  C$$EXIT                
00000451  GPIODirModeSet         
00000201  GPIOPadConfigSet       
0000047b  GPIOPinTypeGPIOOutput  
00000493  GPIOPinWrite           
00000499  ResetISR               
000003f1  SysCtlPeripheralEnable 
000003b9  SysCtlPeripheralReady  
20000200  __STACK_END            
00000200  __STACK_SIZE           
20000200  __STACK_TOP            
ffffffff  __TI_pprof_out_hndl    
ffffffff  __TI_prof_data_size    
ffffffff  __TI_prof_data_start   
00000000  __TI_static_base__     
ffffffff  __binit__              
ffffffff  __c_args__             
UNDEFED   __mpu_init             
20000000  __stack                
20000000  __start___llvm_prf_cnts
20000000  __stop___llvm_prf_cnts 
00000425  _c_int00_noinit_noargs 
0000049f  _system_pre_init       
000004a3  abort                  
ffffffff  binit                  
00000000  g_pfnVectors           
00000335  main                   


GLOBAL SYMBOLS: SORTED BY Symbol Address 

address   name                   
-------   ----                   
00000000  __TI_static_base__     
00000000  g_pfnVectors           
00000200  __STACK_SIZE           
00000201  GPIOPadConfigSet       
00000335  main                   
000003b9  SysCtlPeripheralReady  
000003f1  SysCtlPeripheralEnable 
00000425  _c_int00_noinit_noargs 
00000451  GPIODirModeSet         
0000047b  GPIOPinTypeGPIOOutput  
00000493  GPIOPinWrite           
00000499  ResetISR               
0000049f  _system_pre_init       
000004a3  C$$EXIT                
000004a3  abort                  
20000000  __stack                
20000000  __start___llvm_prf_cnts
20000000  __stop___llvm_prf_cnts 
20000200  __STACK_END            
20000200  __STACK_TOP            
ffffffff  __TI_pprof_out_hndl    
ffffffff  __TI_prof_data_size    
ffffffff  __TI_prof_data_start   
ffffffff  __binit__              
ffffffff  __c_args__             
ffffffff  binit                  
UNDEFED   __mpu_init             

[27 symbols]
