******************************************************************************
                  TI ARM Linker PC v20.2.4                     
******************************************************************************
>> Linked Fri Feb 26 10:52:33 2021

OUTPUT FILE NAME:   <MSP432_cs_dco_frequency_tune_MSP_EXP432P401R_nortos_ccs.out>
ENTRY POINT SYMBOL: "_c_int00_noinit_noargs"  address: 000004c1


MEMORY CONFIGURATION

         name            origin    length      used     unused   attr    fill
----------------------  --------  ---------  --------  --------  ----  --------
  MAIN                  00000000   00040000  00000632  0003f9ce  R  X
  INFO                  00200000   00004000  00000000  00004000  R  X
  SRAM_CODE             01000000   00010000  00000200  0000fe00  RW X
  SRAM_DATA             20000000   00010000  00000200  0000fe00  RW  


SEGMENT ALLOCATION MAP

run origin  load origin   length   init length attrs members
----------  ----------- ---------- ----------- ----- -------
00000000    00000000    00000634   00000634    r-x
  00000000    00000000    000000e4   000000e4    r-- .intvecs
  000000e4    000000e4    0000051e   0000051e    r-x .text
  00000604    00000604    00000030   00000030    r-- .const
2000fe00    2000fe00    00000200   00000000    rw-
  2000fe00    2000fe00    00000200   00000000    rw- .stack


SECTION ALLOCATION MAP

 output                                  attributes/
section   page    origin      length       input sections
--------  ----  ----------  ----------   ----------------
.intvecs   0    00000000    000000e4     
                  00000000    000000e4     startup_msp432p401r_ccs.obj (.intvecs:retain)

.text      0    000000e4    0000051e     
                  000000e4    0000019c     msp432p4xx_driverlib.lib : cs.o (.text:CS_setDCOFrequency)
                  00000280    00000094                              : sysctl_a.o (.text:SysCtl_A_getTLVInfo)
                  00000314    00000088                              : cs.o (.text:CS_tuneDCOFrequency)
                  0000039c    00000078     system_msp432p401r.obj (.text:SystemInit)
                  00000414    00000040     msp432p4xx_driverlib.lib : gpio.o (.text:GPIO_setAsOutputPin)
                  00000454    00000038     cs_dco_frequency_tune.obj (.text:main)
                  0000048c    00000034     msp432p4xx_driverlib.lib : cs.o (.text:CS_setDCOCenteredFrequency)
                  000004c0    0000002c     rtsv7M4_T_le_v4SPD16_eabi.lib : boot_cortex_m.c.obj (.text:_c_int00_noinit_noargs:_c_int00_noinit_noargs)
                  000004ec    00000028     msp432p4xx_driverlib.lib : gpio.o (.text:GPIO_toggleOutputOnPin)
                  00000514    00000028                              : pcm.o (.text:PCM_gotoLPM0)
                  0000053c    00000024                              : wdt_a.o (.text:WDT_A_holdTimer)
                  00000560    00000018                              : fpu.o (.text:FPU_enableModule)
                  00000578    00000018                              : systick.o (.text:SysTick_setPeriod)
                  00000590    00000010                              : interrupt.o (.text:Interrupt_enableMaster)
                  000005a0    00000010                              : interrupt.o (.text:Interrupt_enableSleepOnIsrExit)
                  000005b0    00000010                              : systick.o (.text:SysTick_enableInterrupt)
                  000005c0    00000010                              : systick.o (.text:SysTick_enableModule)
                  000005d0    0000000c                              : cpu.o (.text:CPU_cpsie)
                  000005dc    0000000c     startup_msp432p401r_ccs.obj (.text:Reset_Handler)
                  000005e8    0000000c     cs_dco_frequency_tune.obj (.text:SysTick_Handler)
                  000005f4    00000004     msp432p4xx_driverlib.lib : cpu.o (.text:CPU_wfi)
                  000005f8    00000004     rtsv7M4_T_le_v4SPD16_eabi.lib : pre_init.c.obj (.text:_system_pre_init)
                  000005fc    00000004                                   : exit.c.obj (.text:abort:abort)
                  00000600    00000002     startup_msp432p401r_ccs.obj (.text:Default_Handler)

.const     0    00000604    00000030     
                  00000604    00000030     msp432p4xx_driverlib.lib : gpio.o (.const:GPIO_PORT_TO_BASE)

.cinit     0    00000000    00000000     UNINITIALIZED

.init_array 
*          0    00000000    00000000     UNINITIALIZED

.binit     0    00000000    00000000     

.stack     0    2000fe00    00000200     UNINITIALIZED
                  2000fe00    00000004     rtsv7M4_T_le_v4SPD16_eabi.lib : boot_cortex_m.c.obj (.stack)
                  2000fe04    000001fc     --HOLE--

__llvm_prf_cnts 
*          0    20000000    00000000     UNINITIALIZED

MODULE SUMMARY

       Module                        code   ro data   rw data
       ------                        ----   -------   -------
    .\
       system_msp432p401r.obj        120    0         0      
       cs_dco_frequency_tune.obj     68     0         0      
    +--+-----------------------------+------+---------+---------+
       Total:                        188    0         0      
                                                             
    .\ccs\
       startup_msp432p401r_ccs.obj   14     228       0      
    +--+-----------------------------+------+---------+---------+
       Total:                        14     228       0      
                                                             
    C:/ti/simplelink_msp432p4_sdk_3_40_01_02/source/ti/devices/msp432p4xx/driverlib/ccs/msp432p4xx_driverlib.lib
       cs.o                          600    0         0      
       gpio.o                        104    48        0      
       sysctl_a.o                    148    0         0      
       systick.o                     56     0         0      
       pcm.o                         40     0         0      
       wdt_a.o                       36     0         0      
       interrupt.o                   32     0         0      
       fpu.o                         24     0         0      
       cpu.o                         16     0         0      
    +--+-----------------------------+------+---------+---------+
       Total:                        1056   48        0      
                                                             
    C:\ti\ccs1011\ccs\tools\compiler\ti-cgt-arm_20.2.4.LTS\lib\rtsv7M4_T_le_v4SPD16_eabi.lib
       boot_cortex_m.c.obj           44     0         0      
       exit.c.obj                    4      0         0      
       pre_init.c.obj                4      0         0      
    +--+-----------------------------+------+---------+---------+
       Total:                        52     0         0      
                                                             
       Stack:                        0      0         1024   
    +--+-----------------------------+------+---------+---------+
       Grand Total:                  1310   276       1024   


GLOBAL SYMBOLS: SORTED ALPHABETICALLY BY Name 

address   name                          
-------   ----                          
00000601  ADC14_IRQHandler              
00000601  AES256_IRQHandler             
00000601  BusFault_Handler              
000005fd  C$$EXIT                       
00000601  COMP_E0_IRQHandler            
00000601  COMP_E1_IRQHandler            
000005d1  CPU_cpsie                     
000005f5  CPU_wfi                       
00000601  CS_IRQHandler                 
0000048d  CS_setDCOCenteredFrequency    
000000e5  CS_setDCOFrequency            
00000315  CS_tuneDCOFrequency           
00000601  DMA_ERR_IRQHandler            
00000601  DMA_INT0_IRQHandler           
00000601  DMA_INT1_IRQHandler           
00000601  DMA_INT2_IRQHandler           
00000601  DMA_INT3_IRQHandler           
00000601  DebugMon_Handler              
00000601  Default_Handler               
00000601  EUSCIA0_IRQHandler            
00000601  EUSCIA1_IRQHandler            
00000601  EUSCIA2_IRQHandler            
00000601  EUSCIA3_IRQHandler            
00000601  EUSCIB0_IRQHandler            
00000601  EUSCIB1_IRQHandler            
00000601  EUSCIB2_IRQHandler            
00000601  EUSCIB3_IRQHandler            
00000601  FLCTL_IRQHandler              
00000601  FPU_IRQHandler                
00000561  FPU_enableModule              
00000415  GPIO_setAsOutputPin           
000004ed  GPIO_toggleOutputOnPin        
00000601  HardFault_Handler             
00000591  Interrupt_enableMaster        
000005a1  Interrupt_enableSleepOnIsrExit
00000601  MemManage_Handler             
00000601  NMI_Handler                   
00000601  PCM_IRQHandler                
00000515  PCM_gotoLPM0                  
00000601  PORT1_IRQHandler              
00000601  PORT2_IRQHandler              
00000601  PORT3_IRQHandler              
00000601  PORT4_IRQHandler              
00000601  PORT5_IRQHandler              
00000601  PORT6_IRQHandler              
00000601  PSS_IRQHandler                
00000601  PendSV_Handler                
00000601  RTC_C_IRQHandler              
000005dd  Reset_Handler                 
00000601  SVC_Handler                   
00000281  SysCtl_A_getTLVInfo           
000005e9  SysTick_Handler               
000005e9  SysTick_Handler               
000005b1  SysTick_enableInterrupt       
000005c1  SysTick_enableModule          
00000579  SysTick_setPeriod             
0000039d  SystemInit                    
00000601  T32_INT1_IRQHandler           
00000601  T32_INT2_IRQHandler           
00000601  T32_INTC_IRQHandler           
00000601  TA0_0_IRQHandler              
00000601  TA0_N_IRQHandler              
00000601  TA1_0_IRQHandler              
00000601  TA1_N_IRQHandler              
00000601  TA2_0_IRQHandler              
00000601  TA2_N_IRQHandler              
00000601  TA3_0_IRQHandler              
00000601  TA3_N_IRQHandler              
00000601  UsageFault_Handler            
4000480c  WDTCTL_SYM                    
00000601  WDT_A_IRQHandler              
0000053d  WDT_A_holdTimer               
20010000  __STACK_END                   
00000200  __STACK_SIZE                  
ffffffff  __TI_pprof_out_hndl           
ffffffff  __TI_prof_data_size           
ffffffff  __TI_prof_data_start          
00000000  __TI_static_base__            
ffffffff  __binit__                     
ffffffff  __c_args__                    
UNDEFED   __mpu_init                    
2000fe00  __stack                       
20000000  __start___llvm_prf_cnts       
20000000  __stop___llvm_prf_cnts        
000004c1  _c_int00_noinit_noargs        
000005f9  _system_pre_init              
000005fd  abort                         
ffffffff  binit                         
00000000  interruptVectors              
00000455  main                          


GLOBAL SYMBOLS: SORTED BY Symbol Address 

address   name                          
-------   ----                          
00000000  __TI_static_base__            
00000000  interruptVectors              
000000e5  CS_setDCOFrequency            
00000200  __STACK_SIZE                  
00000281  SysCtl_A_getTLVInfo           
00000315  CS_tuneDCOFrequency           
0000039d  SystemInit                    
00000415  GPIO_setAsOutputPin           
00000455  main                          
0000048d  CS_setDCOCenteredFrequency    
000004c1  _c_int00_noinit_noargs        
000004ed  GPIO_toggleOutputOnPin        
00000515  PCM_gotoLPM0                  
0000053d  WDT_A_holdTimer               
00000561  FPU_enableModule              
00000579  SysTick_setPeriod             
00000591  Interrupt_enableMaster        
000005a1  Interrupt_enableSleepOnIsrExit
000005b1  SysTick_enableInterrupt       
000005c1  SysTick_enableModule          
000005d1  CPU_cpsie                     
000005dd  Reset_Handler                 
000005e9  SysTick_Handler               
000005e9  SysTick_Handler               
000005f5  CPU_wfi                       
000005f9  _system_pre_init              
000005fd  C$$EXIT                       
000005fd  abort                         
00000601  ADC14_IRQHandler              
00000601  AES256_IRQHandler             
00000601  BusFault_Handler              
00000601  COMP_E0_IRQHandler            
00000601  COMP_E1_IRQHandler            
00000601  CS_IRQHandler                 
00000601  DMA_ERR_IRQHandler            
00000601  DMA_INT0_IRQHandler           
00000601  DMA_INT1_IRQHandler           
00000601  DMA_INT2_IRQHandler           
00000601  DMA_INT3_IRQHandler           
00000601  DebugMon_Handler              
00000601  Default_Handler               
00000601  EUSCIA0_IRQHandler            
00000601  EUSCIA1_IRQHandler            
00000601  EUSCIA2_IRQHandler            
00000601  EUSCIA3_IRQHandler            
00000601  EUSCIB0_IRQHandler            
00000601  EUSCIB1_IRQHandler            
00000601  EUSCIB2_IRQHandler            
00000601  EUSCIB3_IRQHandler            
00000601  FLCTL_IRQHandler              
00000601  FPU_IRQHandler                
00000601  HardFault_Handler             
00000601  MemManage_Handler             
00000601  NMI_Handler                   
00000601  PCM_IRQHandler                
00000601  PORT1_IRQHandler              
00000601  PORT2_IRQHandler              
00000601  PORT3_IRQHandler              
00000601  PORT4_IRQHandler              
00000601  PORT5_IRQHandler              
00000601  PORT6_IRQHandler              
00000601  PSS_IRQHandler                
00000601  PendSV_Handler                
00000601  RTC_C_IRQHandler              
00000601  SVC_Handler                   
00000601  T32_INT1_IRQHandler           
00000601  T32_INT2_IRQHandler           
00000601  T32_INTC_IRQHandler           
00000601  TA0_0_IRQHandler              
00000601  TA0_N_IRQHandler              
00000601  TA1_0_IRQHandler              
00000601  TA1_N_IRQHandler              
00000601  TA2_0_IRQHandler              
00000601  TA2_N_IRQHandler              
00000601  TA3_0_IRQHandler              
00000601  TA3_N_IRQHandler              
00000601  UsageFault_Handler            
00000601  WDT_A_IRQHandler              
20000000  __start___llvm_prf_cnts       
20000000  __stop___llvm_prf_cnts        
2000fe00  __stack                       
20010000  __STACK_END                   
4000480c  WDTCTL_SYM                    
ffffffff  __TI_pprof_out_hndl           
ffffffff  __TI_prof_data_size           
ffffffff  __TI_prof_data_start          
ffffffff  __binit__                     
ffffffff  __c_args__                    
ffffffff  binit                         
UNDEFED   __mpu_init                    

[90 symbols]
