<?xml version="1.0" encoding="ISO-8859-1" ?>
<link_info>
   <banner>TI ARM Linker PC v20.2.4.LTS</banner>
   <copyright>Copyright (c) 1996-2018 Texas Instruments Incorporated</copyright>
   <link_time>0x603e1dad</link_time>
   <link_errors>0x0</link_errors>
   <output_file>MSP432_[not_done]_FatFS_SDCard_UART_Command.out</output_file>
   <entry_point>
      <name>_c_int00_noargs</name>
      <address>0x4d81</address>
   </entry_point>
   <input_file_list>
      <input_file id="fl-2">
         <path>.\</path>
         <kind>object</kind>
         <file>main.obj</file>
         <name>main.obj</name>
      </input_file>
      <input_file id="fl-3">
         <path>.\</path>
         <kind>object</kind>
         <file>printfOverride.obj</file>
         <name>printfOverride.obj</name>
      </input_file>
      <input_file id="fl-4">
         <path>.\</path>
         <kind>object</kind>
         <file>spiDriver.obj</file>
         <name>spiDriver.obj</name>
      </input_file>
      <input_file id="fl-5">
         <path>.\</path>
         <kind>object</kind>
         <file>system_msp432p401r.obj</file>
         <name>system_msp432p401r.obj</name>
      </input_file>
      <input_file id="fl-6">
         <path>.\ccs\</path>
         <kind>object</kind>
         <file>startup_msp432p401r_ccs.obj</file>
         <name>startup_msp432p401r_ccs.obj</name>
      </input_file>
      <input_file id="fl-7">
         <path>.\third_party\fatfs\port\</path>
         <kind>object</kind>
         <file>mmc-msp432P401r.obj</file>
         <name>mmc-msp432P401r.obj</name>
      </input_file>
      <input_file id="fl-8">
         <path>.\third_party\fatfs\src\</path>
         <kind>object</kind>
         <file>ff.obj</file>
         <name>ff.obj</name>
      </input_file>
      <input_file id="fl-9">
         <path>.\utils\</path>
         <kind>object</kind>
         <file>cmdline.obj</file>
         <name>cmdline.obj</name>
      </input_file>
      <input_file id="fl-13">
         <kind>object</kind>
         <file>&lt;internal&gt;</file>
         <name>&lt;internal&gt;</name>
      </input_file>
      <input_file id="fl-14">
         <path>C:\ti\simplelink_msp432p4_sdk_3_40_01_02\source\ti\devices\msp432p4xx\driverlib\ccs\</path>
         <kind>archive</kind>
         <file>msp432p4xx_driverlib.lib</file>
         <name>cs.o</name>
      </input_file>
      <input_file id="fl-15">
         <path>C:\ti\simplelink_msp432p4_sdk_3_40_01_02\source\ti\devices\msp432p4xx\driverlib\ccs\</path>
         <kind>archive</kind>
         <file>msp432p4xx_driverlib.lib</file>
         <name>gpio.o</name>
      </input_file>
      <input_file id="fl-16">
         <path>C:\ti\simplelink_msp432p4_sdk_3_40_01_02\source\ti\devices\msp432p4xx\driverlib\ccs\</path>
         <kind>archive</kind>
         <file>msp432p4xx_driverlib.lib</file>
         <name>interrupt.o</name>
      </input_file>
      <input_file id="fl-17">
         <path>C:\ti\simplelink_msp432p4_sdk_3_40_01_02\source\ti\devices\msp432p4xx\driverlib\ccs\</path>
         <kind>archive</kind>
         <file>msp432p4xx_driverlib.lib</file>
         <name>spi.o</name>
      </input_file>
      <input_file id="fl-18">
         <path>C:\ti\simplelink_msp432p4_sdk_3_40_01_02\source\ti\devices\msp432p4xx\driverlib\ccs\</path>
         <kind>archive</kind>
         <file>msp432p4xx_driverlib.lib</file>
         <name>sysctl_a.o</name>
      </input_file>
      <input_file id="fl-19">
         <path>C:\ti\simplelink_msp432p4_sdk_3_40_01_02\source\ti\devices\msp432p4xx\driverlib\ccs\</path>
         <kind>archive</kind>
         <file>msp432p4xx_driverlib.lib</file>
         <name>systick.o</name>
      </input_file>
      <input_file id="fl-1a">
         <path>C:\ti\simplelink_msp432p4_sdk_3_40_01_02\source\ti\devices\msp432p4xx\driverlib\ccs\</path>
         <kind>archive</kind>
         <file>msp432p4xx_driverlib.lib</file>
         <name>uart.o</name>
      </input_file>
      <input_file id="fl-1b">
         <path>C:\ti\simplelink_msp432p4_sdk_3_40_01_02\source\ti\devices\msp432p4xx\driverlib\ccs\</path>
         <kind>archive</kind>
         <file>msp432p4xx_driverlib.lib</file>
         <name>cpu.o</name>
      </input_file>
      <input_file id="fl-d1">
         <path>C:\ti\ccs1011\ccs\tools\compiler\ti-cgt-arm_20.2.4.LTS\lib\</path>
         <kind>archive</kind>
         <file>rtsv7M4_T_le_v4SPD16_eabi.lib</file>
         <name>printf.c.obj</name>
      </input_file>
      <input_file id="fl-d2">
         <path>C:\ti\ccs1011\ccs\tools\compiler\ti-cgt-arm_20.2.4.LTS\lib\</path>
         <kind>archive</kind>
         <file>rtsv7M4_T_le_v4SPD16_eabi.lib</file>
         <name>_printfi.c.obj</name>
      </input_file>
      <input_file id="fl-d3">
         <path>C:\ti\ccs1011\ccs\tools\compiler\ti-cgt-arm_20.2.4.LTS\lib\</path>
         <kind>archive</kind>
         <file>rtsv7M4_T_le_v4SPD16_eabi.lib</file>
         <name>sprintf.c.obj</name>
      </input_file>
      <input_file id="fl-d4">
         <path>C:\ti\ccs1011\ccs\tools\compiler\ti-cgt-arm_20.2.4.LTS\lib\</path>
         <kind>archive</kind>
         <file>rtsv7M4_T_le_v4SPD16_eabi.lib</file>
         <name>s_frexp.c.obj</name>
      </input_file>
      <input_file id="fl-d5">
         <path>C:\ti\ccs1011\ccs\tools\compiler\ti-cgt-arm_20.2.4.LTS\lib\</path>
         <kind>archive</kind>
         <file>rtsv7M4_T_le_v4SPD16_eabi.lib</file>
         <name>s_scalbn.c.obj</name>
      </input_file>
      <input_file id="fl-d6">
         <path>C:\ti\ccs1011\ccs\tools\compiler\ti-cgt-arm_20.2.4.LTS\lib\</path>
         <kind>archive</kind>
         <file>rtsv7M4_T_le_v4SPD16_eabi.lib</file>
         <name>s_copysign.c.obj</name>
      </input_file>
      <input_file id="fl-d7">
         <path>C:\ti\ccs1011\ccs\tools\compiler\ti-cgt-arm_20.2.4.LTS\lib\</path>
         <kind>archive</kind>
         <file>rtsv7M4_T_le_v4SPD16_eabi.lib</file>
         <name>ull_div_t2.asm.obj</name>
      </input_file>
      <input_file id="fl-d8">
         <path>C:\ti\ccs1011\ccs\tools\compiler\ti-cgt-arm_20.2.4.LTS\lib\</path>
         <kind>archive</kind>
         <file>rtsv7M4_T_le_v4SPD16_eabi.lib</file>
         <name>memset_t2.asm.obj</name>
      </input_file>
      <input_file id="fl-d9">
         <path>C:\ti\ccs1011\ccs\tools\compiler\ti-cgt-arm_20.2.4.LTS\lib\</path>
         <kind>archive</kind>
         <file>rtsv7M4_T_le_v4SPD16_eabi.lib</file>
         <name>fd_add_t2.asm.obj</name>
      </input_file>
      <input_file id="fl-da">
         <path>C:\ti\ccs1011\ccs\tools\compiler\ti-cgt-arm_20.2.4.LTS\lib\</path>
         <kind>archive</kind>
         <file>rtsv7M4_T_le_v4SPD16_eabi.lib</file>
         <name>fd_cmp_t2.asm.obj</name>
      </input_file>
      <input_file id="fl-db">
         <path>C:\ti\ccs1011\ccs\tools\compiler\ti-cgt-arm_20.2.4.LTS\lib\</path>
         <kind>archive</kind>
         <file>rtsv7M4_T_le_v4SPD16_eabi.lib</file>
         <name>fd_div_t2.asm.obj</name>
      </input_file>
      <input_file id="fl-dc">
         <path>C:\ti\ccs1011\ccs\tools\compiler\ti-cgt-arm_20.2.4.LTS\lib\</path>
         <kind>archive</kind>
         <file>rtsv7M4_T_le_v4SPD16_eabi.lib</file>
         <name>fd_mul_t2.asm.obj</name>
      </input_file>
      <input_file id="fl-dd">
         <path>C:\ti\ccs1011\ccs\tools\compiler\ti-cgt-arm_20.2.4.LTS\lib\</path>
         <kind>archive</kind>
         <file>rtsv7M4_T_le_v4SPD16_eabi.lib</file>
         <name>fd_toi_t2.asm.obj</name>
      </input_file>
      <input_file id="fl-de">
         <path>C:\ti\ccs1011\ccs\tools\compiler\ti-cgt-arm_20.2.4.LTS\lib\</path>
         <kind>archive</kind>
         <file>rtsv7M4_T_le_v4SPD16_eabi.lib</file>
         <name>i_tofd_t2.asm.obj</name>
      </input_file>
      <input_file id="fl-df">
         <path>C:\ti\ccs1011\ccs\tools\compiler\ti-cgt-arm_20.2.4.LTS\lib\</path>
         <kind>archive</kind>
         <file>rtsv7M4_T_le_v4SPD16_eabi.lib</file>
         <name>memcpy_t2.asm.obj</name>
      </input_file>
      <input_file id="fl-e0">
         <path>C:\ti\ccs1011\ccs\tools\compiler\ti-cgt-arm_20.2.4.LTS\lib\</path>
         <kind>archive</kind>
         <file>rtsv7M4_T_le_v4SPD16_eabi.lib</file>
         <name>copy_zero_init.c.obj</name>
      </input_file>
      <input_file id="fl-e1">
         <path>C:\ti\ccs1011\ccs\tools\compiler\ti-cgt-arm_20.2.4.LTS\lib\</path>
         <kind>archive</kind>
         <file>rtsv7M4_T_le_v4SPD16_eabi.lib</file>
         <name>copy_decompress_none.c.obj</name>
      </input_file>
      <input_file id="fl-e2">
         <path>C:\ti\ccs1011\ccs\tools\compiler\ti-cgt-arm_20.2.4.LTS\lib\</path>
         <kind>archive</kind>
         <file>rtsv7M4_T_le_v4SPD16_eabi.lib</file>
         <name>copy_decompress_lzss.c.obj</name>
      </input_file>
      <input_file id="fl-e3">
         <path>C:\ti\ccs1011\ccs\tools\compiler\ti-cgt-arm_20.2.4.LTS\lib\</path>
         <kind>archive</kind>
         <file>rtsv7M4_T_le_v4SPD16_eabi.lib</file>
         <name>_lock.c.obj</name>
      </input_file>
      <input_file id="fl-e4">
         <path>C:\ti\ccs1011\ccs\tools\compiler\ti-cgt-arm_20.2.4.LTS\lib\</path>
         <kind>archive</kind>
         <file>rtsv7M4_T_le_v4SPD16_eabi.lib</file>
         <name>_ltoa.c.obj</name>
      </input_file>
      <input_file id="fl-e5">
         <path>C:\ti\ccs1011\ccs\tools\compiler\ti-cgt-arm_20.2.4.LTS\lib\</path>
         <kind>archive</kind>
         <file>rtsv7M4_T_le_v4SPD16_eabi.lib</file>
         <name>atoi.c.obj</name>
      </input_file>
      <input_file id="fl-e6">
         <path>C:\ti\ccs1011\ccs\tools\compiler\ti-cgt-arm_20.2.4.LTS\lib\</path>
         <kind>archive</kind>
         <file>rtsv7M4_T_le_v4SPD16_eabi.lib</file>
         <name>ctype.c.obj</name>
      </input_file>
      <input_file id="fl-e7">
         <path>C:\ti\ccs1011\ccs\tools\compiler\ti-cgt-arm_20.2.4.LTS\lib\</path>
         <kind>archive</kind>
         <file>rtsv7M4_T_le_v4SPD16_eabi.lib</file>
         <name>defs.c.obj</name>
      </input_file>
      <input_file id="fl-e8">
         <path>C:\ti\ccs1011\ccs\tools\compiler\ti-cgt-arm_20.2.4.LTS\lib\</path>
         <kind>archive</kind>
         <file>rtsv7M4_T_le_v4SPD16_eabi.lib</file>
         <name>memccpy.c.obj</name>
      </input_file>
      <input_file id="fl-e9">
         <path>C:\ti\ccs1011\ccs\tools\compiler\ti-cgt-arm_20.2.4.LTS\lib\</path>
         <kind>archive</kind>
         <file>rtsv7M4_T_le_v4SPD16_eabi.lib</file>
         <name>strcat.c.obj</name>
      </input_file>
      <input_file id="fl-ea">
         <path>C:\ti\ccs1011\ccs\tools\compiler\ti-cgt-arm_20.2.4.LTS\lib\</path>
         <kind>archive</kind>
         <file>rtsv7M4_T_le_v4SPD16_eabi.lib</file>
         <name>strchr.c.obj</name>
      </input_file>
      <input_file id="fl-eb">
         <path>C:\ti\ccs1011\ccs\tools\compiler\ti-cgt-arm_20.2.4.LTS\lib\</path>
         <kind>archive</kind>
         <file>rtsv7M4_T_le_v4SPD16_eabi.lib</file>
         <name>strcmp.c.obj</name>
      </input_file>
      <input_file id="fl-ec">
         <path>C:\ti\ccs1011\ccs\tools\compiler\ti-cgt-arm_20.2.4.LTS\lib\</path>
         <kind>archive</kind>
         <file>rtsv7M4_T_le_v4SPD16_eabi.lib</file>
         <name>strcpy.c.obj</name>
      </input_file>
      <input_file id="fl-ed">
         <path>C:\ti\ccs1011\ccs\tools\compiler\ti-cgt-arm_20.2.4.LTS\lib\</path>
         <kind>archive</kind>
         <file>rtsv7M4_T_le_v4SPD16_eabi.lib</file>
         <name>strlen.c.obj</name>
      </input_file>
      <input_file id="fl-ee">
         <path>C:\ti\ccs1011\ccs\tools\compiler\ti-cgt-arm_20.2.4.LTS\lib\</path>
         <kind>archive</kind>
         <file>rtsv7M4_T_le_v4SPD16_eabi.lib</file>
         <name>strncpy.c.obj</name>
      </input_file>
      <input_file id="fl-ef">
         <path>C:\ti\ccs1011\ccs\tools\compiler\ti-cgt-arm_20.2.4.LTS\lib\</path>
         <kind>archive</kind>
         <file>rtsv7M4_T_le_v4SPD16_eabi.lib</file>
         <name>errno.c.obj</name>
      </input_file>
      <input_file id="fl-f0">
         <path>C:\ti\ccs1011\ccs\tools\compiler\ti-cgt-arm_20.2.4.LTS\lib\</path>
         <kind>archive</kind>
         <file>rtsv7M4_T_le_v4SPD16_eabi.lib</file>
         <name>boot_cortex_m.c.obj</name>
      </input_file>
      <input_file id="fl-f1">
         <path>C:\ti\ccs1011\ccs\tools\compiler\ti-cgt-arm_20.2.4.LTS\lib\</path>
         <kind>archive</kind>
         <file>rtsv7M4_T_le_v4SPD16_eabi.lib</file>
         <name>wcslen.c.obj</name>
      </input_file>
      <input_file id="fl-f2">
         <path>C:\ti\ccs1011\ccs\tools\compiler\ti-cgt-arm_20.2.4.LTS\lib\</path>
         <kind>archive</kind>
         <file>rtsv7M4_T_le_v4SPD16_eabi.lib</file>
         <name>div0.asm.obj</name>
      </input_file>
      <input_file id="fl-f3">
         <path>C:\ti\ccs1011\ccs\tools\compiler\ti-cgt-arm_20.2.4.LTS\lib\</path>
         <kind>archive</kind>
         <file>rtsv7M4_T_le_v4SPD16_eabi.lib</file>
         <name>autoinit.c.obj</name>
      </input_file>
      <input_file id="fl-f4">
         <path>C:\ti\ccs1011\ccs\tools\compiler\ti-cgt-arm_20.2.4.LTS\lib\</path>
         <kind>archive</kind>
         <file>rtsv7M4_T_le_v4SPD16_eabi.lib</file>
         <name>pre_init.c.obj</name>
      </input_file>
      <input_file id="fl-f5">
         <path>C:\ti\ccs1011\ccs\tools\compiler\ti-cgt-arm_20.2.4.LTS\lib\</path>
         <kind>archive</kind>
         <file>rtsv7M4_T_le_v4SPD16_eabi.lib</file>
         <name>cpy_tbl.c.obj</name>
      </input_file>
      <input_file id="fl-f6">
         <path>C:\ti\ccs1011\ccs\tools\compiler\ti-cgt-arm_20.2.4.LTS\lib\</path>
         <kind>archive</kind>
         <file>rtsv7M4_T_le_v4SPD16_eabi.lib</file>
         <name>exit.c.obj</name>
      </input_file>
      <input_file id="fl-f7">
         <path>C:\ti\ccs1011\ccs\tools\compiler\ti-cgt-arm_20.2.4.LTS\lib\</path>
         <kind>archive</kind>
         <file>rtsv7M4_T_le_v4SPD16_eabi.lib</file>
         <name>args_main.c.obj</name>
      </input_file>
   </input_file_list>
   <object_component_list>
      <object_component id="oc-26">
         <name>.intvecs:retain</name>
         <load_address>0x0</load_address>
         <run_address>0x0</run_address>
         <size>0xe4</size>
         <input_file_ref idref="fl-6"/>
      </object_component>
      <object_component id="oc-1d7">
         <name>.text:__TI_printfi</name>
         <load_address>0xe4</load_address>
         <run_address>0xe4</run_address>
         <size>0xa4e</size>
         <input_file_ref idref="fl-d2"/>
      </object_component>
      <object_component id="oc-6d">
         <name>.text:Default_Handler</name>
         <load_address>0xb32</load_address>
         <run_address>0xb32</run_address>
         <size>0x2</size>
         <input_file_ref idref="fl-6"/>
      </object_component>
      <object_component id="oc-4cd">
         <name>.text:chk_mounted</name>
         <load_address>0xb34</load_address>
         <run_address>0xb34</run_address>
         <size>0x4d8</size>
         <input_file_ref idref="fl-8"/>
      </object_component>
      <object_component id="oc-2d1">
         <name>.text:_pconv_a</name>
         <load_address>0x100c</load_address>
         <run_address>0x100c</run_address>
         <size>0x270</size>
         <input_file_ref idref="fl-d2"/>
      </object_component>
      <object_component id="oc-474">
         <name>.text:f_read</name>
         <load_address>0x127c</load_address>
         <run_address>0x127c</run_address>
         <size>0x254</size>
         <input_file_ref idref="fl-8"/>
      </object_component>
      <object_component id="oc-575">
         <name>.text:create_name</name>
         <load_address>0x14d0</load_address>
         <run_address>0x14d0</run_address>
         <size>0x22b</size>
         <input_file_ref idref="fl-8"/>
      </object_component>
      <object_component id="oc-a5">
         <name>.text:main</name>
         <load_address>0x16fc</load_address>
         <run_address>0x16fc</run_address>
         <size>0x21c</size>
         <input_file_ref idref="fl-2"/>
      </object_component>
      <object_component id="oc-46e">
         <name>.text:f_open</name>
         <load_address>0x1918</load_address>
         <run_address>0x1918</run_address>
         <size>0x210</size>
         <input_file_ref idref="fl-8"/>
      </object_component>
      <object_component id="oc-366">
         <name>.text:Cmd_ls</name>
         <load_address>0x1b28</load_address>
         <run_address>0x1b28</run_address>
         <size>0x1d4</size>
         <input_file_ref idref="fl-2"/>
      </object_component>
      <object_component id="oc-2bf">
         <name>.text:_pconv_g</name>
         <load_address>0x1cfc</load_address>
         <run_address>0x1cfc</run_address>
         <size>0x1d0</size>
         <input_file_ref idref="fl-d2"/>
      </object_component>
      <object_component id="oc-5ab">
         <name>.text:put_fat</name>
         <load_address>0x1ecc</load_address>
         <run_address>0x1ecc</run_address>
         <size>0x1be</size>
         <input_file_ref idref="fl-8"/>
      </object_component>
      <object_component id="oc-3c9">
         <name>.text</name>
         <load_address>0x208a</load_address>
         <run_address>0x208a</run_address>
         <size>0x1b6</size>
         <input_file_ref idref="fl-d9"/>
      </object_component>
      <object_component id="oc-565">
         <name>.text:disk_initialize</name>
         <load_address>0x2240</load_address>
         <run_address>0x2240</run_address>
         <size>0x1ac</size>
         <input_file_ref idref="fl-7"/>
      </object_component>
      <object_component id="oc-4f8">
         <name>.text:dir_next</name>
         <load_address>0x23ec</load_address>
         <run_address>0x23ec</run_address>
         <size>0x180</size>
         <input_file_ref idref="fl-8"/>
      </object_component>
      <object_component id="oc-447">
         <name>.text:f_getfree</name>
         <load_address>0x256c</load_address>
         <run_address>0x256c</run_address>
         <size>0x162</size>
         <input_file_ref idref="fl-8"/>
      </object_component>
      <object_component id="oc-2f5">
         <name>.text:_nop</name>
         <load_address>0x26ce</load_address>
         <run_address>0x26ce</run_address>
         <size>0x2</size>
         <input_file_ref idref="fl-e3"/>
      </object_component>
      <object_component id="oc-2cb">
         <name>.text:_pconv_e</name>
         <load_address>0x26d0</load_address>
         <run_address>0x26d0</run_address>
         <size>0x13c</size>
         <input_file_ref idref="fl-d2"/>
      </object_component>
      <object_component id="oc-3af">
         <name>.text</name>
         <load_address>0x280c</load_address>
         <run_address>0x280c</run_address>
         <size>0x136</size>
         <input_file_ref idref="fl-db"/>
      </object_component>
      <object_component id="oc-496">
         <name>.text</name>
         <load_address>0x2942</load_address>
         <run_address>0x2942</run_address>
         <size>0x2</size>
         <input_file_ref idref="fl-f2"/>
      </object_component>
      <object_component id="oc-101">
         <name>.text:CS_initClockSignal</name>
         <load_address>0x2944</load_address>
         <run_address>0x2944</run_address>
         <size>0x130</size>
         <input_file_ref idref="fl-14"/>
      </object_component>
      <object_component id="oc-36c">
         <name>.text:Cmd_cd</name>
         <load_address>0x2a74</load_address>
         <run_address>0x2a74</run_address>
         <size>0x128</size>
         <input_file_ref idref="fl-2"/>
      </object_component>
      <object_component id="oc-3db">
         <name>.text:fcvt</name>
         <load_address>0x2b9c</load_address>
         <run_address>0x2b9c</run_address>
         <size>0x124</size>
         <input_file_ref idref="fl-d2"/>
      </object_component>
      <object_component id="oc-4ff">
         <name>.text:get_fat</name>
         <load_address>0x2cc0</load_address>
         <run_address>0x2cc0</run_address>
         <size>0x124</size>
         <input_file_ref idref="fl-8"/>
      </object_component>
      <object_component id="oc-10d">
         <name>.text:UART_initModule</name>
         <load_address>0x2de4</load_address>
         <run_address>0x2de4</run_address>
         <size>0x11c</size>
         <input_file_ref idref="fl-1a"/>
      </object_component>
      <object_component id="oc-3ef">
         <name>.text:scalbn</name>
         <load_address>0x2f00</load_address>
         <run_address>0x2f00</run_address>
         <size>0x110</size>
         <input_file_ref idref="fl-d5"/>
      </object_component>
      <object_component id="oc-587">
         <name>.text:create_chain</name>
         <load_address>0x3010</load_address>
         <run_address>0x3010</run_address>
         <size>0x104</size>
         <input_file_ref idref="fl-8"/>
      </object_component>
      <object_component id="oc-4f2">
         <name>.text:get_fileinfo</name>
         <load_address>0x3114</load_address>
         <run_address>0x3114</run_address>
         <size>0x104</size>
         <input_file_ref idref="fl-8"/>
      </object_component>
      <object_component id="oc-4df">
         <name>.text:dir_sdi</name>
         <load_address>0x3218</load_address>
         <run_address>0x3218</run_address>
         <size>0xfe</size>
         <input_file_ref idref="fl-8"/>
      </object_component>
      <object_component id="oc-3aa">
         <name>.text</name>
         <load_address>0x3316</load_address>
         <run_address>0x3316</run_address>
         <size>0xfc</size>
         <input_file_ref idref="fl-dc"/>
      </object_component>
      <object_component id="oc-5f0">
         <name>.text:set_max_speed</name>
         <load_address>0x3412</load_address>
         <run_address>0x3412</run_address>
         <size>0x2</size>
         <input_file_ref idref="fl-7"/>
      </object_component>
      <object_component id="oc-378">
         <name>.text:Cmd_cat</name>
         <load_address>0x3414</load_address>
         <run_address>0x3414</run_address>
         <size>0xec</size>
         <input_file_ref idref="fl-2"/>
      </object_component>
      <object_component id="oc-545">
         <name>.text:disk_write</name>
         <load_address>0x3500</load_address>
         <run_address>0x3500</run_address>
         <size>0xe4</size>
         <input_file_ref idref="fl-7"/>
      </object_component>
      <object_component id="oc-4d3">
         <name>.text:follow_path</name>
         <load_address>0x35e4</load_address>
         <run_address>0x35e4</run_address>
         <size>0xc0</size>
         <input_file_ref idref="fl-8"/>
      </object_component>
      <object_component id="oc-539">
         <name>.text:disk_read</name>
         <load_address>0x36a4</load_address>
         <run_address>0x36a4</run_address>
         <size>0xb4</size>
         <input_file_ref idref="fl-7"/>
      </object_component>
      <object_component id="oc-2b4">
         <name>.text:_ltostr</name>
         <load_address>0x3758</load_address>
         <run_address>0x3758</run_address>
         <size>0xb1</size>
         <input_file_ref idref="fl-d2"/>
      </object_component>
      <object_component id="oc-217">
         <name>.text:SPI_initMaster</name>
         <load_address>0x380a</load_address>
         <run_address>0x380a</run_address>
         <size>0xb0</size>
         <input_file_ref idref="fl-17"/>
      </object_component>
      <object_component id="oc-43b">
         <name>.text:f_opendir</name>
         <load_address>0x38ba</load_address>
         <run_address>0x38ba</run_address>
         <size>0xb0</size>
         <input_file_ref idref="fl-8"/>
      </object_component>
      <object_component id="oc-167">
         <name>.text:CmdLineProcess</name>
         <load_address>0x396c</load_address>
         <run_address>0x396c</run_address>
         <size>0xac</size>
         <input_file_ref idref="fl-9"/>
      </object_component>
      <object_component id="oc-4ec">
         <name>.text:dir_read</name>
         <load_address>0x3a18</load_address>
         <run_address>0x3a18</run_address>
         <size>0xaa</size>
         <input_file_ref idref="fl-8"/>
      </object_component>
      <object_component id="oc-56b">
         <name>.text:check_fs</name>
         <load_address>0x3ac4</load_address>
         <run_address>0x3ac4</run_address>
         <size>0xa8</size>
         <input_file_ref idref="fl-8"/>
      </object_component>
      <object_component id="oc-5b9">
         <name>.text:send_cmd</name>
         <load_address>0x3b6c</load_address>
         <run_address>0x3b6c</run_address>
         <size>0x9e</size>
         <input_file_ref idref="fl-7"/>
      </object_component>
      <object_component id="oc-37">
         <name>.text</name>
         <load_address>0x3c0a</load_address>
         <run_address>0x3c0a</run_address>
         <size>0x9c</size>
         <input_file_ref idref="fl-df"/>
      </object_component>
      <object_component id="oc-52c">
         <name>.text:remove_chain</name>
         <load_address>0x3ca6</load_address>
         <run_address>0x3ca6</run_address>
         <size>0x9a</size>
         <input_file_ref idref="fl-8"/>
      </object_component>
      <object_component id="oc-3a3">
         <name>.text</name>
         <load_address>0x3d40</load_address>
         <run_address>0x3d40</run_address>
         <size>0x96</size>
         <input_file_ref idref="fl-d7"/>
      </object_component>
      <object_component id="oc-360">
         <name>.text:Cmd_help</name>
         <load_address>0x3dd8</load_address>
         <run_address>0x3dd8</run_address>
         <size>0x94</size>
         <input_file_ref idref="fl-2"/>
      </object_component>
      <object_component id="oc-79">
         <name>.text:EUSCIA0_IRQHandler</name>
         <load_address>0x3e6c</load_address>
         <run_address>0x3e6c</run_address>
         <size>0x8c</size>
         <input_file_ref idref="fl-2"/>
      </object_component>
      <object_component id="oc-441">
         <name>.text:f_readdir</name>
         <load_address>0x3ef8</load_address>
         <run_address>0x3ef8</run_address>
         <size>0x8a</size>
         <input_file_ref idref="fl-8"/>
      </object_component>
      <object_component id="oc-107">
         <name>.text:GPIO_setAsPeripheralModuleFunctionInputPin</name>
         <load_address>0x3f84</load_address>
         <run_address>0x3f84</run_address>
         <size>0x88</size>
         <input_file_ref idref="fl-15"/>
      </object_component>
      <object_component id="oc-2ba">
         <name>.text:__aeabi_cdcmple</name>
         <load_address>0x400c</load_address>
         <run_address>0x400c</run_address>
         <size>0x86</size>
         <input_file_ref idref="fl-da"/>
      </object_component>
      <object_component id="oc-3b4">
         <name>.text:__aeabi_cdrcmple</name>
         <load_address>0x4092</load_address>
         <run_address>0x4092</run_address>
         <size>0x86</size>
         <input_file_ref idref="fl-da"/>
      </object_component>
      <object_component id="oc-11f">
         <name>.text:Interrupt_enableInterrupt</name>
         <load_address>0x4118</load_address>
         <run_address>0x4118</run_address>
         <size>0x80</size>
         <input_file_ref idref="fl-16"/>
      </object_component>
      <object_component id="oc-57b">
         <name>.text:dir_find</name>
         <load_address>0x4198</load_address>
         <run_address>0x4198</run_address>
         <size>0x7e</size>
         <input_file_ref idref="fl-8"/>
      </object_component>
      <object_component id="oc-58d">
         <name>.text:sync_window</name>
         <load_address>0x4216</load_address>
         <run_address>0x4216</run_address>
         <size>0x7e</size>
         <input_file_ref idref="fl-8"/>
      </object_component>
      <object_component id="oc-99">
         <name>.text</name>
         <load_address>0x4294</load_address>
         <run_address>0x4294</run_address>
         <size>0x7a</size>
         <input_file_ref idref="fl-d8"/>
      </object_component>
      <object_component id="oc-5dc">
         <name>.text:xmit_datablock</name>
         <load_address>0x430e</load_address>
         <run_address>0x430e</run_address>
         <size>0x7a</size>
         <input_file_ref idref="fl-7"/>
      </object_component>
      <object_component id="oc-b7">
         <name>.text:SystemInit</name>
         <load_address>0x4388</load_address>
         <run_address>0x4388</run_address>
         <size>0x78</size>
         <input_file_ref idref="fl-5"/>
      </object_component>
      <object_component id="oc-5a2">
         <name>.text:dir_alloc</name>
         <load_address>0x4400</load_address>
         <run_address>0x4400</run_address>
         <size>0x78</size>
         <input_file_ref idref="fl-8"/>
      </object_component>
      <object_component id="oc-3d4">
         <name>.text:_mcpy</name>
         <load_address>0x4478</load_address>
         <run_address>0x4478</run_address>
         <size>0x6e</size>
         <input_file_ref idref="fl-d2"/>
      </object_component>
      <object_component id="oc-17">
         <name>.text:decompress:lzss:__TI_decompress_lzss</name>
         <load_address>0x44e6</load_address>
         <run_address>0x44e6</run_address>
         <size>0x68</size>
         <input_file_ref idref="fl-e2"/>
      </object_component>
      <object_component id="oc-cc">
         <name>.text:printf</name>
         <load_address>0x4550</load_address>
         <run_address>0x4550</run_address>
         <size>0x68</size>
         <input_file_ref idref="fl-d1"/>
      </object_component>
      <object_component id="oc-3e9">
         <name>.text:frexp</name>
         <load_address>0x45b8</load_address>
         <run_address>0x45b8</run_address>
         <size>0x64</size>
         <input_file_ref idref="fl-d4"/>
      </object_component>
      <object_component id="oc-5c5">
         <name>.text:send_cmd12</name>
         <load_address>0x461c</load_address>
         <run_address>0x461c</run_address>
         <size>0x64</size>
         <input_file_ref idref="fl-7"/>
      </object_component>
      <object_component id="oc-161">
         <name>.text:StringFromFResult</name>
         <load_address>0x4680</load_address>
         <run_address>0x4680</run_address>
         <size>0x5c</size>
         <input_file_ref idref="fl-2"/>
      </object_component>
      <object_component id="oc-5bf">
         <name>.text:rcvr_datablock</name>
         <load_address>0x46dc</load_address>
         <run_address>0x46dc</run_address>
         <size>0x5c</size>
         <input_file_ref idref="fl-7"/>
      </object_component>
      <object_component id="oc-2c5">
         <name>.text:_pconv_f</name>
         <load_address>0x4738</load_address>
         <run_address>0x4738</run_address>
         <size>0x56</size>
         <input_file_ref idref="fl-d2"/>
      </object_component>
      <object_component id="oc-3be">
         <name>.text:__TI_ltoa</name>
         <load_address>0x478e</load_address>
         <run_address>0x478e</run_address>
         <size>0x54</size>
         <input_file_ref idref="fl-e4"/>
      </object_component>
      <object_component id="oc-51a">
         <name>.text:dir_register</name>
         <load_address>0x47e2</load_address>
         <run_address>0x47e2</run_address>
         <size>0x54</size>
         <input_file_ref idref="fl-8"/>
      </object_component>
      <object_component id="oc-3ce">
         <name>.text:_ecpy</name>
         <load_address>0x4836</load_address>
         <run_address>0x4836</run_address>
         <size>0x52</size>
         <input_file_ref idref="fl-d2"/>
      </object_component>
      <object_component id="oc-2ae">
         <name>.text:atoi</name>
         <load_address>0x4888</load_address>
         <run_address>0x4888</run_address>
         <size>0x4c</size>
         <input_file_ref idref="fl-e5"/>
      </object_component>
      <object_component id="oc-bf">
         <name>.text:disk_timerproc</name>
         <load_address>0x48d4</load_address>
         <run_address>0x48d4</run_address>
         <size>0x4c</size>
         <input_file_ref idref="fl-7"/>
      </object_component>
      <object_component id="oc-15b">
         <name>.text:f_mount</name>
         <load_address>0x4920</load_address>
         <run_address>0x4920</run_address>
         <size>0x4c</size>
         <input_file_ref idref="fl-8"/>
      </object_component>
      <object_component id="oc-3b9">
         <name>.text</name>
         <load_address>0x496c</load_address>
         <run_address>0x496c</run_address>
         <size>0x48</size>
         <input_file_ref idref="fl-dd"/>
      </object_component>
      <object_component id="oc-18d">
         <name>.text:__TI_auto_init_nobinit_nopinit:__TI_auto_init_nobinit_nopinit</name>
         <load_address>0x49b4</load_address>
         <run_address>0x49b4</run_address>
         <size>0x44</size>
         <input_file_ref idref="fl-f3"/>
      </object_component>
      <object_component id="oc-303">
         <name>.text:fputs</name>
         <load_address>0x49f8</load_address>
         <run_address>0x49f8</run_address>
         <size>0x44</size>
         <input_file_ref idref="fl-3"/>
      </object_component>
      <object_component id="oc-4e6">
         <name>.text:validate</name>
         <load_address>0x4a3c</load_address>
         <run_address>0x4a3c</run_address>
         <size>0x42</size>
         <input_file_ref idref="fl-8"/>
      </object_component>
      <object_component id="oc-131">
         <name>.text:GPIO_setAsOutputPin</name>
         <load_address>0x4a80</load_address>
         <run_address>0x4a80</run_address>
         <size>0x40</size>
         <input_file_ref idref="fl-15"/>
      </object_component>
      <object_component id="oc-332">
         <name>.text:is_A_Module</name>
         <load_address>0x4ac0</load_address>
         <run_address>0x4ac0</run_address>
         <size>0x40</size>
         <input_file_ref idref="fl-17"/>
      </object_component>
      <object_component id="oc-14f">
         <name>.text:sprintf</name>
         <load_address>0x4b00</load_address>
         <run_address>0x4b00</run_address>
         <size>0x40</size>
         <input_file_ref idref="fl-d3"/>
      </object_component>
      <object_component id="oc-3e1">
         <name>.text:_fcpy</name>
         <load_address>0x4b40</load_address>
         <run_address>0x4b40</run_address>
         <size>0x3e</size>
         <input_file_ref idref="fl-d2"/>
      </object_component>
      <object_component id="oc-4d9">
         <name>.text:ld_clust</name>
         <load_address>0x4b7e</load_address>
         <run_address>0x4b7e</run_address>
         <size>0x3c</size>
         <input_file_ref idref="fl-8"/>
      </object_component>
      <object_component id="oc-505">
         <name>.text:move_window</name>
         <load_address>0x4bba</load_address>
         <run_address>0x4bba</run_address>
         <size>0x3c</size>
         <input_file_ref idref="fl-8"/>
      </object_component>
      <object_component id="oc-5ea">
         <name>.text:send_initial_clock_train</name>
         <load_address>0x4bf8</load_address>
         <run_address>0x4bf8</run_address>
         <size>0x3c</size>
         <input_file_ref idref="fl-7"/>
      </object_component>
      <object_component id="oc-607">
         <name>.text:mem_cmp</name>
         <load_address>0x4c34</load_address>
         <run_address>0x4c34</run_address>
         <size>0x3a</size>
         <input_file_ref idref="fl-8"/>
      </object_component>
      <object_component id="oc-53f">
         <name>.text:mem_cpy</name>
         <load_address>0x4c6e</load_address>
         <run_address>0x4c6e</run_address>
         <size>0x3a</size>
         <input_file_ref idref="fl-8"/>
      </object_component>
      <object_component id="oc-149">
         <name>.text:spi_Open</name>
         <load_address>0x4ca8</load_address>
         <run_address>0x4ca8</run_address>
         <size>0x38</size>
         <input_file_ref idref="fl-4"/>
      </object_component>
      <object_component id="oc-45d">
         <name>.text:strncpy</name>
         <load_address>0x4ce0</load_address>
         <run_address>0x4ce0</run_address>
         <size>0x36</size>
         <input_file_ref idref="fl-ee"/>
      </object_component>
      <object_component id="oc-fb">
         <name>.text:CS_setDCOCenteredFrequency</name>
         <load_address>0x4d18</load_address>
         <run_address>0x4d18</run_address>
         <size>0x34</size>
         <input_file_ref idref="fl-14"/>
      </object_component>
      <object_component id="oc-d2">
         <name>.text:UART_transmitData</name>
         <load_address>0x4d4c</load_address>
         <run_address>0x4d4c</run_address>
         <size>0x34</size>
         <input_file_ref idref="fl-1a"/>
      </object_component>
      <object_component id="oc-55">
         <name>.text:_c_int00_noargs:_c_int00_noargs</name>
         <load_address>0x4d80</load_address>
         <run_address>0x4d80</run_address>
         <size>0x34</size>
         <input_file_ref idref="fl-f0"/>
      </object_component>
      <object_component id="oc-593">
         <name>.text:mem_set</name>
         <load_address>0x4db4</load_address>
         <run_address>0x4db4</run_address>
         <size>0x32</size>
         <input_file_ref idref="fl-8"/>
      </object_component>
      <object_component id="oc-119">
         <name>.text:UART_enableInterrupt</name>
         <load_address>0x4de6</load_address>
         <run_address>0x4de6</run_address>
         <size>0x30</size>
         <input_file_ref idref="fl-1a"/>
      </object_component>
      <object_component id="oc-533">
         <name>.text:clust2sect</name>
         <load_address>0x4e16</load_address>
         <run_address>0x4e16</run_address>
         <size>0x30</size>
         <input_file_ref idref="fl-8"/>
      </object_component>
      <object_component id="oc-155">
         <name>.text:print_uart</name>
         <load_address>0x4e48</load_address>
         <run_address>0x4e48</run_address>
         <size>0x30</size>
         <input_file_ref idref="fl-2"/>
      </object_component>
      <object_component id="oc-526">
         <name>.text:st_clust</name>
         <load_address>0x4e78</load_address>
         <run_address>0x4e78</run_address>
         <size>0x30</size>
         <input_file_ref idref="fl-8"/>
      </object_component>
      <object_component id="oc-614">
         <name>.text:wait_ready</name>
         <load_address>0x4ea8</load_address>
         <run_address>0x4ea8</run_address>
         <size>0x30</size>
         <input_file_ref idref="fl-7"/>
      </object_component>
      <object_component id="oc-3c4">
         <name>.text</name>
         <load_address>0x4ed8</load_address>
         <run_address>0x4ed8</run_address>
         <size>0x2e</size>
         <input_file_ref idref="fl-de"/>
      </object_component>
      <object_component id="oc-372">
         <name>.text:Cmd_pwd</name>
         <load_address>0x4f08</load_address>
         <run_address>0x4f08</run_address>
         <size>0x28</size>
         <input_file_ref idref="fl-2"/>
      </object_component>
      <object_component id="oc-629">
         <name>.text:GPIO_setOutputHighOnPin</name>
         <load_address>0x4f30</load_address>
         <run_address>0x4f30</run_address>
         <size>0x28</size>
         <input_file_ref idref="fl-15"/>
      </object_component>
      <object_component id="oc-12b">
         <name>.text:GPIO_setOutputLowOnPin</name>
         <load_address>0x4f58</load_address>
         <run_address>0x4f58</run_address>
         <size>0x28</size>
         <input_file_ref idref="fl-15"/>
      </object_component>
      <object_component id="oc-c5">
         <name>.text:GPIO_toggleOutputOnPin</name>
         <load_address>0x4f80</load_address>
         <run_address>0x4f80</run_address>
         <size>0x28</size>
         <input_file_ref idref="fl-15"/>
      </object_component>
      <object_component id="oc-600">
         <name>.text:chk_chr</name>
         <load_address>0x4fa8</load_address>
         <run_address>0x4fa8</run_address>
         <size>0x28</size>
         <input_file_ref idref="fl-8"/>
      </object_component>
      <object_component id="oc-30a">
         <name>.text:fputc</name>
         <load_address>0x4fd0</load_address>
         <run_address>0x4fd0</run_address>
         <size>0x28</size>
         <input_file_ref idref="fl-3"/>
      </object_component>
      <object_component id="oc-61a">
         <name>.text:xmit_spi</name>
         <load_address>0x4ff8</load_address>
         <run_address>0x4ff8</run_address>
         <size>0x28</size>
         <input_file_ref idref="fl-7"/>
      </object_component>
      <object_component id="oc-630">
         <name>.text:SPI_transmitData</name>
         <load_address>0x5020</load_address>
         <run_address>0x5020</run_address>
         <size>0x26</size>
         <input_file_ref idref="fl-17"/>
      </object_component>
      <object_component id="oc-55f">
         <name>.text:disk_status</name>
         <load_address>0x5048</load_address>
         <run_address>0x5048</run_address>
         <size>0x20</size>
         <input_file_ref idref="fl-7"/>
      </object_component>
      <object_component id="oc-463">
         <name>.text:strcat</name>
         <load_address>0x5068</load_address>
         <run_address>0x5068</run_address>
         <size>0x1e</size>
         <input_file_ref idref="fl-e9"/>
      </object_component>
      <object_component id="oc-21d">
         <name>.text:SPI_enableModule</name>
         <load_address>0x5086</load_address>
         <run_address>0x5086</run_address>
         <size>0x1c</size>
         <input_file_ref idref="fl-17"/>
      </object_component>
      <object_component id="oc-636">
         <name>.text:SPI_receiveData</name>
         <load_address>0x50a2</load_address>
         <run_address>0x50a2</run_address>
         <size>0x1c</size>
         <input_file_ref idref="fl-17"/>
      </object_component>
      <object_component id="oc-2d7">
         <name>.text:memccpy</name>
         <load_address>0x50be</load_address>
         <run_address>0x50be</run_address>
         <size>0x1c</size>
         <input_file_ref idref="fl-e8"/>
      </object_component>
      <object_component id="oc-5d1">
         <name>.text:rcvr_spi</name>
         <load_address>0x50dc</load_address>
         <run_address>0x50dc</run_address>
         <size>0x1c</size>
         <input_file_ref idref="fl-7"/>
      </object_component>
      <object_component id="oc-4af">
         <name>.text:copysign</name>
         <load_address>0x50f8</load_address>
         <run_address>0x50f8</run_address>
         <size>0x1a</size>
         <input_file_ref idref="fl-d6"/>
      </object_component>
      <object_component id="oc-137">
         <name>.text:SysTick_setPeriod</name>
         <load_address>0x5114</load_address>
         <run_address>0x5114</run_address>
         <size>0x18</size>
         <input_file_ref idref="fl-19"/>
      </object_component>
      <object_component id="oc-22c">
         <name>.text:_outs</name>
         <load_address>0x512c</load_address>
         <run_address>0x512c</run_address>
         <size>0x18</size>
         <input_file_ref idref="fl-d3"/>
      </object_component>
      <object_component id="oc-24f">
         <name>.text:strcmp</name>
         <load_address>0x5144</load_address>
         <run_address>0x5144</run_address>
         <size>0x18</size>
         <input_file_ref idref="fl-eb"/>
      </object_component>
      <object_component id="oc-33a">
         <name>.text:EUSCI_A_SPI_enable</name>
         <load_address>0x515c</load_address>
         <run_address>0x515c</run_address>
         <size>0x16</size>
         <input_file_ref idref="fl-17"/>
      </object_component>
      <object_component id="oc-64a">
         <name>.text:EUSCI_A_SPI_transmitData</name>
         <load_address>0x5172</load_address>
         <run_address>0x5172</run_address>
         <size>0x16</size>
         <input_file_ref idref="fl-17"/>
      </object_component>
      <object_component id="oc-340">
         <name>.text:EUSCI_B_SPI_enable</name>
         <load_address>0x5188</load_address>
         <run_address>0x5188</run_address>
         <size>0x16</size>
         <input_file_ref idref="fl-17"/>
      </object_component>
      <object_component id="oc-650">
         <name>.text:EUSCI_B_SPI_transmitData</name>
         <load_address>0x519e</load_address>
         <run_address>0x519e</run_address>
         <size>0x16</size>
         <input_file_ref idref="fl-17"/>
      </object_component>
      <object_component id="oc-113">
         <name>.text:UART_enableModule</name>
         <load_address>0x51b4</load_address>
         <run_address>0x51b4</run_address>
         <size>0x16</size>
         <input_file_ref idref="fl-1a"/>
      </object_component>
      <object_component id="oc-3f5">
         <name>.text:strchr</name>
         <load_address>0x51ca</load_address>
         <run_address>0x51ca</run_address>
         <size>0x16</size>
         <input_file_ref idref="fl-ea"/>
      </object_component>
      <object_component id="oc-5e4">
         <name>.text:power_on</name>
         <load_address>0x51e0</load_address>
         <run_address>0x51e0</run_address>
         <size>0x14</size>
         <input_file_ref idref="fl-7"/>
      </object_component>
      <object_component id="oc-457">
         <name>.text:strcpy</name>
         <load_address>0x51f4</load_address>
         <run_address>0x51f4</run_address>
         <size>0x14</size>
         <input_file_ref idref="fl-ec"/>
      </object_component>
      <object_component id="oc-23a">
         <name>.text:strlen</name>
         <load_address>0x5208</load_address>
         <run_address>0x5208</run_address>
         <size>0x14</size>
         <input_file_ref idref="fl-ed"/>
      </object_component>
      <object_component id="oc-2dd">
         <name>.text:wcslen</name>
         <load_address>0x521c</load_address>
         <run_address>0x521c</run_address>
         <size>0x12</size>
         <input_file_ref idref="fl-f1"/>
      </object_component>
      <object_component id="oc-657">
         <name>.text:EUSCI_A_SPI_receiveData</name>
         <load_address>0x522e</load_address>
         <run_address>0x522e</run_address>
         <size>0x10</size>
         <input_file_ref idref="fl-17"/>
      </object_component>
      <object_component id="oc-65d">
         <name>.text:EUSCI_B_SPI_receiveData</name>
         <load_address>0x523e</load_address>
         <run_address>0x523e</run_address>
         <size>0x10</size>
         <input_file_ref idref="fl-17"/>
      </object_component>
      <object_component id="oc-125">
         <name>.text:Interrupt_enableMaster</name>
         <load_address>0x524e</load_address>
         <run_address>0x524e</run_address>
         <size>0x10</size>
         <input_file_ref idref="fl-16"/>
      </object_component>
      <object_component id="oc-73">
         <name>.text:SysTick_Handler</name>
         <load_address>0x525e</load_address>
         <run_address>0x525e</run_address>
         <size>0x10</size>
         <input_file_ref idref="fl-2"/>
      </object_component>
      <object_component id="oc-143">
         <name>.text:SysTick_enableInterrupt</name>
         <load_address>0x5270</load_address>
         <run_address>0x5270</run_address>
         <size>0x10</size>
         <input_file_ref idref="fl-19"/>
      </object_component>
      <object_component id="oc-13d">
         <name>.text:SysTick_enableModule</name>
         <load_address>0x5280</load_address>
         <run_address>0x5280</run_address>
         <size>0x10</size>
         <input_file_ref idref="fl-19"/>
      </object_component>
      <object_component id="oc-1d">
         <name>.text:decompress:none:__TI_decompress_none</name>
         <load_address>0x5290</load_address>
         <run_address>0x5290</run_address>
         <size>0xe</size>
         <input_file_ref idref="fl-e1"/>
      </object_component>
      <object_component id="oc-621">
         <name>.text:rcvr_spi_m</name>
         <load_address>0x529e</load_address>
         <run_address>0x529e</run_address>
         <size>0xe</size>
         <input_file_ref idref="fl-7"/>
      </object_component>
      <object_component id="oc-20b">
         <name>.text:CPU_cpsie</name>
         <load_address>0x52ac</load_address>
         <run_address>0x52ac</run_address>
         <size>0xc</size>
         <input_file_ref idref="fl-1b"/>
      </object_component>
      <object_component id="oc-5cb">
         <name>.text:DESELECT</name>
         <load_address>0x52b8</load_address>
         <run_address>0x52b8</run_address>
         <size>0xc</size>
         <input_file_ref idref="fl-7"/>
      </object_component>
      <object_component id="oc-67">
         <name>.text:Reset_Handler</name>
         <load_address>0x52c4</load_address>
         <run_address>0x52c4</run_address>
         <size>0xc</size>
         <input_file_ref idref="fl-6"/>
      </object_component>
      <object_component id="oc-5b3">
         <name>.text:SELECT</name>
         <load_address>0x52d0</load_address>
         <run_address>0x52d0</run_address>
         <size>0xc</size>
         <input_file_ref idref="fl-7"/>
      </object_component>
      <object_component id="oc-49">
         <name>.text:decompress:ZI:__TI_zero_init</name>
         <load_address>0x52dc</load_address>
         <run_address>0x52dc</run_address>
         <size>0xc</size>
         <input_file_ref idref="fl-e0"/>
      </object_component>
      <object_component id="oc-5f6">
         <name>.text:power_off</name>
         <load_address>0x52e8</load_address>
         <run_address>0x52e8</run_address>
         <size>0xc</size>
         <input_file_ref idref="fl-7"/>
      </object_component>
      <object_component id="oc-232">
         <name>.text:_outc</name>
         <load_address>0x52f4</load_address>
         <run_address>0x52f4</run_address>
         <size>0xa</size>
         <input_file_ref idref="fl-d3"/>
      </object_component>
      <object_component id="oc-2e3">
         <name>.text:__aeabi_errno_addr</name>
         <load_address>0x5300</load_address>
         <run_address>0x5300</run_address>
         <size>0x8</size>
         <input_file_ref idref="fl-ef"/>
      </object_component>
      <object_component id="oc-520">
         <name>.text:get_fattime</name>
         <load_address>0x5308</load_address>
         <run_address>0x5308</run_address>
         <size>0x8</size>
         <input_file_ref idref="fl-7"/>
      </object_component>
      <object_component id="oc-1e9">
         <name>.text:_outc</name>
         <load_address>0x5310</load_address>
         <run_address>0x5310</run_address>
         <size>0x4</size>
         <input_file_ref idref="fl-d1"/>
      </object_component>
      <object_component id="oc-1e3">
         <name>.text:_outs</name>
         <load_address>0x5314</load_address>
         <run_address>0x5314</run_address>
         <size>0x4</size>
         <input_file_ref idref="fl-d1"/>
      </object_component>
      <object_component id="oc-9f">
         <name>.text:_system_pre_init</name>
         <load_address>0x5318</load_address>
         <run_address>0x5318</run_address>
         <size>0x4</size>
         <input_file_ref idref="fl-f4"/>
      </object_component>
      <object_component id="oc-181">
         <name>.text:abort:abort</name>
         <load_address>0x531c</load_address>
         <run_address>0x531c</run_address>
         <size>0x4</size>
         <input_file_ref idref="fl-f6"/>
      </object_component>
      <object_component id="oc-359">
         <name>.const:.string</name>
         <load_address>0x5320</load_address>
         <run_address>0x5320</run_address>
         <size>0x20a</size>
         <input_file_ref idref="fl-2"/>
      </object_component>
      <object_component id="oc-39e">
         <name>.const:.string:_ctypes_</name>
         <load_address>0x552a</load_address>
         <run_address>0x552a</run_address>
         <size>0x101</size>
         <input_file_ref idref="fl-e6"/>
      </object_component>
      <object_component id="oc-1c9">
         <name>.const:GPIO_PORT_TO_BASE</name>
         <load_address>0x562c</load_address>
         <run_address>0x562c</run_address>
         <size>0x30</size>
         <input_file_ref idref="fl-15"/>
      </object_component>
      <object_component id="oc-16d">
         <name>.const:uartConfig</name>
         <load_address>0x565c</load_address>
         <run_address>0x565c</run_address>
         <size>0x28</size>
         <input_file_ref idref="fl-2"/>
      </object_component>
      <object_component id="oc-223">
         <name>.const:spiMasterConfig</name>
         <load_address>0x5684</load_address>
         <run_address>0x5684</run_address>
         <size>0x1c</size>
         <input_file_ref idref="fl-4"/>
      </object_component>
      <object_component id="oc-207">
         <name>.const:g_pulEnRegs</name>
         <load_address>0x56a0</load_address>
         <run_address>0x56a0</run_address>
         <size>0x8</size>
         <input_file_ref idref="fl-16"/>
      </object_component>
      <object_component id="oc-699">
         <name>.cinit..data.load</name>
         <load_address>0x56a8</load_address>
         <run_address>0x56a8</run_address>
         <size>0xf3</size>
      </object_component>
      <object_component id="oc-697">
         <name>__TI_handler_table</name>
         <load_address>0x579c</load_address>
         <run_address>0x579c</run_address>
         <size>0xc</size>
      </object_component>
      <object_component id="oc-69a">
         <name>.cinit..bss.load</name>
         <load_address>0x57a8</load_address>
         <run_address>0x57a8</run_address>
         <size>0x8</size>
      </object_component>
      <object_component id="oc-698">
         <name>__TI_cinit_table</name>
         <load_address>0x57b0</load_address>
         <run_address>0x57b0</run_address>
         <size>0x10</size>
      </object_component>
      <object_component id="oc-66b">
         <name>.binit</name>
         <load_address>0x0</load_address>
         <run_address>0x0</run_address>
         <size>0x0</size>
      </object_component>
      <object_component id="oc-450">
         <name>.data:g_pcCwdBuf</name>
         <load_address>0x2000077c</load_address>
         <run_address>0x2000077c</run_address>
         <size>0x50</size>
         <input_file_ref idref="fl-2"/>
      </object_component>
      <object_component id="oc-258">
         <name>.data:g_psCmdTable</name>
         <load_address>0x20000710</load_address>
         <run_address>0x20000710</run_address>
         <size>0x6c</size>
         <input_file_ref idref="fl-2"/>
      </object_component>
      <object_component id="oc-246">
         <name>.data:g_psFResultStrings</name>
         <load_address>0x20000670</load_address>
         <run_address>0x20000670</run_address>
         <size>0xa0</size>
         <input_file_ref idref="fl-2"/>
      </object_component>
      <object_component id="oc-d8">
         <name>.data</name>
         <load_address>0x200007cc</load_address>
         <run_address>0x200007cc</run_address>
         <size>0x9</size>
         <input_file_ref idref="fl-2"/>
      </object_component>
      <object_component id="oc-5d7">
         <name>.data</name>
         <load_address>0x200007d5</load_address>
         <run_address>0x200007d5</run_address>
         <size>0x2</size>
         <input_file_ref idref="fl-7"/>
      </object_component>
      <object_component id="oc-1dd">
         <name>.data:$O1$$</name>
         <load_address>0x200007d8</load_address>
         <run_address>0x200007d8</run_address>
         <size>0x8</size>
         <input_file_ref idref="fl-e3"/>
      </object_component>
      <object_component id="oc-1e0">
         <name>.data:_ftable</name>
         <load_address>0x20000580</load_address>
         <run_address>0x20000580</run_address>
         <size>0xf0</size>
         <input_file_ref idref="fl-e7"/>
      </object_component>
      <object_component id="oc-405">
         <name>.data</name>
         <load_address>0x200007e0</load_address>
         <run_address>0x200007e0</run_address>
         <size>0x4</size>
         <input_file_ref idref="fl-ef"/>
      </object_component>
      <object_component id="oc-469">
         <name>.bss:g_pcTmpBuf</name>
         <uninitialized>true</uninitialized>
         <run_address>0x20000458</run_address>
         <size>0x50</size>
         <input_file_ref idref="fl-2"/>
      </object_component>
      <object_component id="oc-db">
         <name>.bss:g_pcCmdBuf</name>
         <uninitialized>true</uninitialized>
         <run_address>0x200004a8</run_address>
         <size>0x40</size>
         <input_file_ref idref="fl-2"/>
      </object_component>
      <object_component id="oc-173">
         <name>.bss:g_sFatFs</name>
         <uninitialized>true</uninitialized>
         <run_address>0x20000000</run_address>
         <size>0x234</size>
         <input_file_ref idref="fl-2"/>
      </object_component>
      <object_component id="oc-44d">
         <name>.bss:g_sDirObject</name>
         <uninitialized>true</uninitialized>
         <run_address>0x20000540</run_address>
         <size>0x1c</size>
         <input_file_ref idref="fl-2"/>
      </object_component>
      <object_component id="oc-453">
         <name>.bss:g_sFileInfo</name>
         <uninitialized>true</uninitialized>
         <run_address>0x2000055c</run_address>
         <size>0x18</size>
         <input_file_ref idref="fl-2"/>
      </object_component>
      <object_component id="oc-47a">
         <name>.bss:g_sFileObject</name>
         <uninitialized>true</uninitialized>
         <run_address>0x20000234</run_address>
         <size>0x224</size>
         <input_file_ref idref="fl-2"/>
      </object_component>
      <object_component id="oc-1c0">
         <name>.bss</name>
         <uninitialized>true</uninitialized>
         <run_address>0x20000578</run_address>
         <size>0x3</size>
         <input_file_ref idref="fl-7"/>
      </object_component>
      <object_component id="oc-241">
         <name>.bss:FatFs</name>
         <uninitialized>true</uninitialized>
         <run_address>0x20000574</run_address>
         <size>0x4</size>
         <input_file_ref idref="fl-8"/>
      </object_component>
      <object_component id="oc-571">
         <name>.bss</name>
         <uninitialized>true</uninitialized>
         <run_address>0x2000057c</run_address>
         <size>0x2</size>
         <input_file_ref idref="fl-8"/>
      </object_component>
      <object_component id="oc-255">
         <name>.bss:g_ppcArgv</name>
         <uninitialized>true</uninitialized>
         <run_address>0x2000051c</run_address>
         <size>0x24</size>
         <input_file_ref idref="fl-9"/>
      </object_component>
      <object_component id="oc-170">
         <name>.common:msg</name>
         <uninitialized>true</uninitialized>
         <run_address>0x200004e8</run_address>
         <size>0x34</size>
      </object_component>
      <object_component id="oc-29">
         <name>.stack</name>
         <uninitialized>true</uninitialized>
         <run_address>0x2000fe00</run_address>
         <size>0x4</size>
         <input_file_ref idref="fl-f0"/>
      </object_component>
      <object_component id="oc-69c">
         <name>.stack</name>
         <uninitialized>true</uninitialized>
         <run_address>0x2000fe00</run_address>
         <size>0x0</size>
      </object_component>
      <object_component id="oc-171">
         <name>.debug_info</name>
         <load_address>0x0</load_address>
         <run_address>0x0</run_address>
         <size>0xcee</size>
         <input_file_ref idref="fl-2"/>
      </object_component>
      <object_component id="oc-451">
         <name>.debug_info</name>
         <load_address>0xcee</load_address>
         <run_address>0xcee</run_address>
         <size>0x109</size>
         <input_file_ref idref="fl-2"/>
      </object_component>
      <object_component id="oc-46a">
         <name>.debug_info</name>
         <load_address>0xdf7</load_address>
         <run_address>0xdf7</run_address>
         <size>0x109</size>
         <input_file_ref idref="fl-2"/>
      </object_component>
      <object_component id="oc-dc">
         <name>.debug_info</name>
         <load_address>0xf00</load_address>
         <run_address>0xf00</run_address>
         <size>0x109</size>
         <input_file_ref idref="fl-2"/>
      </object_component>
      <object_component id="oc-174">
         <name>.debug_info</name>
         <load_address>0x1009</load_address>
         <run_address>0x1009</run_address>
         <size>0x105</size>
         <input_file_ref idref="fl-2"/>
      </object_component>
      <object_component id="oc-44e">
         <name>.debug_info</name>
         <load_address>0x110e</load_address>
         <run_address>0x110e</run_address>
         <size>0x10d</size>
         <input_file_ref idref="fl-2"/>
      </object_component>
      <object_component id="oc-454">
         <name>.debug_info</name>
         <load_address>0x121b</load_address>
         <run_address>0x121b</run_address>
         <size>0x10b</size>
         <input_file_ref idref="fl-2"/>
      </object_component>
      <object_component id="oc-47b">
         <name>.debug_info</name>
         <load_address>0x1326</load_address>
         <run_address>0x1326</run_address>
         <size>0x10f</size>
         <input_file_ref idref="fl-2"/>
      </object_component>
      <object_component id="oc-259">
         <name>.debug_info</name>
         <load_address>0x1435</load_address>
         <run_address>0x1435</run_address>
         <size>0x10e</size>
         <input_file_ref idref="fl-2"/>
      </object_component>
      <object_component id="oc-247">
         <name>.debug_info</name>
         <load_address>0x1543</load_address>
         <run_address>0x1543</run_address>
         <size>0x11a</size>
         <input_file_ref idref="fl-2"/>
      </object_component>
      <object_component id="oc-d9">
         <name>.debug_info</name>
         <load_address>0x165d</load_address>
         <run_address>0x165d</run_address>
         <size>0x114</size>
         <input_file_ref idref="fl-2"/>
      </object_component>
      <object_component id="oc-16e">
         <name>.debug_info</name>
         <load_address>0x1771</load_address>
         <run_address>0x1771</run_address>
         <size>0x10a</size>
         <input_file_ref idref="fl-2"/>
      </object_component>
      <object_component id="oc-162">
         <name>.debug_info</name>
         <load_address>0x187b</load_address>
         <run_address>0x187b</run_address>
         <size>0x18f</size>
         <input_file_ref idref="fl-2"/>
      </object_component>
      <object_component id="oc-74">
         <name>.debug_info</name>
         <load_address>0x1a0a</load_address>
         <run_address>0x1a0a</run_address>
         <size>0x170</size>
         <input_file_ref idref="fl-2"/>
      </object_component>
      <object_component id="oc-7a">
         <name>.debug_info</name>
         <load_address>0x1b7a</load_address>
         <run_address>0x1b7a</run_address>
         <size>0x1cd</size>
         <input_file_ref idref="fl-2"/>
      </object_component>
      <object_component id="oc-a6">
         <name>.debug_info</name>
         <load_address>0x1d47</load_address>
         <run_address>0x1d47</run_address>
         <size>0x46a</size>
         <input_file_ref idref="fl-2"/>
      </object_component>
      <object_component id="oc-361">
         <name>.debug_info</name>
         <load_address>0x21b1</load_address>
         <run_address>0x21b1</run_address>
         <size>0x1f2</size>
         <input_file_ref idref="fl-2"/>
      </object_component>
      <object_component id="oc-367">
         <name>.debug_info</name>
         <load_address>0x23a3</load_address>
         <run_address>0x23a3</run_address>
         <size>0x298</size>
         <input_file_ref idref="fl-2"/>
      </object_component>
      <object_component id="oc-36d">
         <name>.debug_info</name>
         <load_address>0x263b</load_address>
         <run_address>0x263b</run_address>
         <size>0x271</size>
         <input_file_ref idref="fl-2"/>
      </object_component>
      <object_component id="oc-373">
         <name>.debug_info</name>
         <load_address>0x28ac</load_address>
         <run_address>0x28ac</run_address>
         <size>0x195</size>
         <input_file_ref idref="fl-2"/>
      </object_component>
      <object_component id="oc-379">
         <name>.debug_info</name>
         <load_address>0x2a41</load_address>
         <run_address>0x2a41</run_address>
         <size>0x262</size>
         <input_file_ref idref="fl-2"/>
      </object_component>
      <object_component id="oc-156">
         <name>.debug_info</name>
         <load_address>0x2ca3</load_address>
         <run_address>0x2ca3</run_address>
         <size>0x187</size>
         <input_file_ref idref="fl-2"/>
      </object_component>
      <object_component id="oc-17c">
         <name>.debug_info</name>
         <load_address>0x2e2a</load_address>
         <run_address>0x2e2a</run_address>
         <size>0x4c5</size>
         <input_file_ref idref="fl-2"/>
      </object_component>
      <object_component id="oc-1c4">
         <name>.debug_info</name>
         <load_address>0x32ef</load_address>
         <run_address>0x32ef</run_address>
         <size>0xe4</size>
         <input_file_ref idref="fl-2"/>
      </object_component>
      <object_component id="oc-354">
         <name>.debug_info</name>
         <load_address>0x33d3</load_address>
         <run_address>0x33d3</run_address>
         <size>0x70</size>
         <input_file_ref idref="fl-2"/>
      </object_component>
      <object_component id="oc-261">
         <name>.debug_info</name>
         <load_address>0x3443</load_address>
         <run_address>0x3443</run_address>
         <size>0x7f</size>
         <input_file_ref idref="fl-2"/>
      </object_component>
      <object_component id="oc-266">
         <name>.debug_info</name>
         <load_address>0x34c2</load_address>
         <run_address>0x34c2</run_address>
         <size>0x5e</size>
         <input_file_ref idref="fl-2"/>
      </object_component>
      <object_component id="oc-e6">
         <name>.debug_info</name>
         <load_address>0x3520</load_address>
         <run_address>0x3520</run_address>
         <size>0x26b</size>
         <input_file_ref idref="fl-2"/>
      </object_component>
      <object_component id="oc-270">
         <name>.debug_info</name>
         <load_address>0x378b</load_address>
         <run_address>0x378b</run_address>
         <size>0x1028</size>
         <input_file_ref idref="fl-2"/>
      </object_component>
      <object_component id="oc-26b">
         <name>.debug_info</name>
         <load_address>0x47b3</load_address>
         <run_address>0x47b3</run_address>
         <size>0x37e2</size>
         <input_file_ref idref="fl-2"/>
      </object_component>
      <object_component id="oc-177">
         <name>.debug_info</name>
         <load_address>0x7f95</load_address>
         <run_address>0x7f95</run_address>
         <size>0x8b</size>
         <input_file_ref idref="fl-2"/>
      </object_component>
      <object_component id="oc-1fb">
         <name>.debug_info</name>
         <load_address>0x8020</load_address>
         <run_address>0x8020</run_address>
         <size>0x2a4</size>
         <input_file_ref idref="fl-2"/>
      </object_component>
      <object_component id="oc-24a">
         <name>.debug_info</name>
         <load_address>0x82c4</load_address>
         <run_address>0x82c4</run_address>
         <size>0xef</size>
         <input_file_ref idref="fl-2"/>
      </object_component>
      <object_component id="oc-df">
         <name>.debug_info</name>
         <load_address>0x83b3</load_address>
         <run_address>0x83b3</run_address>
         <size>0xbb</size>
         <input_file_ref idref="fl-2"/>
      </object_component>
      <object_component id="oc-27a">
         <name>.debug_info</name>
         <load_address>0x846e</load_address>
         <run_address>0x846e</run_address>
         <size>0x2c</size>
         <input_file_ref idref="fl-2"/>
      </object_component>
      <object_component id="oc-27f">
         <name>.debug_info</name>
         <load_address>0x849a</load_address>
         <run_address>0x849a</run_address>
         <size>0xcc</size>
         <input_file_ref idref="fl-2"/>
      </object_component>
      <object_component id="oc-1f1">
         <name>.debug_info</name>
         <load_address>0x8566</load_address>
         <run_address>0x8566</run_address>
         <size>0x2c</size>
         <input_file_ref idref="fl-2"/>
      </object_component>
      <object_component id="oc-431">
         <name>.debug_info</name>
         <load_address>0x8592</load_address>
         <run_address>0x8592</run_address>
         <size>0x131</size>
         <input_file_ref idref="fl-2"/>
      </object_component>
      <object_component id="oc-275">
         <name>.debug_info</name>
         <load_address>0x86c3</load_address>
         <run_address>0x86c3</run_address>
         <size>0x102</size>
         <input_file_ref idref="fl-2"/>
      </object_component>
      <object_component id="oc-421">
         <name>.debug_info</name>
         <load_address>0x87c5</load_address>
         <run_address>0x87c5</run_address>
         <size>0x5ab</size>
         <input_file_ref idref="fl-3"/>
      </object_component>
      <object_component id="oc-30c">
         <name>.debug_info</name>
         <load_address>0x8d70</load_address>
         <run_address>0x8d70</run_address>
         <size>0x176</size>
         <input_file_ref idref="fl-3"/>
      </object_component>
      <object_component id="oc-305">
         <name>.debug_info</name>
         <load_address>0x8ee6</load_address>
         <run_address>0x8ee6</run_address>
         <size>0x1a7</size>
         <input_file_ref idref="fl-3"/>
      </object_component>
      <object_component id="oc-32">
         <name>.debug_info</name>
         <load_address>0x908d</load_address>
         <run_address>0x908d</run_address>
         <size>0x84</size>
         <input_file_ref idref="fl-3"/>
      </object_component>
      <object_component id="oc-349">
         <name>.debug_info</name>
         <load_address>0x9111</load_address>
         <run_address>0x9111</run_address>
         <size>0x6da</size>
         <input_file_ref idref="fl-4"/>
      </object_component>
      <object_component id="oc-224">
         <name>.debug_info</name>
         <load_address>0x97eb</load_address>
         <run_address>0x97eb</run_address>
         <size>0x119</size>
         <input_file_ref idref="fl-4"/>
      </object_component>
      <object_component id="oc-14b">
         <name>.debug_info</name>
         <load_address>0x9904</load_address>
         <run_address>0x9904</run_address>
         <size>0x1d7</size>
         <input_file_ref idref="fl-4"/>
      </object_component>
      <object_component id="oc-227">
         <name>.debug_info</name>
         <load_address>0x9adb</load_address>
         <run_address>0x9adb</run_address>
         <size>0x2c</size>
         <input_file_ref idref="fl-4"/>
      </object_component>
      <object_component id="oc-b9">
         <name>.debug_info</name>
         <load_address>0x9b07</load_address>
         <run_address>0x9b07</run_address>
         <size>0x161</size>
         <input_file_ref idref="fl-5"/>
      </object_component>
      <object_component id="oc-81">
         <name>.debug_info</name>
         <load_address>0x9c68</load_address>
         <run_address>0x9c68</run_address>
         <size>0x301</size>
         <input_file_ref idref="fl-6"/>
      </object_component>
      <object_component id="oc-27">
         <name>.debug_info</name>
         <load_address>0x9f69</load_address>
         <run_address>0x9f69</run_address>
         <size>0x12d</size>
         <input_file_ref idref="fl-6"/>
      </object_component>
      <object_component id="oc-69">
         <name>.debug_info</name>
         <load_address>0xa096</load_address>
         <run_address>0xa096</run_address>
         <size>0x190</size>
         <input_file_ref idref="fl-6"/>
      </object_component>
      <object_component id="oc-71">
         <name>.debug_info</name>
         <load_address>0xa226</load_address>
         <run_address>0xa226</run_address>
         <size>0x178</size>
         <input_file_ref idref="fl-6"/>
      </object_component>
      <object_component id="oc-2a5">
         <name>.debug_info</name>
         <load_address>0xa39e</load_address>
         <run_address>0xa39e</run_address>
         <size>0x6b8</size>
         <input_file_ref idref="fl-7"/>
      </object_component>
      <object_component id="oc-5d8">
         <name>.debug_info</name>
         <load_address>0xaa56</load_address>
         <run_address>0xaa56</run_address>
         <size>0x152</size>
         <input_file_ref idref="fl-7"/>
      </object_component>
      <object_component id="oc-1c1">
         <name>.debug_info</name>
         <load_address>0xaba8</load_address>
         <run_address>0xaba8</run_address>
         <size>0x15f</size>
         <input_file_ref idref="fl-7"/>
      </object_component>
      <object_component id="oc-5b5">
         <name>.debug_info</name>
         <load_address>0xad07</load_address>
         <run_address>0xad07</run_address>
         <size>0x1ae</size>
         <input_file_ref idref="fl-7"/>
      </object_component>
      <object_component id="oc-5cc">
         <name>.debug_info</name>
         <load_address>0xaeb5</load_address>
         <run_address>0xaeb5</run_address>
         <size>0x1b3</size>
         <input_file_ref idref="fl-7"/>
      </object_component>
      <object_component id="oc-61c">
         <name>.debug_info</name>
         <load_address>0xb068</load_address>
         <run_address>0xb068</run_address>
         <size>0x1ff</size>
         <input_file_ref idref="fl-7"/>
      </object_component>
      <object_component id="oc-5d3">
         <name>.debug_info</name>
         <load_address>0xb267</load_address>
         <run_address>0xb267</run_address>
         <size>0x1e4</size>
         <input_file_ref idref="fl-7"/>
      </object_component>
      <object_component id="oc-622">
         <name>.debug_info</name>
         <load_address>0xb44b</load_address>
         <run_address>0xb44b</run_address>
         <size>0x1c7</size>
         <input_file_ref idref="fl-7"/>
      </object_component>
      <object_component id="oc-616">
         <name>.debug_info</name>
         <load_address>0xb612</load_address>
         <run_address>0xb612</run_address>
         <size>0x1cb</size>
         <input_file_ref idref="fl-7"/>
      </object_component>
      <object_component id="oc-5eb">
         <name>.debug_info</name>
         <load_address>0xb7dd</load_address>
         <run_address>0xb7dd</run_address>
         <size>0x215</size>
         <input_file_ref idref="fl-7"/>
      </object_component>
      <object_component id="oc-5e5">
         <name>.debug_info</name>
         <load_address>0xb9f2</load_address>
         <run_address>0xb9f2</run_address>
         <size>0x1b4</size>
         <input_file_ref idref="fl-7"/>
      </object_component>
      <object_component id="oc-5f1">
         <name>.debug_info</name>
         <load_address>0xbba6</load_address>
         <run_address>0xbba6</run_address>
         <size>0x19f</size>
         <input_file_ref idref="fl-7"/>
      </object_component>
      <object_component id="oc-5f7">
         <name>.debug_info</name>
         <load_address>0xbd45</load_address>
         <run_address>0xbd45</run_address>
         <size>0x197</size>
         <input_file_ref idref="fl-7"/>
      </object_component>
      <object_component id="oc-5c0">
         <name>.debug_info</name>
         <load_address>0xbedc</load_address>
         <run_address>0xbedc</run_address>
         <size>0x24a</size>
         <input_file_ref idref="fl-7"/>
      </object_component>
      <object_component id="oc-5dd">
         <name>.debug_info</name>
         <load_address>0xc126</load_address>
         <run_address>0xc126</run_address>
         <size>0x27d</size>
         <input_file_ref idref="fl-7"/>
      </object_component>
      <object_component id="oc-5ba">
         <name>.debug_info</name>
         <load_address>0xc3a3</load_address>
         <run_address>0xc3a3</run_address>
         <size>0x27f</size>
         <input_file_ref idref="fl-7"/>
      </object_component>
      <object_component id="oc-5c6">
         <name>.debug_info</name>
         <load_address>0xc622</load_address>
         <run_address>0xc622</run_address>
         <size>0x235</size>
         <input_file_ref idref="fl-7"/>
      </object_component>
      <object_component id="oc-566">
         <name>.debug_info</name>
         <load_address>0xc857</load_address>
         <run_address>0xc857</run_address>
         <size>0x334</size>
         <input_file_ref idref="fl-7"/>
      </object_component>
      <object_component id="oc-560">
         <name>.debug_info</name>
         <load_address>0xcb8b</load_address>
         <run_address>0xcb8b</run_address>
         <size>0x1c2</size>
         <input_file_ref idref="fl-7"/>
      </object_component>
      <object_component id="oc-53a">
         <name>.debug_info</name>
         <load_address>0xcd4d</load_address>
         <run_address>0xcd4d</run_address>
         <size>0x2b7</size>
         <input_file_ref idref="fl-7"/>
      </object_component>
      <object_component id="oc-546">
         <name>.debug_info</name>
         <load_address>0xd004</load_address>
         <run_address>0xd004</run_address>
         <size>0x2db</size>
         <input_file_ref idref="fl-7"/>
      </object_component>
      <object_component id="oc-c0">
         <name>.debug_info</name>
         <load_address>0xd2df</load_address>
         <run_address>0xd2df</run_address>
         <size>0x1b1</size>
         <input_file_ref idref="fl-7"/>
      </object_component>
      <object_component id="oc-521">
         <name>.debug_info</name>
         <load_address>0xd490</load_address>
         <run_address>0xd490</run_address>
         <size>0x1a3</size>
         <input_file_ref idref="fl-7"/>
      </object_component>
      <object_component id="oc-245">
         <name>.debug_info</name>
         <load_address>0xd633</load_address>
         <run_address>0xd633</run_address>
         <size>0x47a</size>
         <input_file_ref idref="fl-8"/>
      </object_component>
      <object_component id="oc-242">
         <name>.debug_info</name>
         <load_address>0xdaad</load_address>
         <run_address>0xdaad</run_address>
         <size>0x114</size>
         <input_file_ref idref="fl-8"/>
      </object_component>
      <object_component id="oc-572">
         <name>.debug_info</name>
         <load_address>0xdbc1</load_address>
         <run_address>0xdbc1</run_address>
         <size>0x112</size>
         <input_file_ref idref="fl-8"/>
      </object_component>
      <object_component id="oc-540">
         <name>.debug_info</name>
         <load_address>0xdcd3</load_address>
         <run_address>0xdcd3</run_address>
         <size>0x1e1</size>
         <input_file_ref idref="fl-8"/>
      </object_component>
      <object_component id="oc-594">
         <name>.debug_info</name>
         <load_address>0xdeb4</load_address>
         <run_address>0xdeb4</run_address>
         <size>0x1d5</size>
[...]
      </symbol>
      <symbol id="sm-5d0">
         <name>CmdLineProcess</name>
         <value>0x396d</value>
         <object_component_ref idref="oc-167"/>
      </symbol>
      <symbol id="sm-625">
         <name>CS_setDCOCenteredFrequency</name>
         <value>0x4d19</value>
         <object_component_ref idref="oc-fb"/>
      </symbol>
      <symbol id="sm-626">
         <name>CS_initClockSignal</name>
         <value>0x2945</value>
         <object_component_ref idref="oc-101"/>
      </symbol>
      <symbol id="sm-669">
         <name>GPIO_setOutputHighOnPin</name>
         <value>0x4f31</value>
         <object_component_ref idref="oc-629"/>
      </symbol>
      <symbol id="sm-66a">
         <name>GPIO_setAsOutputPin</name>
         <value>0x4a81</value>
         <object_component_ref idref="oc-131"/>
      </symbol>
      <symbol id="sm-66b">
         <name>GPIO_setOutputLowOnPin</name>
         <value>0x4f59</value>
         <object_component_ref idref="oc-12b"/>
      </symbol>
      <symbol id="sm-66c">
         <name>GPIO_toggleOutputOnPin</name>
         <value>0x4f81</value>
         <object_component_ref idref="oc-c5"/>
      </symbol>
      <symbol id="sm-66d">
         <name>GPIO_setAsPeripheralModuleFunctionInputPin</name>
         <value>0x3f85</value>
         <object_component_ref idref="oc-107"/>
      </symbol>
      <symbol id="sm-693">
         <name>Interrupt_enableMaster</name>
         <value>0x524f</value>
         <object_component_ref idref="oc-125"/>
      </symbol>
      <symbol id="sm-694">
         <name>Interrupt_enableInterrupt</name>
         <value>0x4119</value>
         <object_component_ref idref="oc-11f"/>
      </symbol>
      <symbol id="sm-707">
         <name>EUSCI_B_SPI_receiveData</name>
         <value>0x523f</value>
         <object_component_ref idref="oc-65d"/>
      </symbol>
      <symbol id="sm-708">
         <name>EUSCI_B_SPI_enable</name>
         <value>0x5189</value>
         <object_component_ref idref="oc-340"/>
      </symbol>
      <symbol id="sm-709">
         <name>SPI_enableModule</name>
         <value>0x5087</value>
         <object_component_ref idref="oc-21d"/>
      </symbol>
      <symbol id="sm-70a">
         <name>EUSCI_A_SPI_receiveData</name>
         <value>0x522f</value>
         <object_component_ref idref="oc-657"/>
      </symbol>
      <symbol id="sm-70b">
         <name>EUSCI_A_SPI_transmitData</name>
         <value>0x5173</value>
         <object_component_ref idref="oc-64a"/>
      </symbol>
      <symbol id="sm-70c">
         <name>EUSCI_B_SPI_transmitData</name>
         <value>0x519f</value>
         <object_component_ref idref="oc-650"/>
      </symbol>
      <symbol id="sm-70d">
         <name>SPI_transmitData</name>
         <value>0x5021</value>
         <object_component_ref idref="oc-630"/>
      </symbol>
      <symbol id="sm-70e">
         <name>EUSCI_A_SPI_enable</name>
         <value>0x515d</value>
         <object_component_ref idref="oc-33a"/>
      </symbol>
      <symbol id="sm-70f">
         <name>SPI_receiveData</name>
         <value>0x50a3</value>
         <object_component_ref idref="oc-636"/>
      </symbol>
      <symbol id="sm-710">
         <name>SPI_initMaster</name>
         <value>0x380b</value>
         <object_component_ref idref="oc-217"/>
      </symbol>
      <symbol id="sm-731">
         <name>SysTick_setPeriod</name>
         <value>0x5115</value>
         <object_component_ref idref="oc-137"/>
      </symbol>
      <symbol id="sm-732">
         <name>SysTick_enableInterrupt</name>
         <value>0x5271</value>
         <object_component_ref idref="oc-143"/>
      </symbol>
      <symbol id="sm-733">
         <name>SysTick_enableModule</name>
         <value>0x5281</value>
         <object_component_ref idref="oc-13d"/>
      </symbol>
      <symbol id="sm-773">
         <name>UART_enableInterrupt</name>
         <value>0x4de7</value>
         <object_component_ref idref="oc-119"/>
      </symbol>
      <symbol id="sm-774">
         <name>UART_enableModule</name>
         <value>0x51b5</value>
         <object_component_ref idref="oc-113"/>
      </symbol>
      <symbol id="sm-775">
         <name>UART_transmitData</name>
         <value>0x4d4d</value>
         <object_component_ref idref="oc-d2"/>
      </symbol>
      <symbol id="sm-776">
         <name>UART_initModule</name>
         <value>0x2de5</value>
         <object_component_ref idref="oc-10d"/>
      </symbol>
      <symbol id="sm-780">
         <name>CPU_cpsie</name>
         <value>0x52ad</value>
         <object_component_ref idref="oc-20b"/>
      </symbol>
      <symbol id="sm-7ac">
         <name>printf</name>
         <value>0x4551</value>
         <object_component_ref idref="oc-cc"/>
      </symbol>
      <symbol id="sm-916">
         <name>__TI_printfi</name>
         <value>0xe5</value>
         <object_component_ref idref="oc-1d7"/>
      </symbol>
      <symbol id="sm-938">
         <name>sprintf</name>
         <value>0x4b01</value>
         <object_component_ref idref="oc-14f"/>
      </symbol>
      <symbol id="sm-958">
         <name>frexpl</name>
         <value>0x45b9</value>
         <object_component_ref idref="oc-3e9"/>
      </symbol>
      <symbol id="sm-959">
         <name>frexp</name>
         <value>0x45b9</value>
         <object_component_ref idref="oc-3e9"/>
      </symbol>
      <symbol id="sm-976">
         <name>scalbn</name>
         <value>0x2f01</value>
         <object_component_ref idref="oc-3ef"/>
      </symbol>
      <symbol id="sm-977">
         <name>scalbnl</name>
         <value>0x2f01</value>
         <object_component_ref idref="oc-3ef"/>
      </symbol>
      <symbol id="sm-978">
         <name>ldexpl</name>
         <value>0x2f01</value>
         <object_component_ref idref="oc-3ef"/>
      </symbol>
      <symbol id="sm-979">
         <name>ldexp</name>
         <value>0x2f01</value>
         <object_component_ref idref="oc-3ef"/>
      </symbol>
      <symbol id="sm-983">
         <name>copysign</name>
         <value>0x50f9</value>
         <object_component_ref idref="oc-4af"/>
      </symbol>
      <symbol id="sm-984">
         <name>copysignl</name>
         <value>0x50f9</value>
         <object_component_ref idref="oc-4af"/>
      </symbol>
      <symbol id="sm-991">
         <name>__aeabi_uldivmod</name>
         <value>0x3d41</value>
         <object_component_ref idref="oc-3a3"/>
      </symbol>
      <symbol id="sm-9a0">
         <name>__aeabi_memset</name>
         <value>0x4297</value>
         <object_component_ref idref="oc-99"/>
      </symbol>
      <symbol id="sm-9a1">
         <name>memset</name>
         <value>0x429d</value>
         <object_component_ref idref="oc-99"/>
      </symbol>
      <symbol id="sm-9a2">
         <name>__aeabi_memset8</name>
         <value>0x4297</value>
         <object_component_ref idref="oc-99"/>
      </symbol>
      <symbol id="sm-9a3">
         <name>__aeabi_memset4</name>
         <value>0x4297</value>
         <object_component_ref idref="oc-99"/>
      </symbol>
      <symbol id="sm-9a4">
         <name>__aeabi_memclr8</name>
         <value>0x4295</value>
         <object_component_ref idref="oc-99"/>
      </symbol>
      <symbol id="sm-9a5">
         <name>__aeabi_memclr4</name>
         <value>0x4295</value>
         <object_component_ref idref="oc-99"/>
      </symbol>
      <symbol id="sm-9a6">
         <name>__aeabi_memclr</name>
         <value>0x4295</value>
         <object_component_ref idref="oc-99"/>
      </symbol>
      <symbol id="sm-9bd">
         <name>__aeabi_dsub</name>
         <value>0x208b</value>
         <object_component_ref idref="oc-3c9"/>
      </symbol>
      <symbol id="sm-9be">
         <name>__aeabi_dadd</name>
         <value>0x2095</value>
         <object_component_ref idref="oc-3c9"/>
      </symbol>
      <symbol id="sm-9e0">
         <name>__aeabi_cdcmpeq</name>
         <value>0x400d</value>
         <object_component_ref idref="oc-2ba"/>
      </symbol>
      <symbol id="sm-9e1">
         <name>__aeabi_cdcmple</name>
         <value>0x400d</value>
         <object_component_ref idref="oc-2ba"/>
      </symbol>
      <symbol id="sm-9e2">
         <name>__aeabi_cdrcmple</name>
         <value>0x4093</value>
         <object_component_ref idref="oc-3b4"/>
      </symbol>
      <symbol id="sm-9f6">
         <name>__aeabi_ddiv</name>
         <value>0x280d</value>
         <object_component_ref idref="oc-3af"/>
      </symbol>
      <symbol id="sm-a01">
         <name>__aeabi_dmul</name>
         <value>0x3317</value>
         <object_component_ref idref="oc-3aa"/>
      </symbol>
      <symbol id="sm-a0b">
         <name>__aeabi_d2iz</name>
         <value>0x496d</value>
         <object_component_ref idref="oc-3b9"/>
      </symbol>
      <symbol id="sm-a15">
         <name>__aeabi_i2d</name>
         <value>0x4ed9</value>
         <object_component_ref idref="oc-3c4"/>
      </symbol>
      <symbol id="sm-a30">
         <name>memcpy</name>
         <value>0x3c0b</value>
         <object_component_ref idref="oc-37"/>
      </symbol>
      <symbol id="sm-a31">
         <name>__aeabi_memcpy</name>
         <value>0x3c0b</value>
         <object_component_ref idref="oc-37"/>
      </symbol>
      <symbol id="sm-a32">
         <name>__aeabi_memcpy8</name>
         <value>0x3c0b</value>
         <object_component_ref idref="oc-37"/>
      </symbol>
      <symbol id="sm-a33">
         <name>__aeabi_memcpy4</name>
         <value>0x3c0b</value>
         <object_component_ref idref="oc-37"/>
      </symbol>
      <symbol id="sm-a45">
         <name>__TI_zero_init</name>
         <value>0x52dd</value>
         <object_component_ref idref="oc-49"/>
      </symbol>
      <symbol id="sm-a5c">
         <name>__TI_decompress_none</name>
         <value>0x5291</value>
         <object_component_ref idref="oc-1d"/>
      </symbol>
      <symbol id="sm-a7f">
         <name>__TI_decompress_lzss</name>
         <value>0x44e7</value>
         <object_component_ref idref="oc-17"/>
      </symbol>
      <symbol id="sm-a94">
         <name>_nop</name>
         <value>0x26cf</value>
         <object_component_ref idref="oc-2f5"/>
      </symbol>
      <symbol id="sm-a95">
         <name>_lock</name>
         <value>0x200007d8</value>
         <object_component_ref idref="oc-1dd"/>
      </symbol>
      <symbol id="sm-a96">
         <name>_unlock</name>
         <value>0x200007dc</value>
         <object_component_ref idref="oc-1dd"/>
      </symbol>
      <symbol id="sm-aa5">
         <name>__TI_ltoa</name>
         <value>0x478f</value>
         <object_component_ref idref="oc-3be"/>
      </symbol>
      <symbol id="sm-abb">
         <name>atoi</name>
         <value>0x4889</value>
         <object_component_ref idref="oc-2ae"/>
      </symbol>
      <symbol id="sm-ac6">
         <name>_ctypes_</name>
         <value>0x552a</value>
         <object_component_ref idref="oc-39e"/>
      </symbol>
      <symbol id="sm-ad2">
         <name>_ftable</name>
         <value>0x20000580</value>
         <object_component_ref idref="oc-1e0"/>
      </symbol>
      <symbol id="sm-ae2">
         <name>memccpy</name>
         <value>0x50bf</value>
         <object_component_ref idref="oc-2d7"/>
      </symbol>
      <symbol id="sm-af2">
         <name>strcat</name>
         <value>0x5069</value>
         <object_component_ref idref="oc-463"/>
      </symbol>
      <symbol id="sm-b02">
         <name>strchr</name>
         <value>0x51cb</value>
         <object_component_ref idref="oc-3f5"/>
      </symbol>
      <symbol id="sm-b11">
         <name>strcmp</name>
         <value>0x5145</value>
         <object_component_ref idref="oc-24f"/>
      </symbol>
      <symbol id="sm-b1f">
         <name>strcpy</name>
         <value>0x51f5</value>
         <object_component_ref idref="oc-457"/>
      </symbol>
      <symbol id="sm-b2d">
         <name>strlen</name>
         <value>0x5209</value>
         <object_component_ref idref="oc-23a"/>
      </symbol>
      <symbol id="sm-b3d">
         <name>strncpy</name>
         <value>0x4ce1</value>
         <object_component_ref idref="oc-45d"/>
      </symbol>
      <symbol id="sm-b53">
         <name>__aeabi_errno_addr</name>
         <value>0x5301</value>
         <object_component_ref idref="oc-2e3"/>
      </symbol>
      <symbol id="sm-b54">
         <name>errno</name>
         <value>0x200007e0</value>
         <object_component_ref idref="oc-405"/>
      </symbol>
      <symbol id="sm-b67">
         <name>__stack</name>
         <value>0x2000fe00</value>
         <object_component_ref idref="oc-29"/>
      </symbol>
      <symbol id="sm-b68">
         <name>_c_int00_noargs</name>
         <value>0x4d81</value>
         <object_component_ref idref="oc-55"/>
      </symbol>
      <symbol id="sm-b81">
         <name>wcslen</name>
         <value>0x521d</value>
         <object_component_ref idref="oc-2dd"/>
      </symbol>
      <symbol id="sm-b8b">
         <name>__aeabi_idiv0</name>
         <value>0x2943</value>
         <object_component_ref idref="oc-496"/>
      </symbol>
      <symbol id="sm-b8c">
         <name>__aeabi_ldiv0</name>
         <value>0x2943</value>
         <object_component_ref idref="oc-496"/>
      </symbol>
      <symbol id="sm-bb4">
         <name>__TI_auto_init_nobinit_nopinit</name>
         <value>0x49b5</value>
         <object_component_ref idref="oc-18d"/>
      </symbol>
      <symbol id="sm-bbe">
         <name>_system_pre_init</name>
         <value>0x5319</value>
         <object_component_ref idref="oc-9f"/>
      </symbol>
      <symbol id="sm-bca">
         <name>C$$EXIT</name>
         <value>0x531d</value>
         <object_component_ref idref="oc-181"/>
      </symbol>
      <symbol id="sm-bcb">
         <name>abort</name>
         <value>0x531d</value>
         <object_component_ref idref="oc-181"/>
      </symbol>
      <symbol id="sm-bcd">
         <name>__TI_static_base__</name>
         <value>0x0</value>
      </symbol>
      <symbol id="sm-bd0">
         <name>__mpu_init</name>
         <value>0x0</value>
      </symbol>
      <symbol id="sm-bd1">
         <name>_system_post_cinit</name>
         <value>0x0</value>
      </symbol>
      <symbol id="sm-bd2">
         <name>NMI_Handler</name>
         <value>0xb33</value>
      </symbol>
      <symbol id="sm-bd3">
         <name>HardFault_Handler</name>
         <value>0xb33</value>
      </symbol>
      <symbol id="sm-bd4">
         <name>MemManage_Handler</name>
         <value>0xb33</value>
      </symbol>
      <symbol id="sm-bd5">
         <name>BusFault_Handler</name>
         <value>0xb33</value>
      </symbol>
      <symbol id="sm-bd6">
         <name>UsageFault_Handler</name>
         <value>0xb33</value>
      </symbol>
      <symbol id="sm-bd7">
         <name>SVC_Handler</name>
         <value>0xb33</value>
      </symbol>
      <symbol id="sm-bd8">
         <name>DebugMon_Handler</name>
         <value>0xb33</value>
      </symbol>
      <symbol id="sm-bd9">
         <name>PendSV_Handler</name>
         <value>0xb33</value>
      </symbol>
      <symbol id="sm-bda">
         <name>SysTick_Handler</name>
         <value>0x525f</value>
      </symbol>
      <symbol id="sm-bdb">
         <name>PSS_IRQHandler</name>
         <value>0xb33</value>
      </symbol>
      <symbol id="sm-bdc">
         <name>CS_IRQHandler</name>
         <value>0xb33</value>
      </symbol>
      <symbol id="sm-bdd">
         <name>PCM_IRQHandler</name>
         <value>0xb33</value>
      </symbol>
      <symbol id="sm-bde">
         <name>WDT_A_IRQHandler</name>
         <value>0xb33</value>
      </symbol>
      <symbol id="sm-bdf">
         <name>FPU_IRQHandler</name>
         <value>0xb33</value>
      </symbol>
      <symbol id="sm-be0">
         <name>FLCTL_IRQHandler</name>
         <value>0xb33</value>
      </symbol>
      <symbol id="sm-be1">
         <name>COMP_E0_IRQHandler</name>
         <value>0xb33</value>
      </symbol>
      <symbol id="sm-be2">
         <name>COMP_E1_IRQHandler</name>
         <value>0xb33</value>
      </symbol>
      <symbol id="sm-be3">
         <name>TA0_0_IRQHandler</name>
         <value>0xb33</value>
      </symbol>
      <symbol id="sm-be4">
         <name>TA0_N_IRQHandler</name>
         <value>0xb33</value>
      </symbol>
      <symbol id="sm-be5">
         <name>TA1_0_IRQHandler</name>
         <value>0xb33</value>
      </symbol>
      <symbol id="sm-be6">
         <name>TA1_N_IRQHandler</name>
         <value>0xb33</value>
      </symbol>
      <symbol id="sm-be7">
         <name>TA2_0_IRQHandler</name>
         <value>0xb33</value>
      </symbol>
      <symbol id="sm-be8">
         <name>TA2_N_IRQHandler</name>
         <value>0xb33</value>
      </symbol>
      <symbol id="sm-be9">
         <name>TA3_0_IRQHandler</name>
         <value>0xb33</value>
      </symbol>
      <symbol id="sm-bea">
         <name>TA3_N_IRQHandler</name>
         <value>0xb33</value>
      </symbol>
      <symbol id="sm-beb">
         <name>EUSCIA0_IRQHandler</name>
         <value>0x3e6d</value>
      </symbol>
      <symbol id="sm-bec">
         <name>EUSCIA1_IRQHandler</name>
         <value>0xb33</value>
      </symbol>
      <symbol id="sm-bed">
         <name>EUSCIA2_IRQHandler</name>
         <value>0xb33</value>
      </symbol>
      <symbol id="sm-bee">
         <name>EUSCIA3_IRQHandler</name>
         <value>0xb33</value>
      </symbol>
      <symbol id="sm-bef">
         <name>EUSCIB0_IRQHandler</name>
         <value>0xb33</value>
      </symbol>
      <symbol id="sm-bf0">
         <name>EUSCIB1_IRQHandler</name>
         <value>0xb33</value>
      </symbol>
      <symbol id="sm-bf1">
         <name>EUSCIB2_IRQHandler</name>
         <value>0xb33</value>
      </symbol>
      <symbol id="sm-bf2">
         <name>EUSCIB3_IRQHandler</name>
         <value>0xb33</value>
      </symbol>
      <symbol id="sm-bf3">
         <name>ADC14_IRQHandler</name>
         <value>0xb33</value>
      </symbol>
      <symbol id="sm-bf4">
         <name>T32_INT1_IRQHandler</name>
         <value>0xb33</value>
      </symbol>
      <symbol id="sm-bf5">
         <name>T32_INT2_IRQHandler</name>
         <value>0xb33</value>
      </symbol>
      <symbol id="sm-bf6">
         <name>T32_INTC_IRQHandler</name>
         <value>0xb33</value>
      </symbol>
      <symbol id="sm-bf7">
         <name>AES256_IRQHandler</name>
         <value>0xb33</value>
      </symbol>
      <symbol id="sm-bf8">
         <name>RTC_C_IRQHandler</name>
         <value>0xb33</value>
      </symbol>
      <symbol id="sm-bf9">
         <name>DMA_ERR_IRQHandler</name>
         <value>0xb33</value>
      </symbol>
      <symbol id="sm-bfa">
         <name>DMA_INT3_IRQHandler</name>
         <value>0xb33</value>
      </symbol>
      <symbol id="sm-bfb">
         <name>DMA_INT2_IRQHandler</name>
         <value>0xb33</value>
      </symbol>
      <symbol id="sm-bfc">
         <name>DMA_INT1_IRQHandler</name>
         <value>0xb33</value>
      </symbol>
      <symbol id="sm-bfd">
         <name>DMA_INT0_IRQHandler</name>
         <value>0xb33</value>
      </symbol>
      <symbol id="sm-bfe">
         <name>PORT1_IRQHandler</name>
         <value>0xb33</value>
      </symbol>
      <symbol id="sm-bff">
         <name>PORT2_IRQHandler</name>
         <value>0xb33</value>
      </symbol>
      <symbol id="sm-c00">
         <name>PORT3_IRQHandler</name>
         <value>0xb33</value>
      </symbol>
      <symbol id="sm-c01">
         <name>PORT4_IRQHandler</name>
         <value>0xb33</value>
      </symbol>
      <symbol id="sm-c02">
         <name>PORT5_IRQHandler</name>
         <value>0xb33</value>
      </symbol>
      <symbol id="sm-c03">
         <name>PORT6_IRQHandler</name>
         <value>0xb33</value>
      </symbol>
   </symbol_table>
   <title>Link successful</title>
</link_info>
