******************************************************************************
                  TI ARM Linker PC v20.2.4                     
******************************************************************************
>> Linked Wed Jan 13 12:20:22 2021

OUTPUT FILE NAME:   <[not done]uart_master_i2c_cs811.out>
ENTRY POINT SYMBOL: "_c_int00_noinit_noargs"  address: 00000565


MEMORY CONFIGURATION

         name            origin    length      used     unused   attr    fill
----------------------  --------  ---------  --------  --------  ----  --------
  MAIN                  00000000   00040000  000006b0  0003f950  R  X
  INFO                  00200000   00004000  00000000  00004000  R  X
  SRAM_CODE             01000000   00010000  00000200  0000fe00  RW X
  SRAM_DATA             20000000   00010000  00000200  0000fe00  RW  


SEGMENT ALLOCATION MAP

run origin  load origin   length   init length attrs members
----------  ----------- ---------- ----------- ----- -------
00000000    00000000    000006b0   000006b0    r-x
  00000000    00000000    000000e4   000000e4    r-- .intvecs
  000000e4    000000e4    00000584   00000584    r-x .text
  00000668    00000668    00000048   00000048    r-- .const
2000fe00    2000fe00    00000200   00000000    rw-
  2000fe00    2000fe00    00000200   00000000    rw- .stack


SECTION ALLOCATION MAP

 output                                  attributes/
section   page    origin      length       input sections
--------  ----  ----------  ----------   ----------------
.intvecs   0    00000000    000000e4     
                  00000000    000000e4     startup_msp432p401r_ccs.obj (.intvecs:retain)

.text      0    000000e4    00000584     
                  000000e4    0000011c     msp432p4xx_driverlib.lib : uart.o (.text:UART_initModule)
                  00000200    00000088                              : gpio.o (.text:GPIO_setAsPeripheralModuleFunctionInputPin)
                  00000288    00000084                              : i2c.o (.text:I2C_masterSendSingleByte)
                  0000030c    00000078     system_msp432p401r.obj (.text:SystemInit)
                  00000384    00000062     msp432p4xx_driverlib.lib : i2c.o (.text:I2C_initMaster)
                  000003e6    00000002     startup_msp432p401r_ccs.obj (.text:Default_Handler)
                  000003e8    00000050     ccs811.obj (.text:write)
                  00000438    0000004c     main.obj (.text:main)
                  00000484    00000040     main.obj (.text:config_uart)
                  000004c4    00000038     msp432p4xx_driverlib.lib : i2c.o (.text:I2C_masterSendMultiByteStop)
                  000004fc    00000034                              : cs.o (.text:CS_setDCOCenteredFrequency)
                  00000530    00000034                              : i2c.o (.text:I2C_masterSendMultiByteNext)
                  00000564    0000002c     rtsv7M4_T_le_v4SPD16_eabi.lib : boot_cortex_m.c.obj (.text:_c_int00_noinit_noargs:_c_int00_noinit_noargs)
                  00000590    00000028     main.obj (.text:config_i2c)
                  000005b8    00000024     msp432p4xx_driverlib.lib : wdt_a.o (.text:WDT_A_holdTimer)
                  000005dc    00000018                              : i2c.o (.text:I2C_masterSendStart)
                  000005f4    00000018     ccs811.obj (.text:sw_reset)
                  0000060c    00000016     msp432p4xx_driverlib.lib : i2c.o (.text:I2C_enableModule)
                  00000622    00000016                              : uart.o (.text:UART_enableModule)
                  00000638    00000014                              : i2c.o (.text:I2C_setSlaveAddress)
                  0000064c    0000000c     startup_msp432p401r_ccs.obj (.text:Reset_Handler)
                  00000658    00000008     ccs811.obj (.text:ccs811_begin)
                  00000660    00000004     rtsv7M4_T_le_v4SPD16_eabi.lib : pre_init.c.obj (.text:_system_pre_init)
                  00000664    00000004                                   : exit.c.obj (.text:abort:abort)

.const     0    00000668    00000048     
                  00000668    00000030     msp432p4xx_driverlib.lib : gpio.o (.const:GPIO_PORT_TO_BASE)
                  00000698    00000014     main.obj (.const:$P$T0$1)
                  000006ac    00000004     ccs811.obj (.const:.string:$P$T0$1)

.cinit     0    00000000    00000000     UNINITIALIZED

.init_array 
*          0    00000000    00000000     UNINITIALIZED

.binit     0    00000000    00000000     

.stack     0    2000fe00    00000200     UNINITIALIZED
                  2000fe00    00000004     rtsv7M4_T_le_v4SPD16_eabi.lib : boot_cortex_m.c.obj (.stack)
                  2000fe04    000001fc     --HOLE--

__llvm_prf_cnts 
*          0    20000000    00000000     UNINITIALIZED

MODULE SUMMARY

       Module                        code   ro data   rw data
       ------                        ----   -------   -------
    .\
       main.obj                      180    20        0      
       system_msp432p401r.obj        120    0         0      
    +--+-----------------------------+------+---------+---------+
       Total:                        300    20        0      
                                                             
    .\ccs\
       startup_msp432p401r_ccs.obj   14     228       0      
    +--+-----------------------------+------+---------+---------+
       Total:                        14     228       0      
                                                             
    .\lib\
       ccs811.obj                    112    4         0      
    +--+-----------------------------+------+---------+---------+
       Total:                        112    4         0      
                                                             
    C:/ti/simplelink_msp432p4_sdk_3_40_01_02/source/ti/devices/msp432p4xx/driverlib/ccs/msp432p4xx_driverlib.lib
       i2c.o                         404    0         0      
       uart.o                        306    0         0      
       gpio.o                        136    48        0      
       cs.o                          52     0         0      
       wdt_a.o                       36     0         0      
    +--+-----------------------------+------+---------+---------+
       Total:                        934    48        0      
                                                             
    C:\ti\ccs1011\ccs\tools\compiler\ti-cgt-arm_20.2.4.LTS\lib\rtsv7M4_T_le_v4SPD16_eabi.lib
       boot_cortex_m.c.obj           44     0         0      
       exit.c.obj                    4      0         0      
       pre_init.c.obj                4      0         0      
    +--+-----------------------------+------+---------+---------+
       Total:                        52     0         0      
                                                             
       Stack:                        0      0         1024   
    +--+-----------------------------+------+---------+---------+
       Grand Total:                  1412   300       1024   


GLOBAL SYMBOLS: SORTED ALPHABETICALLY BY Name 

address   name                                      
-------   ----                                      
000003e7  ADC14_IRQHandler                          
000003e7  AES256_IRQHandler                         
000003e7  BusFault_Handler                          
00000665  C$$EXIT                                   
000003e7  COMP_E0_IRQHandler                        
000003e7  COMP_E1_IRQHandler                        
000003e7  CS_IRQHandler                             
000004fd  CS_setDCOCenteredFrequency                
000003e7  DMA_ERR_IRQHandler                        
000003e7  DMA_INT0_IRQHandler                       
000003e7  DMA_INT1_IRQHandler                       
000003e7  DMA_INT2_IRQHandler                       
000003e7  DMA_INT3_IRQHandler                       
000003e7  DebugMon_Handler                          
000003e7  Default_Handler                           
000003e7  EUSCIA0_IRQHandler                        
000003e7  EUSCIA1_IRQHandler                        
000003e7  EUSCIA2_IRQHandler                        
000003e7  EUSCIA3_IRQHandler                        
000003e7  EUSCIB0_IRQHandler                        
000003e7  EUSCIB1_IRQHandler                        
000003e7  EUSCIB2_IRQHandler                        
000003e7  EUSCIB3_IRQHandler                        
000003e7  FLCTL_IRQHandler                          
000003e7  FPU_IRQHandler                            
00000201  GPIO_setAsPeripheralModuleFunctionInputPin
000003e7  HardFault_Handler                         
0000060d  I2C_enableModule                          
00000385  I2C_initMaster                            
00000531  I2C_masterSendMultiByteNext               
000004c5  I2C_masterSendMultiByteStop               
00000289  I2C_masterSendSingleByte                  
000005dd  I2C_masterSendStart                       
00000639  I2C_setSlaveAddress                       
000003e7  MemManage_Handler                         
000003e7  NMI_Handler                               
000003e7  PCM_IRQHandler                            
000003e7  PORT1_IRQHandler                          
000003e7  PORT2_IRQHandler                          
000003e7  PORT3_IRQHandler                          
000003e7  PORT4_IRQHandler                          
000003e7  PORT5_IRQHandler                          
000003e7  PORT6_IRQHandler                          
000003e7  PSS_IRQHandler                            
000003e7  PendSV_Handler                            
000003e7  RTC_C_IRQHandler                          
0000064d  Reset_Handler                             
000003e7  SVC_Handler                               
000003e7  SysTick_Handler                           
0000030d  SystemInit                                
000003e7  T32_INT1_IRQHandler                       
000003e7  T32_INT2_IRQHandler                       
000003e7  T32_INTC_IRQHandler                       
000003e7  TA0_0_IRQHandler                          
000003e7  TA0_N_IRQHandler                          
000003e7  TA1_0_IRQHandler                          
000003e7  TA1_N_IRQHandler                          
000003e7  TA2_0_IRQHandler                          
000003e7  TA2_N_IRQHandler                          
000003e7  TA3_0_IRQHandler                          
000003e7  TA3_N_IRQHandler                          
00000623  UART_enableModule                         
000000e5  UART_initModule                           
000003e7  UsageFault_Handler                        
4000480c  WDTCTL_SYM                                
000003e7  WDT_A_IRQHandler                          
000005b9  WDT_A_holdTimer                           
20010000  __STACK_END                               
00000200  __STACK_SIZE                              
ffffffff  __TI_pprof_out_hndl                       
ffffffff  __TI_prof_data_size                       
ffffffff  __TI_prof_data_start                      
00000000  __TI_static_base__                        
ffffffff  __binit__                                 
ffffffff  __c_args__                                
UNDEFED   __mpu_init                                
2000fe00  __stack                                   
20000000  __start___llvm_prf_cnts                   
20000000  __stop___llvm_prf_cnts                    
00000565  _c_int00_noinit_noargs                    
00000661  _system_pre_init                          
00000665  abort                                     
ffffffff  binit                                     
00000659  ccs811_begin                              
00000000  interruptVectors                          
00000439  main                                      
000005f5  sw_reset                                  
000003e9  write                                     


GLOBAL SYMBOLS: SORTED BY Symbol Address 

address   name                                      
-------   ----                                      
00000000  __TI_static_base__                        
00000000  interruptVectors                          
000000e5  UART_initModule                           
00000200  __STACK_SIZE                              
00000201  GPIO_setAsPeripheralModuleFunctionInputPin
00000289  I2C_masterSendSingleByte                  
0000030d  SystemInit                                
00000385  I2C_initMaster                            
000003e7  ADC14_IRQHandler                          
000003e7  AES256_IRQHandler                         
000003e7  BusFault_Handler                          
000003e7  COMP_E0_IRQHandler                        
000003e7  COMP_E1_IRQHandler                        
000003e7  CS_IRQHandler                             
000003e7  DMA_ERR_IRQHandler                        
000003e7  DMA_INT0_IRQHandler                       
000003e7  DMA_INT1_IRQHandler                       
000003e7  DMA_INT2_IRQHandler                       
000003e7  DMA_INT3_IRQHandler                       
000003e7  DebugMon_Handler                          
000003e7  Default_Handler                           
000003e7  EUSCIA0_IRQHandler                        
000003e7  EUSCIA1_IRQHandler                        
000003e7  EUSCIA2_IRQHandler                        
000003e7  EUSCIA3_IRQHandler                        
000003e7  EUSCIB0_IRQHandler                        
000003e7  EUSCIB1_IRQHandler                        
000003e7  EUSCIB2_IRQHandler                        
000003e7  EUSCIB3_IRQHandler                        
000003e7  FLCTL_IRQHandler                          
000003e7  FPU_IRQHandler                            
000003e7  HardFault_Handler                         
000003e7  MemManage_Handler                         
000003e7  NMI_Handler                               
000003e7  PCM_IRQHandler                            
000003e7  PORT1_IRQHandler                          
000003e7  PORT2_IRQHandler                          
000003e7  PORT3_IRQHandler                          
000003e7  PORT4_IRQHandler                          
000003e7  PORT5_IRQHandler                          
000003e7  PORT6_IRQHandler                          
000003e7  PSS_IRQHandler                            
000003e7  PendSV_Handler                            
000003e7  RTC_C_IRQHandler                          
000003e7  SVC_Handler                               
000003e7  SysTick_Handler                           
000003e7  T32_INT1_IRQHandler                       
000003e7  T32_INT2_IRQHandler                       
000003e7  T32_INTC_IRQHandler                       
000003e7  TA0_0_IRQHandler                          
000003e7  TA0_N_IRQHandler                          
000003e7  TA1_0_IRQHandler                          
000003e7  TA1_N_IRQHandler                          
000003e7  TA2_0_IRQHandler                          
000003e7  TA2_N_IRQHandler                          
000003e7  TA3_0_IRQHandler                          
000003e7  TA3_N_IRQHandler                          
000003e7  UsageFault_Handler                        
000003e7  WDT_A_IRQHandler                          
000003e9  write                                     
00000439  main                                      
000004c5  I2C_masterSendMultiByteStop               
000004fd  CS_setDCOCenteredFrequency                
00000531  I2C_masterSendMultiByteNext               
00000565  _c_int00_noinit_noargs                    
000005b9  WDT_A_holdTimer                           
000005dd  I2C_masterSendStart                       
000005f5  sw_reset                                  
0000060d  I2C_enableModule                          
00000623  UART_enableModule                         
00000639  I2C_setSlaveAddress                       
0000064d  Reset_Handler                             
00000659  ccs811_begin                              
00000661  _system_pre_init                          
00000665  C$$EXIT                                   
00000665  abort                                     
20000000  __start___llvm_prf_cnts                   
20000000  __stop___llvm_prf_cnts                    
2000fe00  __stack                                   
20010000  __STACK_END                               
4000480c  WDTCTL_SYM                                
ffffffff  __TI_pprof_out_hndl                       
ffffffff  __TI_prof_data_size                       
ffffffff  __TI_prof_data_start                      
ffffffff  __binit__                                 
ffffffff  __c_args__                                
ffffffff  binit                                     
UNDEFED   __mpu_init                                

[88 symbols]
