******************************************************************************
                  TI ARM Linker PC v20.2.4                     
******************************************************************************
>> Linked Fri Feb 26 18:58:46 2021

OUTPUT FILE NAME:   <MSP432_cs_hfxt_start_MSP_EXP432P401R_nortos_ccs.out>
ENTRY POINT SYMBOL: "_c_int00_noargs"  address: 0000092d


MEMORY CONFIGURATION

         name            origin    length      used     unused   attr    fill
----------------------  --------  ---------  --------  --------  ----  --------
  MAIN                  00000000   00040000  00000b40  0003f4c0  R  X
  INFO                  00200000   00004000  00000000  00004000  R  X
  SRAM_CODE             01000000   00010000  00000208  0000fdf8  RW X
  SRAM_DATA             20000000   00010000  00000208  0000fdf8  RW  


SEGMENT ALLOCATION MAP

run origin  load origin   length   init length attrs members
----------  ----------- ---------- ----------- ----- -------
00000000    00000000    00000b44   00000b44    r-x
  00000000    00000000    000000e4   000000e4    r-- .intvecs
  000000e4    000000e4    00000a18   00000a18    r-x .text
  00000afc    00000afc    00000030   00000030    r-- .const
  00000b30    00000b30    00000014   00000014    r-- .cinit
20000000    20000000    00000008   00000000    rw-
  20000000    20000000    00000008   00000000    rw- .bss
2000fe00    2000fe00    00000200   00000000    rw-
  2000fe00    2000fe00    00000200   00000000    rw- .stack


SECTION ALLOCATION MAP

 output                                  attributes/
section   page    origin      length       input sections
--------  ----  ----------  ----------   ----------------
.intvecs   0    00000000    000000e4     
                  00000000    000000e4     startup_msp432p401r_ccs.obj (.intvecs:retain)

.text      0    000000e4    00000a18     
                  000000e4    0000015c     msp432p4xx_driverlib.lib : pcm.o (.text:__PCM_setPowerModeAdvanced)
                  00000240    00000130                              : cs.o (.text:CS_initClockSignal)
                  00000370    00000108                              : pcm.o (.text:__PCM_setCoreVoltageLevelAdvanced)
                  00000478    000000e4                              : cs.o (.text:CS_startHFXTWithTimeout)
                  0000055c    000000dc                              : cs.o (.text:_CSGetHFXTFrequency)
                  00000638    00000088                              : gpio.o (.text:GPIO_setAsPeripheralModuleFunctionOutputPin)
                  000006c0    00000078     system_msp432p401r.obj (.text:SystemInit)
                  00000738    00000070     cs_hfxt_start.obj (.text:main)
                  000007a8    0000005e     msp432p4xx_driverlib.lib : pcm.o (.text:PCM_getCoreVoltageLevel)
                  00000806    0000005a                              : pcm.o (.text:PCM_getPowerMode)
                  00000860    00000048                              : flash.o (.text:FlashCtl_setWaitState)
                  000008a8    00000044     rtsv7M4_T_le_v4SPD16_eabi.lib : autoinit.c.obj (.text:__TI_auto_init_nobinit_nopinit:__TI_auto_init_nobinit_nopinit)
                  000008ec    00000040     msp432p4xx_driverlib.lib : gpio.o (.text:GPIO_setAsOutputPin)
                  0000092c    00000034     rtsv7M4_T_le_v4SPD16_eabi.lib : boot_cortex_m.c.obj (.text:_c_int00_noargs:_c_int00_noargs)
                  00000960    00000028     msp432p4xx_driverlib.lib : gpio.o (.text:GPIO_toggleOutputOnPin)
                  00000988    00000028                              : pcm.o (.text:PCM_gotoLPM0)
                  000009b0    00000020                              : cs.o (.text:CS_setExternalClockSourceFrequency)
                  000009d0    0000001c     rtsv7M4_T_le_v4SPD16_eabi.lib : copy_zero_init.c.obj (.text:decompress:ZI:__TI_zero_init_nomemset:__TI_zero_init_nomemset)
                  000009ec    00000018     msp432p4xx_driverlib.lib : sysctl_a.o (.text:SysCtl_A_disableNMISource)
                  00000a04    00000018                              : sysctl_a.o (.text:SysCtl_A_enableNMISource)
                  00000a1c    00000018                              : systick.o (.text:SysTick_setPeriod)
                  00000a34    00000014                              : pcm.o (.text:PCM_getPowerState)
                  00000a48    00000012                              : cs.o (.text:CS_startHFXT)
                  00000a5a    00000010                              : interrupt.o (.text:Interrupt_enableMaster)
                  00000a6a    00000002     startup_msp432p401r_ccs.obj (.text:Default_Handler)
                  00000a6c    00000010     msp432p4xx_driverlib.lib : interrupt.o (.text:Interrupt_enableSleepOnIsrExit)
                  00000a7c    00000010                              : pcm.o (.text:PCM_setCoreVoltageLevel)
                  00000a8c    00000010                              : pcm.o (.text:PCM_setPowerMode)
                  00000a9c    00000010                              : sysctl_a.o (.text:SysCtl_A_getNMISourceStatus)
                  00000aac    00000010                              : systick.o (.text:SysTick_enableInterrupt)
                  00000abc    00000010                              : systick.o (.text:SysTick_enableModule)
                  00000acc    0000000c                              : cpu.o (.text:CPU_cpsie)
                  00000ad8    0000000c     startup_msp432p401r_ccs.obj (.text:Reset_Handler)
                  00000ae4    0000000c     cs_hfxt_start.obj (.text:SysTick_Handler)
                  00000af0    00000004     msp432p4xx_driverlib.lib : cpu.o (.text:CPU_wfi)
                  00000af4    00000004     rtsv7M4_T_le_v4SPD16_eabi.lib : pre_init.c.obj (.text:_system_pre_init)
                  00000af8    00000004                                   : exit.c.obj (.text:abort:abort)

.const     0    00000afc    00000030     
                  00000afc    00000030     msp432p4xx_driverlib.lib : gpio.o (.const:GPIO_PORT_TO_BASE)

.cinit     0    00000b30    00000014     
                  00000b30    00000008     (.cinit..bss.load) [load image, compression = zero_init]
                  00000b38    00000004     (__TI_handler_table)
                  00000b3c    00000008     (__TI_cinit_table)

.init_array 
*          0    00000000    00000000     UNINITIALIZED

.binit     0    00000000    00000000     

.bss       0    20000000    00000008     UNINITIALIZED
                  20000000    00000008     msp432p4xx_driverlib.lib : cs.o (.bss)

.stack     0    2000fe00    00000200     UNINITIALIZED
                  2000fe00    00000004     rtsv7M4_T_le_v4SPD16_eabi.lib : boot_cortex_m.c.obj (.stack)
                  2000fe04    000001fc     --HOLE--

__llvm_prf_cnts 
*          0    20000000    00000000     UNINITIALIZED

MODULE SUMMARY

       Module                        code   ro data   rw data
       ------                        ----   -------   -------
    .\
       cs_hfxt_start.obj             124    0         0      
       system_msp432p401r.obj        120    0         0      
    +--+-----------------------------+------+---------+---------+
       Total:                        244    0         0      
                                                             
    .\ccs\
       startup_msp432p401r_ccs.obj   14     228       0      
    +--+-----------------------------+------+---------+---------+
       Total:                        14     228       0      
                                                             
    C:/ti/simplelink_msp432p4_sdk_3_40_01_02/source/ti/devices/msp432p4xx/driverlib/ccs/msp432p4xx_driverlib.lib
       pcm.o                         888    0         0      
       cs.o                          802    0         16     
       gpio.o                        240    48        0      
       flash.o                       72     0         0      
       sysctl_a.o                    64     0         0      
       systick.o                     56     0         0      
       interrupt.o                   32     0         0      
       cpu.o                         16     0         0      
    +--+-----------------------------+------+---------+---------+
       Total:                        2170   48        16     
                                                             
    C:\ti\ccs1011\ccs\tools\compiler\ti-cgt-arm_20.2.4.LTS\lib\rtsv7M4_T_le_v4SPD16_eabi.lib
       autoinit.c.obj                68     0         0      
       boot_cortex_m.c.obj           52     0         0      
       copy_zero_init.c.obj          28     0         0      
       exit.c.obj                    4      0         0      
       pre_init.c.obj                4      0         0      
    +--+-----------------------------+------+---------+---------+
       Total:                        156    0         0      
                                                             
       Stack:                        0      0         1024   
       Linker Generated:             0      20        0      
    +--+-----------------------------+------+---------+---------+
       Grand Total:                  2584   296       1040   


LINKER GENERATED COPY TABLES

__TI_cinit_table @ 00000b3c records: 1, size/record: 8, table size: 8
	.bss: load addr=00000b30, load size=00000008 bytes, run addr=20000000, run size=00000008 bytes, compression=zero_init


LINKER GENERATED HANDLER TABLE

__TI_handler_table @ 00000b38 records: 1, size/record: 4, table size: 4
	index: 0, handler: __TI_zero_init


GLOBAL SYMBOLS: SORTED ALPHABETICALLY BY Name 

address   name                                       
-------   ----                                       
00000a6b  ADC14_IRQHandler                           
00000a6b  AES256_IRQHandler                          
00000a6b  BusFault_Handler                           
00000af9  C$$EXIT                                    
00000a6b  COMP_E0_IRQHandler                         
00000a6b  COMP_E1_IRQHandler                         
00000acd  CPU_cpsie                                  
00000af1  CPU_wfi                                    
00000a6b  CS_IRQHandler                              
00000241  CS_initClockSignal                         
000009b1  CS_setExternalClockSourceFrequency         
00000a49  CS_startHFXT                               
00000479  CS_startHFXTWithTimeout                    
00000a6b  DMA_ERR_IRQHandler                         
00000a6b  DMA_INT0_IRQHandler                        
00000a6b  DMA_INT1_IRQHandler                        
00000a6b  DMA_INT2_IRQHandler                        
00000a6b  DMA_INT3_IRQHandler                        
00000a6b  DebugMon_Handler                           
00000a6b  Default_Handler                            
00000a6b  EUSCIA0_IRQHandler                         
00000a6b  EUSCIA1_IRQHandler                         
00000a6b  EUSCIA2_IRQHandler                         
00000a6b  EUSCIA3_IRQHandler                         
00000a6b  EUSCIB0_IRQHandler                         
00000a6b  EUSCIB1_IRQHandler                         
00000a6b  EUSCIB2_IRQHandler                         
00000a6b  EUSCIB3_IRQHandler                         
00000a6b  FLCTL_IRQHandler                           
00000a6b  FPU_IRQHandler                             
00000861  FlashCtl_setWaitState                      
000008ed  GPIO_setAsOutputPin                        
00000639  GPIO_setAsPeripheralModuleFunctionOutputPin
00000961  GPIO_toggleOutputOnPin                     
00000a6b  HardFault_Handler                          
00000a5b  Interrupt_enableMaster                     
00000a6d  Interrupt_enableSleepOnIsrExit             
00000a6b  MemManage_Handler                          
00000a6b  NMI_Handler                                
00000a6b  PCM_IRQHandler                             
000007a9  PCM_getCoreVoltageLevel                    
00000807  PCM_getPowerMode                           
00000a35  PCM_getPowerState                          
00000989  PCM_gotoLPM0                               
00000a7d  PCM_setCoreVoltageLevel                    
00000a8d  PCM_setPowerMode                           
00000a6b  PORT1_IRQHandler                           
00000a6b  PORT2_IRQHandler                           
00000a6b  PORT3_IRQHandler                           
00000a6b  PORT4_IRQHandler                           
00000a6b  PORT5_IRQHandler                           
00000a6b  PORT6_IRQHandler                           
00000a6b  PSS_IRQHandler                             
00000a6b  PendSV_Handler                             
00000a6b  RTC_C_IRQHandler                           
00000ad9  Reset_Handler                              
00000a6b  SVC_Handler                                
000009ed  SysCtl_A_disableNMISource                  
00000a05  SysCtl_A_enableNMISource                   
00000a9d  SysCtl_A_getNMISourceStatus                
00000ae5  SysTick_Handler                            
00000ae5  SysTick_Handler                            
00000aad  SysTick_enableInterrupt                    
00000abd  SysTick_enableModule                       
00000a1d  SysTick_setPeriod                          
000006c1  SystemInit                                 
00000a6b  T32_INT1_IRQHandler                        
00000a6b  T32_INT2_IRQHandler                        
00000a6b  T32_INTC_IRQHandler                        
00000a6b  TA0_0_IRQHandler                           
00000a6b  TA0_N_IRQHandler                           
00000a6b  TA1_0_IRQHandler                           
00000a6b  TA1_N_IRQHandler                           
00000a6b  TA2_0_IRQHandler                           
00000a6b  TA2_N_IRQHandler                           
00000a6b  TA3_0_IRQHandler                           
00000a6b  TA3_N_IRQHandler                           
00000a6b  UsageFault_Handler                         
4000480c  WDTCTL_SYM                                 
00000a6b  WDT_A_IRQHandler                           
20010000  __STACK_END                                
00000200  __STACK_SIZE                               
00000b3c  __TI_CINIT_Base                            
00000b44  __TI_CINIT_Limit                           
00000b38  __TI_Handler_Table_Base                    
00000b3c  __TI_Handler_Table_Limit                   
000008a9  __TI_auto_init_nobinit_nopinit             
ffffffff  __TI_pprof_out_hndl                        
ffffffff  __TI_prof_data_size                        
ffffffff  __TI_prof_data_start                       
00000000  __TI_static_base__                         
000009d1  __TI_zero_init_nomemset                    
ffffffff  __binit__                                  
ffffffff  __c_args__                                 
UNDEFED   __mpu_init                                 
2000fe00  __stack                                    
20000000  __start___llvm_prf_cnts                    
20000000  __stop___llvm_prf_cnts                     
0000092d  _c_int00_noargs                            
UNDEFED   _system_post_cinit                         
00000af5  _system_pre_init                           
00000af9  abort                                      
ffffffff  binit                                      
00000000  interruptVectors                           
00000739  main                                       


GLOBAL SYMBOLS: SORTED BY Symbol Address 

address   name                                       
-------   ----                                       
00000000  __TI_static_base__                         
00000000  interruptVectors                           
00000200  __STACK_SIZE                               
00000241  CS_initClockSignal                         
00000479  CS_startHFXTWithTimeout                    
00000639  GPIO_setAsPeripheralModuleFunctionOutputPin
000006c1  SystemInit                                 
00000739  main                                       
000007a9  PCM_getCoreVoltageLevel                    
00000807  PCM_getPowerMode                           
00000861  FlashCtl_setWaitState                      
000008a9  __TI_auto_init_nobinit_nopinit             
000008ed  GPIO_setAsOutputPin                        
0000092d  _c_int00_noargs                            
00000961  GPIO_toggleOutputOnPin                     
00000989  PCM_gotoLPM0                               
000009b1  CS_setExternalClockSourceFrequency         
000009d1  __TI_zero_init_nomemset                    
000009ed  SysCtl_A_disableNMISource                  
00000a05  SysCtl_A_enableNMISource                   
00000a1d  SysTick_setPeriod                          
00000a35  PCM_getPowerState                          
00000a49  CS_startHFXT                               
00000a5b  Interrupt_enableMaster                     
00000a6b  ADC14_IRQHandler                           
00000a6b  AES256_IRQHandler                          
00000a6b  BusFault_Handler                           
00000a6b  COMP_E0_IRQHandler                         
00000a6b  COMP_E1_IRQHandler                         
00000a6b  CS_IRQHandler                              
00000a6b  DMA_ERR_IRQHandler                         
00000a6b  DMA_INT0_IRQHandler                        
00000a6b  DMA_INT1_IRQHandler                        
00000a6b  DMA_INT2_IRQHandler                        
00000a6b  DMA_INT3_IRQHandler                        
00000a6b  DebugMon_Handler                           
00000a6b  Default_Handler                            
00000a6b  EUSCIA0_IRQHandler                         
00000a6b  EUSCIA1_IRQHandler                         
00000a6b  EUSCIA2_IRQHandler                         
00000a6b  EUSCIA3_IRQHandler                         
00000a6b  EUSCIB0_IRQHandler                         
00000a6b  EUSCIB1_IRQHandler                         
00000a6b  EUSCIB2_IRQHandler                         
00000a6b  EUSCIB3_IRQHandler                         
00000a6b  FLCTL_IRQHandler                           
00000a6b  FPU_IRQHandler                             
00000a6b  HardFault_Handler                          
00000a6b  MemManage_Handler                          
00000a6b  NMI_Handler                                
00000a6b  PCM_IRQHandler                             
00000a6b  PORT1_IRQHandler                           
00000a6b  PORT2_IRQHandler                           
00000a6b  PORT3_IRQHandler                           
00000a6b  PORT4_IRQHandler                           
00000a6b  PORT5_IRQHandler                           
00000a6b  PORT6_IRQHandler                           
00000a6b  PSS_IRQHandler                             
00000a6b  PendSV_Handler                             
00000a6b  RTC_C_IRQHandler                           
00000a6b  SVC_Handler                                
00000a6b  T32_INT1_IRQHandler                        
00000a6b  T32_INT2_IRQHandler                        
00000a6b  T32_INTC_IRQHandler                        
00000a6b  TA0_0_IRQHandler                           
00000a6b  TA0_N_IRQHandler                           
00000a6b  TA1_0_IRQHandler                           
00000a6b  TA1_N_IRQHandler                           
00000a6b  TA2_0_IRQHandler                           
00000a6b  TA2_N_IRQHandler                           
00000a6b  TA3_0_IRQHandler                           
00000a6b  TA3_N_IRQHandler                           
00000a6b  UsageFault_Handler                         
00000a6b  WDT_A_IRQHandler                           
00000a6d  Interrupt_enableSleepOnIsrExit             
00000a7d  PCM_setCoreVoltageLevel                    
00000a8d  PCM_setPowerMode                           
00000a9d  SysCtl_A_getNMISourceStatus                
00000aad  SysTick_enableInterrupt                    
00000abd  SysTick_enableModule                       
00000acd  CPU_cpsie                                  
00000ad9  Reset_Handler                              
00000ae5  SysTick_Handler                            
00000ae5  SysTick_Handler                            
00000af1  CPU_wfi                                    
00000af5  _system_pre_init                           
00000af9  C$$EXIT                                    
00000af9  abort                                      
00000b38  __TI_Handler_Table_Base                    
00000b3c  __TI_CINIT_Base                            
00000b3c  __TI_Handler_Table_Limit                   
00000b44  __TI_CINIT_Limit                           
20000000  __start___llvm_prf_cnts                    
20000000  __stop___llvm_prf_cnts                     
2000fe00  __stack                                    
20010000  __STACK_END                                
4000480c  WDTCTL_SYM                                 
ffffffff  __TI_pprof_out_hndl                        
ffffffff  __TI_prof_data_size                        
ffffffff  __TI_prof_data_start                       
ffffffff  __binit__                                  
ffffffff  __c_args__                                 
ffffffff  binit                                      
UNDEFED   __mpu_init                                 
UNDEFED   _system_post_cinit                         

[105 symbols]
