******************************************************************************
                  TI ARM Linker PC v20.2.4                     
******************************************************************************
>> Linked Fri Jan 15 23:22:01 2021

OUTPUT FILE NAME:   <[not done]i2c_lcd.out>
ENTRY POINT SYMBOL: "_c_int00_noargs"  address: 00000b91


MEMORY CONFIGURATION

         name            origin    length      used     unused   attr    fill
----------------------  --------  ---------  --------  --------  ----  --------
  MAIN                  00000000   00040000  00000df0  0003f210  R  X
  INFO                  00200000   00004000  00000000  00004000  R  X
  SRAM_CODE             01000000   00010000  00000208  0000fdf8  RW X
  SRAM_DATA             20000000   00010000  00000208  0000fdf8  RW  


SEGMENT ALLOCATION MAP

run origin  load origin   length   init length attrs members
----------  ----------- ---------- ----------- ----- -------
00000000    00000000    00000df4   00000df4    r-x
  00000000    00000000    000000e4   000000e4    r-- .intvecs
  000000e4    000000e4    00000cb4   00000cb4    r-x .text
  00000d98    00000d98    00000044   00000044    r-- .const
  00000de0    00000de0    00000014   00000014    r-- .cinit
20000000    20000000    00000008   00000000    rw-
  20000000    20000000    00000008   00000000    rw- .bss
2000fe00    2000fe00    00000200   00000000    rw-
  2000fe00    2000fe00    00000200   00000000    rw- .stack


SECTION ALLOCATION MAP

 output                                  attributes/
section   page    origin      length       input sections
--------  ----  ----------  ----------   ----------------
.intvecs   0    00000000    000000e4     
                  00000000    000000e4     startup_msp432p401r_ccs.obj (.intvecs:retain)

.text      0    000000e4    00000cb4     
                  000000e4    0000011c     msp432p4xx_driverlib.lib : uart.o (.text:UART_initModule)
                  00000200    00000104                              : cs.o (.text:_CSComputeCLKFrequency)
                  00000304    000000f8                              : cs.o (.text:CS_getDCOFrequency)
                  000003fc    000000b4     i2c_lcd.obj (.text:LCD_init)
                  000004b0    00000094     msp432p4xx_driverlib.lib : sysctl_a.o (.text:SysCtl_A_getTLVInfo)
                  00000544    0000008c     main.obj (.text:main)
                  000005d0    00000088     msp432p4xx_driverlib.lib : gpio.o (.text:GPIO_setAsPeripheralModuleFunctionInputPin)
                  00000658    00000084                              : i2c.o (.text:I2C_masterSendSingleByte)
                  000006dc    00000080     i2c_lcd.obj (.text:lcd_send_cmd)
                  0000075c    00000080     i2c_lcd.obj (.text:lcd_send_data)
                  000007dc    0000007c     msp432p4xx_driverlib.lib : cs.o (.text:_CSGetDOCFrequency)
                  00000858    00000078     system_msp432p401r.obj (.text:SystemInit)
                  000008d0    00000068     msp432p4xx_driverlib.lib : timer32.o (.text:Timer32_initModule)
                  00000938    00000062                              : i2c.o (.text:I2C_initMaster)
                  0000099a    00000062                              : cs.o (.text:_CSGetDividerValue)
                  000009fc    00000044     rtsv7M4_T_le_v4SPD16_eabi.lib : autoinit.c.obj (.text:__TI_auto_init_nobinit_nopinit:__TI_auto_init_nobinit_nopinit)
                  00000a40    00000040     main.obj (.text:config_uart)
                  00000a80    0000003c     i2c_lcd.obj (.text:_i2cInit)
                  00000abc    00000038     msp432p4xx_driverlib.lib : timer32.o (.text:Timer32_startTimer)
                  00000af4    00000034                              : cs.o (.text:CS_setDCOCenteredFrequency)
                  00000b28    00000034                              : timer32.o (.text:Timer32_setCount)
                  00000b5c    00000034                              : uart.o (.text:UART_transmitData)
                  00000b90    00000034     rtsv7M4_T_le_v4SPD16_eabi.lib : boot_cortex_m.c.obj (.text:_c_int00_noargs:_c_int00_noargs)
                  00000bc4    00000034     i2c_lcd.obj (.text:_delayMicroseconds)
                  00000bf8    00000030     msp432p4xx_driverlib.lib : cs.o (.text:CS_clearInterruptFlag)
                  00000c28    00000030     main.obj (.text:print_uart)
                  00000c58    00000028     msp432p4xx_driverlib.lib : cs.o (.text:CS_getSMCLK)
                  00000c80    00000024                              : wdt_a.o (.text:WDT_A_holdTimer)
                  00000ca4    0000001c                              : i2c.o (.text:I2C_setMode)
                  00000cc0    0000001c     i2c_lcd.obj (.text:LCD_send_string)
                  00000cdc    0000001c     rtsv7M4_T_le_v4SPD16_eabi.lib : copy_zero_init.c.obj (.text:decompress:ZI:__TI_zero_init_nomemset:__TI_zero_init_nomemset)
                  00000cf8    00000016     msp432p4xx_driverlib.lib : i2c.o (.text:I2C_enableModule)
                  00000d0e    00000016                              : uart.o (.text:UART_enableModule)
                  00000d24    00000014                              : i2c.o (.text:I2C_setSlaveAddress)
                  00000d38    00000014                              : timer32.o (.text:Timer32_haltTimer)
                  00000d4c    00000014     i2c_lcd.obj (.text:_delayInit)
                  00000d60    00000014     rtsv7M4_T_le_v4SPD16_eabi.lib : strlen.c.obj (.text:strlen)
                  00000d74    0000000e     msp432p4xx_driverlib.lib : timer32.o (.text:Timer32_getValue)
                  00000d82    0000000c     startup_msp432p401r_ccs.obj (.text:Reset_Handler)
                  00000d8e    00000004     rtsv7M4_T_le_v4SPD16_eabi.lib : pre_init.c.obj (.text:_system_pre_init)
                  00000d92    00000004                                   : exit.c.obj (.text:abort:abort)
                  00000d96    00000002     startup_msp432p401r_ccs.obj (.text:Default_Handler)

.const     0    00000d98    00000044     
                  00000d98    00000030     msp432p4xx_driverlib.lib : gpio.o (.const:GPIO_PORT_TO_BASE)
                  00000dc8    00000014     i2c_lcd.obj (.const:i2cConfig)

.cinit     0    00000de0    00000014     
                  00000de0    00000008     (.cinit..bss.load) [load image, compression = zero_init]
                  00000de8    00000004     (__TI_handler_table)
                  00000dec    00000008     (__TI_cinit_table)

.init_array 
*          0    00000000    00000000     UNINITIALIZED

.binit     0    00000000    00000000     

.bss       0    20000000    00000008     UNINITIALIZED
                  20000000    00000008     msp432p4xx_driverlib.lib : cs.o (.bss)

.stack     0    2000fe00    00000200     UNINITIALIZED
                  2000fe00    00000004     rtsv7M4_T_le_v4SPD16_eabi.lib : boot_cortex_m.c.obj (.stack)
                  2000fe04    000001fc     --HOLE--

__llvm_prf_cnts 
*          0    20000000    00000000     UNINITIALIZED

MODULE SUMMARY

       Module                        code   ro data   rw data
       ------                        ----   -------   -------
    .\
       main.obj                      252    0         0      
       system_msp432p401r.obj        120    0         0      
    +--+-----------------------------+------+---------+---------+
       Total:                        372    0         0      
                                                             
    .\ccs\
       startup_msp432p401r_ccs.obj   14     228       0      
    +--+-----------------------------+------+---------+---------+
       Total:                        14     228       0      
                                                             
    .\lib\
       i2c_lcd.obj                   596    20        0      
    +--+-----------------------------+------+---------+---------+
       Total:                        596    20        0      
                                                             
    C:/ti/simplelink_msp432p4_sdk_3_40_01_02/source/ti/devices/msp432p4xx/driverlib/ccs/msp432p4xx_driverlib.lib
       cs.o                          870    0         16     
       uart.o                        358    0         0      
       i2c.o                         300    0         0      
       timer32.o                     246    0         0      
       gpio.o                        136    48        0      
       sysctl_a.o                    148    0         0      
       wdt_a.o                       36     0         0      
    +--+-----------------------------+------+---------+---------+
       Total:                        2094   48        16     
                                                             
    C:\ti\ccs1011\ccs\tools\compiler\ti-cgt-arm_20.2.4.LTS\lib\rtsv7M4_T_le_v4SPD16_eabi.lib
       autoinit.c.obj                68     0         0      
       boot_cortex_m.c.obj           52     0         0      
       copy_zero_init.c.obj          28     0         0      
       strlen.c.obj                  20     0         0      
       exit.c.obj                    4      0         0      
       pre_init.c.obj                4      0         0      
    +--+-----------------------------+------+---------+---------+
       Total:                        176    0         0      
                                                             
       Stack:                        0      0         1024   
       Linker Generated:             0      20        0      
    +--+-----------------------------+------+---------+---------+
       Grand Total:                  3252   316       1040   


LINKER GENERATED COPY TABLES

__TI_cinit_table @ 00000dec records: 1, size/record: 8, table size: 8
	.bss: load addr=00000de0, load size=00000008 bytes, run addr=20000000, run size=00000008 bytes, compression=zero_init


LINKER GENERATED HANDLER TABLE

__TI_handler_table @ 00000de8 records: 1, size/record: 4, table size: 4
	index: 0, handler: __TI_zero_init


GLOBAL SYMBOLS: SORTED ALPHABETICALLY BY Name 

address   name                                      
-------   ----                                      
00000d97  ADC14_IRQHandler                          
00000d97  AES256_IRQHandler                         
00000d97  BusFault_Handler                          
00000d93  C$$EXIT                                   
00000d97  COMP_E0_IRQHandler                        
00000d97  COMP_E1_IRQHandler                        
00000d97  CS_IRQHandler                             
00000bf9  CS_clearInterruptFlag                     
00000305  CS_getDCOFrequency                        
00000c59  CS_getSMCLK                               
00000af5  CS_setDCOCenteredFrequency                
00000d97  DMA_ERR_IRQHandler                        
00000d97  DMA_INT0_IRQHandler                       
00000d97  DMA_INT1_IRQHandler                       
00000d97  DMA_INT2_IRQHandler                       
00000d97  DMA_INT3_IRQHandler                       
00000d97  DebugMon_Handler                          
00000d97  Default_Handler                           
00000d97  EUSCIA0_IRQHandler                        
00000d97  EUSCIA1_IRQHandler                        
00000d97  EUSCIA2_IRQHandler                        
00000d97  EUSCIA3_IRQHandler                        
00000d97  EUSCIB0_IRQHandler                        
00000d97  EUSCIB1_IRQHandler                        
00000d97  EUSCIB2_IRQHandler                        
00000d97  EUSCIB3_IRQHandler                        
00000d97  FLCTL_IRQHandler                          
00000d97  FPU_IRQHandler                            
000005d1  GPIO_setAsPeripheralModuleFunctionInputPin
00000d97  HardFault_Handler                         
00000cf9  I2C_enableModule                          
00000939  I2C_initMaster                            
00000659  I2C_masterSendSingleByte                  
00000ca5  I2C_setMode                               
00000d25  I2C_setSlaveAddress                       
000003fd  LCD_init                                  
00000cc1  LCD_send_string                           
00000d97  MemManage_Handler                         
00000d97  NMI_Handler                               
00000d97  PCM_IRQHandler                            
00000d97  PORT1_IRQHandler                          
00000d97  PORT2_IRQHandler                          
00000d97  PORT3_IRQHandler                          
00000d97  PORT4_IRQHandler                          
00000d97  PORT5_IRQHandler                          
00000d97  PORT6_IRQHandler                          
00000d97  PSS_IRQHandler                            
00000d97  PendSV_Handler                            
00000d97  RTC_C_IRQHandler                          
00000d83  Reset_Handler                             
00000d97  SVC_Handler                               
000004b1  SysCtl_A_getTLVInfo                       
00000d97  SysTick_Handler                           
00000859  SystemInit                                
00000d97  T32_INT1_IRQHandler                       
00000d97  T32_INT2_IRQHandler                       
00000d97  T32_INTC_IRQHandler                       
00000d97  TA0_0_IRQHandler                          
00000d97  TA0_N_IRQHandler                          
00000d97  TA1_0_IRQHandler                          
00000d97  TA1_N_IRQHandler                          
00000d97  TA2_0_IRQHandler                          
00000d97  TA2_N_IRQHandler                          
00000d97  TA3_0_IRQHandler                          
00000d97  TA3_N_IRQHandler                          
00000d75  Timer32_getValue                          
00000d39  Timer32_haltTimer                         
000008d1  Timer32_initModule                        
00000b29  Timer32_setCount                          
00000abd  Timer32_startTimer                        
00000d0f  UART_enableModule                         
000000e5  UART_initModule                           
00000b5d  UART_transmitData                         
00000d97  UsageFault_Handler                        
4000480c  WDTCTL_SYM                                
00000d97  WDT_A_IRQHandler                          
00000c81  WDT_A_holdTimer                           
20010000  __STACK_END                               
00000200  __STACK_SIZE                              
00000dec  __TI_CINIT_Base                           
00000df4  __TI_CINIT_Limit                          
00000de8  __TI_Handler_Table_Base                   
00000dec  __TI_Handler_Table_Limit                  
000009fd  __TI_auto_init_nobinit_nopinit            
ffffffff  __TI_pprof_out_hndl                       
ffffffff  __TI_prof_data_size                       
ffffffff  __TI_prof_data_start                      
00000000  __TI_static_base__                        
00000cdd  __TI_zero_init_nomemset                   
ffffffff  __binit__                                 
ffffffff  __c_args__                                
UNDEFED   __mpu_init                                
2000fe00  __stack                                   
20000000  __start___llvm_prf_cnts                   
20000000  __stop___llvm_prf_cnts                    
00000b91  _c_int00_noargs                           
UNDEFED   _system_post_cinit                        
00000d8f  _system_pre_init                          
00000d93  abort                                     
ffffffff  binit                                     
00000dc8  i2cConfig                                 
00000000  interruptVectors                          
00000545  main                                      
00000d61  strlen                                    


GLOBAL SYMBOLS: SORTED BY Symbol Address 

address   name                                      
-------   ----                                      
00000000  __TI_static_base__                        
00000000  interruptVectors                          
000000e5  UART_initModule                           
00000200  __STACK_SIZE                              
00000305  CS_getDCOFrequency                        
000003fd  LCD_init                                  
000004b1  SysCtl_A_getTLVInfo                       
00000545  main                                      
000005d1  GPIO_setAsPeripheralModuleFunctionInputPin
00000659  I2C_masterSendSingleByte                  
00000859  SystemInit                                
000008d1  Timer32_initModule                        
00000939  I2C_initMaster                            
000009fd  __TI_auto_init_nobinit_nopinit            
00000abd  Timer32_startTimer                        
00000af5  CS_setDCOCenteredFrequency                
00000b29  Timer32_setCount                          
00000b5d  UART_transmitData                         
00000b91  _c_int00_noargs                           
00000bf9  CS_clearInterruptFlag                     
00000c59  CS_getSMCLK                               
00000c81  WDT_A_holdTimer                           
00000ca5  I2C_setMode                               
00000cc1  LCD_send_string                           
00000cdd  __TI_zero_init_nomemset                   
00000cf9  I2C_enableModule                          
00000d0f  UART_enableModule                         
00000d25  I2C_setSlaveAddress                       
00000d39  Timer32_haltTimer                         
00000d61  strlen                                    
00000d75  Timer32_getValue                          
00000d83  Reset_Handler                             
00000d8f  _system_pre_init                          
00000d93  C$$EXIT                                   
00000d93  abort                                     
00000d97  ADC14_IRQHandler                          
00000d97  AES256_IRQHandler                         
00000d97  BusFault_Handler                          
00000d97  COMP_E0_IRQHandler                        
00000d97  COMP_E1_IRQHandler                        
00000d97  CS_IRQHandler                             
00000d97  DMA_ERR_IRQHandler                        
00000d97  DMA_INT0_IRQHandler                       
00000d97  DMA_INT1_IRQHandler                       
00000d97  DMA_INT2_IRQHandler                       
00000d97  DMA_INT3_IRQHandler                       
00000d97  DebugMon_Handler                          
00000d97  Default_Handler                           
00000d97  EUSCIA0_IRQHandler                        
00000d97  EUSCIA1_IRQHandler                        
00000d97  EUSCIA2_IRQHandler                        
00000d97  EUSCIA3_IRQHandler                        
00000d97  EUSCIB0_IRQHandler                        
00000d97  EUSCIB1_IRQHandler                        
00000d97  EUSCIB2_IRQHandler                        
00000d97  EUSCIB3_IRQHandler                        
00000d97  FLCTL_IRQHandler                          
00000d97  FPU_IRQHandler                            
00000d97  HardFault_Handler                         
00000d97  MemManage_Handler                         
00000d97  NMI_Handler                               
00000d97  PCM_IRQHandler                            
00000d97  PORT1_IRQHandler                          
00000d97  PORT2_IRQHandler                          
00000d97  PORT3_IRQHandler                          
00000d97  PORT4_IRQHandler                          
00000d97  PORT5_IRQHandler                          
00000d97  PORT6_IRQHandler                          
00000d97  PSS_IRQHandler                            
00000d97  PendSV_Handler                            
00000d97  RTC_C_IRQHandler                          
00000d97  SVC_Handler                               
00000d97  SysTick_Handler                           
00000d97  T32_INT1_IRQHandler                       
00000d97  T32_INT2_IRQHandler                       
00000d97  T32_INTC_IRQHandler                       
00000d97  TA0_0_IRQHandler                          
00000d97  TA0_N_IRQHandler                          
00000d97  TA1_0_IRQHandler                          
00000d97  TA1_N_IRQHandler                          
00000d97  TA2_0_IRQHandler                          
00000d97  TA2_N_IRQHandler                          
00000d97  TA3_0_IRQHandler                          
00000d97  TA3_N_IRQHandler                          
00000d97  UsageFault_Handler                        
00000d97  WDT_A_IRQHandler                          
00000dc8  i2cConfig                                 
00000de8  __TI_Handler_Table_Base                   
00000dec  __TI_CINIT_Base                           
00000dec  __TI_Handler_Table_Limit                  
00000df4  __TI_CINIT_Limit                          
20000000  __start___llvm_prf_cnts                   
20000000  __stop___llvm_prf_cnts                    
2000fe00  __stack                                   
20010000  __STACK_END                               
4000480c  WDTCTL_SYM                                
ffffffff  __TI_pprof_out_hndl                       
ffffffff  __TI_prof_data_size                       
ffffffff  __TI_prof_data_start                      
ffffffff  __binit__                                 
ffffffff  __c_args__                                
ffffffff  binit                                     
UNDEFED   __mpu_init                                
UNDEFED   _system_post_cinit                        

[104 symbols]
