******************************************************************************
                  TI ARM Linker PC v20.2.4                     
******************************************************************************
>> Linked Sun Jan 10 15:22:27 2021

OUTPUT FILE NAME:   <interrupt.out>
ENTRY POINT SYMBOL: "_c_int00_noargs"  address: 000022d9


MEMORY CONFIGURATION

         name            origin    length      used     unused   attr    fill
----------------------  --------  ---------  --------  --------  ----  --------
  MAIN                  00000000   00040000  000026c4  0003d93c  R  X
  INFO                  00200000   00004000  00000000  00004000  R  X
  SRAM_CODE             01000000   00010000  00000205  0000fdfb  RW X
  SRAM_DATA             20000000   00010000  00000205  0000fdfb  RW  


SEGMENT ALLOCATION MAP

run origin  load origin   length   init length attrs members
----------  ----------- ---------- ----------- ----- -------
00000000    00000000    000026c8   000026c8    r-x
  00000000    00000000    000000e4   000000e4    r-- .intvecs
  000000e4    000000e4    0000248c   0000248c    r-x .text
  00002570    00002570    0000013c   0000013c    r-- .const
  000026b0    000026b0    00000018   00000018    r-- .cinit
20000000    20000000    00000005   00000000    rw-
  20000000    20000000    00000005   00000000    rw- .data
2000fe00    2000fe00    00000200   00000000    rw-
  2000fe00    2000fe00    00000200   00000000    rw- .stack


SECTION ALLOCATION MAP

 output                                  attributes/
section   page    origin      length       input sections
--------  ----  ----------  ----------   ----------------
.intvecs   0    00000000    000000e4     
                  00000000    000000e4     startup_msp432p401r_ccs.obj (.intvecs:retain)

.text      0    000000e4    0000248c     
                  000000e4    00000a4e     rtsv7M4_T_le_v4SPD16_eabi.lib : _printfi.c.obj (.text:__TI_printfi)
                  00000b32    00000002     startup_msp432p401r_ccs.obj (.text:Default_Handler)
                  00000b34    00000270     rtsv7M4_T_le_v4SPD16_eabi.lib : _printfi.c.obj (.text:_pconv_a)
                  00000da4    000001d0                                   : _printfi.c.obj (.text:_pconv_g)
                  00000f74    000001b6                                   : fd_add_t2.asm.obj (.text)
                  0000112a    00000002                                   : div0.asm.obj (.text)
                  0000112c    0000013c                                   : _printfi.c.obj (.text:_pconv_e)
                  00001268    00000136                                   : fd_div_t2.asm.obj (.text)
                  0000139e    00000002     --HOLE-- [fill = 0]
                  000013a0    00000124                                   : _printfi.c.obj (.text:fcvt)
                  000014c4    0000011c     msp432p4xx_driverlib.lib : uart.o (.text:UART_initModule)
                  000015e0    00000110     rtsv7M4_T_le_v4SPD16_eabi.lib : s_scalbn.c.obj (.text:scalbn)
                  000016f0    000000fc                                   : fd_mul_t2.asm.obj (.text)
                  000017ec    000000b1                                   : _printfi.c.obj (.text:_ltostr)
                  0000189d    00000001     --HOLE-- [fill = 0]
                  0000189e    0000009c                                   : memcpy_t2.asm.obj (.text)
                  0000193a    00000096                                   : ull_div_t2.asm.obj (.text)
                  000019d0    00000090     main.obj (.text:PORT1_IRQHandler)
                  00001a60    00000088     msp432p4xx_driverlib.lib : gpio.o (.text:GPIO_setAsPeripheralModuleFunctionInputPin)
                  00001ae8    00000086     rtsv7M4_T_le_v4SPD16_eabi.lib : fd_cmp_t2.asm.obj (.text:__aeabi_cdcmple)
                  00001b6e    00000086                                   : fd_cmp_t2.asm.obj (.text:__aeabi_cdrcmple)
                  00001bf4    00000084     msp432p4xx_driverlib.lib : gpio.o (.text:GPIO_getEnabledInterruptStatus)
                  00001c78    00000080                              : interrupt.o (.text:Interrupt_enableInterrupt)
                  00001cf8    0000007a     rtsv7M4_T_le_v4SPD16_eabi.lib : memset_t2.asm.obj (.text)
                  00001d72    00000002     --HOLE-- [fill = 0]
                  00001d74    00000078     system_msp432p401r.obj (.text:SystemInit)
                  00001dec    0000006e     rtsv7M4_T_le_v4SPD16_eabi.lib : _printfi.c.obj (.text:_mcpy)
                  00001e5a    00000068                                   : copy_decompress_lzss.c.obj (.text:decompress:lzss:__TI_decompress_lzss)
                  00001ec2    00000002     --HOLE-- [fill = 0]
                  00001ec4    00000064                                   : s_frexp.c.obj (.text:frexp)
                  00001f28    0000005c     main.obj (.text:main)
                  00001f84    00000058     msp432p4xx_driverlib.lib : gpio.o (.text:GPIO_setAsInputPinWithPullUpResistor)
                  00001fdc    00000056     rtsv7M4_T_le_v4SPD16_eabi.lib : _printfi.c.obj (.text:_pconv_f)
                  00002032    00000054                                   : _ltoa.c.obj (.text:__TI_ltoa)
                  00002086    00000052                                   : _printfi.c.obj (.text:_ecpy)
                  000020d8    0000004c                                   : atoi.c.obj (.text:atoi)
                  00002124    00000048                                   : fd_toi_t2.asm.obj (.text)
                  0000216c    00000044                                   : autoinit.c.obj (.text:__TI_auto_init_nobinit_nopinit:__TI_auto_init_nobinit_nopinit)
                  000021b0    00000040     main.obj (.text:config_uart)
                  000021f0    00000040     rtsv7M4_T_le_v4SPD16_eabi.lib : sprintf.c.obj (.text:sprintf)
                  00002230    0000003e                                   : _printfi.c.obj (.text:_fcpy)
                  0000226e    00000002     --HOLE-- [fill = 0]
                  00002270    00000034     msp432p4xx_driverlib.lib : cs.o (.text:CS_setDCOCenteredFrequency)
                  000022a4    00000034                              : uart.o (.text:UART_transmitData)
                  000022d8    00000034     rtsv7M4_T_le_v4SPD16_eabi.lib : boot_cortex_m.c.obj (.text:_c_int00_noargs:_c_int00_noargs)
                  0000230c    00000030     msp432p4xx_driverlib.lib : gpio.o (.text:GPIO_getInputPinValue)
                  0000233c    0000002e     rtsv7M4_T_le_v4SPD16_eabi.lib : i_tofd_t2.asm.obj (.text)
                  0000236a    0000002c     main.obj (.text:print_uart)
                  00002396    00000002     --HOLE-- [fill = 0]
                  00002398    00000028     msp432p4xx_driverlib.lib : gpio.o (.text:GPIO_clearInterruptFlag)
                  000023c0    00000028                              : gpio.o (.text:GPIO_enableInterrupt)
                  000023e8    00000028                              : gpio.o (.text:GPIO_setOutputHighOnPin)
                  00002410    00000028                              : gpio.o (.text:GPIO_setOutputLowOnPin)
                  00002438    00000024                              : gpio.o (.text:GPIO_getInterruptStatus)
                  0000245c    00000024                              : wdt_a.o (.text:WDT_A_holdTimer)
                  00002480    0000001c     rtsv7M4_T_le_v4SPD16_eabi.lib : memccpy.c.obj (.text:memccpy)
                  0000249c    0000001a                                   : s_copysign.c.obj (.text:copysign)
                  000024b6    00000018                                   : sprintf.c.obj (.text:_outs)
                  000024ce    00000016     msp432p4xx_driverlib.lib : uart.o (.text:UART_enableModule)
                  000024e4    00000016     rtsv7M4_T_le_v4SPD16_eabi.lib : strchr.c.obj (.text:strchr)
                  000024fa    00000014                                   : strlen.c.obj (.text:strlen)
                  0000250e    00000012                                   : wcslen.c.obj (.text:wcslen)
                  00002520    00000010     msp432p4xx_driverlib.lib : interrupt.o (.text:Interrupt_enableMaster)
                  00002530    0000000e     rtsv7M4_T_le_v4SPD16_eabi.lib : copy_decompress_none.c.obj (.text:decompress:none:__TI_decompress_none)
                  0000253e    0000000c     msp432p4xx_driverlib.lib : cpu.o (.text:CPU_cpsie)
                  0000254a    0000000c     startup_msp432p401r_ccs.obj (.text:Reset_Handler)
                  00002556    0000000a     rtsv7M4_T_le_v4SPD16_eabi.lib : sprintf.c.obj (.text:_outc)
                  00002560    00000008                                   : errno.c.obj (.text:__aeabi_errno_addr)
                  00002568    00000004                                   : pre_init.c.obj (.text:_system_pre_init)
                  0000256c    00000004                                   : exit.c.obj (.text:abort:abort)

.const     0    00002570    0000013c     
                  00002570    00000101     rtsv7M4_T_le_v4SPD16_eabi.lib : ctype.c.obj (.const:.string:_ctypes_)
                  00002671    00000003     --HOLE-- [fill = 0]
                  00002674    00000030     msp432p4xx_driverlib.lib : gpio.o (.const:GPIO_PORT_TO_BASE)
                  000026a4    00000008                              : interrupt.o (.const:g_pulEnRegs)

.cinit     0    000026b0    00000018     
                  000026b0    00000008     (__TI_handler_table)
                  000026b8    00000007     (.cinit..data.load) [load image, compression = lzss]
                  000026bf    00000001     --HOLE-- [fill = 0]
                  000026c0    00000008     (__TI_cinit_table)

.init_array 
*          0    00000000    00000000     UNINITIALIZED

.binit     0    00000000    00000000     

.data      0    20000000    00000005     UNINITIALIZED
                  20000000    00000004     rtsv7M4_T_le_v4SPD16_eabi.lib : errno.c.obj (.data)
                  20000004    00000001     main.obj (.data)

.stack     0    2000fe00    00000200     UNINITIALIZED
                  2000fe00    00000004     rtsv7M4_T_le_v4SPD16_eabi.lib : boot_cortex_m.c.obj (.stack)
                  2000fe04    000001fc     --HOLE--

__llvm_prf_cnts 
*          0    20000000    00000000     UNINITIALIZED

MODULE SUMMARY

       Module                        code   ro data   rw data
       ------                        ----   -------   -------
    .\
       main.obj                      344    0         2      
       system_msp432p401r.obj        120    0         0      
    +--+-----------------------------+------+---------+---------+
       Total:                        464    0         2      
                                                             
    .\ccs\
       startup_msp432p401r_ccs.obj   14     228       0      
    +--+-----------------------------+------+---------+---------+
       Total:                        14     228       0      
                                                             
    C:/ti/simplelink_msp432p4_sdk_3_40_01_02/source/ti/devices/msp432p4xx/driverlib/ccs/msp432p4xx_driverlib.lib
       gpio.o                        600    48        0      
       uart.o                        358    0         0      
       interrupt.o                   144    8         0      
       cs.o                          52     0         0      
       wdt_a.o                       36     0         0      
       cpu.o                         12     0         0      
    +--+-----------------------------+------+---------+---------+
       Total:                        1202   56        0      
                                                             
    C:\ti\ccs1011\ccs\tools\compiler\ti-cgt-arm_20.2.4.LTS\lib\rtsv7M4_T_le_v4SPD16_eabi.lib
       _printfi.c.obj                4851   0         0      
       fd_add_t2.asm.obj             438    0         0      
       fd_div_t2.asm.obj             310    0         0      
       s_scalbn.c.obj                272    0         0      
       fd_cmp_t2.asm.obj             268    0         0      
       ctype.c.obj                   0      257       0      
       fd_mul_t2.asm.obj             252    0         0      
       memcpy_t2.asm.obj             156    0         0      
       ull_div_t2.asm.obj            150    0         0      
       memset_t2.asm.obj             122    0         0      
       copy_decompress_lzss.c.obj    104    0         0      
       s_frexp.c.obj                 100    0         0      
       sprintf.c.obj                 98     0         0      
       _ltoa.c.obj                   84     0         0      
       atoi.c.obj                    76     0         0      
       fd_toi_t2.asm.obj             72     0         0      
       autoinit.c.obj                68     0         0      
       boot_cortex_m.c.obj           52     0         0      
       i_tofd_t2.asm.obj             46     0         0      
       memccpy.c.obj                 28     0         0      
       s_copysign.c.obj              26     0         0      
       strchr.c.obj                  22     0         0      
       strlen.c.obj                  20     0         0      
       wcslen.c.obj                  18     0         0      
       errno.c.obj                   8      0         8      
       copy_decompress_none.c.obj    14     0         0      
       exit.c.obj                    4      0         0      
       pre_init.c.obj                4      0         0      
       div0.asm.obj                  2      0         0      
    +--+-----------------------------+------+---------+---------+
       Total:                        7665   257       8      
                                                             
       Stack:                        0      0         1024   
       Linker Generated:             0      23        0      
    +--+-----------------------------+------+---------+---------+
       Grand Total:                  9345   564       1034   


LINKER GENERATED COPY TABLES

__TI_cinit_table @ 000026c0 records: 1, size/record: 8, table size: 8
	.data: load addr=000026b8, load size=00000007 bytes, run addr=20000000, run size=00000005 bytes, compression=lzss


LINKER GENERATED HANDLER TABLE

__TI_handler_table @ 000026b0 records: 2, size/record: 4, table size: 8
	index: 0, handler: __TI_decompress_lzss
	index: 1, handler: __TI_decompress_none


GLOBAL SYMBOLS: SORTED ALPHABETICALLY BY Name 

address   name                                      
-------   ----                                      
00000b33  ADC14_IRQHandler                          
00000b33  AES256_IRQHandler                         
00000b33  BusFault_Handler                          
0000256d  C$$EXIT                                   
00000b33  COMP_E0_IRQHandler                        
00000b33  COMP_E1_IRQHandler                        
0000253f  CPU_cpsie                                 
00000b33  CS_IRQHandler                             
00002271  CS_setDCOCenteredFrequency                
00000b33  DMA_ERR_IRQHandler                        
00000b33  DMA_INT0_IRQHandler                       
00000b33  DMA_INT1_IRQHandler                       
00000b33  DMA_INT2_IRQHandler                       
00000b33  DMA_INT3_IRQHandler                       
00000b33  DebugMon_Handler                          
00000b33  Default_Handler                           
00000b33  EUSCIA0_IRQHandler                        
00000b33  EUSCIA1_IRQHandler                        
00000b33  EUSCIA2_IRQHandler                        
00000b33  EUSCIA3_IRQHandler                        
00000b33  EUSCIB0_IRQHandler                        
00000b33  EUSCIB1_IRQHandler                        
00000b33  EUSCIB2_IRQHandler                        
00000b33  EUSCIB3_IRQHandler                        
00000b33  FLCTL_IRQHandler                          
00000b33  FPU_IRQHandler                            
00002399  GPIO_clearInterruptFlag                   
000023c1  GPIO_enableInterrupt                      
00001bf5  GPIO_getEnabledInterruptStatus            
0000230d  GPIO_getInputPinValue                     
00002439  GPIO_getInterruptStatus                   
00001f85  GPIO_setAsInputPinWithPullUpResistor      
00001a61  GPIO_setAsPeripheralModuleFunctionInputPin
000023e9  GPIO_setOutputHighOnPin                   
00002411  GPIO_setOutputLowOnPin                    
00000b33  HardFault_Handler                         
00001c79  Interrupt_enableInterrupt                 
00002521  Interrupt_enableMaster                    
00000b33  MemManage_Handler                         
00000b33  NMI_Handler                               
00000b33  PCM_IRQHandler                            
000019d1  PORT1_IRQHandler                          
000019d1  PORT1_IRQHandler                          
00000b33  PORT2_IRQHandler                          
00000b33  PORT3_IRQHandler                          
00000b33  PORT4_IRQHandler                          
00000b33  PORT5_IRQHandler                          
00000b33  PORT6_IRQHandler                          
00000b33  PSS_IRQHandler                            
00000b33  PendSV_Handler                            
00000b33  RTC_C_IRQHandler                          
0000254b  Reset_Handler                             
00000b33  SVC_Handler                               
00000b33  SysTick_Handler                           
00001d75  SystemInit                                
00000b33  T32_INT1_IRQHandler                       
00000b33  T32_INT2_IRQHandler                       
00000b33  T32_INTC_IRQHandler                       
00000b33  TA0_0_IRQHandler                          
00000b33  TA0_N_IRQHandler                          
00000b33  TA1_0_IRQHandler                          
00000b33  TA1_N_IRQHandler                          
00000b33  TA2_0_IRQHandler                          
00000b33  TA2_N_IRQHandler                          
00000b33  TA3_0_IRQHandler                          
00000b33  TA3_N_IRQHandler                          
000024cf  UART_enableModule                         
000014c5  UART_initModule                           
000022a5  UART_transmitData                         
00000b33  UsageFault_Handler                        
4000480c  WDTCTL_SYM                                
00000b33  WDT_A_IRQHandler                          
0000245d  WDT_A_holdTimer                           
20010000  __STACK_END                               
00000200  __STACK_SIZE                              
000026c0  __TI_CINIT_Base                           
000026c8  __TI_CINIT_Limit                          
000026b0  __TI_Handler_Table_Base                   
000026b8  __TI_Handler_Table_Limit                  
0000216d  __TI_auto_init_nobinit_nopinit            
00001e5b  __TI_decompress_lzss                      
00002531  __TI_decompress_none                      
00002033  __TI_ltoa                                 
ffffffff  __TI_pprof_out_hndl                       
000000e5  __TI_printfi                              
ffffffff  __TI_prof_data_size                       
ffffffff  __TI_prof_data_start                      
00000000  __TI_static_base__                        
00001ae9  __aeabi_cdcmpeq                           
00001ae9  __aeabi_cdcmple                           
00001b6f  __aeabi_cdrcmple                          
00002125  __aeabi_d2iz                              
00000f7f  __aeabi_dadd                              
00001269  __aeabi_ddiv                              
000016f1  __aeabi_dmul                              
00000f75  __aeabi_dsub                              
00002561  __aeabi_errno_addr                        
0000233d  __aeabi_i2d                               
0000112b  __aeabi_idiv0                             
0000112b  __aeabi_ldiv0                             
00001cf9  __aeabi_memclr                            
00001cf9  __aeabi_memclr4                           
00001cf9  __aeabi_memclr8                           
0000189f  __aeabi_memcpy                            
0000189f  __aeabi_memcpy4                           
0000189f  __aeabi_memcpy8                           
00001cfb  __aeabi_memset                            
00001cfb  __aeabi_memset4                           
00001cfb  __aeabi_memset8                           
0000193b  __aeabi_uldivmod                          
ffffffff  __binit__                                 
ffffffff  __c_args__                                
UNDEFED   __mpu_init                                
2000fe00  __stack                                   
20000000  __start___llvm_prf_cnts                   
20000000  __stop___llvm_prf_cnts                    
000022d9  _c_int00_noargs                           
00002570  _ctypes_                                  
UNDEFED   _system_post_cinit                        
00002569  _system_pre_init                          
0000256d  abort                                     
000020d9  atoi                                      
ffffffff  binit                                     
0000249d  copysign                                  
0000249d  copysignl                                 
20000000  errno                                     
00001ec5  frexp                                     
00001ec5  frexpl                                    
00000000  interruptVectors                          
000015e1  ldexp                                     
000015e1  ldexpl                                    
00001f29  main                                      
00002481  memccpy                                   
0000189f  memcpy                                    
00001d01  memset                                    
000015e1  scalbn                                    
000015e1  scalbnl                                   
000021f1  sprintf                                   
000024e5  strchr                                    
000024fb  strlen                                    
0000250f  wcslen                                    


GLOBAL SYMBOLS: SORTED BY Symbol Address 

address   name                                      
-------   ----                                      
00000000  __TI_static_base__                        
00000000  interruptVectors                          
000000e5  __TI_printfi                              
00000200  __STACK_SIZE                              
00000b33  ADC14_IRQHandler                          
00000b33  AES256_IRQHandler                         
00000b33  BusFault_Handler                          
00000b33  COMP_E0_IRQHandler                        
00000b33  COMP_E1_IRQHandler                        
00000b33  CS_IRQHandler                             
00000b33  DMA_ERR_IRQHandler                        
00000b33  DMA_INT0_IRQHandler                       
00000b33  DMA_INT1_IRQHandler                       
00000b33  DMA_INT2_IRQHandler                       
00000b33  DMA_INT3_IRQHandler                       
00000b33  DebugMon_Handler                          
00000b33  Default_Handler                           
00000b33  EUSCIA0_IRQHandler                        
00000b33  EUSCIA1_IRQHandler                        
00000b33  EUSCIA2_IRQHandler                        
00000b33  EUSCIA3_IRQHandler                        
00000b33  EUSCIB0_IRQHandler                        
00000b33  EUSCIB1_IRQHandler                        
00000b33  EUSCIB2_IRQHandler                        
00000b33  EUSCIB3_IRQHandler                        
00000b33  FLCTL_IRQHandler                          
00000b33  FPU_IRQHandler                            
00000b33  HardFault_Handler                         
00000b33  MemManage_Handler                         
00000b33  NMI_Handler                               
00000b33  PCM_IRQHandler                            
00000b33  PORT2_IRQHandler                          
00000b33  PORT3_IRQHandler                          
00000b33  PORT4_IRQHandler                          
00000b33  PORT5_IRQHandler                          
00000b33  PORT6_IRQHandler                          
00000b33  PSS_IRQHandler                            
00000b33  PendSV_Handler                            
00000b33  RTC_C_IRQHandler                          
00000b33  SVC_Handler                               
00000b33  SysTick_Handler                           
00000b33  T32_INT1_IRQHandler                       
00000b33  T32_INT2_IRQHandler                       
00000b33  T32_INTC_IRQHandler                       
00000b33  TA0_0_IRQHandler                          
00000b33  TA0_N_IRQHandler                          
00000b33  TA1_0_IRQHandler                          
00000b33  TA1_N_IRQHandler                          
00000b33  TA2_0_IRQHandler                          
00000b33  TA2_N_IRQHandler                          
00000b33  TA3_0_IRQHandler                          
00000b33  TA3_N_IRQHandler                          
00000b33  UsageFault_Handler                        
00000b33  WDT_A_IRQHandler                          
00000f75  __aeabi_dsub                              
00000f7f  __aeabi_dadd                              
0000112b  __aeabi_idiv0                             
0000112b  __aeabi_ldiv0                             
00001269  __aeabi_ddiv                              
000014c5  UART_initModule                           
000015e1  ldexp                                     
000015e1  ldexpl                                    
000015e1  scalbn                                    
000015e1  scalbnl                                   
000016f1  __aeabi_dmul                              
0000189f  __aeabi_memcpy                            
0000189f  __aeabi_memcpy4                           
0000189f  __aeabi_memcpy8                           
0000189f  memcpy                                    
0000193b  __aeabi_uldivmod                          
000019d1  PORT1_IRQHandler                          
000019d1  PORT1_IRQHandler                          
00001a61  GPIO_setAsPeripheralModuleFunctionInputPin
00001ae9  __aeabi_cdcmpeq                           
00001ae9  __aeabi_cdcmple                           
00001b6f  __aeabi_cdrcmple                          
00001bf5  GPIO_getEnabledInterruptStatus            
00001c79  Interrupt_enableInterrupt                 
00001cf9  __aeabi_memclr                            
00001cf9  __aeabi_memclr4                           
00001cf9  __aeabi_memclr8                           
00001cfb  __aeabi_memset                            
00001cfb  __aeabi_memset4                           
00001cfb  __aeabi_memset8                           
00001d01  memset                                    
00001d75  SystemInit                                
00001e5b  __TI_decompress_lzss                      
00001ec5  frexp                                     
00001ec5  frexpl                                    
00001f29  main                                      
00001f85  GPIO_setAsInputPinWithPullUpResistor      
00002033  __TI_ltoa                                 
000020d9  atoi                                      
00002125  __aeabi_d2iz                              
0000216d  __TI_auto_init_nobinit_nopinit            
000021f1  sprintf                                   
00002271  CS_setDCOCenteredFrequency                
000022a5  UART_transmitData                         
000022d9  _c_int00_noargs                           
0000230d  GPIO_getInputPinValue                     
0000233d  __aeabi_i2d                               
00002399  GPIO_clearInterruptFlag                   
000023c1  GPIO_enableInterrupt                      
000023e9  GPIO_setOutputHighOnPin                   
00002411  GPIO_setOutputLowOnPin                    
00002439  GPIO_getInterruptStatus                   
0000245d  WDT_A_holdTimer                           
00002481  memccpy                                   
0000249d  copysign                                  
0000249d  copysignl                                 
000024cf  UART_enableModule                         
000024e5  strchr                                    
000024fb  strlen                                    
0000250f  wcslen                                    
00002521  Interrupt_enableMaster                    
00002531  __TI_decompress_none                      
0000253f  CPU_cpsie                                 
0000254b  Reset_Handler                             
00002561  __aeabi_errno_addr                        
00002569  _system_pre_init                          
0000256d  C$$EXIT                                   
0000256d  abort                                     
00002570  _ctypes_                                  
000026b0  __TI_Handler_Table_Base                   
000026b8  __TI_Handler_Table_Limit                  
000026c0  __TI_CINIT_Base                           
000026c8  __TI_CINIT_Limit                          
20000000  __start___llvm_prf_cnts                   
20000000  __stop___llvm_prf_cnts                    
20000000  errno                                     
2000fe00  __stack                                   
20010000  __STACK_END                               
4000480c  WDTCTL_SYM                                
ffffffff  __TI_pprof_out_hndl                       
ffffffff  __TI_prof_data_size                       
ffffffff  __TI_prof_data_start                      
ffffffff  __binit__                                 
ffffffff  __c_args__                                
ffffffff  binit                                     
UNDEFED   __mpu_init                                
UNDEFED   _system_post_cinit                        

[141 symbols]
