******************************************************************************
                  TI ARM Linker PC v20.2.4                     
******************************************************************************
>> Linked Sun Jan 10 22:05:47 2021

OUTPUT FILE NAME:   <testlib.out>
ENTRY POINT SYMBOL: "_c_int00_noinit_noargs"  address: 00000425


MEMORY CONFIGURATION

         name            origin    length      used     unused   attr    fill
----------------------  --------  ---------  --------  --------  ----  --------
  MAIN                  00000000   00040000  000004e4  0003fb1c  R  X
  INFO                  00200000   00004000  00000000  00004000  R  X
  SRAM_CODE             01000000   00010000  00000200  0000fe00  RW X
  SRAM_DATA             20000000   00010000  00000200  0000fe00  RW  


SEGMENT ALLOCATION MAP

run origin  load origin   length   init length attrs members
----------  ----------- ---------- ----------- ----- -------
00000000    00000000    000004e4   000004e4    r-x
  00000000    00000000    000000e4   000000e4    r-- .intvecs
  000000e4    000000e4    000003d0   000003d0    r-x .text
  000004b4    000004b4    00000030   00000030    r-- .const
2000fe00    2000fe00    00000200   00000000    rw-
  2000fe00    2000fe00    00000200   00000000    rw- .stack


SECTION ALLOCATION MAP

 output                                  attributes/
section   page    origin      length       input sections
--------  ----  ----------  ----------   ----------------
.intvecs   0    00000000    000000e4     
                  00000000    000000e4     startup_msp432p401r_ccs.obj (.intvecs:retain)

.text      0    000000e4    000003d0     
                  000000e4    0000011c     msp432p4xx_driverlib.lib : uart.o (.text:UART_initModule)
                  00000200    00000088                              : gpio.o (.text:GPIO_setAsPeripheralModuleFunctionInputPin)
                  00000288    00000078     system_msp432p401r.obj (.text:SystemInit)
                  00000300    0000004c     main.obj (.text:main)
                  0000034c    00000040     main.obj (.text:config_uart)
                  0000038c    00000034     msp432p4xx_driverlib.lib : cs.o (.text:CS_setDCOCenteredFrequency)
                  000003c0    00000034                              : uart.o (.text:UART_transmitData)
                  000003f4    00000030     main.obj (.text:print_uart)
                  00000424    0000002c     rtsv7M4_T_le_v4SPD16_eabi.lib : boot_cortex_m.c.obj (.text:_c_int00_noinit_noargs:_c_int00_noinit_noargs)
                  00000450    00000024     msp432p4xx_driverlib.lib : wdt_a.o (.text:WDT_A_holdTimer)
                  00000474    00000016                              : uart.o (.text:UART_enableModule)
                  0000048a    00000014     rtsv7M4_T_le_v4SPD16_eabi.lib : strlen.c.obj (.text:strlen)
                  0000049e    0000000c     startup_msp432p401r_ccs.obj (.text:Reset_Handler)
                  000004aa    00000004     rtsv7M4_T_le_v4SPD16_eabi.lib : pre_init.c.obj (.text:_system_pre_init)
                  000004ae    00000004                                   : exit.c.obj (.text:abort:abort)
                  000004b2    00000002     startup_msp432p401r_ccs.obj (.text:Default_Handler)

.const     0    000004b4    00000030     
                  000004b4    00000030     msp432p4xx_driverlib.lib : gpio.o (.const:GPIO_PORT_TO_BASE)

.cinit     0    00000000    00000000     UNINITIALIZED

.init_array 
*          0    00000000    00000000     UNINITIALIZED

.binit     0    00000000    00000000     

.stack     0    2000fe00    00000200     UNINITIALIZED
                  2000fe00    00000004     rtsv7M4_T_le_v4SPD16_eabi.lib : boot_cortex_m.c.obj (.stack)
                  2000fe04    000001fc     --HOLE--

__llvm_prf_cnts 
*          0    20000000    00000000     UNINITIALIZED

MODULE SUMMARY

       Module                        code   ro data   rw data
       ------                        ----   -------   -------
    .\
       main.obj                      188    0         0      
       system_msp432p401r.obj        120    0         0      
    +--+-----------------------------+------+---------+---------+
       Total:                        308    0         0      
                                                             
    .\ccs\
       startup_msp432p401r_ccs.obj   14     228       0      
    +--+-----------------------------+------+---------+---------+
       Total:                        14     228       0      
                                                             
    C:/ti/simplelink_msp432p4_sdk_3_40_01_02/source/ti/devices/msp432p4xx/driverlib/ccs/msp432p4xx_driverlib.lib
       uart.o                        358    0         0      
       gpio.o                        136    48        0      
       cs.o                          52     0         0      
       wdt_a.o                       36     0         0      
    +--+-----------------------------+------+---------+---------+
       Total:                        582    48        0      
                                                             
    C:\ti\ccs1011\ccs\tools\compiler\ti-cgt-arm_20.2.4.LTS\lib\rtsv7M4_T_le_v4SPD16_eabi.lib
       boot_cortex_m.c.obj           44     0         0      
       strlen.c.obj                  20     0         0      
       exit.c.obj                    4      0         0      
       pre_init.c.obj                4      0         0      
    +--+-----------------------------+------+---------+---------+
       Total:                        72     0         0      
                                                             
       Stack:                        0      0         1024   
    +--+-----------------------------+------+---------+---------+
       Grand Total:                  976    276       1024   


GLOBAL SYMBOLS: SORTED ALPHABETICALLY BY Name 

address   name                                      
-------   ----                                      
000004b3  ADC14_IRQHandler                          
000004b3  AES256_IRQHandler                         
000004b3  BusFault_Handler                          
000004af  C$$EXIT                                   
000004b3  COMP_E0_IRQHandler                        
000004b3  COMP_E1_IRQHandler                        
000004b3  CS_IRQHandler                             
0000038d  CS_setDCOCenteredFrequency                
000004b3  DMA_ERR_IRQHandler                        
000004b3  DMA_INT0_IRQHandler                       
000004b3  DMA_INT1_IRQHandler                       
000004b3  DMA_INT2_IRQHandler                       
000004b3  DMA_INT3_IRQHandler                       
000004b3  DebugMon_Handler                          
000004b3  Default_Handler                           
000004b3  EUSCIA0_IRQHandler                        
000004b3  EUSCIA1_IRQHandler                        
000004b3  EUSCIA2_IRQHandler                        
000004b3  EUSCIA3_IRQHandler                        
000004b3  EUSCIB0_IRQHandler                        
000004b3  EUSCIB1_IRQHandler                        
000004b3  EUSCIB2_IRQHandler                        
000004b3  EUSCIB3_IRQHandler                        
000004b3  FLCTL_IRQHandler                          
000004b3  FPU_IRQHandler                            
00000201  GPIO_setAsPeripheralModuleFunctionInputPin
000004b3  HardFault_Handler                         
000004b3  MemManage_Handler                         
000004b3  NMI_Handler                               
000004b3  PCM_IRQHandler                            
000004b3  PORT1_IRQHandler                          
000004b3  PORT2_IRQHandler                          
000004b3  PORT3_IRQHandler                          
000004b3  PORT4_IRQHandler                          
000004b3  PORT5_IRQHandler                          
000004b3  PORT6_IRQHandler                          
000004b3  PSS_IRQHandler                            
000004b3  PendSV_Handler                            
000004b3  RTC_C_IRQHandler                          
0000049f  Reset_Handler                             
000004b3  SVC_Handler                               
000004b3  SysTick_Handler                           
00000289  SystemInit                                
000004b3  T32_INT1_IRQHandler                       
000004b3  T32_INT2_IRQHandler                       
000004b3  T32_INTC_IRQHandler                       
000004b3  TA0_0_IRQHandler                          
000004b3  TA0_N_IRQHandler                          
000004b3  TA1_0_IRQHandler                          
000004b3  TA1_N_IRQHandler                          
000004b3  TA2_0_IRQHandler                          
000004b3  TA2_N_IRQHandler                          
000004b3  TA3_0_IRQHandler                          
000004b3  TA3_N_IRQHandler                          
00000475  UART_enableModule                         
000000e5  UART_initModule                           
000003c1  UART_transmitData                         
000004b3  UsageFault_Handler                        
4000480c  WDTCTL_SYM                                
000004b3  WDT_A_IRQHandler                          
00000451  WDT_A_holdTimer                           
20010000  __STACK_END                               
00000200  __STACK_SIZE                              
ffffffff  __TI_pprof_out_hndl                       
ffffffff  __TI_prof_data_size                       
ffffffff  __TI_prof_data_start                      
00000000  __TI_static_base__                        
ffffffff  __binit__                                 
ffffffff  __c_args__                                
UNDEFED   __mpu_init                                
2000fe00  __stack                                   
20000000  __start___llvm_prf_cnts                   
20000000  __stop___llvm_prf_cnts                    
00000425  _c_int00_noinit_noargs                    
000004ab  _system_pre_init                          
000004af  abort                                     
ffffffff  binit                                     
00000000  interruptVectors                          
00000301  main                                      
0000048b  strlen                                    


GLOBAL SYMBOLS: SORTED BY Symbol Address 

address   name                                      
-------   ----                                      
00000000  __TI_static_base__                        
00000000  interruptVectors                          
000000e5  UART_initModule                           
00000200  __STACK_SIZE                              
00000201  GPIO_setAsPeripheralModuleFunctionInputPin
00000289  SystemInit                                
00000301  main                                      
0000038d  CS_setDCOCenteredFrequency                
000003c1  UART_transmitData                         
00000425  _c_int00_noinit_noargs                    
00000451  WDT_A_holdTimer                           
00000475  UART_enableModule                         
0000048b  strlen                                    
0000049f  Reset_Handler                             
000004ab  _system_pre_init                          
000004af  C$$EXIT                                   
000004af  abort                                     
000004b3  ADC14_IRQHandler                          
000004b3  AES256_IRQHandler                         
000004b3  BusFault_Handler                          
000004b3  COMP_E0_IRQHandler                        
000004b3  COMP_E1_IRQHandler                        
000004b3  CS_IRQHandler                             
000004b3  DMA_ERR_IRQHandler                        
000004b3  DMA_INT0_IRQHandler                       
000004b3  DMA_INT1_IRQHandler                       
000004b3  DMA_INT2_IRQHandler                       
000004b3  DMA_INT3_IRQHandler                       
000004b3  DebugMon_Handler                          
000004b3  Default_Handler                           
000004b3  EUSCIA0_IRQHandler                        
000004b3  EUSCIA1_IRQHandler                        
000004b3  EUSCIA2_IRQHandler                        
000004b3  EUSCIA3_IRQHandler                        
000004b3  EUSCIB0_IRQHandler                        
000004b3  EUSCIB1_IRQHandler                        
000004b3  EUSCIB2_IRQHandler                        
000004b3  EUSCIB3_IRQHandler                        
000004b3  FLCTL_IRQHandler                          
000004b3  FPU_IRQHandler                            
000004b3  HardFault_Handler                         
000004b3  MemManage_Handler                         
000004b3  NMI_Handler                               
000004b3  PCM_IRQHandler                            
000004b3  PORT1_IRQHandler                          
000004b3  PORT2_IRQHandler                          
000004b3  PORT3_IRQHandler                          
000004b3  PORT4_IRQHandler                          
000004b3  PORT5_IRQHandler                          
000004b3  PORT6_IRQHandler                          
000004b3  PSS_IRQHandler                            
000004b3  PendSV_Handler                            
000004b3  RTC_C_IRQHandler                          
000004b3  SVC_Handler                               
000004b3  SysTick_Handler                           
000004b3  T32_INT1_IRQHandler                       
000004b3  T32_INT2_IRQHandler                       
000004b3  T32_INTC_IRQHandler                       
000004b3  TA0_0_IRQHandler                          
000004b3  TA0_N_IRQHandler                          
000004b3  TA1_0_IRQHandler                          
000004b3  TA1_N_IRQHandler                          
000004b3  TA2_0_IRQHandler                          
000004b3  TA2_N_IRQHandler                          
000004b3  TA3_0_IRQHandler                          
000004b3  TA3_N_IRQHandler                          
000004b3  UsageFault_Handler                        
000004b3  WDT_A_IRQHandler                          
20000000  __start___llvm_prf_cnts                   
20000000  __stop___llvm_prf_cnts                    
2000fe00  __stack                                   
20010000  __STACK_END                               
4000480c  WDTCTL_SYM                                
ffffffff  __TI_pprof_out_hndl                       
ffffffff  __TI_prof_data_size                       
ffffffff  __TI_prof_data_start                      
ffffffff  __binit__                                 
ffffffff  __c_args__                                
ffffffff  binit                                     
UNDEFED   __mpu_init                                

[80 symbols]
