******************************************************************************
                  TI ARM Linker PC v20.2.4                     
******************************************************************************
>> Linked Fri Jan 15 01:47:36 2021

OUTPUT FILE NAME:   <[not done]uart_master_i2c_cs811.out>
ENTRY POINT SYMBOL: "_c_int00_noinit_noargs"  address: 00000a39


MEMORY CONFIGURATION

         name            origin    length      used     unused   attr    fill
----------------------  --------  ---------  --------  --------  ----  --------
  MAIN                  00000000   00040000  00000bc6  0003f43a  R  X
  INFO                  00200000   00004000  00000000  00004000  R  X
  SRAM_CODE             01000000   00010000  00000200  0000fe00  RW X
  SRAM_DATA             20000000   00010000  00000200  0000fe00  RW  


SEGMENT ALLOCATION MAP

run origin  load origin   length   init length attrs members
----------  ----------- ---------- ----------- ----- -------
00000000    00000000    00000bcc   00000bcc    r-x
  00000000    00000000    000000e4   000000e4    r-- .intvecs
  000000e8    000000e8    00000a9a   00000a9a    r-x .text
  00000b84    00000b84    00000048   00000048    r-- .const
2000fe00    2000fe00    00000200   00000000    rw-
  2000fe00    2000fe00    00000200   00000000    rw- .stack


SECTION ALLOCATION MAP

 output                                  attributes/
section   page    origin      length       input sections
--------  ----  ----------  ----------   ----------------
.intvecs   0    00000000    000000e4     
                  00000000    000000e4     startup_msp432p401r_ccs.obj (.intvecs:retain)

.text      0    000000e8    00000a9a     
                  000000e8    00000127     ccs811.obj (.text:ccs811_begin)
                  0000020f    00000001     --HOLE-- [fill = 0]
                  00000210    0000011c     msp432p4xx_driverlib.lib : uart.o (.text:UART_initModule)
                  0000032c    00000004     rtsv7M4_T_le_v4SPD16_eabi.lib : pre_init.c.obj (.text:_system_pre_init)
                  00000330    000000ef     ccs811.obj (.text:ccs811_i2cwrite)
                  0000041f    00000001     --HOLE-- [fill = 0]
                  00000420    000000ca     main.obj (.text:main)
                  000004ea    00000004     rtsv7M4_T_le_v4SPD16_eabi.lib : exit.c.obj (.text:abort:abort)
                  000004ee    00000002     --HOLE-- [fill = 0]
                  000004f0    000000a0     system_msp432p401r.obj (.text:SystemInit)
                  00000590    0000009a     ccs811.obj (.text:ccs811_i2cread)
                  0000062a    00000002     --HOLE-- [fill = 0]
                  0000062c    00000098     msp432p4xx_driverlib.lib : i2c.o (.text:I2C_masterSendSingleByteWithTimeout)
                  000006c4    00000088                              : gpio.o (.text:GPIO_setAsPeripheralModuleFunctionInputPin)
                  0000074c    00000084                              : i2c.o (.text:I2C_masterSendSingleByte)
                  000007d0    0000007a     rtsv7M4_T_le_v4SPD16_eabi.lib : memset_t2.asm.obj (.text)
                  0000084a    00000002     --HOLE-- [fill = 0]
                  0000084c    00000070     msp432p4xx_driverlib.lib : i2c.o (.text:I2C_masterReceiveSingleByte)
                  000008bc    00000062                              : i2c.o (.text:I2C_initMaster)
                  0000091e    00000002     --HOLE-- [fill = 0]
                  00000920    00000040     main.obj (.text:config_uart)
                  00000960    00000040     main.obj (.text:print_uart)
                  000009a0    00000034     msp432p4xx_driverlib.lib : cs.o (.text:CS_setDCOCenteredFrequency)
                  000009d4    00000034                              : uart.o (.text:UART_transmitData)
                  00000a08    0000002e     main.obj (.text:delay_us)
                  00000a36    00000002     --HOLE-- [fill = 0]
                  00000a38    0000002c     rtsv7M4_T_le_v4SPD16_eabi.lib : boot_cortex_m.c.obj (.text:_c_int00_noinit_noargs:_c_int00_noinit_noargs)
                  00000a64    00000004     --HOLE-- [fill = 0]
                  00000a68    0000002c     main.obj (.text:config_i2c)
                  00000a94    00000004     --HOLE-- [fill = 0]
                  00000a98    00000026     ccs811.obj (.text:ccs811_start)
                  00000abe    00000002     --HOLE-- [fill = 0]
                  00000ac0    00000024     msp432p4xx_driverlib.lib : wdt_a.o (.text:WDT_A_holdTimer)
                  00000ae4    0000001c                              : i2c.o (.text:I2C_masterIsStartSent)
                  00000b00    00000018                              : i2c.o (.text:I2C_masterIsStopSent)
                  00000b18    00000016                              : i2c.o (.text:I2C_enableModule)
                  00000b2e    00000016                              : uart.o (.text:UART_enableModule)
                  00000b44    00000014                              : i2c.o (.text:I2C_setSlaveAddress)
                  00000b58    00000014     rtsv7M4_T_le_v4SPD16_eabi.lib : strlen.c.obj (.text:strlen)
                  00000b6c    00000004     --HOLE-- [fill = 0]
                  00000b70    0000000c     startup_msp432p401r_ccs.obj (.text:Reset_Handler)
                  00000b7c    00000004     --HOLE-- [fill = 0]
                  00000b80    00000002     startup_msp432p401r_ccs.obj (.text:Default_Handler)

.const     0    00000b84    00000048     
                  00000b84    00000030     msp432p4xx_driverlib.lib : gpio.o (.const:GPIO_PORT_TO_BASE)
                  00000bb4    00000014     main.obj (.const:$P$T0$1)
                  00000bc8    00000004     ccs811.obj (.const:.string:$P$T0$1)

.cinit     0    00000000    00000000     UNINITIALIZED

.init_array 
*          0    00000000    00000000     UNINITIALIZED

.binit     0    00000000    00000000     

.stack     0    2000fe00    00000200     UNINITIALIZED
                  2000fe00    00000004     rtsv7M4_T_le_v4SPD16_eabi.lib : boot_cortex_m.c.obj (.stack)
                  2000fe04    000001fc     --HOLE--

__llvm_prf_cnts 
*          0    20000000    00000000     UNINITIALIZED

MODULE SUMMARY

       Module                        code   ro data   rw data
       ------                        ----   -------   -------
    .\
       main.obj                      420    20        0      
       system_msp432p401r.obj        160    0         0      
    +--+-----------------------------+------+---------+---------+
       Total:                        580    20        0      
                                                             
    .\ccs\
       startup_msp432p401r_ccs.obj   14     228       0      
    +--+-----------------------------+------+---------+---------+
       Total:                        14     228       0      
                                                             
    .\lib\
       ccs811.obj                    726    4         0      
    +--+-----------------------------+------+---------+---------+
       Total:                        726    4         0      
                                                             
    C:/ti/simplelink_msp432p4_sdk_3_40_01_02/source/ti/devices/msp432p4xx/driverlib/ccs/msp432p4xx_driverlib.lib
       i2c.o                         588    0         0      
       uart.o                        358    0         0      
       gpio.o                        136    48        0      
       cs.o                          52     0         0      
       wdt_a.o                       36     0         0      
    +--+-----------------------------+------+---------+---------+
       Total:                        1170   48        0      
                                                             
    C:\ti\ccs1011\ccs\tools\compiler\ti-cgt-arm_20.2.4.LTS\lib\rtsv7M4_T_le_v4SPD16_eabi.lib
       memset_t2.asm.obj             122    0         0      
       boot_cortex_m.c.obj           44     0         0      
       strlen.c.obj                  20     0         0      
       exit.c.obj                    4      0         0      
       pre_init.c.obj                4      0         0      
    +--+-----------------------------+------+---------+---------+
       Total:                        194    0         0      
                                                             
       Stack:                        0      0         1024   
    +--+-----------------------------+------+---------+---------+
       Grand Total:                  2684   300       1024   


GLOBAL SYMBOLS: SORTED ALPHABETICALLY BY Name 

address   name                                      
-------   ----                                      
00000b81  ADC14_IRQHandler                          
00000b81  AES256_IRQHandler                         
00000b81  BusFault_Handler                          
000004eb  C$$EXIT                                   
00000b81  COMP_E0_IRQHandler                        
00000b81  COMP_E1_IRQHandler                        
00000b81  CS_IRQHandler                             
000009a1  CS_setDCOCenteredFrequency                
00000b81  DMA_ERR_IRQHandler                        
00000b81  DMA_INT0_IRQHandler                       
00000b81  DMA_INT1_IRQHandler                       
00000b81  DMA_INT2_IRQHandler                       
00000b81  DMA_INT3_IRQHandler                       
00000b81  DebugMon_Handler                          
00000b81  Default_Handler                           
00000b81  EUSCIA0_IRQHandler                        
00000b81  EUSCIA1_IRQHandler                        
00000b81  EUSCIA2_IRQHandler                        
00000b81  EUSCIA3_IRQHandler                        
00000b81  EUSCIB0_IRQHandler                        
00000b81  EUSCIB1_IRQHandler                        
00000b81  EUSCIB2_IRQHandler                        
00000b81  EUSCIB3_IRQHandler                        
00000b81  FLCTL_IRQHandler                          
00000b81  FPU_IRQHandler                            
000006c5  GPIO_setAsPeripheralModuleFunctionInputPin
00000b81  HardFault_Handler                         
00000b19  I2C_enableModule                          
000008bd  I2C_initMaster                            
00000ae5  I2C_masterIsStartSent                     
00000b01  I2C_masterIsStopSent                      
0000084d  I2C_masterReceiveSingleByte               
0000074d  I2C_masterSendSingleByte                  
0000062d  I2C_masterSendSingleByteWithTimeout       
00000b45  I2C_setSlaveAddress                       
00000b81  MemManage_Handler                         
00000b81  NMI_Handler                               
00000b81  PCM_IRQHandler                            
00000b81  PORT1_IRQHandler                          
00000b81  PORT2_IRQHandler                          
00000b81  PORT3_IRQHandler                          
00000b81  PORT4_IRQHandler                          
00000b81  PORT5_IRQHandler                          
00000b81  PORT6_IRQHandler                          
00000b81  PSS_IRQHandler                            
00000b81  PendSV_Handler                            
00000b81  RTC_C_IRQHandler                          
00000b71  Reset_Handler                             
00000b81  SVC_Handler                               
00000b81  SysTick_Handler                           
000004f1  SystemInit                                
00000b81  T32_INT1_IRQHandler                       
00000b81  T32_INT2_IRQHandler                       
00000b81  T32_INTC_IRQHandler                       
00000b81  TA0_0_IRQHandler                          
00000b81  TA0_N_IRQHandler                          
00000b81  TA1_0_IRQHandler                          
00000b81  TA1_N_IRQHandler                          
00000b81  TA2_0_IRQHandler                          
00000b81  TA2_N_IRQHandler                          
00000b81  TA3_0_IRQHandler                          
00000b81  TA3_N_IRQHandler                          
00000b2f  UART_enableModule                         
00000211  UART_initModule                           
000009d5  UART_transmitData                         
00000b81  UsageFault_Handler                        
4000480c  WDTCTL_SYM                                
00000b81  WDT_A_IRQHandler                          
00000ac1  WDT_A_holdTimer                           
20010000  __STACK_END                               
00000200  __STACK_SIZE                              
ffffffff  __TI_pprof_out_hndl                       
ffffffff  __TI_prof_data_size                       
ffffffff  __TI_prof_data_start                      
00000000  __TI_static_base__                        
000007d1  __aeabi_memclr                            
000007d1  __aeabi_memclr4                           
000007d1  __aeabi_memclr8                           
000007d3  __aeabi_memset                            
000007d3  __aeabi_memset4                           
000007d3  __aeabi_memset8                           
ffffffff  __binit__                                 
ffffffff  __c_args__                                
UNDEFED   __mpu_init                                
2000fe00  __stack                                   
20000000  __start___llvm_prf_cnts                   
20000000  __stop___llvm_prf_cnts                    
00000a39  _c_int00_noinit_noargs                    
0000032d  _system_pre_init                          
000004eb  abort                                     
ffffffff  binit                                     
000000e9  ccs811_begin                              
00000591  ccs811_i2cread                            
00000331  ccs811_i2cwrite                           
00000a99  ccs811_start                              
00000a09  delay_us                                  
00000000  interruptVectors                          
00000421  main                                      
000007d9  memset                                    
00000961  print_uart                                
00000b59  strlen                                    


GLOBAL SYMBOLS: SORTED BY Symbol Address 

address   name                                      
-------   ----                                      
00000000  __TI_static_base__                        
00000000  interruptVectors                          
000000e9  ccs811_begin                              
00000200  __STACK_SIZE                              
00000211  UART_initModule                           
0000032d  _system_pre_init                          
00000331  ccs811_i2cwrite                           
00000421  main                                      
000004eb  C$$EXIT                                   
000004eb  abort                                     
000004f1  SystemInit                                
00000591  ccs811_i2cread                            
0000062d  I2C_masterSendSingleByteWithTimeout       
000006c5  GPIO_setAsPeripheralModuleFunctionInputPin
0000074d  I2C_masterSendSingleByte                  
000007d1  __aeabi_memclr                            
000007d1  __aeabi_memclr4                           
000007d1  __aeabi_memclr8                           
000007d3  __aeabi_memset                            
000007d3  __aeabi_memset4                           
000007d3  __aeabi_memset8                           
000007d9  memset                                    
0000084d  I2C_masterReceiveSingleByte               
000008bd  I2C_initMaster                            
00000961  print_uart                                
000009a1  CS_setDCOCenteredFrequency                
000009d5  UART_transmitData                         
00000a09  delay_us                                  
00000a39  _c_int00_noinit_noargs                    
00000a99  ccs811_start                              
00000ac1  WDT_A_holdTimer                           
00000ae5  I2C_masterIsStartSent                     
00000b01  I2C_masterIsStopSent                      
00000b19  I2C_enableModule                          
00000b2f  UART_enableModule                         
00000b45  I2C_setSlaveAddress                       
00000b59  strlen                                    
00000b71  Reset_Handler                             
00000b81  ADC14_IRQHandler                          
00000b81  AES256_IRQHandler                         
00000b81  BusFault_Handler                          
00000b81  COMP_E0_IRQHandler                        
00000b81  COMP_E1_IRQHandler                        
00000b81  CS_IRQHandler                             
00000b81  DMA_ERR_IRQHandler                        
00000b81  DMA_INT0_IRQHandler                       
00000b81  DMA_INT1_IRQHandler                       
00000b81  DMA_INT2_IRQHandler                       
00000b81  DMA_INT3_IRQHandler                       
00000b81  DebugMon_Handler                          
00000b81  Default_Handler                           
00000b81  EUSCIA0_IRQHandler                        
00000b81  EUSCIA1_IRQHandler                        
00000b81  EUSCIA2_IRQHandler                        
00000b81  EUSCIA3_IRQHandler                        
00000b81  EUSCIB0_IRQHandler                        
00000b81  EUSCIB1_IRQHandler                        
00000b81  EUSCIB2_IRQHandler                        
00000b81  EUSCIB3_IRQHandler                        
00000b81  FLCTL_IRQHandler                          
00000b81  FPU_IRQHandler                            
00000b81  HardFault_Handler                         
00000b81  MemManage_Handler                         
00000b81  NMI_Handler                               
00000b81  PCM_IRQHandler                            
00000b81  PORT1_IRQHandler                          
00000b81  PORT2_IRQHandler                          
00000b81  PORT3_IRQHandler                          
00000b81  PORT4_IRQHandler                          
00000b81  PORT5_IRQHandler                          
00000b81  PORT6_IRQHandler                          
00000b81  PSS_IRQHandler                            
00000b81  PendSV_Handler                            
00000b81  RTC_C_IRQHandler                          
00000b81  SVC_Handler                               
00000b81  SysTick_Handler                           
00000b81  T32_INT1_IRQHandler                       
00000b81  T32_INT2_IRQHandler                       
00000b81  T32_INTC_IRQHandler                       
00000b81  TA0_0_IRQHandler                          
00000b81  TA0_N_IRQHandler                          
00000b81  TA1_0_IRQHandler                          
00000b81  TA1_N_IRQHandler                          
00000b81  TA2_0_IRQHandler                          
00000b81  TA2_N_IRQHandler                          
00000b81  TA3_0_IRQHandler                          
00000b81  TA3_N_IRQHandler                          
00000b81  UsageFault_Handler                        
00000b81  WDT_A_IRQHandler                          
20000000  __start___llvm_prf_cnts                   
20000000  __stop___llvm_prf_cnts                    
2000fe00  __stack                                   
20010000  __STACK_END                               
4000480c  WDTCTL_SYM                                
ffffffff  __TI_pprof_out_hndl                       
ffffffff  __TI_prof_data_size                       
ffffffff  __TI_prof_data_start                      
ffffffff  __binit__                                 
ffffffff  __c_args__                                
ffffffff  binit                                     
UNDEFED   __mpu_init                                

[101 symbols]
