******************************************************************************
                  TI ARM Linker PC v20.2.4                     
******************************************************************************
>> Linked Tue Jan 19 22:39:35 2021

OUTPUT FILE NAME:   <[not done]i2c_cs811.out>
ENTRY POINT SYMBOL: "_c_int00_noinit_noargs"  address: 000009c9


MEMORY CONFIGURATION

         name            origin    length      used     unused   attr    fill
----------------------  --------  ---------  --------  --------  ----  --------
  MAIN                  00000000   00040000  00000b4e  0003f4b2  R  X
  INFO                  00200000   00004000  00000000  00004000  R  X
  SRAM_CODE             01000000   00010000  00000200  0000fe00  RW X
  SRAM_DATA             20000000   00010000  00000200  0000fe00  RW  


SEGMENT ALLOCATION MAP

run origin  load origin   length   init length attrs members
----------  ----------- ---------- ----------- ----- -------
00000000    00000000    00000b54   00000b54    r-x
  00000000    00000000    000000e4   000000e4    r-- .intvecs
  000000e8    000000e8    000009fa   000009fa    r-x .text
  00000ae4    00000ae4    00000070   00000070    r-- .const
2000fe00    2000fe00    00000200   00000000    rw-
  2000fe00    2000fe00    00000200   00000000    rw- .stack


SECTION ALLOCATION MAP

 output                                  attributes/
section   page    origin      length       input sections
--------  ----  ----------  ----------   ----------------
.intvecs   0    00000000    000000e4     
                  00000000    000000e4     startup_msp432p401r_ccs.obj (.intvecs:retain)

.text      0    000000e8    000009fa     
                  000000e8    0000011c     msp432p4xx_driverlib.lib : uart.o (.text:UART_initModule)
                  00000204    00000004     rtsv7M4_T_le_v4SPD16_eabi.lib : pre_init.c.obj (.text:_system_pre_init)
                  00000208    000000ea     ccs811.obj (.text:ccs811_begin)
                  000002f2    00000004     rtsv7M4_T_le_v4SPD16_eabi.lib : exit.c.obj (.text:abort:abort)
                  000002f6    00000002     --HOLE-- [fill = 0]
                  000002f8    000000cc     ccs811.obj (.text:ccs811_i2cwrite)
                  000003c4    00000004     --HOLE-- [fill = 0]
                  000003c8    000000ba     main.obj (.text:main)
                  00000482    00000006     --HOLE-- [fill = 0]
                  00000488    000000a0     system_msp432p401r.obj (.text:SystemInit)
                  00000528    00000098     msp432p4xx_driverlib.lib : i2c.o (.text:I2C_masterSendSingleByteWithTimeout)
                  000005c0    00000088                              : gpio.o (.text:GPIO_setAsPeripheralModuleFunctionInputPin)
                  00000648    00000084                              : i2c.o (.text:I2C_masterSendMultiByteFinishWithTimeout)
                  000006cc    00000004     --HOLE-- [fill = 0]
                  000006d0    00000082     ccs811.obj (.text:ccs811_i2cread)
                  00000752    0000007a     rtsv7M4_T_le_v4SPD16_eabi.lib : memset_t2.asm.obj (.text)
                  000007cc    00000074     msp432p4xx_driverlib.lib : i2c.o (.text:I2C_masterSendMultiByteStartWithTimeout)
                  00000840    00000062                              : i2c.o (.text:I2C_initMaster)
                  000008a2    00000002     --HOLE-- [fill = 0]
                  000008a4    00000048                              : i2c.o (.text:I2C_masterSendMultiByteNextWithTimeout)
                  000008ec    00000004     --HOLE-- [fill = 0]
                  000008f0    00000040     main.obj (.text:print_uart)
                  00000930    00000034     msp432p4xx_driverlib.lib : cs.o (.text:CS_setDCOCenteredFrequency)
                  00000964    00000034                              : uart.o (.text:UART_transmitData)
                  00000998    0000002e     main.obj (.text:delay_us)
                  000009c6    00000002     --HOLE-- [fill = 0]
                  000009c8    0000002c     rtsv7M4_T_le_v4SPD16_eabi.lib : boot_cortex_m.c.obj (.text:_c_int00_noinit_noargs:_c_int00_noinit_noargs)
                  000009f4    00000024     msp432p4xx_driverlib.lib : wdt_a.o (.text:WDT_A_holdTimer)
                  00000a18    0000001a                              : i2c.o (.text:I2C_masterReceiveStart)
                  00000a32    00000002     --HOLE-- [fill = 0]
                  00000a34    00000018                              : i2c.o (.text:I2C_masterIsStopSent)
                  00000a4c    00000018                              : i2c.o (.text:I2C_masterReceiveMultiByteStop)
                  00000a64    00000016                              : i2c.o (.text:I2C_enableModule)
                  00000a7a    00000016                              : uart.o (.text:UART_enableModule)
                  00000a90    00000014                              : i2c.o (.text:I2C_masterReceiveMultiByteNext)
                  00000aa4    00000014                              : i2c.o (.text:I2C_setSlaveAddress)
                  00000ab8    00000014     rtsv7M4_T_le_v4SPD16_eabi.lib : strlen.c.obj (.text:strlen)
                  00000acc    00000004     --HOLE-- [fill = 0]
                  00000ad0    0000000c     startup_msp432p401r_ccs.obj (.text:Reset_Handler)
                  00000adc    00000004     --HOLE-- [fill = 0]
                  00000ae0    00000002     startup_msp432p401r_ccs.obj (.text:Default_Handler)

.const     0    00000ae4    00000070     
                  00000ae4    00000030     msp432p4xx_driverlib.lib : gpio.o (.const:GPIO_PORT_TO_BASE)
                  00000b14    00000028     main.obj (.const:uartConfig)
                  00000b3c    00000014     main.obj (.const:i2cConfig)
                  00000b50    00000004     ccs811.obj (.const:.string:$P$T0$1)

.cinit     0    00000000    00000000     UNINITIALIZED

.init_array 
*          0    00000000    00000000     UNINITIALIZED

.binit     0    00000000    00000000     

.stack     0    2000fe00    00000200     UNINITIALIZED
                  2000fe00    00000004     rtsv7M4_T_le_v4SPD16_eabi.lib : boot_cortex_m.c.obj (.stack)
                  2000fe04    000001fc     --HOLE--

__llvm_prf_cnts 
*          0    20000000    00000000     UNINITIALIZED

MODULE SUMMARY

       Module                        code   ro data   rw data
       ------                        ----   -------   -------
    .\
       main.obj                      296    60        0      
       system_msp432p401r.obj        160    0         0      
    +--+-----------------------------+------+---------+---------+
       Total:                        456    60        0      
                                                             
    .\ccs\
       startup_msp432p401r_ccs.obj   14     228       0      
    +--+-----------------------------+------+---------+---------+
       Total:                        14     228       0      
                                                             
    .\lib\
       ccs811.obj                    568    4         0      
    +--+-----------------------------+------+---------+---------+
       Total:                        568    4         0      
                                                             
    C:/ti/simplelink_msp432p4_sdk_3_40_01_02/source/ti/devices/msp432p4xx/driverlib/ccs/msp432p4xx_driverlib.lib
       i2c.o                         706    0         0      
       uart.o                        358    0         0      
       gpio.o                        136    48        0      
       cs.o                          52     0         0      
       wdt_a.o                       36     0         0      
    +--+-----------------------------+------+---------+---------+
       Total:                        1288   48        0      
                                                             
    C:\ti\ccs1011\ccs\tools\compiler\ti-cgt-arm_20.2.4.LTS\lib\rtsv7M4_T_le_v4SPD16_eabi.lib
       memset_t2.asm.obj             122    0         0      
       boot_cortex_m.c.obj           44     0         0      
       strlen.c.obj                  20     0         0      
       exit.c.obj                    4      0         0      
       pre_init.c.obj                4      0         0      
    +--+-----------------------------+------+---------+---------+
       Total:                        194    0         0      
                                                             
       Stack:                        0      0         1024   
    +--+-----------------------------+------+---------+---------+
       Grand Total:                  2520   340       1024   


GLOBAL SYMBOLS: SORTED ALPHABETICALLY BY Name 

address   name                                      
-------   ----                                      
00000ae1  ADC14_IRQHandler                          
00000ae1  AES256_IRQHandler                         
00000ae1  BusFault_Handler                          
000002f3  C$$EXIT                                   
00000ae1  COMP_E0_IRQHandler                        
00000ae1  COMP_E1_IRQHandler                        
00000ae1  CS_IRQHandler                             
00000931  CS_setDCOCenteredFrequency                
00000ae1  DMA_ERR_IRQHandler                        
00000ae1  DMA_INT0_IRQHandler                       
00000ae1  DMA_INT1_IRQHandler                       
00000ae1  DMA_INT2_IRQHandler                       
00000ae1  DMA_INT3_IRQHandler                       
00000ae1  DebugMon_Handler                          
00000ae1  Default_Handler                           
00000ae1  EUSCIA0_IRQHandler                        
00000ae1  EUSCIA1_IRQHandler                        
00000ae1  EUSCIA2_IRQHandler                        
00000ae1  EUSCIA3_IRQHandler                        
00000ae1  EUSCIB0_IRQHandler                        
00000ae1  EUSCIB1_IRQHandler                        
00000ae1  EUSCIB2_IRQHandler                        
00000ae1  EUSCIB3_IRQHandler                        
00000ae1  FLCTL_IRQHandler                          
00000ae1  FPU_IRQHandler                            
000005c1  GPIO_setAsPeripheralModuleFunctionInputPin
00000ae1  HardFault_Handler                         
00000a65  I2C_enableModule                          
00000841  I2C_initMaster                            
00000a35  I2C_masterIsStopSent                      
00000a91  I2C_masterReceiveMultiByteNext            
00000a4d  I2C_masterReceiveMultiByteStop            
00000a19  I2C_masterReceiveStart                    
00000649  I2C_masterSendMultiByteFinishWithTimeout  
000008a5  I2C_masterSendMultiByteNextWithTimeout    
000007cd  I2C_masterSendMultiByteStartWithTimeout   
00000529  I2C_masterSendSingleByteWithTimeout       
00000aa5  I2C_setSlaveAddress                       
00000ae1  MemManage_Handler                         
00000ae1  NMI_Handler                               
00000ae1  PCM_IRQHandler                            
00000ae1  PORT1_IRQHandler                          
00000ae1  PORT2_IRQHandler                          
00000ae1  PORT3_IRQHandler                          
00000ae1  PORT4_IRQHandler                          
00000ae1  PORT5_IRQHandler                          
00000ae1  PORT6_IRQHandler                          
00000ae1  PSS_IRQHandler                            
00000ae1  PendSV_Handler                            
00000ae1  RTC_C_IRQHandler                          
00000ad1  Reset_Handler                             
00000ae1  SVC_Handler                               
00000ae1  SysTick_Handler                           
00000489  SystemInit                                
00000ae1  T32_INT1_IRQHandler                       
00000ae1  T32_INT2_IRQHandler                       
00000ae1  T32_INTC_IRQHandler                       
00000ae1  TA0_0_IRQHandler                          
00000ae1  TA0_N_IRQHandler                          
00000ae1  TA1_0_IRQHandler                          
00000ae1  TA1_N_IRQHandler                          
00000ae1  TA2_0_IRQHandler                          
00000ae1  TA2_N_IRQHandler                          
00000ae1  TA3_0_IRQHandler                          
00000ae1  TA3_N_IRQHandler                          
00000a7b  UART_enableModule                         
000000e9  UART_initModule                           
00000965  UART_transmitData                         
00000ae1  UsageFault_Handler                        
4000480c  WDTCTL_SYM                                
00000ae1  WDT_A_IRQHandler                          
000009f5  WDT_A_holdTimer                           
20010000  __STACK_END                               
00000200  __STACK_SIZE                              
ffffffff  __TI_pprof_out_hndl                       
ffffffff  __TI_prof_data_size                       
ffffffff  __TI_prof_data_start                      
00000000  __TI_static_base__                        
00000753  __aeabi_memclr                            
00000753  __aeabi_memclr4                           
00000753  __aeabi_memclr8                           
00000755  __aeabi_memset                            
00000755  __aeabi_memset4                           
00000755  __aeabi_memset8                           
ffffffff  __binit__                                 
ffffffff  __c_args__                                
UNDEFED   __mpu_init                                
2000fe00  __stack                                   
20000000  __start___llvm_prf_cnts                   
20000000  __stop___llvm_prf_cnts                    
000009c9  _c_int00_noinit_noargs                    
00000205  _system_pre_init                          
000002f3  abort                                     
ffffffff  binit                                     
00000209  ccs811_begin                              
000006d1  ccs811_i2cread                            
000002f9  ccs811_i2cwrite                           
00000999  delay_us                                  
00000b3c  i2cConfig                                 
00000000  interruptVectors                          
000003c9  main                                      
0000075b  memset                                    
000008f1  print_uart                                
00000ab9  strlen                                    
00000b14  uartConfig                                


GLOBAL SYMBOLS: SORTED BY Symbol Address 

address   name                                      
-------   ----                                      
00000000  __TI_static_base__                        
00000000  interruptVectors                          
000000e9  UART_initModule                           
00000200  __STACK_SIZE                              
00000205  _system_pre_init                          
00000209  ccs811_begin                              
000002f3  C$$EXIT                                   
000002f3  abort                                     
000002f9  ccs811_i2cwrite                           
000003c9  main                                      
00000489  SystemInit                                
00000529  I2C_masterSendSingleByteWithTimeout       
000005c1  GPIO_setAsPeripheralModuleFunctionInputPin
00000649  I2C_masterSendMultiByteFinishWithTimeout  
000006d1  ccs811_i2cread                            
00000753  __aeabi_memclr                            
00000753  __aeabi_memclr4                           
00000753  __aeabi_memclr8                           
00000755  __aeabi_memset                            
00000755  __aeabi_memset4                           
00000755  __aeabi_memset8                           
0000075b  memset                                    
000007cd  I2C_masterSendMultiByteStartWithTimeout   
00000841  I2C_initMaster                            
000008a5  I2C_masterSendMultiByteNextWithTimeout    
000008f1  print_uart                                
00000931  CS_setDCOCenteredFrequency                
00000965  UART_transmitData                         
00000999  delay_us                                  
000009c9  _c_int00_noinit_noargs                    
000009f5  WDT_A_holdTimer                           
00000a19  I2C_masterReceiveStart                    
00000a35  I2C_masterIsStopSent                      
00000a4d  I2C_masterReceiveMultiByteStop            
00000a65  I2C_enableModule                          
00000a7b  UART_enableModule                         
00000a91  I2C_masterReceiveMultiByteNext            
00000aa5  I2C_setSlaveAddress                       
00000ab9  strlen                                    
00000ad1  Reset_Handler                             
00000ae1  ADC14_IRQHandler                          
00000ae1  AES256_IRQHandler                         
00000ae1  BusFault_Handler                          
00000ae1  COMP_E0_IRQHandler                        
00000ae1  COMP_E1_IRQHandler                        
00000ae1  CS_IRQHandler                             
00000ae1  DMA_ERR_IRQHandler                        
00000ae1  DMA_INT0_IRQHandler                       
00000ae1  DMA_INT1_IRQHandler                       
00000ae1  DMA_INT2_IRQHandler                       
00000ae1  DMA_INT3_IRQHandler                       
00000ae1  DebugMon_Handler                          
00000ae1  Default_Handler                           
00000ae1  EUSCIA0_IRQHandler                        
00000ae1  EUSCIA1_IRQHandler                        
00000ae1  EUSCIA2_IRQHandler                        
00000ae1  EUSCIA3_IRQHandler                        
00000ae1  EUSCIB0_IRQHandler                        
00000ae1  EUSCIB1_IRQHandler                        
00000ae1  EUSCIB2_IRQHandler                        
00000ae1  EUSCIB3_IRQHandler                        
00000ae1  FLCTL_IRQHandler                          
00000ae1  FPU_IRQHandler                            
00000ae1  HardFault_Handler                         
00000ae1  MemManage_Handler                         
00000ae1  NMI_Handler                               
00000ae1  PCM_IRQHandler                            
00000ae1  PORT1_IRQHandler                          
00000ae1  PORT2_IRQHandler                          
00000ae1  PORT3_IRQHandler                          
00000ae1  PORT4_IRQHandler                          
00000ae1  PORT5_IRQHandler                          
00000ae1  PORT6_IRQHandler                          
00000ae1  PSS_IRQHandler                            
00000ae1  PendSV_Handler                            
00000ae1  RTC_C_IRQHandler                          
00000ae1  SVC_Handler                               
00000ae1  SysTick_Handler                           
00000ae1  T32_INT1_IRQHandler                       
00000ae1  T32_INT2_IRQHandler                       
00000ae1  T32_INTC_IRQHandler                       
00000ae1  TA0_0_IRQHandler                          
00000ae1  TA0_N_IRQHandler                          
00000ae1  TA1_0_IRQHandler                          
00000ae1  TA1_N_IRQHandler                          
00000ae1  TA2_0_IRQHandler                          
00000ae1  TA2_N_IRQHandler                          
00000ae1  TA3_0_IRQHandler                          
00000ae1  TA3_N_IRQHandler                          
00000ae1  UsageFault_Handler                        
00000ae1  WDT_A_IRQHandler                          
00000b14  uartConfig                                
00000b3c  i2cConfig                                 
20000000  __start___llvm_prf_cnts                   
20000000  __stop___llvm_prf_cnts                    
2000fe00  __stack                                   
20010000  __STACK_END                               
4000480c  WDTCTL_SYM                                
ffffffff  __TI_pprof_out_hndl                       
ffffffff  __TI_prof_data_size                       
ffffffff  __TI_prof_data_start                      
ffffffff  __binit__                                 
ffffffff  __c_args__                                
ffffffff  binit                                     
UNDEFED   __mpu_init                                

[105 symbols]
