******************************************************************************
                  TI ARM Linker PC v20.2.4                     
******************************************************************************
>> Linked Sun Jan 10 14:27:48 2021

OUTPUT FILE NAME:   <uart_transmit.out>
ENTRY POINT SYMBOL: "_c_int00_noinit_noargs"  address: 00000379


MEMORY CONFIGURATION

         name            origin    length      used     unused   attr    fill
----------------------  --------  ---------  --------  --------  ----  --------
  MAIN                  00000000   00040000  00000434  0003fbcc  R  X
  INFO                  00200000   00004000  00000000  00004000  R  X
  SRAM_CODE             01000000   00010000  00000200  0000fe00  RW X
  SRAM_DATA             20000000   00010000  00000200  0000fe00  RW  


SEGMENT ALLOCATION MAP

run origin  load origin   length   init length attrs members
----------  ----------- ---------- ----------- ----- -------
00000000    00000000    00000434   00000434    r-x
  00000000    00000000    000000e4   000000e4    r-- .intvecs
  000000e4    000000e4    00000350   00000350    r-x .text
2000fe00    2000fe00    00000200   00000000    rw-
  2000fe00    2000fe00    00000200   00000000    rw- .stack


SECTION ALLOCATION MAP

 output                                  attributes/
section   page    origin      length       input sections
--------  ----  ----------  ----------   ----------------
.intvecs   0    00000000    000000e4     
                  00000000    000000e4     startup_msp432p401r_ccs.obj (.intvecs:retain)

.text      0    000000e4    00000350     
                  000000e4    0000011c     msp432p4xx_driverlib.lib : uart.o (.text:UART_initModule)
                  00000200    00000078     system_msp432p401r.obj (.text:SystemInit)
                  00000278    00000058     main.obj (.text:main)
                  000002d0    00000040     main.obj (.text:config_uart)
                  00000310    00000034     msp432p4xx_driverlib.lib : cs.o (.text:CS_setDCOCenteredFrequency)
                  00000344    00000034                              : uart.o (.text:UART_transmitData)
                  00000378    0000002c     rtsv7M4_T_le_v4SPD16_eabi.lib : boot_cortex_m.c.obj (.text:_c_int00_noinit_noargs:_c_int00_noinit_noargs)
                  000003a4    0000002c     main.obj (.text:print_uart)
                  000003d0    00000024     msp432p4xx_driverlib.lib : wdt_a.o (.text:WDT_A_holdTimer)
                  000003f4    00000016                              : uart.o (.text:UART_enableModule)
                  0000040a    00000014     rtsv7M4_T_le_v4SPD16_eabi.lib : strlen.c.obj (.text:strlen)
                  0000041e    0000000c     startup_msp432p401r_ccs.obj (.text:Reset_Handler)
                  0000042a    00000004     rtsv7M4_T_le_v4SPD16_eabi.lib : pre_init.c.obj (.text:_system_pre_init)
                  0000042e    00000004                                   : exit.c.obj (.text:abort:abort)
                  00000432    00000002     startup_msp432p401r_ccs.obj (.text:Default_Handler)

.cinit     0    00000000    00000000     UNINITIALIZED

.init_array 
*          0    00000000    00000000     UNINITIALIZED

.binit     0    00000000    00000000     

.stack     0    2000fe00    00000200     UNINITIALIZED
                  2000fe00    00000004     rtsv7M4_T_le_v4SPD16_eabi.lib : boot_cortex_m.c.obj (.stack)
                  2000fe04    000001fc     --HOLE--

__llvm_prf_cnts 
*          0    20000000    00000000     UNINITIALIZED

MODULE SUMMARY

       Module                        code   ro data   rw data
       ------                        ----   -------   -------
    .\
       main.obj                      196    0         0      
       system_msp432p401r.obj        120    0         0      
    +--+-----------------------------+------+---------+---------+
       Total:                        316    0         0      
                                                             
    .\ccs\
       startup_msp432p401r_ccs.obj   14     228       0      
    +--+-----------------------------+------+---------+---------+
       Total:                        14     228       0      
                                                             
    C:/ti/simplelink_msp432p4_sdk_3_40_01_02/source/ti/devices/msp432p4xx/driverlib/ccs/msp432p4xx_driverlib.lib
       uart.o                        358    0         0      
       cs.o                          52     0         0      
       wdt_a.o                       36     0         0      
    +--+-----------------------------+------+---------+---------+
       Total:                        446    0         0      
                                                             
    C:\ti\ccs1011\ccs\tools\compiler\ti-cgt-arm_20.2.4.LTS\lib\rtsv7M4_T_le_v4SPD16_eabi.lib
       boot_cortex_m.c.obj           44     0         0      
       strlen.c.obj                  20     0         0      
       exit.c.obj                    4      0         0      
       pre_init.c.obj                4      0         0      
    +--+-----------------------------+------+---------+---------+
       Total:                        72     0         0      
                                                             
       Stack:                        0      0         1024   
    +--+-----------------------------+------+---------+---------+
       Grand Total:                  848    228       1024   


GLOBAL SYMBOLS: SORTED ALPHABETICALLY BY Name 

address   name                      
-------   ----                      
00000433  ADC14_IRQHandler          
00000433  AES256_IRQHandler         
00000433  BusFault_Handler          
0000042f  C$$EXIT                   
00000433  COMP_E0_IRQHandler        
00000433  COMP_E1_IRQHandler        
00000433  CS_IRQHandler             
00000311  CS_setDCOCenteredFrequency
00000433  DMA_ERR_IRQHandler        
00000433  DMA_INT0_IRQHandler       
00000433  DMA_INT1_IRQHandler       
00000433  DMA_INT2_IRQHandler       
00000433  DMA_INT3_IRQHandler       
00000433  DebugMon_Handler          
00000433  Default_Handler           
00000433  EUSCIA0_IRQHandler        
00000433  EUSCIA1_IRQHandler        
00000433  EUSCIA2_IRQHandler        
00000433  EUSCIA3_IRQHandler        
00000433  EUSCIB0_IRQHandler        
00000433  EUSCIB1_IRQHandler        
00000433  EUSCIB2_IRQHandler        
00000433  EUSCIB3_IRQHandler        
00000433  FLCTL_IRQHandler          
00000433  FPU_IRQHandler            
00000433  HardFault_Handler         
00000433  MemManage_Handler         
00000433  NMI_Handler               
00000433  PCM_IRQHandler            
00000433  PORT1_IRQHandler          
00000433  PORT2_IRQHandler          
00000433  PORT3_IRQHandler          
00000433  PORT4_IRQHandler          
00000433  PORT5_IRQHandler          
00000433  PORT6_IRQHandler          
00000433  PSS_IRQHandler            
00000433  PendSV_Handler            
00000433  RTC_C_IRQHandler          
0000041f  Reset_Handler             
00000433  SVC_Handler               
00000433  SysTick_Handler           
00000201  SystemInit                
00000433  T32_INT1_IRQHandler       
00000433  T32_INT2_IRQHandler       
00000433  T32_INTC_IRQHandler       
00000433  TA0_0_IRQHandler          
00000433  TA0_N_IRQHandler          
00000433  TA1_0_IRQHandler          
00000433  TA1_N_IRQHandler          
00000433  TA2_0_IRQHandler          
00000433  TA2_N_IRQHandler          
00000433  TA3_0_IRQHandler          
00000433  TA3_N_IRQHandler          
000003f5  UART_enableModule         
000000e5  UART_initModule           
00000345  UART_transmitData         
00000433  UsageFault_Handler        
4000480c  WDTCTL_SYM                
00000433  WDT_A_IRQHandler          
000003d1  WDT_A_holdTimer           
20010000  __STACK_END               
00000200  __STACK_SIZE              
ffffffff  __TI_pprof_out_hndl       
ffffffff  __TI_prof_data_size       
ffffffff  __TI_prof_data_start      
00000000  __TI_static_base__        
ffffffff  __binit__                 
ffffffff  __c_args__                
UNDEFED   __mpu_init                
2000fe00  __stack                   
20000000  __start___llvm_prf_cnts   
20000000  __stop___llvm_prf_cnts    
00000379  _c_int00_noinit_noargs    
0000042b  _system_pre_init          
0000042f  abort                     
ffffffff  binit                     
00000000  interruptVectors          
00000279  main                      
0000040b  strlen                    


GLOBAL SYMBOLS: SORTED BY Symbol Address 

address   name                      
-------   ----                      
00000000  __TI_static_base__        
00000000  interruptVectors          
000000e5  UART_initModule           
00000200  __STACK_SIZE              
00000201  SystemInit                
00000279  main                      
00000311  CS_setDCOCenteredFrequency
00000345  UART_transmitData         
00000379  _c_int00_noinit_noargs    
000003d1  WDT_A_holdTimer           
000003f5  UART_enableModule         
0000040b  strlen                    
0000041f  Reset_Handler             
0000042b  _system_pre_init          
0000042f  C$$EXIT                   
0000042f  abort                     
00000433  ADC14_IRQHandler          
00000433  AES256_IRQHandler         
00000433  BusFault_Handler          
00000433  COMP_E0_IRQHandler        
00000433  COMP_E1_IRQHandler        
00000433  CS_IRQHandler             
00000433  DMA_ERR_IRQHandler        
00000433  DMA_INT0_IRQHandler       
00000433  DMA_INT1_IRQHandler       
00000433  DMA_INT2_IRQHandler       
00000433  DMA_INT3_IRQHandler       
00000433  DebugMon_Handler          
00000433  Default_Handler           
00000433  EUSCIA0_IRQHandler        
00000433  EUSCIA1_IRQHandler        
00000433  EUSCIA2_IRQHandler        
00000433  EUSCIA3_IRQHandler        
00000433  EUSCIB0_IRQHandler        
00000433  EUSCIB1_IRQHandler        
00000433  EUSCIB2_IRQHandler        
00000433  EUSCIB3_IRQHandler        
00000433  FLCTL_IRQHandler          
00000433  FPU_IRQHandler            
00000433  HardFault_Handler         
00000433  MemManage_Handler         
00000433  NMI_Handler               
00000433  PCM_IRQHandler            
00000433  PORT1_IRQHandler          
00000433  PORT2_IRQHandler          
00000433  PORT3_IRQHandler          
00000433  PORT4_IRQHandler          
00000433  PORT5_IRQHandler          
00000433  PORT6_IRQHandler          
00000433  PSS_IRQHandler            
00000433  PendSV_Handler            
00000433  RTC_C_IRQHandler          
00000433  SVC_Handler               
00000433  SysTick_Handler           
00000433  T32_INT1_IRQHandler       
00000433  T32_INT2_IRQHandler       
00000433  T32_INTC_IRQHandler       
00000433  TA0_0_IRQHandler          
00000433  TA0_N_IRQHandler          
00000433  TA1_0_IRQHandler          
00000433  TA1_N_IRQHandler          
00000433  TA2_0_IRQHandler          
00000433  TA2_N_IRQHandler          
00000433  TA3_0_IRQHandler          
00000433  TA3_N_IRQHandler          
00000433  UsageFault_Handler        
00000433  WDT_A_IRQHandler          
20000000  __start___llvm_prf_cnts   
20000000  __stop___llvm_prf_cnts    
2000fe00  __stack                   
20010000  __STACK_END               
4000480c  WDTCTL_SYM                
ffffffff  __TI_pprof_out_hndl       
ffffffff  __TI_prof_data_size       
ffffffff  __TI_prof_data_start      
ffffffff  __binit__                 
ffffffff  __c_args__                
ffffffff  binit                     
UNDEFED   __mpu_init                

[79 symbols]
