******************************************************************************
                  TI ARM Linker PC v20.2.1                     
******************************************************************************
>> Linked Sun Feb 14 01:12:39 2021

OUTPUT FILE NAME:   <TM4C1294_hello.out>
ENTRY POINT SYMBOL: "_c_int00_noargs"  address: 00000e11


MEMORY CONFIGURATION

         name            origin    length      used     unused   attr    fill
----------------------  --------  ---------  --------  --------  ----  --------
  FLASH                 00000000   00100000  00001274  000fed8c  R  X
  SRAM                  20000000   00040000  0000020d  0003fdf3  RW X


SEGMENT ALLOCATION MAP

run origin  load origin   length   init length attrs members
----------  ----------- ---------- ----------- ----- -------
00000000    00000000    00001278   00001278    r-x
  00000000    00000000    00000200   00000200    r-- .intvecs
  00000200    00000200    00000d48   00000d48    r-x .text
  00000f48    00000f48    000002fc   000002fc    r-- .const
  00001248    00001248    00000030   00000030    r-- .cinit
20000000    20000000    0000020d   00000000    rw-
  20000000    20000000    00000200   00000000    rw- .stack
  20000200    20000200    00000008   00000000    rw- .bss
  20000208    20000208    00000005   00000000    rw- .data


SECTION ALLOCATION MAP

 output                                  attributes/
section   page    origin      length       input sections
--------  ----  ----------  ----------   ----------------
.intvecs   0    00000000    00000200     
                  00000000    00000200     startup_ccs.obj (.intvecs)

.text      0    00000200    00000d48     
                  00000200    0000020c     pinout.obj (.text:PinoutSet)
                  0000040c    00000200     driverlib.lib : sysctl.obj (.text:SysCtlClockFreqSet)
                  0000060c    000001ee     uartstdio.obj (.text:UARTvprintf)
                  000007fa    00000132     driverlib.lib : gpio.obj (.text:GPIOPadConfigSet)
                  0000092c    00000110                   : sysctl.obj (.text:SysCtlClockGet)
                  00000a3c    0000009c     hello.obj (.text:main)
                  00000ad8    0000009c     rtsv7M4_T_le_v4SPD16_eabi.lib : memcpy_t2.asm.obj (.text)
                  00000b74    00000068                                   : copy_decompress_lzss.c.obj (.text:decompress:lzss:__TI_decompress_lzss)
                  00000bdc    00000060     uartstdio.obj (.text:UARTStdioConfig)
                  00000c3c    00000048     driverlib.lib : gpio.obj (.text:GPIOPinConfigure)
                  00000c84    00000048     uartstdio.obj (.text:UARTwrite)
                  00000ccc    00000048     driverlib.lib : sysctl.obj (.text:_SysCtlFrequencyGet)
                  00000d14    00000044     hello.obj (.text:ConfigureUART)
                  00000d58    00000044     rtsv7M4_T_le_v4SPD16_eabi.lib : autoinit.c.obj (.text:__TI_auto_init_nobinit_nopinit:__TI_auto_init_nobinit_nopinit)
                  00000d9c    00000040                                   : u_divt2.asm.obj (.text)
                  00000ddc    00000034     driverlib.lib : sysctl.obj (.text:SysCtlPeripheralEnable)
                  00000e10    00000034     rtsv7M4_T_le_v4SPD16_eabi.lib : boot_cortex_m.c.obj (.text:_c_int00_noargs:_c_int00_noargs)
                  00000e44    0000002a     driverlib.lib : gpio.obj (.text:GPIODirModeSet)
                  00000e6e    00000002     startup_ccs.obj (.text:FaultISR)
                  00000e70    00000020     driverlib.lib : sysctl.obj (.text:_SysCtlMemTimingGet)
                  00000e90    0000001c     rtsv7M4_T_le_v4SPD16_eabi.lib : copy_zero_init.c.obj (.text:decompress:ZI:__TI_zero_init_nomemset:__TI_zero_init_nomemset)
                  00000eac    0000001a     uartstdio.obj (.text:UARTprintf)
                  00000ec6    00000018     driverlib.lib : gpio.obj (.text:GPIOPinTypeGPIOOutput)
                  00000ede    00000002     startup_ccs.obj (.text:IntDefaultHandler)
                  00000ee0    00000018     hello.obj (.text:delayMs)
                  00000ef8    00000012     driverlib.lib : gpio.obj (.text:GPIOPinTypeEthernetLED)
                  00000f0a    00000012                   : gpio.obj (.text:GPIOPinTypeUART)
                  00000f1c    0000000e     rtsv7M4_T_le_v4SPD16_eabi.lib : copy_decompress_none.c.obj (.text:decompress:none:__TI_decompress_none)
                  00000f2a    00000006     driverlib.lib : gpio.obj (.text:GPIOPinWrite)
                  00000f30    00000006     startup_ccs.obj (.text:ResetISR)
                  00000f36    00000006     driverlib.lib : sysctl.obj (.text:SysCtlDelay)
                  00000f3c    00000004     rtsv7M4_T_le_v4SPD16_eabi.lib : pre_init.c.obj (.text:_system_pre_init)
                  00000f40    00000004                                   : exit.c.obj (.text:abort:abort)
                  00000f44    00000002     startup_ccs.obj (.text:NmiSR)
                  00000f46    00000002     rtsv7M4_T_le_v4SPD16_eabi.lib : div0.asm.obj (.text)

.const     0    00000f48    000002fc     
                  00000f48    000001b0     driverlib.lib : sysctl.obj (.const:g_pppui32XTALtoVCO)
                  000010f8    00000090                   : gpio.obj (.const:g_pui32GPIOBaseAddrs)
                  00001188    0000006c                   : sysctl.obj (.const:g_pui32Xtals)
                  000011f4    00000030                   : sysctl.obj (.const:g_sXTALtoMEMTIM)
                  00001224    0000000c     uartstdio.obj (.const:g_ui32UARTBase)
                  00001230    0000000c     uartstdio.obj (.const:g_ui32UARTPeriph)
                  0000123c    00000008     driverlib.lib : sysctl.obj (.const)

.cinit     0    00001248    00000030     
                  00001248    0000000c     (__TI_handler_table)
                  00001254    00000004     --HOLE-- [fill = 0]
                  00001258    00000008     (.cinit..bss.load) [load image, compression = zero_init]
                  00001260    00000007     (.cinit..data.load) [load image, compression = lzss]
                  00001267    00000001     --HOLE-- [fill = 0]
                  00001268    00000010     (__TI_cinit_table)

.init_array 
*          0    00000000    00000000     UNINITIALIZED

.bss       0    20000200    00000008     UNINITIALIZED
                  20000200    00000004     (.common:clock_get)
                  20000204    00000004     (.common:g_ui32SysClock)

.data      0    20000208    00000005     UNINITIALIZED
                  20000208    00000005     uartstdio.obj (.data)

.stack     0    20000000    00000200     UNINITIALIZED
                  20000000    00000004     rtsv7M4_T_le_v4SPD16_eabi.lib : boot_cortex_m.c.obj (.stack)
                  20000004    000001fc     --HOLE--

__llvm_prf_cnts 
*          0    20000000    00000000     UNINITIALIZED

MODULE SUMMARY

       Module                       code   ro data   rw data
       ------                       ----   -------   -------
    .\
       startup_ccs.obj              12     512       0      
       hello.obj                    248    0         8      
    +--+----------------------------+------+---------+---------+
       Total:                       260    512       8      
                                                            
    .\drivers\
       pinout.obj                   524    0         0      
    +--+----------------------------+------+---------+---------+
       Total:                       524    0         0      
                                                            
    .\utils\
       uartstdio.obj                688    24        5      
    +--+----------------------------+------+---------+---------+
       Total:                       688    24        5      
                                                            
    C:/ti/tivaware_c_series_2_1_4_178/driverlib/ccs/Debug/driverlib.lib
       sysctl.obj                   946    596       0      
       gpio.obj                     486    144       0      
    +--+----------------------------+------+---------+---------+
       Total:                       1432   740       0      
                                                            
    C:\ti\ccs1011\ccs\tools\compiler\ti-cgt-arm_20.2.1.LTS\lib\rtsv7M4_T_le_v4SPD16_eabi.lib
       memcpy_t2.asm.obj            156    0         0      
       copy_decompress_lzss.c.obj   104    0         0      
       autoinit.c.obj               68     0         0      
       u_divt2.asm.obj              64     0         0      
       boot_cortex_m.c.obj          52     0         0      
       copy_zero_init.c.obj         28     0         0      
       copy_decompress_none.c.obj   14     0         0      
       exit.c.obj                   4      0         0      
       pre_init.c.obj               4      0         0      
       div0.asm.obj                 2      0         0      
    +--+----------------------------+------+---------+---------+
       Total:                       496    0         0      
                                                            
       Stack:                       0      0         512    
       Linker Generated:            0      43        0      
    +--+----------------------------+------+---------+---------+
       Grand Total:                 3400   1319      525    


LINKER GENERATED COPY TABLES

__TI_cinit_table @ 00001268 records: 2, size/record: 8, table size: 16
	.bss: load addr=00001258, load size=00000008 bytes, run addr=20000200, run size=00000008 bytes, compression=zero_init
	.data: load addr=00001260, load size=00000007 bytes, run addr=20000208, run size=00000005 bytes, compression=lzss


LINKER GENERATED HANDLER TABLE

__TI_handler_table @ 00001248 records: 3, size/record: 4, table size: 12
	index: 0, handler: __TI_decompress_lzss
	index: 1, handler: __TI_decompress_none
	index: 2, handler: __TI_zero_init


GLOBAL SYMBOLS: SORTED ALPHABETICALLY BY Name 

address   name                          
-------   ----                          
00000f41  C$$EXIT                       
00000d15  ConfigureUART                 
00000e45  GPIODirModeSet                
000007fb  GPIOPadConfigSet              
00000c3d  GPIOPinConfigure              
00000ef9  GPIOPinTypeEthernetLED        
00000ec7  GPIOPinTypeGPIOOutput         
00000f0b  GPIOPinTypeUART               
00000f2b  GPIOPinWrite                  
00000201  PinoutSet                     
00000f31  ResetISR                      
0000040d  SysCtlClockFreqSet            
0000092d  SysCtlClockGet                
00000f37  SysCtlDelay                   
00000ddd  SysCtlPeripheralEnable        
00000bdd  UARTStdioConfig               
00000ead  UARTprintf                    
0000060d  UARTvprintf                   
00000c85  UARTwrite                     
20000200  __STACK_END                   
00000200  __STACK_SIZE                  
20000200  __STACK_TOP                   
00001268  __TI_CINIT_Base               
00001278  __TI_CINIT_Limit              
00001248  __TI_Handler_Table_Base       
00001254  __TI_Handler_Table_Limit      
00000d59  __TI_auto_init_nobinit_nopinit
00000b75  __TI_decompress_lzss          
00000f1d  __TI_decompress_none          
ffffffff  __TI_pprof_out_hndl           
ffffffff  __TI_prof_data_size           
ffffffff  __TI_prof_data_start          
00000000  __TI_static_base__            
00000e91  __TI_zero_init_nomemset       
00000f47  __aeabi_idiv0                 
00000f47  __aeabi_ldiv0                 
00000ad9  __aeabi_memcpy                
00000ad9  __aeabi_memcpy4               
00000ad9  __aeabi_memcpy8               
00000d9d  __aeabi_uidiv                 
00000d9d  __aeabi_uidivmod              
ffffffff  __binit__                     
ffffffff  __c_args__                    
UNDEFED   __mpu_init                    
20000000  __stack                       
20000000  __start___llvm_prf_cnts       
20000000  __stop___llvm_prf_cnts        
00000e11  _c_int00_noargs               
UNDEFED   _system_post_cinit            
00000f3d  _system_pre_init              
00000f41  abort                         
ffffffff  binit                         
20000200  clock_get                     
00000ee1  delayMs                       
00000000  g_pfnVectors                  
20000204  g_ui32SysClock                
00000a3d  main                          
00000ad9  memcpy                        


GLOBAL SYMBOLS: SORTED BY Symbol Address 

address   name                          
-------   ----                          
00000000  __TI_static_base__            
00000000  g_pfnVectors                  
00000200  __STACK_SIZE                  
00000201  PinoutSet                     
0000040d  SysCtlClockFreqSet            
0000060d  UARTvprintf                   
000007fb  GPIOPadConfigSet              
0000092d  SysCtlClockGet                
00000a3d  main                          
00000ad9  __aeabi_memcpy                
00000ad9  __aeabi_memcpy4               
00000ad9  __aeabi_memcpy8               
00000ad9  memcpy                        
00000b75  __TI_decompress_lzss          
00000bdd  UARTStdioConfig               
00000c3d  GPIOPinConfigure              
00000c85  UARTwrite                     
00000d15  ConfigureUART                 
00000d59  __TI_auto_init_nobinit_nopinit
00000d9d  __aeabi_uidiv                 
00000d9d  __aeabi_uidivmod              
00000ddd  SysCtlPeripheralEnable        
00000e11  _c_int00_noargs               
00000e45  GPIODirModeSet                
00000e91  __TI_zero_init_nomemset       
00000ead  UARTprintf                    
00000ec7  GPIOPinTypeGPIOOutput         
00000ee1  delayMs                       
00000ef9  GPIOPinTypeEthernetLED        
00000f0b  GPIOPinTypeUART               
00000f1d  __TI_decompress_none          
00000f2b  GPIOPinWrite                  
00000f31  ResetISR                      
00000f37  SysCtlDelay                   
00000f3d  _system_pre_init              
00000f41  C$$EXIT                       
00000f41  abort                         
00000f47  __aeabi_idiv0                 
00000f47  __aeabi_ldiv0                 
00001248  __TI_Handler_Table_Base       
00001254  __TI_Handler_Table_Limit      
00001268  __TI_CINIT_Base               
00001278  __TI_CINIT_Limit              
20000000  __stack                       
20000000  __start___llvm_prf_cnts       
20000000  __stop___llvm_prf_cnts        
20000200  __STACK_END                   
20000200  __STACK_TOP                   
20000200  clock_get                     
20000204  g_ui32SysClock                
ffffffff  __TI_pprof_out_hndl           
ffffffff  __TI_prof_data_size           
ffffffff  __TI_prof_data_start          
ffffffff  __binit__                     
ffffffff  __c_args__                    
ffffffff  binit                         
UNDEFED   __mpu_init                    
UNDEFED   _system_post_cinit            

[58 symbols]
