******************************************************************************
                  TI ARM Linker PC v20.2.4                     
******************************************************************************
>> Linked Fri Feb 26 17:16:31 2021

OUTPUT FILE NAME:   <MSP432_cs_reference_oscillator_MSP_EXP432P401R_nortos_ccs.out>
ENTRY POINT SYMBOL: "_c_int00_noargs"  address: 00000a75


MEMORY CONFIGURATION

         name            origin    length      used     unused   attr    fill
----------------------  --------  ---------  --------  --------  ----  --------
  MAIN                  00000000   00040000  00000d22  0003f2de  R  X
  INFO                  00200000   00004000  00000000  00004000  R  X
  SRAM_CODE             01000000   00010000  00000218  0000fde8  RW X
  SRAM_DATA             20000000   00010000  00000218  0000fde8  RW  


SEGMENT ALLOCATION MAP

run origin  load origin   length   init length attrs members
----------  ----------- ---------- ----------- ----- -------
00000000    00000000    00000d24   00000d24    r-x
  00000000    00000000    000000e4   000000e4    r-- .intvecs
  000000e4    000000e4    00000bf2   00000bf2    r-x .text
  00000cd8    00000cd8    00000038   00000038    r-- .const
  00000d10    00000d10    00000014   00000014    r-- .cinit
20000000    20000000    00000018   00000000    rw-
  20000000    20000000    00000018   00000000    rw- .bss
2000fe00    2000fe00    00000200   00000000    rw-
  2000fe00    2000fe00    00000200   00000000    rw- .stack


SECTION ALLOCATION MAP

 output                                  attributes/
section   page    origin      length       input sections
--------  ----  ----------  ----------   ----------------
.intvecs   0    00000000    000000e4     
                  00000000    000000e4     startup_msp432p401r_ccs.obj (.intvecs:retain)

.text      0    000000e4    00000bf2     
                  000000e4    0000015c     msp432p4xx_driverlib.lib : pcm.o (.text:__PCM_setPowerModeAdvanced)
                  00000240    00000130                              : cs.o (.text:CS_initClockSignal)
                  00000370    00000104                              : cs.o (.text:_CSComputeCLKFrequency)
                  00000474    000000f8                              : cs.o (.text:CS_getDCOFrequency)
                  0000056c    00000098     cs_reference_oscillator.obj (.text:main)
                  00000604    00000094     msp432p4xx_driverlib.lib : sysctl_a.o (.text:SysCtl_A_getTLVInfo)
                  00000698    00000084                              : gpio.o (.text:GPIO_getEnabledInterruptStatus)
                  0000071c    00000080                              : interrupt.o (.text:Interrupt_enableInterrupt)
                  0000079c    0000007c                              : cs.o (.text:_CSGetDOCFrequency)
                  00000818    00000078     system_msp432p401r.obj (.text:SystemInit)
                  00000890    00000062     msp432p4xx_driverlib.lib : cs.o (.text:_CSGetDividerValue)
                  000008f2    0000005a                              : pcm.o (.text:PCM_getPowerMode)
                  0000094c    00000058                              : gpio.o (.text:GPIO_setAsInputPinWithPullUpResistor)
                  000009a4    0000004c     cs_reference_oscillator.obj (.text:PORT1_IRQHandler)
                  000009f0    00000044     rtsv7M4_T_le_v4SPD16_eabi.lib : autoinit.c.obj (.text:__TI_auto_init_nobinit_nopinit:__TI_auto_init_nobinit_nopinit)
                  00000a34    00000040     msp432p4xx_driverlib.lib : gpio.o (.text:GPIO_setAsOutputPin)
                  00000a74    00000034     rtsv7M4_T_le_v4SPD16_eabi.lib : boot_cortex_m.c.obj (.text:_c_int00_noargs:_c_int00_noargs)
                  00000aa8    00000030     msp432p4xx_driverlib.lib : cs.o (.text:CS_clearInterruptFlag)
                  00000ad8    00000030                              : cs.o (.text:CS_setReferenceOscillatorFrequency)
                  00000b08    00000028                              : cs.o (.text:CS_getACLK)
                  00000b30    00000028                              : cs.o (.text:CS_getMCLK)
                  00000b58    00000028                              : gpio.o (.text:GPIO_clearInterruptFlag)
                  00000b80    00000028                              : gpio.o (.text:GPIO_enableInterrupt)
                  00000ba8    00000028                              : gpio.o (.text:GPIO_toggleOutputOnPin)
                  00000bd0    00000028                              : pcm.o (.text:PCM_gotoLPM0)
                  00000bf8    00000024                              : gpio.o (.text:GPIO_getInterruptStatus)
                  00000c1c    0000001c     rtsv7M4_T_le_v4SPD16_eabi.lib : copy_zero_init.c.obj (.text:decompress:ZI:__TI_zero_init_nomemset:__TI_zero_init_nomemset)
                  00000c38    00000018     msp432p4xx_driverlib.lib : systick.o (.text:SysTick_setPeriod)
                  00000c50    00000014                              : pcm.o (.text:PCM_getPowerState)
                  00000c64    00000010                              : interrupt.o (.text:Interrupt_enableMaster)
                  00000c74    00000010                              : pcm.o (.text:PCM_setPowerMode)
                  00000c84    00000010                              : systick.o (.text:SysTick_enableInterrupt)
                  00000c94    00000010                              : systick.o (.text:SysTick_enableModule)
                  00000ca4    0000000c                              : cpu.o (.text:CPU_cpsie)
                  00000cb0    0000000c     startup_msp432p401r_ccs.obj (.text:Reset_Handler)
                  00000cbc    0000000c     cs_reference_oscillator.obj (.text:SysTick_Handler)
                  00000cc8    00000004     msp432p4xx_driverlib.lib : cpu.o (.text:CPU_wfi)
                  00000ccc    00000004     rtsv7M4_T_le_v4SPD16_eabi.lib : pre_init.c.obj (.text:_system_pre_init)
                  00000cd0    00000004                                   : exit.c.obj (.text:abort:abort)
                  00000cd4    00000002     startup_msp432p401r_ccs.obj (.text:Default_Handler)

.const     0    00000cd8    00000038     
                  00000cd8    00000030     msp432p4xx_driverlib.lib : gpio.o (.const:GPIO_PORT_TO_BASE)
                  00000d08    00000008                              : interrupt.o (.const:g_pulEnRegs)

.cinit     0    00000d10    00000014     
                  00000d10    00000008     (.cinit..bss.load) [load image, compression = zero_init]
                  00000d18    00000004     (__TI_handler_table)
                  00000d1c    00000008     (__TI_cinit_table)

.init_array 
*          0    00000000    00000000     UNINITIALIZED

.binit     0    00000000    00000000     

.bss       0    20000000    00000018     UNINITIALIZED
                  20000000    00000010     cs_reference_oscillator.obj (.bss)
                  20000010    00000008     msp432p4xx_driverlib.lib : cs.o (.bss)

.stack     0    2000fe00    00000200     UNINITIALIZED
                  2000fe00    00000004     rtsv7M4_T_le_v4SPD16_eabi.lib : boot_cortex_m.c.obj (.stack)
                  2000fe04    000001fc     --HOLE--

__llvm_prf_cnts 
*          0    20000000    00000000     UNINITIALIZED

MODULE SUMMARY

       Module                        code   ro data   rw data
       ------                        ----   -------   -------
    .\
       cs_reference_oscillator.obj   240    0         32     
       system_msp432p401r.obj        120    0         0      
    +--+-----------------------------+------+---------+---------+
       Total:                        360    0         32     
                                                             
    .\ccs\
       startup_msp432p401r_ccs.obj   14     228       0      
    +--+-----------------------------+------+---------+---------+
       Total:                        14     228       0      
                                                             
    C:/ti/simplelink_msp432p4_sdk_3_40_01_02/source/ti/devices/msp432p4xx/driverlib/ccs/msp432p4xx_driverlib.lib
       cs.o                          1210   0         16     
       pcm.o                         514    0         0      
       gpio.o                        440    48        0      
       interrupt.o                   144    8         0      
       sysctl_a.o                    148    0         0      
       systick.o                     56     0         0      
       cpu.o                         16     0         0      
    +--+-----------------------------+------+---------+---------+
       Total:                        2528   56        16     
                                                             
    C:\ti\ccs1011\ccs\tools\compiler\ti-cgt-arm_20.2.4.LTS\lib\rtsv7M4_T_le_v4SPD16_eabi.lib
       autoinit.c.obj                68     0         0      
       boot_cortex_m.c.obj           52     0         0      
       copy_zero_init.c.obj          28     0         0      
       exit.c.obj                    4      0         0      
       pre_init.c.obj                4      0         0      
    +--+-----------------------------+------+---------+---------+
       Total:                        156    0         0      
                                                             
       Stack:                        0      0         1024   
       Linker Generated:             0      20        0      
    +--+-----------------------------+------+---------+---------+
       Grand Total:                  3058   304       1072   


LINKER GENERATED COPY TABLES

__TI_cinit_table @ 00000d1c records: 1, size/record: 8, table size: 8
	.bss: load addr=00000d10, load size=00000008 bytes, run addr=20000000, run size=00000018 bytes, compression=zero_init


LINKER GENERATED HANDLER TABLE

__TI_handler_table @ 00000d18 records: 1, size/record: 4, table size: 4
	index: 0, handler: __TI_zero_init


GLOBAL SYMBOLS: SORTED ALPHABETICALLY BY Name 

address   name                                
-------   ----                                
00000cd5  ADC14_IRQHandler                    
00000cd5  AES256_IRQHandler                   
00000cd5  BusFault_Handler                    
00000cd1  C$$EXIT                             
00000cd5  COMP_E0_IRQHandler                  
00000cd5  COMP_E1_IRQHandler                  
00000ca5  CPU_cpsie                           
00000cc9  CPU_wfi                             
00000cd5  CS_IRQHandler                       
00000aa9  CS_clearInterruptFlag               
00000b09  CS_getACLK                          
00000475  CS_getDCOFrequency                  
00000b31  CS_getMCLK                          
00000241  CS_initClockSignal                  
00000ad9  CS_setReferenceOscillatorFrequency  
00000cd5  DMA_ERR_IRQHandler                  
00000cd5  DMA_INT0_IRQHandler                 
00000cd5  DMA_INT1_IRQHandler                 
00000cd5  DMA_INT2_IRQHandler                 
00000cd5  DMA_INT3_IRQHandler                 
00000cd5  DebugMon_Handler                    
00000cd5  Default_Handler                     
00000cd5  EUSCIA0_IRQHandler                  
00000cd5  EUSCIA1_IRQHandler                  
00000cd5  EUSCIA2_IRQHandler                  
00000cd5  EUSCIA3_IRQHandler                  
00000cd5  EUSCIB0_IRQHandler                  
00000cd5  EUSCIB1_IRQHandler                  
00000cd5  EUSCIB2_IRQHandler                  
00000cd5  EUSCIB3_IRQHandler                  
00000cd5  FLCTL_IRQHandler                    
00000cd5  FPU_IRQHandler                      
00000b59  GPIO_clearInterruptFlag             
00000b81  GPIO_enableInterrupt                
00000699  GPIO_getEnabledInterruptStatus      
00000bf9  GPIO_getInterruptStatus             
0000094d  GPIO_setAsInputPinWithPullUpResistor
00000a35  GPIO_setAsOutputPin                 
00000ba9  GPIO_toggleOutputOnPin              
00000cd5  HardFault_Handler                   
0000071d  Interrupt_enableInterrupt           
00000c65  Interrupt_enableMaster              
00000cd5  MemManage_Handler                   
00000cd5  NMI_Handler                         
00000cd5  PCM_IRQHandler                      
000008f3  PCM_getPowerMode                    
00000c51  PCM_getPowerState                   
00000bd1  PCM_gotoLPM0                        
00000c75  PCM_setPowerMode                    
000009a5  PORT1_IRQHandler                    
000009a5  PORT1_IRQHandler                    
00000cd5  PORT2_IRQHandler                    
00000cd5  PORT3_IRQHandler                    
00000cd5  PORT4_IRQHandler                    
00000cd5  PORT5_IRQHandler                    
00000cd5  PORT6_IRQHandler                    
00000cd5  PSS_IRQHandler                      
00000cd5  PendSV_Handler                      
00000cd5  RTC_C_IRQHandler                    
00000cb1  Reset_Handler                       
00000cd5  SVC_Handler                         
00000605  SysCtl_A_getTLVInfo                 
00000cbd  SysTick_Handler                     
00000cbd  SysTick_Handler                     
00000c85  SysTick_enableInterrupt             
00000c95  SysTick_enableModule                
00000c39  SysTick_setPeriod                   
00000819  SystemInit                          
00000cd5  T32_INT1_IRQHandler                 
00000cd5  T32_INT2_IRQHandler                 
00000cd5  T32_INTC_IRQHandler                 
00000cd5  TA0_0_IRQHandler                    
00000cd5  TA0_N_IRQHandler                    
00000cd5  TA1_0_IRQHandler                    
00000cd5  TA1_N_IRQHandler                    
00000cd5  TA2_0_IRQHandler                    
00000cd5  TA2_N_IRQHandler                    
00000cd5  TA3_0_IRQHandler                    
00000cd5  TA3_N_IRQHandler                    
00000cd5  UsageFault_Handler                  
4000480c  WDTCTL_SYM                          
00000cd5  WDT_A_IRQHandler                    
20010000  __STACK_END                         
00000200  __STACK_SIZE                        
00000d1c  __TI_CINIT_Base                     
00000d24  __TI_CINIT_Limit                    
00000d18  __TI_Handler_Table_Base             
00000d1c  __TI_Handler_Table_Limit            
000009f1  __TI_auto_init_nobinit_nopinit      
ffffffff  __TI_pprof_out_hndl                 
ffffffff  __TI_prof_data_size                 
ffffffff  __TI_prof_data_start                
00000000  __TI_static_base__                  
00000c1d  __TI_zero_init_nomemset             
ffffffff  __binit__                           
ffffffff  __c_args__                          
UNDEFED   __mpu_init                          
2000fe00  __stack                             
20000000  __start___llvm_prf_cnts             
20000000  __stop___llvm_prf_cnts              
00000a75  _c_int00_noargs                     
UNDEFED   _system_post_cinit                  
00000ccd  _system_pre_init                    
00000cd1  abort                               
ffffffff  binit                               
00000000  interruptVectors                    
0000056d  main                                


GLOBAL SYMBOLS: SORTED BY Symbol Address 

address   name                                
-------   ----                                
00000000  __TI_static_base__                  
00000000  interruptVectors                    
00000200  __STACK_SIZE                        
00000241  CS_initClockSignal                  
00000475  CS_getDCOFrequency                  
0000056d  main                                
00000605  SysCtl_A_getTLVInfo                 
00000699  GPIO_getEnabledInterruptStatus      
0000071d  Interrupt_enableInterrupt           
00000819  SystemInit                          
000008f3  PCM_getPowerMode                    
0000094d  GPIO_setAsInputPinWithPullUpResistor
000009a5  PORT1_IRQHandler                    
000009a5  PORT1_IRQHandler                    
000009f1  __TI_auto_init_nobinit_nopinit      
00000a35  GPIO_setAsOutputPin                 
00000a75  _c_int00_noargs                     
00000aa9  CS_clearInterruptFlag               
00000ad9  CS_setReferenceOscillatorFrequency  
00000b09  CS_getACLK                          
00000b31  CS_getMCLK                          
00000b59  GPIO_clearInterruptFlag             
00000b81  GPIO_enableInterrupt                
00000ba9  GPIO_toggleOutputOnPin              
00000bd1  PCM_gotoLPM0                        
00000bf9  GPIO_getInterruptStatus             
00000c1d  __TI_zero_init_nomemset             
00000c39  SysTick_setPeriod                   
00000c51  PCM_getPowerState                   
00000c65  Interrupt_enableMaster              
00000c75  PCM_setPowerMode                    
00000c85  SysTick_enableInterrupt             
00000c95  SysTick_enableModule                
00000ca5  CPU_cpsie                           
00000cb1  Reset_Handler                       
00000cbd  SysTick_Handler                     
00000cbd  SysTick_Handler                     
00000cc9  CPU_wfi                             
00000ccd  _system_pre_init                    
00000cd1  C$$EXIT                             
00000cd1  abort                               
00000cd5  ADC14_IRQHandler                    
00000cd5  AES256_IRQHandler                   
00000cd5  BusFault_Handler                    
00000cd5  COMP_E0_IRQHandler                  
00000cd5  COMP_E1_IRQHandler                  
00000cd5  CS_IRQHandler                       
00000cd5  DMA_ERR_IRQHandler                  
00000cd5  DMA_INT0_IRQHandler                 
00000cd5  DMA_INT1_IRQHandler                 
00000cd5  DMA_INT2_IRQHandler                 
00000cd5  DMA_INT3_IRQHandler                 
00000cd5  DebugMon_Handler                    
00000cd5  Default_Handler                     
00000cd5  EUSCIA0_IRQHandler                  
00000cd5  EUSCIA1_IRQHandler                  
00000cd5  EUSCIA2_IRQHandler                  
00000cd5  EUSCIA3_IRQHandler                  
00000cd5  EUSCIB0_IRQHandler                  
00000cd5  EUSCIB1_IRQHandler                  
00000cd5  EUSCIB2_IRQHandler                  
00000cd5  EUSCIB3_IRQHandler                  
00000cd5  FLCTL_IRQHandler                    
00000cd5  FPU_IRQHandler                      
00000cd5  HardFault_Handler                   
00000cd5  MemManage_Handler                   
00000cd5  NMI_Handler                         
00000cd5  PCM_IRQHandler                      
00000cd5  PORT2_IRQHandler                    
00000cd5  PORT3_IRQHandler                    
00000cd5  PORT4_IRQHandler                    
00000cd5  PORT5_IRQHandler                    
00000cd5  PORT6_IRQHandler                    
00000cd5  PSS_IRQHandler                      
00000cd5  PendSV_Handler                      
00000cd5  RTC_C_IRQHandler                    
00000cd5  SVC_Handler                         
00000cd5  T32_INT1_IRQHandler                 
00000cd5  T32_INT2_IRQHandler                 
00000cd5  T32_INTC_IRQHandler                 
00000cd5  TA0_0_IRQHandler                    
00000cd5  TA0_N_IRQHandler                    
00000cd5  TA1_0_IRQHandler                    
00000cd5  TA1_N_IRQHandler                    
00000cd5  TA2_0_IRQHandler                    
00000cd5  TA2_N_IRQHandler                    
00000cd5  TA3_0_IRQHandler                    
00000cd5  TA3_N_IRQHandler                    
00000cd5  UsageFault_Handler                  
00000cd5  WDT_A_IRQHandler                    
00000d18  __TI_Handler_Table_Base             
00000d1c  __TI_CINIT_Base                     
00000d1c  __TI_Handler_Table_Limit            
00000d24  __TI_CINIT_Limit                    
20000000  __start___llvm_prf_cnts             
20000000  __stop___llvm_prf_cnts              
2000fe00  __stack                             
20010000  __STACK_END                         
4000480c  WDTCTL_SYM                          
ffffffff  __TI_pprof_out_hndl                 
ffffffff  __TI_prof_data_size                 
ffffffff  __TI_prof_data_start                
ffffffff  __binit__                           
ffffffff  __c_args__                          
ffffffff  binit                               
UNDEFED   __mpu_init                          
UNDEFED   _system_post_cinit                  

[107 symbols]
