******************************************************************************
                  TI ARM Linker PC v20.2.4                     
******************************************************************************
>> Linked Thu Feb  4 20:08:36 2021

OUTPUT FILE NAME:   <[not done]connect_esp8266.out>
ENTRY POINT SYMBOL: "_c_int00_noargs"  address: 000014e1


MEMORY CONFIGURATION

         name            origin    length      used     unused   attr    fill
----------------------  --------  ---------  --------  --------  ----  --------
  MAIN                  00000000   00040000  00001784  0003e87c  R  X
  INFO                  00200000   00004000  00000000  00004000  R  X
  SRAM_CODE             01000000   00010000  00001adc  0000e524  RW X
  SRAM_DATA             20000000   00010000  00001adc  0000e524  RW  


SEGMENT ALLOCATION MAP

run origin  load origin   length   init length attrs members
----------  ----------- ---------- ----------- ----- -------
00000000    00000000    00001788   00001788    r-x
  00000000    00000000    000000e4   000000e4    r-- .intvecs
  000000e4    000000e4    000015d8   000015d8    r-x .text
  000016c0    000016c0    000000c8   000000c8    r-- .cinit
20000000    20000000    000018dc   00000000    rw-
  20000000    20000000    00001810   00000000    rw- .bss
  20001810    20001810    000000cc   00000000    rw- .data
2000fe00    2000fe00    00000200   00000000    rw-
  2000fe00    2000fe00    00000200   00000000    rw- .stack


SECTION ALLOCATION MAP

 output                                  attributes/
section   page    origin      length       input sections
--------  ----  ----------  ----------   ----------------
.intvecs   0    00000000    000000e4     
                  00000000    000000e4     startup_msp432p401r_ccs.obj (.intvecs:retain)

.text      0    000000e4    000015d8     
                  000000e4    00000380     main.obj (.text:main)
                  00000464    0000015c     msp432p4xx_driverlib.lib : pcm.o (.text:__PCM_setPowerModeAdvanced)
                  000005c0    0000011c                              : uart.o (.text:UART_initModule)
                  000006dc    00000118     UART_Driver.obj (.text:UART_Read)
                  000007f4    00000108     msp432p4xx_driverlib.lib : pcm.o (.text:__PCM_setCoreVoltageLevelAdvanced)
                  000008fc    000000c0     ESP8266.obj (.text:ESP8266_EstablishConnection)
                  000009bc    000000ba     MSPIO.obj (.text:MSPrintf)
                  00000a76    00000002     startup_msp432p401r_ccs.obj (.text:Default_Handler)
                  00000a78    000000b8     UART_Driver.obj (.text:UART_Init)
                  00000b30    000000b0     ESP8266.obj (.text:ESP8266_SendData)
                  00000be0    0000009c     ESP8266.obj (.text:ESP8266_AvailableAPs)
                  00000c7c    0000009c     rtsv7M4_T_le_v4SPD16_eabi.lib : memcpy_t2.asm.obj (.text)
                  00000d18    0000008c     MSPIO.obj (.text:PrintInteger)
                  00000da4    00000088     UART_Driver.obj (.text:EUSCIA0_IRQHandler)
                  00000e2c    00000080     ESP8266.obj (.text:ESP8266_EnableMultipleConnections)
                  00000eac    0000007c     ESP8266.obj (.text:ESP8266_WaitForAnswer)
                  00000f28    0000007a     rtsv7M4_T_le_v4SPD16_eabi.lib : memset_t2.asm.obj (.text)
                  00000fa2    00000002     --HOLE-- [fill = 0]
                  00000fa4    00000078     ESP8266.obj (.text:ESP8266_ConnectToAP)
                  0000101c    00000078     UART_Driver.obj (.text:EUSCIA2_IRQHandler)
                  00001094    00000078     system_msp432p401r.obj (.text:SystemInit)
                  0000110c    0000006e     rtsv7M4_T_le_v4SPD16_eabi.lib : ltoa.c.obj (.text:ltoa)
                  0000117a    00000068                                   : copy_decompress_lzss.c.obj (.text:decompress:lzss:__TI_decompress_lzss)
                  000011e2    00000064     msp432p4xx_driverlib.lib : uart.o (.text:UART_getEnabledInterruptStatus)
                  00001246    0000005e                              : pcm.o (.text:PCM_getCoreVoltageLevel)
                  000012a4    0000005a                              : pcm.o (.text:PCM_getPowerMode)
                  000012fe    00000002     --HOLE-- [fill = 0]
                  00001300    0000004c     ESP8266.obj (.text:ESP8266_CheckConnection)
                  0000134c    0000004c     UART_Driver.obj (.text:UART_Available)
                  00001398    00000048     msp432p4xx_driverlib.lib : flash.o (.text:FlashCtl_setWaitState)
                  000013e0    00000048     UART_Driver.obj (.text:UART_Flush)
                  00001428    00000044     rtsv7M4_T_le_v4SPD16_eabi.lib : autoinit.c.obj (.text:__TI_auto_init_nobinit_nopinit:__TI_auto_init_nobinit_nopinit)
                  0000146c    00000040     UART_Driver.obj (.text:UART_Write)
                  000014ac    00000034     msp432p4xx_driverlib.lib : cs.o (.text:CS_setDCOCenteredFrequency)
                  000014e0    00000034     rtsv7M4_T_le_v4SPD16_eabi.lib : boot_cortex_m.c.obj (.text:_c_int00_noargs:_c_int00_noargs)
                  00001514    00000034                                   : strstr.c.obj (.text:strstr)
                  00001548    00000022     CS_Driver.obj (.text:CS_Init)
                  0000156a    00000022     ESP8266.obj (.text:ESP8266_HardReset)
                  0000158c    00000022     MSPIO.obj (.text:PrintString)
                  000015ae    00000002     --HOLE-- [fill = 0]
                  000015b0    00000020     GPIO_Driver.obj (.text:GPIO_High)
                  000015d0    00000020     GPIO_Driver.obj (.text:GPIO_Init)
                  000015f0    00000020     GPIO_Driver.obj (.text:GPIO_Low)
                  00001610    00000018     msp432p4xx_driverlib.lib : uart.o (.text:UART_getInterruptStatus)
                  00001628    00000014                              : pcm.o (.text:PCM_getPowerState)
                  0000163c    00000014     MSPIO.obj (.text:PrintChar)
                  00001650    00000014     rtsv7M4_T_le_v4SPD16_eabi.lib : strcpy.c.obj (.text:strcpy)
                  00001664    00000010     msp432p4xx_driverlib.lib : pcm.o (.text:PCM_setCoreVoltageLevel)
                  00001674    00000010                              : pcm.o (.text:PCM_setPowerMode)
                  00001684    0000000e     rtsv7M4_T_le_v4SPD16_eabi.lib : copy_decompress_none.c.obj (.text:decompress:none:__TI_decompress_none)
                  00001692    0000000c     startup_msp432p401r_ccs.obj (.text:Reset_Handler)
                  0000169e    0000000c     rtsv7M4_T_le_v4SPD16_eabi.lib : copy_zero_init.c.obj (.text:decompress:ZI:__TI_zero_init)
                  000016aa    00000002     --HOLE-- [fill = 0]
                  000016ac    00000008     ESP8266.obj (.text:ESP8266_GetBuffer)
                  000016b4    00000004     rtsv7M4_T_le_v4SPD16_eabi.lib : pre_init.c.obj (.text:_system_pre_init)
                  000016b8    00000004                                   : exit.c.obj (.text:abort:abort)

.cinit     0    000016c0    000000c8     
                  000016c0    0000009f     (.cinit..data.load) [load image, compression = lzss]
                  0000175f    00000001     --HOLE-- [fill = 0]
                  00001760    0000000c     (__TI_handler_table)
                  0000176c    00000004     --HOLE-- [fill = 0]
                  00001770    00000008     (.cinit..bss.load) [load image, compression = zero_init]
                  00001778    00000010     (__TI_cinit_table)

.init_array 
*          0    00000000    00000000     UNINITIALIZED

.binit     0    00000000    00000000     

.bss       0    20000000    00001810     UNINITIALIZED
                  20000000    00000800     (.common:ESP8266_Buffer)
                  20000800    00000800     (.common:UARTA0Data)
                  20001000    00000800     (.common:UARTA2Data)
                  20001800    00000004     (.common:UARTA0ReadIndex)
                  20001804    00000004     (.common:UARTA0WriteIndex)
                  20001808    00000004     (.common:UARTA2ReadIndex)
                  2000180c    00000004     (.common:UARTA2WriteIndex)

.data      0    20001810    000000cc     UNINITIALIZED
                  20001810    00000061     main.obj (.data:HTTP_Request)
                  20001871    00000003     main.obj (.data:Port)
                  20001874    00000028     main.obj (.data:UART0Config)
                  2000189c    00000028     main.obj (.data:UART2Config)
                  200018c4    00000013     main.obj (.data:HTTP_WebPage)
                  200018d7    00000001     --HOLE--
                  200018d8    00000004     main.obj (.data)

.stack     0    2000fe00    00000200     UNINITIALIZED
                  2000fe00    00000004     rtsv7M4_T_le_v4SPD16_eabi.lib : boot_cortex_m.c.obj (.stack)
                  2000fe04    000001fc     --HOLE--

__llvm_prf_cnts 
*          0    20000000    00000000     UNINITIALIZED

MODULE SUMMARY

       Module                        code   ro data   rw data
       ------                        ----   -------   -------
    .\
       main.obj                      896    0         406    
       system_msp432p401r.obj        120    0         0      
    +--+-----------------------------+------+---------+---------+
       Total:                        1016   0         406    
                                                             
    .\Devices\
       ESP8266.obj                   1014   0         4096   
       MSPIO.obj                     380    0         0      
    +--+-----------------------------+------+---------+---------+
       Total:                        1394   0         4096   
                                                             
    .\Hardware\
       UART_Driver.obj               932    0         8224   
       GPIO_Driver.obj               96     0         0      
       CS_Driver.obj                 34     0         0      
    +--+-----------------------------+------+---------+---------+
       Total:                        1062   0         8224   
                                                             
    .\ccs\
       startup_msp432p401r_ccs.obj   14     228       0      
    +--+-----------------------------+------+---------+---------+
       Total:                        14     228       0      
                                                             
    C:/ti/simplelink_msp432p4_sdk_3_40_01_02/source/ti/devices/msp432p4xx/driverlib/ccs/msp432p4xx_driverlib.lib
       pcm.o                         848    0         0      
       uart.o                        408    0         0      
       flash.o                       72     0         0      
       cs.o                          52     0         0      
    +--+-----------------------------+------+---------+---------+
       Total:                        1380   0         0      
                                                             
    C:\ti\ccs1011\ccs\tools\compiler\ti-cgt-arm_20.2.4.LTS\lib\rtsv7M4_T_le_v4SPD16_eabi.lib
       memcpy_t2.asm.obj             156    0         0      
       memset_t2.asm.obj             122    0         0      
       ltoa.c.obj                    110    0         0      
       copy_decompress_lzss.c.obj    104    0         0      
       autoinit.c.obj                68     0         0      
       boot_cortex_m.c.obj           52     0         0      
       strstr.c.obj                  52     0         0      
       strcpy.c.obj                  20     0         0      
       copy_decompress_none.c.obj    14     0         0      
       copy_zero_init.c.obj          12     0         0      
       exit.c.obj                    4      0         0      
       pre_init.c.obj                4      0         0      
    +--+-----------------------------+------+---------+---------+
       Total:                        718    0         0      
                                                             
       Stack:                        0      0         1024   
       Linker Generated:             0      195       0      
    +--+-----------------------------+------+---------+---------+
       Grand Total:                  5584   423       13750  


LINKER GENERATED COPY TABLES

__TI_cinit_table @ 00001778 records: 2, size/record: 8, table size: 16
	.data: load addr=000016c0, load size=0000009f bytes, run addr=20001810, run size=000000cc bytes, compression=lzss
	.bss: load addr=00001770, load size=00000008 bytes, run addr=20000000, run size=00001810 bytes, compression=zero_init


LINKER GENERATED HANDLER TABLE

__TI_handler_table @ 00001760 records: 3, size/record: 4, table size: 12
	index: 0, handler: __TI_decompress_lzss
	index: 1, handler: __TI_decompress_none
	index: 2, handler: __TI_zero_init


GLOBAL SYMBOLS: SORTED ALPHABETICALLY BY Name 

address   name                             
-------   ----                             
00000a77  ADC14_IRQHandler                 
00000a77  AES256_IRQHandler                
00000a77  BusFault_Handler                 
000016b9  C$$EXIT                          
00000a77  COMP_E0_IRQHandler               
00000a77  COMP_E1_IRQHandler               
00000a77  CS_IRQHandler                    
00001549  CS_Init                          
000014ad  CS_setDCOCenteredFrequency       
00000a77  DMA_ERR_IRQHandler               
00000a77  DMA_INT0_IRQHandler              
00000a77  DMA_INT1_IRQHandler              
00000a77  DMA_INT2_IRQHandler              
00000a77  DMA_INT3_IRQHandler              
00000a77  DebugMon_Handler                 
00000a77  Default_Handler                  
00000be1  ESP8266_AvailableAPs             
20000000  ESP8266_Buffer                   
00001301  ESP8266_CheckConnection          
00000fa5  ESP8266_ConnectToAP              
00000e2d  ESP8266_EnableMultipleConnections
000008fd  ESP8266_EstablishConnection      
000016ad  ESP8266_GetBuffer                
0000156b  ESP8266_HardReset                
00000b31  ESP8266_SendData                 
00000ead  ESP8266_WaitForAnswer            
00000da5  EUSCIA0_IRQHandler               
00000da5  EUSCIA0_IRQHandler               
00000a77  EUSCIA1_IRQHandler               
0000101d  EUSCIA2_IRQHandler               
0000101d  EUSCIA2_IRQHandler               
00000a77  EUSCIA3_IRQHandler               
00000a77  EUSCIB0_IRQHandler               
00000a77  EUSCIB1_IRQHandler               
00000a77  EUSCIB2_IRQHandler               
00000a77  EUSCIB3_IRQHandler               
00000a77  FLCTL_IRQHandler                 
00000a77  FPU_IRQHandler                   
00001399  FlashCtl_setWaitState            
000015b1  GPIO_High                        
000015d1  GPIO_Init                        
000015f1  GPIO_Low                         
20001810  HTTP_Request                     
200018d8  HTTP_Request_Size                
200018c4  HTTP_WebPage                     
00000a77  HardFault_Handler                
000009bd  MSPrintf                         
00000a77  MemManage_Handler                
00000a77  NMI_Handler                      
00000a77  PCM_IRQHandler                   
00001247  PCM_getCoreVoltageLevel          
000012a5  PCM_getPowerMode                 
00001629  PCM_getPowerState                
00001665  PCM_setCoreVoltageLevel          
00001675  PCM_setPowerMode                 
00000a77  PORT1_IRQHandler                 
00000a77  PORT2_IRQHandler                 
00000a77  PORT3_IRQHandler                 
00000a77  PORT4_IRQHandler                 
00000a77  PORT5_IRQHandler                 
00000a77  PORT6_IRQHandler                 
00000a77  PSS_IRQHandler                   
00000a77  PendSV_Handler                   
20001871  Port                             
0000163d  PrintChar                        
00000d19  PrintInteger                     
0000158d  PrintString                      
00000a77  RTC_C_IRQHandler                 
00001693  Reset_Handler                    
00000a77  SVC_Handler                      
00000a77  SysTick_Handler                  
00001095  SystemInit                       
00000a77  T32_INT1_IRQHandler              
00000a77  T32_INT2_IRQHandler              
00000a77  T32_INTC_IRQHandler              
00000a77  TA0_0_IRQHandler                 
00000a77  TA0_N_IRQHandler                 
00000a77  TA1_0_IRQHandler                 
00000a77  TA1_N_IRQHandler                 
00000a77  TA2_0_IRQHandler                 
00000a77  TA2_N_IRQHandler                 
00000a77  TA3_0_IRQHandler                 
00000a77  TA3_N_IRQHandler                 
20001874  UART0Config                      
2000189c  UART2Config                      
20000800  UARTA0Data                       
20001800  UARTA0ReadIndex                  
20001804  UARTA0WriteIndex                 
20001000  UARTA2Data                       
20001808  UARTA2ReadIndex                  
2000180c  UARTA2WriteIndex                 
0000134d  UART_Available                   
000013e1  UART_Flush                       
00000a79  UART_Init                        
000006dd  UART_Read                        
0000146d  UART_Write                       
000011e3  UART_getEnabledInterruptStatus   
00001611  UART_getInterruptStatus          
000005c1  UART_initModule                  
00000a77  UsageFault_Handler               
4000480c  WDTCTL_SYM                       
00000a77  WDT_A_IRQHandler                 
20010000  __STACK_END                      
00000200  __STACK_SIZE                     
00001778  __TI_CINIT_Base                  
00001788  __TI_CINIT_Limit                 
00001760  __TI_Handler_Table_Base          
0000176c  __TI_Handler_Table_Limit         
00001429  __TI_auto_init_nobinit_nopinit   
0000117b  __TI_decompress_lzss             
00001685  __TI_decompress_none             
ffffffff  __TI_pprof_out_hndl              
ffffffff  __TI_prof_data_size              
ffffffff  __TI_prof_data_start             
00000000  __TI_static_base__               
0000169f  __TI_zero_init                   
00000f29  __aeabi_memclr                   
00000f29  __aeabi_memclr4                  
00000f29  __aeabi_memclr8                  
00000c7d  __aeabi_memcpy                   
00000c7d  __aeabi_memcpy4                  
00000c7d  __aeabi_memcpy8                  
00000f2b  __aeabi_memset                   
00000f2b  __aeabi_memset4                  
00000f2b  __aeabi_memset8                  
ffffffff  __binit__                        
ffffffff  __c_args__                       
UNDEFED   __mpu_init                       
2000fe00  __stack                          
20000000  __start___llvm_prf_cnts          
20000000  __stop___llvm_prf_cnts           
000014e1  _c_int00_noargs                  
UNDEFED   _system_post_cinit               
000016b5  _system_pre_init                 
000016b9  abort                            
ffffffff  binit                            
00000000  interruptVectors                 
0000110d  ltoa                             
000000e5  main                             
00000c7d  memcpy                           
00000f31  memset                           
00001651  strcpy                           
00001515  strstr                           


GLOBAL SYMBOLS: SORTED BY Symbol Address 

address   name                             
-------   ----                             
00000000  __TI_static_base__               
00000000  interruptVectors                 
000000e5  main                             
00000200  __STACK_SIZE                     
000005c1  UART_initModule                  
000006dd  UART_Read                        
000008fd  ESP8266_EstablishConnection      
000009bd  MSPrintf                         
00000a77  ADC14_IRQHandler                 
00000a77  AES256_IRQHandler                
00000a77  BusFault_Handler                 
00000a77  COMP_E0_IRQHandler               
00000a77  COMP_E1_IRQHandler               
00000a77  CS_IRQHandler                    
00000a77  DMA_ERR_IRQHandler               
00000a77  DMA_INT0_IRQHandler              
00000a77  DMA_INT1_IRQHandler              
00000a77  DMA_INT2_IRQHandler              
00000a77  DMA_INT3_IRQHandler              
00000a77  DebugMon_Handler                 
00000a77  Default_Handler                  
00000a77  EUSCIA1_IRQHandler               
00000a77  EUSCIA3_IRQHandler               
00000a77  EUSCIB0_IRQHandler               
00000a77  EUSCIB1_IRQHandler               
00000a77  EUSCIB2_IRQHandler               
00000a77  EUSCIB3_IRQHandler               
00000a77  FLCTL_IRQHandler                 
00000a77  FPU_IRQHandler                   
00000a77  HardFault_Handler                
00000a77  MemManage_Handler                
00000a77  NMI_Handler                      
00000a77  PCM_IRQHandler                   
00000a77  PORT1_IRQHandler                 
00000a77  PORT2_IRQHandler                 
00000a77  PORT3_IRQHandler                 
00000a77  PORT4_IRQHandler                 
00000a77  PORT5_IRQHandler                 
00000a77  PORT6_IRQHandler                 
00000a77  PSS_IRQHandler                   
00000a77  PendSV_Handler                   
00000a77  RTC_C_IRQHandler                 
00000a77  SVC_Handler                      
00000a77  SysTick_Handler                  
00000a77  T32_INT1_IRQHandler              
00000a77  T32_INT2_IRQHandler              
00000a77  T32_INTC_IRQHandler              
00000a77  TA0_0_IRQHandler                 
00000a77  TA0_N_IRQHandler                 
00000a77  TA1_0_IRQHandler                 
00000a77  TA1_N_IRQHandler                 
00000a77  TA2_0_IRQHandler                 
00000a77  TA2_N_IRQHandler                 
00000a77  TA3_0_IRQHandler                 
00000a77  TA3_N_IRQHandler                 
00000a77  UsageFault_Handler               
00000a77  WDT_A_IRQHandler                 
00000a79  UART_Init                        
00000b31  ESP8266_SendData                 
00000be1  ESP8266_AvailableAPs             
00000c7d  __aeabi_memcpy                   
00000c7d  __aeabi_memcpy4                  
00000c7d  __aeabi_memcpy8                  
00000c7d  memcpy                           
00000d19  PrintInteger                     
00000da5  EUSCIA0_IRQHandler               
00000da5  EUSCIA0_IRQHandler               
00000e2d  ESP8266_EnableMultipleConnections
00000ead  ESP8266_WaitForAnswer            
00000f29  __aeabi_memclr                   
00000f29  __aeabi_memclr4                  
00000f29  __aeabi_memclr8                  
00000f2b  __aeabi_memset                   
00000f2b  __aeabi_memset4                  
00000f2b  __aeabi_memset8                  
00000f31  memset                           
00000fa5  ESP8266_ConnectToAP              
0000101d  EUSCIA2_IRQHandler               
0000101d  EUSCIA2_IRQHandler               
00001095  SystemInit                       
0000110d  ltoa                             
0000117b  __TI_decompress_lzss             
000011e3  UART_getEnabledInterruptStatus   
00001247  PCM_getCoreVoltageLevel          
000012a5  PCM_getPowerMode                 
00001301  ESP8266_CheckConnection          
0000134d  UART_Available                   
00001399  FlashCtl_setWaitState            
000013e1  UART_Flush                       
00001429  __TI_auto_init_nobinit_nopinit   
0000146d  UART_Write                       
000014ad  CS_setDCOCenteredFrequency       
000014e1  _c_int00_noargs                  
00001515  strstr                           
00001549  CS_Init                          
0000156b  ESP8266_HardReset                
0000158d  PrintString                      
000015b1  GPIO_High                        
000015d1  GPIO_Init                        
000015f1  GPIO_Low                         
00001611  UART_getInterruptStatus          
00001629  PCM_getPowerState                
0000163d  PrintChar                        
00001651  strcpy                           
00001665  PCM_setCoreVoltageLevel          
00001675  PCM_setPowerMode                 
00001685  __TI_decompress_none             
00001693  Reset_Handler                    
0000169f  __TI_zero_init                   
000016ad  ESP8266_GetBuffer                
000016b5  _system_pre_init                 
000016b9  C$$EXIT                          
000016b9  abort                            
00001760  __TI_Handler_Table_Base          
0000176c  __TI_Handler_Table_Limit         
00001778  __TI_CINIT_Base                  
00001788  __TI_CINIT_Limit                 
20000000  ESP8266_Buffer                   
20000000  __start___llvm_prf_cnts          
20000000  __stop___llvm_prf_cnts           
20000800  UARTA0Data                       
20001000  UARTA2Data                       
20001800  UARTA0ReadIndex                  
20001804  UARTA0WriteIndex                 
20001808  UARTA2ReadIndex                  
2000180c  UARTA2WriteIndex                 
20001810  HTTP_Request                     
20001871  Port                             
20001874  UART0Config                      
2000189c  UART2Config                      
200018c4  HTTP_WebPage                     
200018d8  HTTP_Request_Size                
2000fe00  __stack                          
20010000  __STACK_END                      
4000480c  WDTCTL_SYM                       
ffffffff  __TI_pprof_out_hndl              
ffffffff  __TI_prof_data_size              
ffffffff  __TI_prof_data_start             
ffffffff  __binit__                        
ffffffff  __c_args__                       
ffffffff  binit                            
UNDEFED   __mpu_init                       
UNDEFED   _system_post_cinit               

[143 symbols]
