******************************************************************************
                  TI ARM Linker PC v20.2.4                     
******************************************************************************
>> Linked Wed Feb  3 22:01:30 2021

OUTPUT FILE NAME:   <connect_esp8266.out>
ENTRY POINT SYMBOL: "_c_int00_noargs"  address: 000013d1


MEMORY CONFIGURATION

         name            origin    length      used     unused   attr    fill
----------------------  --------  ---------  --------  --------  ----  --------
  MAIN                  00000000   00040000  00001674  0003e98c  R  X
  INFO                  00200000   00004000  00000000  00004000  R  X
  SRAM_CODE             01000000   00010000  00001adc  0000e524  RW X
  SRAM_DATA             20000000   00010000  00001adc  0000e524  RW  


SEGMENT ALLOCATION MAP

run origin  load origin   length   init length attrs members
----------  ----------- ---------- ----------- ----- -------
00000000    00000000    00001678   00001678    r-x
  00000000    00000000    000000e4   000000e4    r-- .intvecs
  000000e4    000000e4    000014c8   000014c8    r-x .text
  000015b0    000015b0    000000c8   000000c8    r-- .cinit
20000000    20000000    000018dc   00000000    rw-
  20000000    20000000    00001810   00000000    rw- .bss
  20001810    20001810    000000cc   00000000    rw- .data
2000fe00    2000fe00    00000200   00000000    rw-
  2000fe00    2000fe00    00000200   00000000    rw- .stack


SECTION ALLOCATION MAP

 output                                  attributes/
section   page    origin      length       input sections
--------  ----  ----------  ----------   ----------------
.intvecs   0    00000000    000000e4     
                  00000000    000000e4     startup_msp432p401r_ccs.obj (.intvecs:retain)

.text      0    000000e4    000014c8     
                  000000e4    00000334     main.obj (.text:main)
                  00000418    0000015c     msp432p4xx_driverlib.lib : pcm.o (.text:__PCM_setPowerModeAdvanced)
                  00000574    0000011c                              : uart.o (.text:UART_initModule)
                  00000690    00000118     UART_Driver.obj (.text:UART_Read)
                  000007a8    00000108     msp432p4xx_driverlib.lib : pcm.o (.text:__PCM_setCoreVoltageLevelAdvanced)
                  000008b0    000000c0     ESP8266.obj (.text:ESP8266_EstablishConnection)
                  00000970    000000ba     MSPIO.obj (.text:MSPrintf)
                  00000a2a    00000002     startup_msp432p401r_ccs.obj (.text:Default_Handler)
                  00000a2c    000000b8     UART_Driver.obj (.text:UART_Init)
                  00000ae4    000000b0     ESP8266.obj (.text:ESP8266_SendData)
                  00000b94    0000009c     rtsv7M4_T_le_v4SPD16_eabi.lib : memcpy_t2.asm.obj (.text)
                  00000c30    0000008c     MSPIO.obj (.text:PrintInteger)
                  00000cbc    00000088     UART_Driver.obj (.text:EUSCIA0_IRQHandler)
                  00000d44    00000080     ESP8266.obj (.text:ESP8266_EnableMultipleConnections)
                  00000dc4    0000007c     ESP8266.obj (.text:ESP8266_WaitForAnswer)
                  00000e40    0000007a     rtsv7M4_T_le_v4SPD16_eabi.lib : memset_t2.asm.obj (.text)
                  00000eba    00000002     --HOLE-- [fill = 0]
                  00000ebc    00000078     UART_Driver.obj (.text:EUSCIA2_IRQHandler)
                  00000f34    00000078     system_msp432p401r.obj (.text:SystemInit)
                  00000fac    0000006e     rtsv7M4_T_le_v4SPD16_eabi.lib : ltoa.c.obj (.text:ltoa)
                  0000101a    00000068                                   : copy_decompress_lzss.c.obj (.text:decompress:lzss:__TI_decompress_lzss)
                  00001082    00000064     msp432p4xx_driverlib.lib : uart.o (.text:UART_getEnabledInterruptStatus)
                  000010e6    0000005e                              : pcm.o (.text:PCM_getCoreVoltageLevel)
                  00001144    0000005a                              : pcm.o (.text:PCM_getPowerMode)
                  0000119e    00000002     --HOLE-- [fill = 0]
                  000011a0    00000050     ESP8266.obj (.text:ESP8266_AvailableAPs)
                  000011f0    0000004c     ESP8266.obj (.text:ESP8266_CheckConnection)
                  0000123c    0000004c     UART_Driver.obj (.text:UART_Available)
                  00001288    00000048     msp432p4xx_driverlib.lib : flash.o (.text:FlashCtl_setWaitState)
                  000012d0    00000048     UART_Driver.obj (.text:UART_Flush)
                  00001318    00000044     rtsv7M4_T_le_v4SPD16_eabi.lib : autoinit.c.obj (.text:__TI_auto_init_nobinit_nopinit:__TI_auto_init_nobinit_nopinit)
                  0000135c    00000040     UART_Driver.obj (.text:UART_Write)
                  0000139c    00000034     msp432p4xx_driverlib.lib : cs.o (.text:CS_setDCOCenteredFrequency)
                  000013d0    00000034     rtsv7M4_T_le_v4SPD16_eabi.lib : boot_cortex_m.c.obj (.text:_c_int00_noargs:_c_int00_noargs)
                  00001404    00000034                                   : strstr.c.obj (.text:strstr)
                  00001438    00000022     CS_Driver.obj (.text:CS_Init)
                  0000145a    00000022     ESP8266.obj (.text:ESP8266_HardReset)
                  0000147c    00000022     MSPIO.obj (.text:PrintString)
                  0000149e    00000002     --HOLE-- [fill = 0]
                  000014a0    00000020     GPIO_Driver.obj (.text:GPIO_High)
                  000014c0    00000020     GPIO_Driver.obj (.text:GPIO_Init)
                  000014e0    00000020     GPIO_Driver.obj (.text:GPIO_Low)
                  00001500    00000018     msp432p4xx_driverlib.lib : uart.o (.text:UART_getInterruptStatus)
                  00001518    00000014                              : pcm.o (.text:PCM_getPowerState)
                  0000152c    00000014     MSPIO.obj (.text:PrintChar)
                  00001540    00000014     rtsv7M4_T_le_v4SPD16_eabi.lib : strcpy.c.obj (.text:strcpy)
                  00001554    00000010     msp432p4xx_driverlib.lib : pcm.o (.text:PCM_setCoreVoltageLevel)
                  00001564    00000010                              : pcm.o (.text:PCM_setPowerMode)
                  00001574    0000000e     rtsv7M4_T_le_v4SPD16_eabi.lib : copy_decompress_none.c.obj (.text:decompress:none:__TI_decompress_none)
                  00001582    0000000c     startup_msp432p401r_ccs.obj (.text:Reset_Handler)
                  0000158e    0000000c     rtsv7M4_T_le_v4SPD16_eabi.lib : copy_zero_init.c.obj (.text:decompress:ZI:__TI_zero_init)
                  0000159a    00000002     --HOLE-- [fill = 0]
                  0000159c    00000008     ESP8266.obj (.text:ESP8266_GetBuffer)
                  000015a4    00000004     rtsv7M4_T_le_v4SPD16_eabi.lib : pre_init.c.obj (.text:_system_pre_init)
                  000015a8    00000004                                   : exit.c.obj (.text:abort:abort)

.cinit     0    000015b0    000000c8     
                  000015b0    0000009f     (.cinit..data.load) [load image, compression = lzss]
                  0000164f    00000001     --HOLE-- [fill = 0]
                  00001650    0000000c     (__TI_handler_table)
                  0000165c    00000004     --HOLE-- [fill = 0]
                  00001660    00000008     (.cinit..bss.load) [load image, compression = zero_init]
                  00001668    00000010     (__TI_cinit_table)

.init_array 
*          0    00000000    00000000     UNINITIALIZED

.binit     0    00000000    00000000     

.bss       0    20000000    00001810     UNINITIALIZED
                  20000000    00000800     (.common:ESP8266_Buffer)
                  20000800    00000800     (.common:UARTA0Data)
                  20001000    00000800     (.common:UARTA2Data)
                  20001800    00000004     (.common:UARTA0ReadIndex)
                  20001804    00000004     (.common:UARTA0WriteIndex)
                  20001808    00000004     (.common:UARTA2ReadIndex)
                  2000180c    00000004     (.common:UARTA2WriteIndex)

.data      0    20001810    000000cc     UNINITIALIZED
                  20001810    00000061     main.obj (.data:HTTP_Request)
                  20001871    00000003     main.obj (.data:Port)
                  20001874    00000028     main.obj (.data:UART0Config)
                  2000189c    00000028     main.obj (.data:UART2Config)
                  200018c4    00000013     main.obj (.data:HTTP_WebPage)
                  200018d7    00000001     --HOLE--
                  200018d8    00000004     main.obj (.data)

.stack     0    2000fe00    00000200     UNINITIALIZED
                  2000fe00    00000004     rtsv7M4_T_le_v4SPD16_eabi.lib : boot_cortex_m.c.obj (.stack)
                  2000fe04    000001fc     --HOLE--

__llvm_prf_cnts 
*          0    20000000    00000000     UNINITIALIZED

MODULE SUMMARY

       Module                        code   ro data   rw data
       ------                        ----   -------   -------
    .\
       main.obj                      820    0         406    
       system_msp432p401r.obj        120    0         0      
    +--+-----------------------------+------+---------+---------+
       Total:                        940    0         406    
                                                             
    .\Devices\
       ESP8266.obj                   818    0         4096   
       MSPIO.obj                     380    0         0      
    +--+-----------------------------+------+---------+---------+
       Total:                        1198   0         4096   
                                                             
    .\Hardware\
       UART_Driver.obj               932    0         8224   
       GPIO_Driver.obj               96     0         0      
       CS_Driver.obj                 34     0         0      
    +--+-----------------------------+------+---------+---------+
       Total:                        1062   0         8224   
                                                             
    .\ccs\
       startup_msp432p401r_ccs.obj   14     228       0      
    +--+-----------------------------+------+---------+---------+
       Total:                        14     228       0      
                                                             
    C:/ti/simplelink_msp432p4_sdk_3_40_01_02/source/ti/devices/msp432p4xx/driverlib/ccs/msp432p4xx_driverlib.lib
       pcm.o                         848    0         0      
       uart.o                        408    0         0      
       flash.o                       72     0         0      
       cs.o                          52     0         0      
    +--+-----------------------------+------+---------+---------+
       Total:                        1380   0         0      
                                                             
    C:\ti\ccs1011\ccs\tools\compiler\ti-cgt-arm_20.2.4.LTS\lib\rtsv7M4_T_le_v4SPD16_eabi.lib
       memcpy_t2.asm.obj             156    0         0      
       memset_t2.asm.obj             122    0         0      
       ltoa.c.obj                    110    0         0      
       copy_decompress_lzss.c.obj    104    0         0      
       autoinit.c.obj                68     0         0      
       boot_cortex_m.c.obj           52     0         0      
       strstr.c.obj                  52     0         0      
       strcpy.c.obj                  20     0         0      
       copy_decompress_none.c.obj    14     0         0      
       copy_zero_init.c.obj          12     0         0      
       exit.c.obj                    4      0         0      
       pre_init.c.obj                4      0         0      
    +--+-----------------------------+------+---------+---------+
       Total:                        718    0         0      
                                                             
       Stack:                        0      0         1024   
       Linker Generated:             0      195       0      
    +--+-----------------------------+------+---------+---------+
       Grand Total:                  5312   423       13750  


LINKER GENERATED COPY TABLES

__TI_cinit_table @ 00001668 records: 2, size/record: 8, table size: 16
	.data: load addr=000015b0, load size=0000009f bytes, run addr=20001810, run size=000000cc bytes, compression=lzss
	.bss: load addr=00001660, load size=00000008 bytes, run addr=20000000, run size=00001810 bytes, compression=zero_init


LINKER GENERATED HANDLER TABLE

__TI_handler_table @ 00001650 records: 3, size/record: 4, table size: 12
	index: 0, handler: __TI_decompress_lzss
	index: 1, handler: __TI_decompress_none
	index: 2, handler: __TI_zero_init


GLOBAL SYMBOLS: SORTED ALPHABETICALLY BY Name 

address   name                             
-------   ----                             
00000a2b  ADC14_IRQHandler                 
00000a2b  AES256_IRQHandler                
00000a2b  BusFault_Handler                 
000015a9  C$$EXIT                          
00000a2b  COMP_E0_IRQHandler               
00000a2b  COMP_E1_IRQHandler               
00000a2b  CS_IRQHandler                    
00001439  CS_Init                          
0000139d  CS_setDCOCenteredFrequency       
00000a2b  DMA_ERR_IRQHandler               
00000a2b  DMA_INT0_IRQHandler              
00000a2b  DMA_INT1_IRQHandler              
00000a2b  DMA_INT2_IRQHandler              
00000a2b  DMA_INT3_IRQHandler              
00000a2b  DebugMon_Handler                 
00000a2b  Default_Handler                  
000011a1  ESP8266_AvailableAPs             
20000000  ESP8266_Buffer                   
000011f1  ESP8266_CheckConnection          
00000d45  ESP8266_EnableMultipleConnections
000008b1  ESP8266_EstablishConnection      
0000159d  ESP8266_GetBuffer                
0000145b  ESP8266_HardReset                
00000ae5  ESP8266_SendData                 
00000dc5  ESP8266_WaitForAnswer            
00000cbd  EUSCIA0_IRQHandler               
00000cbd  EUSCIA0_IRQHandler               
00000a2b  EUSCIA1_IRQHandler               
00000ebd  EUSCIA2_IRQHandler               
00000ebd  EUSCIA2_IRQHandler               
00000a2b  EUSCIA3_IRQHandler               
00000a2b  EUSCIB0_IRQHandler               
00000a2b  EUSCIB1_IRQHandler               
00000a2b  EUSCIB2_IRQHandler               
00000a2b  EUSCIB3_IRQHandler               
00000a2b  FLCTL_IRQHandler                 
00000a2b  FPU_IRQHandler                   
00001289  FlashCtl_setWaitState            
000014a1  GPIO_High                        
000014c1  GPIO_Init                        
000014e1  GPIO_Low                         
20001810  HTTP_Request                     
200018d8  HTTP_Request_Size                
200018c4  HTTP_WebPage                     
00000a2b  HardFault_Handler                
00000971  MSPrintf                         
00000a2b  MemManage_Handler                
00000a2b  NMI_Handler                      
00000a2b  PCM_IRQHandler                   
000010e7  PCM_getCoreVoltageLevel          
00001145  PCM_getPowerMode                 
00001519  PCM_getPowerState                
00001555  PCM_setCoreVoltageLevel          
00001565  PCM_setPowerMode                 
00000a2b  PORT1_IRQHandler                 
00000a2b  PORT2_IRQHandler                 
00000a2b  PORT3_IRQHandler                 
00000a2b  PORT4_IRQHandler                 
00000a2b  PORT5_IRQHandler                 
00000a2b  PORT6_IRQHandler                 
00000a2b  PSS_IRQHandler                   
00000a2b  PendSV_Handler                   
20001871  Port                             
0000152d  PrintChar                        
00000c31  PrintInteger                     
0000147d  PrintString                      
00000a2b  RTC_C_IRQHandler                 
00001583  Reset_Handler                    
00000a2b  SVC_Handler                      
00000a2b  SysTick_Handler                  
00000f35  SystemInit                       
00000a2b  T32_INT1_IRQHandler              
00000a2b  T32_INT2_IRQHandler              
00000a2b  T32_INTC_IRQHandler              
00000a2b  TA0_0_IRQHandler                 
00000a2b  TA0_N_IRQHandler                 
00000a2b  TA1_0_IRQHandler                 
00000a2b  TA1_N_IRQHandler                 
00000a2b  TA2_0_IRQHandler                 
00000a2b  TA2_N_IRQHandler                 
00000a2b  TA3_0_IRQHandler                 
00000a2b  TA3_N_IRQHandler                 
20001874  UART0Config                      
2000189c  UART2Config                      
20000800  UARTA0Data                       
20001800  UARTA0ReadIndex                  
20001804  UARTA0WriteIndex                 
20001000  UARTA2Data                       
20001808  UARTA2ReadIndex                  
2000180c  UARTA2WriteIndex                 
0000123d  UART_Available                   
000012d1  UART_Flush                       
00000a2d  UART_Init                        
00000691  UART_Read                        
0000135d  UART_Write                       
00001083  UART_getEnabledInterruptStatus   
00001501  UART_getInterruptStatus          
00000575  UART_initModule                  
00000a2b  UsageFault_Handler               
4000480c  WDTCTL_SYM                       
00000a2b  WDT_A_IRQHandler                 
20010000  __STACK_END                      
00000200  __STACK_SIZE                     
00001668  __TI_CINIT_Base                  
00001678  __TI_CINIT_Limit                 
00001650  __TI_Handler_Table_Base          
0000165c  __TI_Handler_Table_Limit         
00001319  __TI_auto_init_nobinit_nopinit   
0000101b  __TI_decompress_lzss             
00001575  __TI_decompress_none             
ffffffff  __TI_pprof_out_hndl              
ffffffff  __TI_prof_data_size              
ffffffff  __TI_prof_data_start             
00000000  __TI_static_base__               
0000158f  __TI_zero_init                   
00000e41  __aeabi_memclr                   
00000e41  __aeabi_memclr4                  
00000e41  __aeabi_memclr8                  
00000b95  __aeabi_memcpy                   
00000b95  __aeabi_memcpy4                  
00000b95  __aeabi_memcpy8                  
00000e43  __aeabi_memset                   
00000e43  __aeabi_memset4                  
00000e43  __aeabi_memset8                  
ffffffff  __binit__                        
ffffffff  __c_args__                       
UNDEFED   __mpu_init                       
2000fe00  __stack                          
20000000  __start___llvm_prf_cnts          
20000000  __stop___llvm_prf_cnts           
000013d1  _c_int00_noargs                  
UNDEFED   _system_post_cinit               
000015a5  _system_pre_init                 
000015a9  abort                            
ffffffff  binit                            
00000000  interruptVectors                 
00000fad  ltoa                             
000000e5  main                             
00000b95  memcpy                           
00000e49  memset                           
00001541  strcpy                           
00001405  strstr                           


GLOBAL SYMBOLS: SORTED BY Symbol Address 

address   name                             
-------   ----                             
00000000  __TI_static_base__               
00000000  interruptVectors                 
000000e5  main                             
00000200  __STACK_SIZE                     
00000575  UART_initModule                  
00000691  UART_Read                        
000008b1  ESP8266_EstablishConnection      
00000971  MSPrintf                         
00000a2b  ADC14_IRQHandler                 
00000a2b  AES256_IRQHandler                
00000a2b  BusFault_Handler                 
00000a2b  COMP_E0_IRQHandler               
00000a2b  COMP_E1_IRQHandler               
00000a2b  CS_IRQHandler                    
00000a2b  DMA_ERR_IRQHandler               
00000a2b  DMA_INT0_IRQHandler              
00000a2b  DMA_INT1_IRQHandler              
00000a2b  DMA_INT2_IRQHandler              
00000a2b  DMA_INT3_IRQHandler              
00000a2b  DebugMon_Handler                 
00000a2b  Default_Handler                  
00000a2b  EUSCIA1_IRQHandler               
00000a2b  EUSCIA3_IRQHandler               
00000a2b  EUSCIB0_IRQHandler               
00000a2b  EUSCIB1_IRQHandler               
00000a2b  EUSCIB2_IRQHandler               
00000a2b  EUSCIB3_IRQHandler               
00000a2b  FLCTL_IRQHandler                 
00000a2b  FPU_IRQHandler                   
00000a2b  HardFault_Handler                
00000a2b  MemManage_Handler                
00000a2b  NMI_Handler                      
00000a2b  PCM_IRQHandler                   
00000a2b  PORT1_IRQHandler                 
00000a2b  PORT2_IRQHandler                 
00000a2b  PORT3_IRQHandler                 
00000a2b  PORT4_IRQHandler                 
00000a2b  PORT5_IRQHandler                 
00000a2b  PORT6_IRQHandler                 
00000a2b  PSS_IRQHandler                   
00000a2b  PendSV_Handler                   
00000a2b  RTC_C_IRQHandler                 
00000a2b  SVC_Handler                      
00000a2b  SysTick_Handler                  
00000a2b  T32_INT1_IRQHandler              
00000a2b  T32_INT2_IRQHandler              
00000a2b  T32_INTC_IRQHandler              
00000a2b  TA0_0_IRQHandler                 
00000a2b  TA0_N_IRQHandler                 
00000a2b  TA1_0_IRQHandler                 
00000a2b  TA1_N_IRQHandler                 
00000a2b  TA2_0_IRQHandler                 
00000a2b  TA2_N_IRQHandler                 
00000a2b  TA3_0_IRQHandler                 
00000a2b  TA3_N_IRQHandler                 
00000a2b  UsageFault_Handler               
00000a2b  WDT_A_IRQHandler                 
00000a2d  UART_Init                        
00000ae5  ESP8266_SendData                 
00000b95  __aeabi_memcpy                   
00000b95  __aeabi_memcpy4                  
00000b95  __aeabi_memcpy8                  
00000b95  memcpy                           
00000c31  PrintInteger                     
00000cbd  EUSCIA0_IRQHandler               
00000cbd  EUSCIA0_IRQHandler               
00000d45  ESP8266_EnableMultipleConnections
00000dc5  ESP8266_WaitForAnswer            
00000e41  __aeabi_memclr                   
00000e41  __aeabi_memclr4                  
00000e41  __aeabi_memclr8                  
00000e43  __aeabi_memset                   
00000e43  __aeabi_memset4                  
00000e43  __aeabi_memset8                  
00000e49  memset                           
00000ebd  EUSCIA2_IRQHandler               
00000ebd  EUSCIA2_IRQHandler               
00000f35  SystemInit                       
00000fad  ltoa                             
0000101b  __TI_decompress_lzss             
00001083  UART_getEnabledInterruptStatus   
000010e7  PCM_getCoreVoltageLevel          
00001145  PCM_getPowerMode                 
000011a1  ESP8266_AvailableAPs             
000011f1  ESP8266_CheckConnection          
0000123d  UART_Available                   
00001289  FlashCtl_setWaitState            
000012d1  UART_Flush                       
00001319  __TI_auto_init_nobinit_nopinit   
0000135d  UART_Write                       
0000139d  CS_setDCOCenteredFrequency       
000013d1  _c_int00_noargs                  
00001405  strstr                           
00001439  CS_Init                          
0000145b  ESP8266_HardReset                
0000147d  PrintString                      
000014a1  GPIO_High                        
000014c1  GPIO_Init                        
000014e1  GPIO_Low                         
00001501  UART_getInterruptStatus          
00001519  PCM_getPowerState                
0000152d  PrintChar                        
00001541  strcpy                           
00001555  PCM_setCoreVoltageLevel          
00001565  PCM_setPowerMode                 
00001575  __TI_decompress_none             
00001583  Reset_Handler                    
0000158f  __TI_zero_init                   
0000159d  ESP8266_GetBuffer                
000015a5  _system_pre_init                 
000015a9  C$$EXIT                          
000015a9  abort                            
00001650  __TI_Handler_Table_Base          
0000165c  __TI_Handler_Table_Limit         
00001668  __TI_CINIT_Base                  
00001678  __TI_CINIT_Limit                 
20000000  ESP8266_Buffer                   
20000000  __start___llvm_prf_cnts          
20000000  __stop___llvm_prf_cnts           
20000800  UARTA0Data                       
20001000  UARTA2Data                       
20001800  UARTA0ReadIndex                  
20001804  UARTA0WriteIndex                 
20001808  UARTA2ReadIndex                  
2000180c  UARTA2WriteIndex                 
20001810  HTTP_Request                     
20001871  Port                             
20001874  UART0Config                      
2000189c  UART2Config                      
200018c4  HTTP_WebPage                     
200018d8  HTTP_Request_Size                
2000fe00  __stack                          
20010000  __STACK_END                      
4000480c  WDTCTL_SYM                       
ffffffff  __TI_pprof_out_hndl              
ffffffff  __TI_prof_data_size              
ffffffff  __TI_prof_data_start             
ffffffff  __binit__                        
ffffffff  __c_args__                       
ffffffff  binit                            
UNDEFED   __mpu_init                       
UNDEFED   _system_post_cinit               

[142 symbols]
