******************************************************************************
                  TI ARM Linker PC v20.2.4                     
******************************************************************************
>> Linked Sat Feb 13 14:19:43 2021

OUTPUT FILE NAME:   <MSP432_[not done]connect_esp8266.out>
ENTRY POINT SYMBOL: "_c_int00_noargs"  address: 00002ff1


MEMORY CONFIGURATION

         name            origin    length      used     unused   attr    fill
----------------------  --------  ---------  --------  --------  ----  --------
  MAIN                  00000000   00040000  000033c1  0003cc3f  R  X
  INFO                  00200000   00004000  00000000  00004000  R  X
  SRAM_CODE             01000000   00010000  00001a64  0000e59c  RW X
  SRAM_DATA             20000000   00010000  00001a64  0000e59c  RW  


SEGMENT ALLOCATION MAP

run origin  load origin   length   init length attrs members
----------  ----------- ---------- ----------- ----- -------
00000000    00000000    000033c8   000033c8    r-x
  00000000    00000000    000000e4   000000e4    r-- .intvecs
  000000e4    000000e4    0000319c   0000319c    r-x .text
  00003280    00003280    00000101   00000101    r-- .const
  00003388    00003388    00000040   00000040    r-- .cinit
20000000    20000000    00001864   00000000    rw-
  20000000    20000000    00001810   00000000    rw- .bss
  20001810    20001810    00000054   00000000    rw- .data
2000fe00    2000fe00    00000200   00000000    rw-
  2000fe00    2000fe00    00000200   00000000    rw- .stack


SECTION ALLOCATION MAP

 output                                  attributes/
section   page    origin      length       input sections
--------  ----  ----------  ----------   ----------------
.intvecs   0    00000000    000000e4     
                  00000000    000000e4     startup_msp432p401r_ccs.obj (.intvecs:retain)

.text      0    000000e4    0000319c     
                  000000e4    00000a4e     rtsv7M4_T_le_v4SPD16_eabi.lib : _printfi.c.obj (.text:__TI_printfi)
                  00000b32    00000002     startup_msp432p401r_ccs.obj (.text:Default_Handler)
                  00000b34    000003cc     main.obj (.text:main)
                  00000f00    00000270     rtsv7M4_T_le_v4SPD16_eabi.lib : _printfi.c.obj (.text:_pconv_a)
                  00001170    000001d0                                   : _printfi.c.obj (.text:_pconv_g)
                  00001340    000001b6                                   : fd_add_t2.asm.obj (.text)
                  000014f6    00000002                                   : div0.asm.obj (.text)
                  000014f8    0000015c     msp432p4xx_driverlib.lib : pcm.o (.text:__PCM_setPowerModeAdvanced)
                  00001654    0000013c     rtsv7M4_T_le_v4SPD16_eabi.lib : _printfi.c.obj (.text:_pconv_e)
                  00001790    00000136                                   : fd_div_t2.asm.obj (.text)
                  000018c6    00000002     --HOLE-- [fill = 0]
                  000018c8    00000124                                   : _printfi.c.obj (.text:fcvt)
                  000019ec    0000011c     msp432p4xx_driverlib.lib : uart.o (.text:UART_initModule)
                  00001b08    00000118     UART_Driver.obj (.text:UART_Read)
                  00001c20    00000110     rtsv7M4_T_le_v4SPD16_eabi.lib : s_scalbn.c.obj (.text:scalbn)
                  00001d30    00000108     msp432p4xx_driverlib.lib : pcm.o (.text:__PCM_setCoreVoltageLevelAdvanced)
                  00001e38    000000fc     rtsv7M4_T_le_v4SPD16_eabi.lib : fd_mul_t2.asm.obj (.text)
                  00001f34    000000c4     ESP8266.obj (.text:ESP8266_EstablishConnection)
                  00001ff8    000000ba     MSPIO.obj (.text:MSPrintf)
                  000020b2    00000002     --HOLE-- [fill = 0]
                  000020b4    000000b8     UART_Driver.obj (.text:UART_Init)
                  0000216c    000000b1     rtsv7M4_T_le_v4SPD16_eabi.lib : _printfi.c.obj (.text:_ltostr)
                  0000221d    00000003     --HOLE-- [fill = 0]
                  00002220    000000a0     ESP8266.obj (.text:ESP8266_SendData)
                  000022c0    0000009c     ESP8266.obj (.text:ESP8266_AvailableAPs)
                  0000235c    0000009c     rtsv7M4_T_le_v4SPD16_eabi.lib : memcpy_t2.asm.obj (.text)
                  000023f8    00000096                                   : ull_div_t2.asm.obj (.text)
                  0000248e    00000002     --HOLE-- [fill = 0]
                  00002490    00000090     ESP8266.obj (.text:ESP8266_ConnectToAP)
                  00002520    0000008c     MSPIO.obj (.text:PrintInteger)
                  000025ac    00000088     UART_Driver.obj (.text:EUSCIA0_IRQHandler)
                  00002634    00000086     rtsv7M4_T_le_v4SPD16_eabi.lib : fd_cmp_t2.asm.obj (.text:__aeabi_cdcmple)
                  000026ba    00000086                                   : fd_cmp_t2.asm.obj (.text:__aeabi_cdrcmple)
                  00002740    00000080     ESP8266.obj (.text:ESP8266_EnableMultipleConnections)
                  000027c0    0000007c     ESP8266.obj (.text:ESP8266_WaitForAnswer)
                  0000283c    0000007a     rtsv7M4_T_le_v4SPD16_eabi.lib : memset_t2.asm.obj (.text)
                  000028b6    00000002     --HOLE-- [fill = 0]
                  000028b8    00000078     UART_Driver.obj (.text:EUSCIA2_IRQHandler)
                  00002930    00000078     system_msp432p401r.obj (.text:SystemInit)
                  000029a8    0000006e     rtsv7M4_T_le_v4SPD16_eabi.lib : _printfi.c.obj (.text:_mcpy)
                  00002a16    00000068                                   : copy_decompress_lzss.c.obj (.text:decompress:lzss:__TI_decompress_lzss)
                  00002a7e    00000064     msp432p4xx_driverlib.lib : uart.o (.text:UART_getEnabledInterruptStatus)
                  00002ae2    00000002     --HOLE-- [fill = 0]
                  00002ae4    00000064     rtsv7M4_T_le_v4SPD16_eabi.lib : s_frexp.c.obj (.text:frexp)
                  00002b48    0000005e     msp432p4xx_driverlib.lib : pcm.o (.text:PCM_getCoreVoltageLevel)
                  00002ba6    0000005a                              : pcm.o (.text:PCM_getPowerMode)
                  00002c00    00000056     rtsv7M4_T_le_v4SPD16_eabi.lib : _printfi.c.obj (.text:_pconv_f)
                  00002c56    00000054                                   : _ltoa.c.obj (.text:__TI_ltoa)
                  00002caa    00000052                                   : _printfi.c.obj (.text:_ecpy)
                  00002cfc    0000004c     ESP8266.obj (.text:ESP8266_CheckConnection)
                  00002d48    0000004c     UART_Driver.obj (.text:UART_Available)
                  00002d94    0000004c     rtsv7M4_T_le_v4SPD16_eabi.lib : atoi.c.obj (.text:atoi)
                  00002de0    00000048     msp432p4xx_driverlib.lib : flash.o (.text:FlashCtl_setWaitState)
                  00002e28    00000048     UART_Driver.obj (.text:UART_Flush)
                  00002e70    00000048     rtsv7M4_T_le_v4SPD16_eabi.lib : fd_toi_t2.asm.obj (.text)
                  00002eb8    00000044                                   : autoinit.c.obj (.text:__TI_auto_init_nobinit_nopinit:__TI_auto_init_nobinit_nopinit)
                  00002efc    00000040     UART_Driver.obj (.text:UART_Write)
                  00002f3c    00000040     rtsv7M4_T_le_v4SPD16_eabi.lib : sprintf.c.obj (.text:sprintf)
                  00002f7c    0000003e                                   : _printfi.c.obj (.text:_fcpy)
                  00002fba    00000002     --HOLE-- [fill = 0]
                  00002fbc    00000034     msp432p4xx_driverlib.lib : cs.o (.text:CS_setDCOCenteredFrequency)
                  00002ff0    00000034     rtsv7M4_T_le_v4SPD16_eabi.lib : boot_cortex_m.c.obj (.text:_c_int00_noargs:_c_int00_noargs)
                  00003024    00000034                                   : strstr.c.obj (.text:strstr)
                  00003058    0000002e                                   : i_tofd_t2.asm.obj (.text)
                  00003086    00000022     CS_Driver.obj (.text:CS_Init)
                  000030a8    00000022     ESP8266.obj (.text:ESP8266_HardReset)
                  000030ca    00000022     MSPIO.obj (.text:PrintString)
                  000030ec    00000020     GPIO_Driver.obj (.text:GPIO_High)
                  0000310c    00000020     GPIO_Driver.obj (.text:GPIO_Init)
                  0000312c    00000020     GPIO_Driver.obj (.text:GPIO_Low)
                  0000314c    0000001c     rtsv7M4_T_le_v4SPD16_eabi.lib : memccpy.c.obj (.text:memccpy)
                  00003168    0000001a                                   : s_copysign.c.obj (.text:copysign)
                  00003182    00000018     msp432p4xx_driverlib.lib : uart.o (.text:UART_getInterruptStatus)
                  0000319a    00000018     rtsv7M4_T_le_v4SPD16_eabi.lib : sprintf.c.obj (.text:_outs)
                  000031b2    00000016                                   : strchr.c.obj (.text:strchr)
                  000031c8    00000014     msp432p4xx_driverlib.lib : pcm.o (.text:PCM_getPowerState)
                  000031dc    00000014     MSPIO.obj (.text:PrintChar)
                  000031f0    00000014     rtsv7M4_T_le_v4SPD16_eabi.lib : strlen.c.obj (.text:strlen)
                  00003204    00000012                                   : wcslen.c.obj (.text:wcslen)
                  00003216    00000010     msp432p4xx_driverlib.lib : pcm.o (.text:PCM_setCoreVoltageLevel)
                  00003226    00000010                              : pcm.o (.text:PCM_setPowerMode)
                  00003236    0000000e     rtsv7M4_T_le_v4SPD16_eabi.lib : copy_decompress_none.c.obj (.text:decompress:none:__TI_decompress_none)
                  00003244    0000000c     startup_msp432p401r_ccs.obj (.text:Reset_Handler)
                  00003250    0000000c     rtsv7M4_T_le_v4SPD16_eabi.lib : copy_zero_init.c.obj (.text:decompress:ZI:__TI_zero_init)
                  0000325c    0000000a                                   : sprintf.c.obj (.text:_outc)
                  00003266    00000002     --HOLE-- [fill = 0]
                  00003268    00000008     ESP8266.obj (.text:ESP8266_GetBuffer)
                  00003270    00000008     rtsv7M4_T_le_v4SPD16_eabi.lib : errno.c.obj (.text:__aeabi_errno_addr)
                  00003278    00000004                                   : pre_init.c.obj (.text:_system_pre_init)
                  0000327c    00000004                                   : exit.c.obj (.text:abort:abort)

.const     0    00003280    00000101     
                  00003280    00000101     rtsv7M4_T_le_v4SPD16_eabi.lib : ctype.c.obj (.const:.string:_ctypes_)

.cinit     0    00003388    00000040     
                  00003388    0000001b     (.cinit..data.load) [load image, compression = lzss]
                  000033a3    00000001     --HOLE-- [fill = 0]
                  000033a4    0000000c     (__TI_handler_table)
                  000033b0    00000008     (.cinit..bss.load) [load image, compression = zero_init]
                  000033b8    00000010     (__TI_cinit_table)

.init_array 
*          0    00000000    00000000     UNINITIALIZED

.binit     0    00000000    00000000     

.bss       0    20000000    00001810     UNINITIALIZED
                  20000000    00000800     (.common:ESP8266_Buffer)
                  20000800    00000800     (.common:UARTA0Data)
                  20001000    00000800     (.common:UARTA2Data)
                  20001800    00000004     (.common:UARTA0ReadIndex)
                  20001804    00000004     (.common:UARTA0WriteIndex)
                  20001808    00000004     (.common:UARTA2ReadIndex)
                  2000180c    00000004     (.common:UARTA2WriteIndex)

.data      0    20001810    00000054     UNINITIALIZED
                  20001810    00000028     main.obj (.data:UART0Config)
                  20001838    00000028     main.obj (.data:UART2Config)
                  20001860    00000004     rtsv7M4_T_le_v4SPD16_eabi.lib : errno.c.obj (.data)

.stack     0    2000fe00    00000200     UNINITIALIZED
                  2000fe00    00000004     rtsv7M4_T_le_v4SPD16_eabi.lib : boot_cortex_m.c.obj (.stack)
                  2000fe04    000001fc     --HOLE--

__llvm_prf_cnts 
*          0    20000000    00000000     UNINITIALIZED

MODULE SUMMARY

       Module                        code    ro data   rw data
       ------                        ----    -------   -------
    .\
       main.obj                      972     0         160    
       system_msp432p401r.obj        120     0         0      
    +--+-----------------------------+-------+---------+---------+
       Total:                        1092    0         160    
                                                              
    .\Devices\
       ESP8266.obj                   1026    0         4096   
       MSPIO.obj                     380     0         0      
    +--+-----------------------------+-------+---------+---------+
       Total:                        1406    0         4096   
                                                              
    .\Hardware\
       UART_Driver.obj               932     0         8224   
       GPIO_Driver.obj               96      0         0      
       CS_Driver.obj                 34      0         0      
    +--+-----------------------------+-------+---------+---------+
       Total:                        1062    0         8224   
                                                              
    .\ccs\
       startup_msp432p401r_ccs.obj   14      228       0      
    +--+-----------------------------+-------+---------+---------+
       Total:                        14      228       0      
                                                              
    C:/ti/simplelink_msp432p4_sdk_3_40_01_02/source/ti/devices/msp432p4xx/driverlib/ccs/msp432p4xx_driverlib.lib
       pcm.o                         848     0         0      
       uart.o                        408     0         0      
       flash.o                       72      0         0      
       cs.o                          52      0         0      
    +--+-----------------------------+-------+---------+---------+
       Total:                        1380    0         0      
                                                              
    C:\ti\ccs1011\ccs\tools\compiler\ti-cgt-arm_20.2.4.LTS\lib\rtsv7M4_T_le_v4SPD16_eabi.lib
       _printfi.c.obj                4851    0         0      
       fd_add_t2.asm.obj             438     0         0      
       fd_div_t2.asm.obj             310     0         0      
       s_scalbn.c.obj                272     0         0      
       fd_cmp_t2.asm.obj             268     0         0      
       ctype.c.obj                   0       257       0      
       fd_mul_t2.asm.obj             252     0         0      
       memcpy_t2.asm.obj             156     0         0      
       ull_div_t2.asm.obj            150     0         0      
       memset_t2.asm.obj             122     0         0      
       copy_decompress_lzss.c.obj    104     0         0      
       s_frexp.c.obj                 100     0         0      
       sprintf.c.obj                 98      0         0      
       _ltoa.c.obj                   84      0         0      
       atoi.c.obj                    76      0         0      
       fd_toi_t2.asm.obj             72      0         0      
       autoinit.c.obj                68      0         0      
       boot_cortex_m.c.obj           52      0         0      
       strstr.c.obj                  52      0         0      
       i_tofd_t2.asm.obj             46      0         0      
       memccpy.c.obj                 28      0         0      
       s_copysign.c.obj              26      0         0      
       strchr.c.obj                  22      0         0      
       strlen.c.obj                  20      0         0      
       wcslen.c.obj                  18      0         0      
       errno.c.obj                   8       0         8      
       copy_decompress_none.c.obj    14      0         0      
       copy_zero_init.c.obj          12      0         0      
       exit.c.obj                    4       0         0      
       pre_init.c.obj                4       0         0      
       div0.asm.obj                  2       0         0      
    +--+-----------------------------+-------+---------+---------+
       Total:                        7729    257       8      
                                                              
       Stack:                        0       0         1024   
       Linker Generated:             0       63        0      
    +--+-----------------------------+-------+---------+---------+
       Grand Total:                  12683   548       13512  


LINKER GENERATED COPY TABLES

__TI_cinit_table @ 000033b8 records: 2, size/record: 8, table size: 16
	.data: load addr=00003388, load size=0000001b bytes, run addr=20001810, run size=00000054 bytes, compression=lzss
	.bss: load addr=000033b0, load size=00000008 bytes, run addr=20000000, run size=00001810 bytes, compression=zero_init


LINKER GENERATED HANDLER TABLE

__TI_handler_table @ 000033a4 records: 3, size/record: 4, table size: 12
	index: 0, handler: __TI_decompress_lzss
	index: 1, handler: __TI_decompress_none
	index: 2, handler: __TI_zero_init


GLOBAL SYMBOLS: SORTED ALPHABETICALLY BY Name 

address   name                             
-------   ----                             
00000b33  ADC14_IRQHandler                 
00000b33  AES256_IRQHandler                
00000b33  BusFault_Handler                 
0000327d  C$$EXIT                          
00000b33  COMP_E0_IRQHandler               
00000b33  COMP_E1_IRQHandler               
00000b33  CS_IRQHandler                    
00003087  CS_Init                          
00002fbd  CS_setDCOCenteredFrequency       
00000b33  DMA_ERR_IRQHandler               
00000b33  DMA_INT0_IRQHandler              
00000b33  DMA_INT1_IRQHandler              
00000b33  DMA_INT2_IRQHandler              
00000b33  DMA_INT3_IRQHandler              
00000b33  DebugMon_Handler                 
00000b33  Default_Handler                  
000022c1  ESP8266_AvailableAPs             
20000000  ESP8266_Buffer                   
00002cfd  ESP8266_CheckConnection          
00002491  ESP8266_ConnectToAP              
00002741  ESP8266_EnableMultipleConnections
00001f35  ESP8266_EstablishConnection      
00003269  ESP8266_GetBuffer                
000030a9  ESP8266_HardReset                
00002221  ESP8266_SendData                 
000027c1  ESP8266_WaitForAnswer            
000025ad  EUSCIA0_IRQHandler               
000025ad  EUSCIA0_IRQHandler               
00000b33  EUSCIA1_IRQHandler               
000028b9  EUSCIA2_IRQHandler               
000028b9  EUSCIA2_IRQHandler               
00000b33  EUSCIA3_IRQHandler               
00000b33  EUSCIB0_IRQHandler               
00000b33  EUSCIB1_IRQHandler               
00000b33  EUSCIB2_IRQHandler               
00000b33  EUSCIB3_IRQHandler               
00000b33  FLCTL_IRQHandler                 
00000b33  FPU_IRQHandler                   
00002de1  FlashCtl_setWaitState            
000030ed  GPIO_High                        
0000310d  GPIO_Init                        
0000312d  GPIO_Low                         
00000b33  HardFault_Handler                
00001ff9  MSPrintf                         
00000b33  MemManage_Handler                
00000b33  NMI_Handler                      
00000b33  PCM_IRQHandler                   
00002b49  PCM_getCoreVoltageLevel          
00002ba7  PCM_getPowerMode                 
000031c9  PCM_getPowerState                
00003217  PCM_setCoreVoltageLevel          
00003227  PCM_setPowerMode                 
00000b33  PORT1_IRQHandler                 
00000b33  PORT2_IRQHandler                 
00000b33  PORT3_IRQHandler                 
00000b33  PORT4_IRQHandler                 
00000b33  PORT5_IRQHandler                 
00000b33  PORT6_IRQHandler                 
00000b33  PSS_IRQHandler                   
00000b33  PendSV_Handler                   
000031dd  PrintChar                        
00002521  PrintInteger                     
000030cb  PrintString                      
00000b33  RTC_C_IRQHandler                 
00003245  Reset_Handler                    
00000b33  SVC_Handler                      
00000b33  SysTick_Handler                  
00002931  SystemInit                       
00000b33  T32_INT1_IRQHandler              
00000b33  T32_INT2_IRQHandler              
00000b33  T32_INTC_IRQHandler              
00000b33  TA0_0_IRQHandler                 
00000b33  TA0_N_IRQHandler                 
00000b33  TA1_0_IRQHandler                 
00000b33  TA1_N_IRQHandler                 
00000b33  TA2_0_IRQHandler                 
00000b33  TA2_N_IRQHandler                 
00000b33  TA3_0_IRQHandler                 
00000b33  TA3_N_IRQHandler                 
20001810  UART0Config                      
20001838  UART2Config                      
20000800  UARTA0Data                       
20001800  UARTA0ReadIndex                  
20001804  UARTA0WriteIndex                 
20001000  UARTA2Data                       
20001808  UARTA2ReadIndex                  
2000180c  UARTA2WriteIndex                 
00002d49  UART_Available                   
00002e29  UART_Flush                       
000020b5  UART_Init                        
00001b09  UART_Read                        
00002efd  UART_Write                       
00002a7f  UART_getEnabledInterruptStatus   
00003183  UART_getInterruptStatus          
000019ed  UART_initModule                  
00000b33  UsageFault_Handler               
4000480c  WDTCTL_SYM                       
00000b33  WDT_A_IRQHandler                 
20010000  __STACK_END                      
00000200  __STACK_SIZE                     
000033b8  __TI_CINIT_Base                  
000033c8  __TI_CINIT_Limit                 
000033a4  __TI_Handler_Table_Base          
000033b0  __TI_Handler_Table_Limit         
00002eb9  __TI_auto_init_nobinit_nopinit   
00002a17  __TI_decompress_lzss             
00003237  __TI_decompress_none             
00002c57  __TI_ltoa                        
ffffffff  __TI_pprof_out_hndl              
000000e5  __TI_printfi                     
ffffffff  __TI_prof_data_size              
ffffffff  __TI_prof_data_start             
00000000  __TI_static_base__               
00003251  __TI_zero_init                   
00002635  __aeabi_cdcmpeq                  
00002635  __aeabi_cdcmple                  
000026bb  __aeabi_cdrcmple                 
00002e71  __aeabi_d2iz                     
0000134b  __aeabi_dadd                     
00001791  __aeabi_ddiv                     
00001e39  __aeabi_dmul                     
00001341  __aeabi_dsub                     
00003271  __aeabi_errno_addr               
00003059  __aeabi_i2d                      
000014f7  __aeabi_idiv0                    
000014f7  __aeabi_ldiv0                    
0000283d  __aeabi_memclr                   
0000283d  __aeabi_memclr4                  
0000283d  __aeabi_memclr8                  
0000235d  __aeabi_memcpy                   
0000235d  __aeabi_memcpy4                  
0000235d  __aeabi_memcpy8                  
0000283f  __aeabi_memset                   
0000283f  __aeabi_memset4                  
0000283f  __aeabi_memset8                  
000023f9  __aeabi_uldivmod                 
ffffffff  __binit__                        
ffffffff  __c_args__                       
UNDEFED   __mpu_init                       
2000fe00  __stack                          
20000000  __start___llvm_prf_cnts          
20000000  __stop___llvm_prf_cnts           
00002ff1  _c_int00_noargs                  
00003280  _ctypes_                         
UNDEFED   _system_post_cinit               
00003279  _system_pre_init                 
0000327d  abort                            
00002d95  atoi                             
ffffffff  binit                            
00003169  copysign                         
00003169  copysignl                        
20001860  errno                            
00002ae5  frexp                            
00002ae5  frexpl                           
00000000  interruptVectors                 
00001c21  ldexp                            
00001c21  ldexpl                           
00000b35  main                             
0000314d  memccpy                          
0000235d  memcpy                           
00002845  memset                           
00001c21  scalbn                           
00001c21  scalbnl                          
00002f3d  sprintf                          
000031b3  strchr                           
000031f1  strlen                           
00003025  strstr                           
00003205  wcslen                           


GLOBAL SYMBOLS: SORTED BY Symbol Address 

address   name                             
-------   ----                             
00000000  __TI_static_base__               
00000000  interruptVectors                 
000000e5  __TI_printfi                     
00000200  __STACK_SIZE                     
00000b33  ADC14_IRQHandler                 
00000b33  AES256_IRQHandler                
00000b33  BusFault_Handler                 
00000b33  COMP_E0_IRQHandler               
00000b33  COMP_E1_IRQHandler               
00000b33  CS_IRQHandler                    
00000b33  DMA_ERR_IRQHandler               
00000b33  DMA_INT0_IRQHandler              
00000b33  DMA_INT1_IRQHandler              
00000b33  DMA_INT2_IRQHandler              
00000b33  DMA_INT3_IRQHandler              
00000b33  DebugMon_Handler                 
00000b33  Default_Handler                  
00000b33  EUSCIA1_IRQHandler               
00000b33  EUSCIA3_IRQHandler               
00000b33  EUSCIB0_IRQHandler               
00000b33  EUSCIB1_IRQHandler               
00000b33  EUSCIB2_IRQHandler               
00000b33  EUSCIB3_IRQHandler               
00000b33  FLCTL_IRQHandler                 
00000b33  FPU_IRQHandler                   
00000b33  HardFault_Handler                
00000b33  MemManage_Handler                
00000b33  NMI_Handler                      
00000b33  PCM_IRQHandler                   
00000b33  PORT1_IRQHandler                 
00000b33  PORT2_IRQHandler                 
00000b33  PORT3_IRQHandler                 
00000b33  PORT4_IRQHandler                 
00000b33  PORT5_IRQHandler                 
00000b33  PORT6_IRQHandler                 
00000b33  PSS_IRQHandler                   
00000b33  PendSV_Handler                   
00000b33  RTC_C_IRQHandler                 
00000b33  SVC_Handler                      
00000b33  SysTick_Handler                  
00000b33  T32_INT1_IRQHandler              
00000b33  T32_INT2_IRQHandler              
00000b33  T32_INTC_IRQHandler              
00000b33  TA0_0_IRQHandler                 
00000b33  TA0_N_IRQHandler                 
00000b33  TA1_0_IRQHandler                 
00000b33  TA1_N_IRQHandler                 
00000b33  TA2_0_IRQHandler                 
00000b33  TA2_N_IRQHandler                 
00000b33  TA3_0_IRQHandler                 
00000b33  TA3_N_IRQHandler                 
00000b33  UsageFault_Handler               
00000b33  WDT_A_IRQHandler                 
00000b35  main                             
00001341  __aeabi_dsub                     
0000134b  __aeabi_dadd                     
000014f7  __aeabi_idiv0                    
000014f7  __aeabi_ldiv0                    
00001791  __aeabi_ddiv                     
000019ed  UART_initModule                  
00001b09  UART_Read                        
00001c21  ldexp                            
00001c21  ldexpl                           
00001c21  scalbn                           
00001c21  scalbnl                          
00001e39  __aeabi_dmul                     
00001f35  ESP8266_EstablishConnection      
00001ff9  MSPrintf                         
000020b5  UART_Init                        
00002221  ESP8266_SendData                 
000022c1  ESP8266_AvailableAPs             
0000235d  __aeabi_memcpy                   
0000235d  __aeabi_memcpy4                  
0000235d  __aeabi_memcpy8                  
0000235d  memcpy                           
000023f9  __aeabi_uldivmod                 
00002491  ESP8266_ConnectToAP              
00002521  PrintInteger                     
000025ad  EUSCIA0_IRQHandler               
000025ad  EUSCIA0_IRQHandler               
00002635  __aeabi_cdcmpeq                  
00002635  __aeabi_cdcmple                  
000026bb  __aeabi_cdrcmple                 
00002741  ESP8266_EnableMultipleConnections
000027c1  ESP8266_WaitForAnswer            
0000283d  __aeabi_memclr                   
0000283d  __aeabi_memclr4                  
0000283d  __aeabi_memclr8                  
0000283f  __aeabi_memset                   
0000283f  __aeabi_memset4                  
0000283f  __aeabi_memset8                  
00002845  memset                           
000028b9  EUSCIA2_IRQHandler               
000028b9  EUSCIA2_IRQHandler               
00002931  SystemInit                       
00002a17  __TI_decompress_lzss             
00002a7f  UART_getEnabledInterruptStatus   
00002ae5  frexp                            
00002ae5  frexpl                           
00002b49  PCM_getCoreVoltageLevel          
00002ba7  PCM_getPowerMode                 
00002c57  __TI_ltoa                        
00002cfd  ESP8266_CheckConnection          
00002d49  UART_Available                   
00002d95  atoi                             
00002de1  FlashCtl_setWaitState            
00002e29  UART_Flush                       
00002e71  __aeabi_d2iz                     
00002eb9  __TI_auto_init_nobinit_nopinit   
00002efd  UART_Write                       
00002f3d  sprintf                          
00002fbd  CS_setDCOCenteredFrequency       
00002ff1  _c_int00_noargs                  
00003025  strstr                           
00003059  __aeabi_i2d                      
00003087  CS_Init                          
000030a9  ESP8266_HardReset                
000030cb  PrintString                      
000030ed  GPIO_High                        
0000310d  GPIO_Init                        
0000312d  GPIO_Low                         
0000314d  memccpy                          
00003169  copysign                         
00003169  copysignl                        
00003183  UART_getInterruptStatus          
000031b3  strchr                           
000031c9  PCM_getPowerState                
000031dd  PrintChar                        
000031f1  strlen                           
00003205  wcslen                           
00003217  PCM_setCoreVoltageLevel          
00003227  PCM_setPowerMode                 
00003237  __TI_decompress_none             
00003245  Reset_Handler                    
00003251  __TI_zero_init                   
00003269  ESP8266_GetBuffer                
00003271  __aeabi_errno_addr               
00003279  _system_pre_init                 
0000327d  C$$EXIT                          
0000327d  abort                            
00003280  _ctypes_                         
000033a4  __TI_Handler_Table_Base          
000033b0  __TI_Handler_Table_Limit         
000033b8  __TI_CINIT_Base                  
000033c8  __TI_CINIT_Limit                 
20000000  ESP8266_Buffer                   
20000000  __start___llvm_prf_cnts          
20000000  __stop___llvm_prf_cnts           
20000800  UARTA0Data                       
20001000  UARTA2Data                       
20001800  UARTA0ReadIndex                  
20001804  UARTA0WriteIndex                 
20001808  UARTA2ReadIndex                  
2000180c  UARTA2WriteIndex                 
20001810  UART0Config                      
20001838  UART2Config                      
20001860  errno                            
2000fe00  __stack                          
20010000  __STACK_END                      
4000480c  WDTCTL_SYM                       
ffffffff  __TI_pprof_out_hndl              
ffffffff  __TI_prof_data_size              
ffffffff  __TI_prof_data_start             
ffffffff  __binit__                        
ffffffff  __c_args__                       
ffffffff  binit                            
UNDEFED   __mpu_init                       
UNDEFED   _system_post_cinit               

[168 symbols]
