<?xml version="1.0" encoding="ISO-8859-1" ?>
<link_info>
   <banner>TI ARM Linker PC v20.2.4.LTS</banner>
   <copyright>Copyright (c) 1996-2018 Texas Instruments Incorporated</copyright>
   <link_time>0x6027d1ef</link_time>
   <link_errors>0x0</link_errors>
   <output_file>MSP432_[not done]connect_esp8266.out</output_file>
   <entry_point>
      <name>_c_int00_noargs</name>
      <address>0x2ff1</address>
   </entry_point>
   <input_file_list>
      <input_file id="fl-2">
         <path>.\</path>
         <kind>object</kind>
         <file>main.obj</file>
         <name>main.obj</name>
      </input_file>
      <input_file id="fl-3">
         <path>.\</path>
         <kind>object</kind>
         <file>system_msp432p401r.obj</file>
         <name>system_msp432p401r.obj</name>
      </input_file>
      <input_file id="fl-4">
         <path>.\Devices\</path>
         <kind>object</kind>
         <file>ESP8266.obj</file>
         <name>ESP8266.obj</name>
      </input_file>
      <input_file id="fl-5">
         <path>.\Devices\</path>
         <kind>object</kind>
         <file>MSPIO.obj</file>
         <name>MSPIO.obj</name>
      </input_file>
      <input_file id="fl-6">
         <path>.\Hardware\</path>
         <kind>object</kind>
         <file>CS_Driver.obj</file>
         <name>CS_Driver.obj</name>
      </input_file>
      <input_file id="fl-7">
         <path>.\Hardware\</path>
         <kind>object</kind>
         <file>GPIO_Driver.obj</file>
         <name>GPIO_Driver.obj</name>
      </input_file>
      <input_file id="fl-8">
         <path>.\Hardware\</path>
         <kind>object</kind>
         <file>UART_Driver.obj</file>
         <name>UART_Driver.obj</name>
      </input_file>
      <input_file id="fl-9">
         <path>.\ccs\</path>
         <kind>object</kind>
         <file>startup_msp432p401r_ccs.obj</file>
         <name>startup_msp432p401r_ccs.obj</name>
      </input_file>
      <input_file id="fl-13">
         <kind>object</kind>
         <file>&lt;internal&gt;</file>
         <name>&lt;internal&gt;</name>
      </input_file>
      <input_file id="fl-14">
         <path>C:\ti\simplelink_msp432p4_sdk_3_40_01_02\source\ti\devices\msp432p4xx\driverlib\ccs\</path>
         <kind>archive</kind>
         <file>msp432p4xx_driverlib.lib</file>
         <name>cs.o</name>
      </input_file>
      <input_file id="fl-15">
         <path>C:\ti\simplelink_msp432p4_sdk_3_40_01_02\source\ti\devices\msp432p4xx\driverlib\ccs\</path>
         <kind>archive</kind>
         <file>msp432p4xx_driverlib.lib</file>
         <name>flash.o</name>
      </input_file>
      <input_file id="fl-16">
         <path>C:\ti\simplelink_msp432p4_sdk_3_40_01_02\source\ti\devices\msp432p4xx\driverlib\ccs\</path>
         <kind>archive</kind>
         <file>msp432p4xx_driverlib.lib</file>
         <name>interrupt.o</name>
      </input_file>
      <input_file id="fl-17">
         <path>C:\ti\simplelink_msp432p4_sdk_3_40_01_02\source\ti\devices\msp432p4xx\driverlib\ccs\</path>
         <kind>archive</kind>
         <file>msp432p4xx_driverlib.lib</file>
         <name>pcm.o</name>
      </input_file>
      <input_file id="fl-18">
         <path>C:\ti\simplelink_msp432p4_sdk_3_40_01_02\source\ti\devices\msp432p4xx\driverlib\ccs\</path>
         <kind>archive</kind>
         <file>msp432p4xx_driverlib.lib</file>
         <name>rtc_c.o</name>
      </input_file>
      <input_file id="fl-19">
         <path>C:\ti\simplelink_msp432p4_sdk_3_40_01_02\source\ti\devices\msp432p4xx\driverlib\ccs\</path>
         <kind>archive</kind>
         <file>msp432p4xx_driverlib.lib</file>
         <name>sysctl.o</name>
      </input_file>
      <input_file id="fl-1a">
         <path>C:\ti\simplelink_msp432p4_sdk_3_40_01_02\source\ti\devices\msp432p4xx\driverlib\ccs\</path>
         <kind>archive</kind>
         <file>msp432p4xx_driverlib.lib</file>
         <name>sysctl_a.o</name>
      </input_file>
      <input_file id="fl-1b">
         <path>C:\ti\simplelink_msp432p4_sdk_3_40_01_02\source\ti\devices\msp432p4xx\driverlib\ccs\</path>
         <kind>archive</kind>
         <file>msp432p4xx_driverlib.lib</file>
         <name>uart.o</name>
      </input_file>
      <input_file id="fl-1c">
         <path>C:\ti\simplelink_msp432p4_sdk_3_40_01_02\source\ti\devices\msp432p4xx\driverlib\ccs\</path>
         <kind>archive</kind>
         <file>msp432p4xx_driverlib.lib</file>
         <name>wdt_a.o</name>
      </input_file>
      <input_file id="fl-1d">
         <path>C:\ti\simplelink_msp432p4_sdk_3_40_01_02\source\ti\devices\msp432p4xx\driverlib\ccs\</path>
         <kind>archive</kind>
         <file>msp432p4xx_driverlib.lib</file>
         <name>cpu.o</name>
      </input_file>
      <input_file id="fl-d3">
         <path>C:\ti\ccs1011\ccs\tools\compiler\ti-cgt-arm_20.2.4.LTS\lib\</path>
         <kind>archive</kind>
         <file>rtsv7M4_T_le_v4SPD16_eabi.lib</file>
         <name>sprintf.c.obj</name>
      </input_file>
      <input_file id="fl-d4">
         <path>C:\ti\ccs1011\ccs\tools\compiler\ti-cgt-arm_20.2.4.LTS\lib\</path>
         <kind>archive</kind>
         <file>rtsv7M4_T_le_v4SPD16_eabi.lib</file>
         <name>memcpy_t2.asm.obj</name>
      </input_file>
      <input_file id="fl-d5">
         <path>C:\ti\ccs1011\ccs\tools\compiler\ti-cgt-arm_20.2.4.LTS\lib\</path>
         <kind>archive</kind>
         <file>rtsv7M4_T_le_v4SPD16_eabi.lib</file>
         <name>copy_zero_init.c.obj</name>
      </input_file>
      <input_file id="fl-d6">
         <path>C:\ti\ccs1011\ccs\tools\compiler\ti-cgt-arm_20.2.4.LTS\lib\</path>
         <kind>archive</kind>
         <file>rtsv7M4_T_le_v4SPD16_eabi.lib</file>
         <name>copy_decompress_none.c.obj</name>
      </input_file>
      <input_file id="fl-d7">
         <path>C:\ti\ccs1011\ccs\tools\compiler\ti-cgt-arm_20.2.4.LTS\lib\</path>
         <kind>archive</kind>
         <file>rtsv7M4_T_le_v4SPD16_eabi.lib</file>
         <name>copy_decompress_lzss.c.obj</name>
      </input_file>
      <input_file id="fl-d8">
         <path>C:\ti\ccs1011\ccs\tools\compiler\ti-cgt-arm_20.2.4.LTS\lib\</path>
         <kind>archive</kind>
         <file>rtsv7M4_T_le_v4SPD16_eabi.lib</file>
         <name>strstr.c.obj</name>
      </input_file>
      <input_file id="fl-d9">
         <path>C:\ti\ccs1011\ccs\tools\compiler\ti-cgt-arm_20.2.4.LTS\lib\</path>
         <kind>archive</kind>
         <file>rtsv7M4_T_le_v4SPD16_eabi.lib</file>
         <name>boot_cortex_m.c.obj</name>
      </input_file>
      <input_file id="fl-da">
         <path>C:\ti\ccs1011\ccs\tools\compiler\ti-cgt-arm_20.2.4.LTS\lib\</path>
         <kind>archive</kind>
         <file>rtsv7M4_T_le_v4SPD16_eabi.lib</file>
         <name>_printfi.c.obj</name>
      </input_file>
      <input_file id="fl-db">
         <path>C:\ti\ccs1011\ccs\tools\compiler\ti-cgt-arm_20.2.4.LTS\lib\</path>
         <kind>archive</kind>
         <file>rtsv7M4_T_le_v4SPD16_eabi.lib</file>
         <name>s_frexp.c.obj</name>
      </input_file>
      <input_file id="fl-dc">
         <path>C:\ti\ccs1011\ccs\tools\compiler\ti-cgt-arm_20.2.4.LTS\lib\</path>
         <kind>archive</kind>
         <file>rtsv7M4_T_le_v4SPD16_eabi.lib</file>
         <name>s_scalbn.c.obj</name>
      </input_file>
      <input_file id="fl-dd">
         <path>C:\ti\ccs1011\ccs\tools\compiler\ti-cgt-arm_20.2.4.LTS\lib\</path>
         <kind>archive</kind>
         <file>rtsv7M4_T_le_v4SPD16_eabi.lib</file>
         <name>s_copysign.c.obj</name>
      </input_file>
      <input_file id="fl-de">
         <path>C:\ti\ccs1011\ccs\tools\compiler\ti-cgt-arm_20.2.4.LTS\lib\</path>
         <kind>archive</kind>
         <file>rtsv7M4_T_le_v4SPD16_eabi.lib</file>
         <name>ull_div_t2.asm.obj</name>
      </input_file>
      <input_file id="fl-df">
         <path>C:\ti\ccs1011\ccs\tools\compiler\ti-cgt-arm_20.2.4.LTS\lib\</path>
         <kind>archive</kind>
         <file>rtsv7M4_T_le_v4SPD16_eabi.lib</file>
         <name>memset_t2.asm.obj</name>
      </input_file>
      <input_file id="fl-e0">
         <path>C:\ti\ccs1011\ccs\tools\compiler\ti-cgt-arm_20.2.4.LTS\lib\</path>
         <kind>archive</kind>
         <file>rtsv7M4_T_le_v4SPD16_eabi.lib</file>
         <name>fd_add_t2.asm.obj</name>
      </input_file>
      <input_file id="fl-e1">
         <path>C:\ti\ccs1011\ccs\tools\compiler\ti-cgt-arm_20.2.4.LTS\lib\</path>
         <kind>archive</kind>
         <file>rtsv7M4_T_le_v4SPD16_eabi.lib</file>
         <name>fd_cmp_t2.asm.obj</name>
      </input_file>
      <input_file id="fl-e2">
         <path>C:\ti\ccs1011\ccs\tools\compiler\ti-cgt-arm_20.2.4.LTS\lib\</path>
         <kind>archive</kind>
         <file>rtsv7M4_T_le_v4SPD16_eabi.lib</file>
         <name>fd_div_t2.asm.obj</name>
      </input_file>
      <input_file id="fl-e3">
         <path>C:\ti\ccs1011\ccs\tools\compiler\ti-cgt-arm_20.2.4.LTS\lib\</path>
         <kind>archive</kind>
         <file>rtsv7M4_T_le_v4SPD16_eabi.lib</file>
         <name>fd_mul_t2.asm.obj</name>
      </input_file>
      <input_file id="fl-e4">
         <path>C:\ti\ccs1011\ccs\tools\compiler\ti-cgt-arm_20.2.4.LTS\lib\</path>
         <kind>archive</kind>
         <file>rtsv7M4_T_le_v4SPD16_eabi.lib</file>
         <name>fd_toi_t2.asm.obj</name>
      </input_file>
      <input_file id="fl-e5">
         <path>C:\ti\ccs1011\ccs\tools\compiler\ti-cgt-arm_20.2.4.LTS\lib\</path>
         <kind>archive</kind>
         <file>rtsv7M4_T_le_v4SPD16_eabi.lib</file>
         <name>i_tofd_t2.asm.obj</name>
      </input_file>
      <input_file id="fl-e6">
         <path>C:\ti\ccs1011\ccs\tools\compiler\ti-cgt-arm_20.2.4.LTS\lib\</path>
         <kind>archive</kind>
         <file>rtsv7M4_T_le_v4SPD16_eabi.lib</file>
         <name>autoinit.c.obj</name>
      </input_file>
      <input_file id="fl-e7">
         <path>C:\ti\ccs1011\ccs\tools\compiler\ti-cgt-arm_20.2.4.LTS\lib\</path>
         <kind>archive</kind>
         <file>rtsv7M4_T_le_v4SPD16_eabi.lib</file>
         <name>pre_init.c.obj</name>
      </input_file>
      <input_file id="fl-e8">
         <path>C:\ti\ccs1011\ccs\tools\compiler\ti-cgt-arm_20.2.4.LTS\lib\</path>
         <kind>archive</kind>
         <file>rtsv7M4_T_le_v4SPD16_eabi.lib</file>
         <name>cpy_tbl.c.obj</name>
      </input_file>
      <input_file id="fl-e9">
         <path>C:\ti\ccs1011\ccs\tools\compiler\ti-cgt-arm_20.2.4.LTS\lib\</path>
         <kind>archive</kind>
         <file>rtsv7M4_T_le_v4SPD16_eabi.lib</file>
         <name>exit.c.obj</name>
      </input_file>
      <input_file id="fl-ea">
         <path>C:\ti\ccs1011\ccs\tools\compiler\ti-cgt-arm_20.2.4.LTS\lib\</path>
         <kind>archive</kind>
         <file>rtsv7M4_T_le_v4SPD16_eabi.lib</file>
         <name>_lock.c.obj</name>
      </input_file>
      <input_file id="fl-eb">
         <path>C:\ti\ccs1011\ccs\tools\compiler\ti-cgt-arm_20.2.4.LTS\lib\</path>
         <kind>archive</kind>
         <file>rtsv7M4_T_le_v4SPD16_eabi.lib</file>
         <name>_ltoa.c.obj</name>
      </input_file>
      <input_file id="fl-ec">
         <path>C:\ti\ccs1011\ccs\tools\compiler\ti-cgt-arm_20.2.4.LTS\lib\</path>
         <kind>archive</kind>
         <file>rtsv7M4_T_le_v4SPD16_eabi.lib</file>
         <name>args_main.c.obj</name>
      </input_file>
      <input_file id="fl-ed">
         <path>C:\ti\ccs1011\ccs\tools\compiler\ti-cgt-arm_20.2.4.LTS\lib\</path>
         <kind>archive</kind>
         <file>rtsv7M4_T_le_v4SPD16_eabi.lib</file>
         <name>atoi.c.obj</name>
      </input_file>
      <input_file id="fl-ee">
         <path>C:\ti\ccs1011\ccs\tools\compiler\ti-cgt-arm_20.2.4.LTS\lib\</path>
         <kind>archive</kind>
         <file>rtsv7M4_T_le_v4SPD16_eabi.lib</file>
         <name>ctype.c.obj</name>
      </input_file>
      <input_file id="fl-ef">
         <path>C:\ti\ccs1011\ccs\tools\compiler\ti-cgt-arm_20.2.4.LTS\lib\</path>
         <kind>archive</kind>
         <file>rtsv7M4_T_le_v4SPD16_eabi.lib</file>
         <name>memccpy.c.obj</name>
      </input_file>
      <input_file id="fl-f0">
         <path>C:\ti\ccs1011\ccs\tools\compiler\ti-cgt-arm_20.2.4.LTS\lib\</path>
         <kind>archive</kind>
         <file>rtsv7M4_T_le_v4SPD16_eabi.lib</file>
         <name>strchr.c.obj</name>
      </input_file>
      <input_file id="fl-f1">
         <path>C:\ti\ccs1011\ccs\tools\compiler\ti-cgt-arm_20.2.4.LTS\lib\</path>
         <kind>archive</kind>
         <file>rtsv7M4_T_le_v4SPD16_eabi.lib</file>
         <name>strlen.c.obj</name>
      </input_file>
      <input_file id="fl-f2">
         <path>C:\ti\ccs1011\ccs\tools\compiler\ti-cgt-arm_20.2.4.LTS\lib\</path>
         <kind>archive</kind>
         <file>rtsv7M4_T_le_v4SPD16_eabi.lib</file>
         <name>errno.c.obj</name>
      </input_file>
      <input_file id="fl-f3">
         <path>C:\ti\ccs1011\ccs\tools\compiler\ti-cgt-arm_20.2.4.LTS\lib\</path>
         <kind>archive</kind>
         <file>rtsv7M4_T_le_v4SPD16_eabi.lib</file>
         <name>wcslen.c.obj</name>
      </input_file>
      <input_file id="fl-f4">
         <path>C:\ti\ccs1011\ccs\tools\compiler\ti-cgt-arm_20.2.4.LTS\lib\</path>
         <kind>archive</kind>
         <file>rtsv7M4_T_le_v4SPD16_eabi.lib</file>
         <name>div0.asm.obj</name>
      </input_file>
   </input_file_list>
   <object_component_list>
      <object_component id="oc-26">
         <name>.intvecs:retain</name>
         <load_address>0x0</load_address>
         <run_address>0x0</run_address>
         <size>0xe4</size>
         <input_file_ref idref="fl-9"/>
      </object_component>
      <object_component id="oc-265">
         <name>.text:__TI_printfi</name>
         <load_address>0xe4</load_address>
         <run_address>0xe4</run_address>
         <size>0xa4e</size>
         <input_file_ref idref="fl-da"/>
      </object_component>
      <object_component id="oc-6d">
         <name>.text:Default_Handler</name>
         <load_address>0xb32</load_address>
         <run_address>0xb32</run_address>
         <size>0x2</size>
         <input_file_ref idref="fl-9"/>
      </object_component>
      <object_component id="oc-a5">
         <name>.text:main</name>
         <load_address>0xb34</load_address>
         <run_address>0xb34</run_address>
         <size>0x3cc</size>
         <input_file_ref idref="fl-2"/>
      </object_component>
      <object_component id="oc-2f7">
         <name>.text:_pconv_a</name>
         <load_address>0xf00</load_address>
         <run_address>0xf00</run_address>
         <size>0x270</size>
         <input_file_ref idref="fl-da"/>
      </object_component>
      <object_component id="oc-2e5">
         <name>.text:_pconv_g</name>
         <load_address>0x1170</load_address>
         <run_address>0x1170</run_address>
         <size>0x1d0</size>
         <input_file_ref idref="fl-da"/>
      </object_component>
      <object_component id="oc-36c">
         <name>.text</name>
         <load_address>0x1340</load_address>
         <run_address>0x1340</run_address>
         <size>0x1b6</size>
         <input_file_ref idref="fl-e0"/>
      </object_component>
      <object_component id="oc-3c6">
         <name>.text</name>
         <load_address>0x14f6</load_address>
         <run_address>0x14f6</run_address>
         <size>0x2</size>
         <input_file_ref idref="fl-f4"/>
      </object_component>
      <object_component id="oc-338">
         <name>.text:__PCM_setPowerModeAdvanced</name>
         <load_address>0x14f8</load_address>
         <run_address>0x14f8</run_address>
         <size>0x15c</size>
         <input_file_ref idref="fl-17"/>
      </object_component>
      <object_component id="oc-2f1">
         <name>.text:_pconv_e</name>
         <load_address>0x1654</load_address>
         <run_address>0x1654</run_address>
         <size>0x13c</size>
         <input_file_ref idref="fl-da"/>
      </object_component>
      <object_component id="oc-352">
         <name>.text</name>
         <load_address>0x1790</load_address>
         <run_address>0x1790</run_address>
         <size>0x136</size>
         <input_file_ref idref="fl-e2"/>
      </object_component>
      <object_component id="oc-37e">
         <name>.text:fcvt</name>
         <load_address>0x18c8</load_address>
         <run_address>0x18c8</run_address>
         <size>0x124</size>
         <input_file_ref idref="fl-da"/>
      </object_component>
      <object_component id="oc-1c4">
         <name>.text:UART_initModule</name>
         <load_address>0x19ec</load_address>
         <run_address>0x19ec</run_address>
         <size>0x11c</size>
         <input_file_ref idref="fl-1b"/>
      </object_component>
      <object_component id="oc-256">
         <name>.text:UART_Read</name>
         <load_address>0x1b08</load_address>
         <run_address>0x1b08</run_address>
         <size>0x118</size>
         <input_file_ref idref="fl-8"/>
      </object_component>
      <object_component id="oc-392">
         <name>.text:scalbn</name>
         <load_address>0x1c20</load_address>
         <run_address>0x1c20</run_address>
         <size>0x110</size>
         <input_file_ref idref="fl-dc"/>
      </object_component>
      <object_component id="oc-242">
         <name>.text:__PCM_setCoreVoltageLevelAdvanced</name>
         <load_address>0x1d30</load_address>
         <run_address>0x1d30</run_address>
         <size>0x108</size>
         <input_file_ref idref="fl-17"/>
      </object_component>
      <object_component id="oc-34d">
         <name>.text</name>
         <load_address>0x1e38</load_address>
         <run_address>0x1e38</run_address>
         <size>0xfc</size>
         <input_file_ref idref="fl-e3"/>
      </object_component>
      <object_component id="oc-12d">
         <name>.text:ESP8266_EstablishConnection</name>
         <load_address>0x1f34</load_address>
         <run_address>0x1f34</run_address>
         <size>0xc4</size>
         <input_file_ref idref="fl-4"/>
      </object_component>
      <object_component id="oc-115">
         <name>.text:MSPrintf</name>
         <load_address>0x1ff8</load_address>
         <run_address>0x1ff8</run_address>
         <size>0xba</size>
         <input_file_ref idref="fl-5"/>
      </object_component>
      <object_component id="oc-f1">
         <name>.text:UART_Init</name>
         <load_address>0x20b4</load_address>
         <run_address>0x20b4</run_address>
         <size>0xb8</size>
         <input_file_ref idref="fl-8"/>
      </object_component>
      <object_component id="oc-2da">
         <name>.text:_ltostr</name>
         <load_address>0x216c</load_address>
         <run_address>0x216c</run_address>
         <size>0xb1</size>
         <input_file_ref idref="fl-da"/>
      </object_component>
      <object_component id="oc-133">
         <name>.text:ESP8266_SendData</name>
         <load_address>0x2220</load_address>
         <run_address>0x2220</run_address>
         <size>0xa0</size>
         <input_file_ref idref="fl-4"/>
      </object_component>
      <object_component id="oc-11b">
         <name>.text:ESP8266_AvailableAPs</name>
         <load_address>0x22c0</load_address>
         <run_address>0x22c0</run_address>
         <size>0x9c</size>
         <input_file_ref idref="fl-4"/>
      </object_component>
      <object_component id="oc-37">
         <name>.text</name>
         <load_address>0x235c</load_address>
         <run_address>0x235c</run_address>
         <size>0x9c</size>
         <input_file_ref idref="fl-d4"/>
      </object_component>
      <object_component id="oc-346">
         <name>.text</name>
         <load_address>0x23f8</load_address>
         <run_address>0x23f8</run_address>
         <size>0x96</size>
         <input_file_ref idref="fl-de"/>
      </object_component>
      <object_component id="oc-121">
         <name>.text:ESP8266_ConnectToAP</name>
         <load_address>0x2490</load_address>
         <run_address>0x2490</run_address>
         <size>0x90</size>
         <input_file_ref idref="fl-4"/>
      </object_component>
      <object_component id="oc-1fd">
         <name>.text:PrintInteger</name>
         <load_address>0x2520</load_address>
         <run_address>0x2520</run_address>
         <size>0x8c</size>
         <input_file_ref idref="fl-5"/>
      </object_component>
      <object_component id="oc-73">
         <name>.text:EUSCIA0_IRQHandler</name>
         <load_address>0x25ac</load_address>
         <run_address>0x25ac</run_address>
         <size>0x88</size>
         <input_file_ref idref="fl-8"/>
      </object_component>
      <object_component id="oc-2e0">
         <name>.text:__aeabi_cdcmple</name>
         <load_address>0x2634</load_address>
         <run_address>0x2634</run_address>
         <size>0x86</size>
         <input_file_ref idref="fl-e1"/>
      </object_component>
      <object_component id="oc-357">
         <name>.text:__aeabi_cdrcmple</name>
         <load_address>0x26ba</load_address>
         <run_address>0x26ba</run_address>
         <size>0x86</size>
         <input_file_ref idref="fl-e1"/>
      </object_component>
      <object_component id="oc-127">
         <name>.text:ESP8266_EnableMultipleConnections</name>
         <load_address>0x2740</load_address>
         <run_address>0x2740</run_address>
         <size>0x80</size>
         <input_file_ref idref="fl-4"/>
      </object_component>
      <object_component id="oc-1de">
         <name>.text:ESP8266_WaitForAnswer</name>
         <load_address>0x27c0</load_address>
         <run_address>0x27c0</run_address>
         <size>0x7c</size>
         <input_file_ref idref="fl-4"/>
      </object_component>
      <object_component id="oc-99">
         <name>.text</name>
         <load_address>0x283c</load_address>
         <run_address>0x283c</run_address>
         <size>0x7a</size>
         <input_file_ref idref="fl-df"/>
      </object_component>
      <object_component id="oc-79">
         <name>.text:EUSCIA2_IRQHandler</name>
         <load_address>0x28b8</load_address>
         <run_address>0x28b8</run_address>
         <size>0x78</size>
         <input_file_ref idref="fl-8"/>
      </object_component>
      <object_component id="oc-b7">
         <name>.text:SystemInit</name>
         <load_address>0x2930</load_address>
         <run_address>0x2930</run_address>
         <size>0x78</size>
         <input_file_ref idref="fl-3"/>
      </object_component>
      <object_component id="oc-377">
         <name>.text:_mcpy</name>
         <load_address>0x29a8</load_address>
         <run_address>0x29a8</run_address>
         <size>0x6e</size>
         <input_file_ref idref="fl-da"/>
      </object_component>
      <object_component id="oc-17">
         <name>.text:decompress:lzss:__TI_decompress_lzss</name>
         <load_address>0x2a16</load_address>
         <run_address>0x2a16</run_address>
         <size>0x68</size>
         <input_file_ref idref="fl-d7"/>
      </object_component>
      <object_component id="oc-bf">
         <name>.text:UART_getEnabledInterruptStatus</name>
         <load_address>0x2a7e</load_address>
         <run_address>0x2a7e</run_address>
         <size>0x64</size>
         <input_file_ref idref="fl-1b"/>
      </object_component>
      <object_component id="oc-38c">
         <name>.text:frexp</name>
         <load_address>0x2ae4</load_address>
         <run_address>0x2ae4</run_address>
         <size>0x64</size>
         <input_file_ref idref="fl-db"/>
      </object_component>
      <object_component id="oc-2a1">
         <name>.text:PCM_getCoreVoltageLevel</name>
         <load_address>0x2b48</load_address>
         <run_address>0x2b48</run_address>
         <size>0x5e</size>
         <input_file_ref idref="fl-17"/>
      </object_component>
      <object_component id="oc-29b">
         <name>.text:PCM_getPowerMode</name>
         <load_address>0x2ba6</load_address>
         <run_address>0x2ba6</run_address>
         <size>0x5a</size>
         <input_file_ref idref="fl-17"/>
      </object_component>
      <object_component id="oc-2eb">
         <name>.text:_pconv_f</name>
         <load_address>0x2c00</load_address>
         <run_address>0x2c00</run_address>
         <size>0x56</size>
         <input_file_ref idref="fl-da"/>
      </object_component>
      <object_component id="oc-361">
         <name>.text:__TI_ltoa</name>
         <load_address>0x2c56</load_address>
         <run_address>0x2c56</run_address>
         <size>0x54</size>
         <input_file_ref idref="fl-eb"/>
      </object_component>
      <object_component id="oc-371">
         <name>.text:_ecpy</name>
         <load_address>0x2caa</load_address>
         <run_address>0x2caa</run_address>
         <size>0x52</size>
         <input_file_ref idref="fl-da"/>
      </object_component>
      <object_component id="oc-10f">
         <name>.text:ESP8266_CheckConnection</name>
         <load_address>0x2cfc</load_address>
         <run_address>0x2cfc</run_address>
         <size>0x4c</size>
         <input_file_ref idref="fl-4"/>
      </object_component>
      <object_component id="oc-250">
         <name>.text:UART_Available</name>
         <load_address>0x2d48</load_address>
         <run_address>0x2d48</run_address>
         <size>0x4c</size>
         <input_file_ref idref="fl-8"/>
      </object_component>
      <object_component id="oc-2d4">
         <name>.text:atoi</name>
         <load_address>0x2d94</load_address>
         <run_address>0x2d94</run_address>
         <size>0x4c</size>
         <input_file_ref idref="fl-ed"/>
      </object_component>
      <object_component id="oc-1b1">
         <name>.text:FlashCtl_setWaitState</name>
         <load_address>0x2de0</load_address>
         <run_address>0x2de0</run_address>
         <size>0x48</size>
         <input_file_ref idref="fl-15"/>
      </object_component>
      <object_component id="oc-109">
         <name>.text:UART_Flush</name>
         <load_address>0x2e28</load_address>
         <run_address>0x2e28</run_address>
         <size>0x48</size>
         <input_file_ref idref="fl-8"/>
      </object_component>
      <object_component id="oc-35c">
         <name>.text</name>
         <load_address>0x2e70</load_address>
         <run_address>0x2e70</run_address>
         <size>0x48</size>
         <input_file_ref idref="fl-e4"/>
      </object_component>
      <object_component id="oc-14d">
         <name>.text:__TI_auto_init_nobinit_nopinit:__TI_auto_init_nobinit_nopinit</name>
         <load_address>0x2eb8</load_address>
         <run_address>0x2eb8</run_address>
         <size>0x44</size>
         <input_file_ref idref="fl-e6"/>
      </object_component>
      <object_component id="oc-1eb">
         <name>.text:UART_Write</name>
         <load_address>0x2efc</load_address>
         <run_address>0x2efc</run_address>
         <size>0x40</size>
         <input_file_ref idref="fl-8"/>
      </object_component>
      <object_component id="oc-20d">
         <name>.text:sprintf</name>
         <load_address>0x2f3c</load_address>
         <run_address>0x2f3c</run_address>
         <size>0x40</size>
         <input_file_ref idref="fl-d3"/>
      </object_component>
      <object_component id="oc-384">
         <name>.text:_fcpy</name>
         <load_address>0x2f7c</load_address>
         <run_address>0x2f7c</run_address>
         <size>0x3e</size>
         <input_file_ref idref="fl-da"/>
      </object_component>
      <object_component id="oc-1bd">
         <name>.text:CS_setDCOCenteredFrequency</name>
         <load_address>0x2fbc</load_address>
         <run_address>0x2fbc</run_address>
         <size>0x34</size>
         <input_file_ref idref="fl-14"/>
      </object_component>
      <object_component id="oc-55">
         <name>.text:_c_int00_noargs:_c_int00_noargs</name>
         <load_address>0x2ff0</load_address>
         <run_address>0x2ff0</run_address>
         <size>0x34</size>
         <input_file_ref idref="fl-d9"/>
      </object_component>
      <object_component id="oc-1e4">
         <name>.text:strstr</name>
         <load_address>0x3024</load_address>
         <run_address>0x3024</run_address>
         <size>0x34</size>
         <input_file_ref idref="fl-d8"/>
      </object_component>
      <object_component id="oc-367">
         <name>.text</name>
         <load_address>0x3058</load_address>
         <run_address>0x3058</run_address>
         <size>0x2e</size>
         <input_file_ref idref="fl-e5"/>
      </object_component>
      <object_component id="oc-eb">
         <name>.text:CS_Init</name>
         <load_address>0x3086</load_address>
         <run_address>0x3086</run_address>
         <size>0x22</size>
         <input_file_ref idref="fl-6"/>
      </object_component>
      <object_component id="oc-103">
         <name>.text:ESP8266_HardReset</name>
         <load_address>0x30a8</load_address>
         <run_address>0x30a8</run_address>
         <size>0x22</size>
         <input_file_ref idref="fl-4"/>
      </object_component>
      <object_component id="oc-1f7">
         <name>.text:PrintString</name>
         <load_address>0x30ca</load_address>
         <run_address>0x30ca</run_address>
         <size>0x22</size>
         <input_file_ref idref="fl-5"/>
      </object_component>
      <object_component id="oc-1d6">
         <name>.text:GPIO_High</name>
         <load_address>0x30ec</load_address>
         <run_address>0x30ec</run_address>
         <size>0x20</size>
         <input_file_ref idref="fl-7"/>
      </object_component>
      <object_component id="oc-f7">
         <name>.text:GPIO_Init</name>
         <load_address>0x310c</load_address>
         <run_address>0x310c</run_address>
         <size>0x20</size>
         <input_file_ref idref="fl-7"/>
      </object_component>
      <object_component id="oc-1d0">
         <name>.text:GPIO_Low</name>
         <load_address>0x312c</load_address>
         <run_address>0x312c</run_address>
         <size>0x20</size>
         <input_file_ref idref="fl-7"/>
      </object_component>
      <object_component id="oc-2fd">
         <name>.text:memccpy</name>
         <load_address>0x314c</load_address>
         <run_address>0x314c</run_address>
         <size>0x1c</size>
         <input_file_ref idref="fl-ef"/>
      </object_component>
      <object_component id="oc-3df">
         <name>.text:copysign</name>
         <load_address>0x3168</load_address>
         <run_address>0x3168</run_address>
         <size>0x1a</size>
         <input_file_ref idref="fl-dd"/>
      </object_component>
      <object_component id="oc-180">
         <name>.text:UART_getInterruptStatus</name>
         <load_address>0x3182</load_address>
         <run_address>0x3182</run_address>
         <size>0x18</size>
         <input_file_ref idref="fl-1b"/>
      </object_component>
      <object_component id="oc-26b">
         <name>.text:_outs</name>
         <load_address>0x319a</load_address>
         <run_address>0x319a</run_address>
         <size>0x18</size>
         <input_file_ref idref="fl-d3"/>
      </object_component>
      <object_component id="oc-398">
         <name>.text:strchr</name>
         <load_address>0x31b2</load_address>
         <run_address>0x31b2</run_address>
         <size>0x16</size>
         <input_file_ref idref="fl-f0"/>
      </object_component>
      <object_component id="oc-2a7">
         <name>.text:PCM_getPowerState</name>
         <load_address>0x31c8</load_address>
         <run_address>0x31c8</run_address>
         <size>0x14</size>
         <input_file_ref idref="fl-17"/>
      </object_component>
      <object_component id="oc-1f1">
         <name>.text:PrintChar</name>
         <load_address>0x31dc</load_address>
         <run_address>0x31dc</run_address>
         <size>0x14</size>
         <input_file_ref idref="fl-5"/>
      </object_component>
      <object_component id="oc-2ce">
         <name>.text:strlen</name>
         <load_address>0x31f0</load_address>
         <run_address>0x31f0</run_address>
         <size>0x14</size>
         <input_file_ref idref="fl-f1"/>
      </object_component>
      <object_component id="oc-303">
         <name>.text:wcslen</name>
         <load_address>0x3204</load_address>
         <run_address>0x3204</run_address>
         <size>0x12</size>
         <input_file_ref idref="fl-f3"/>
      </object_component>
      <object_component id="oc-1b7">
         <name>.text:PCM_setCoreVoltageLevel</name>
         <load_address>0x3216</load_address>
         <run_address>0x3216</run_address>
         <size>0x10</size>
         <input_file_ref idref="fl-17"/>
      </object_component>
      <object_component id="oc-2ad">
         <name>.text:PCM_setPowerMode</name>
         <load_address>0x3226</load_address>
         <run_address>0x3226</run_address>
         <size>0x10</size>
         <input_file_ref idref="fl-17"/>
      </object_component>
      <object_component id="oc-1d">
         <name>.text:decompress:none:__TI_decompress_none</name>
         <load_address>0x3236</load_address>
         <run_address>0x3236</run_address>
         <size>0xe</size>
         <input_file_ref idref="fl-d6"/>
      </object_component>
      <object_component id="oc-67">
         <name>.text:Reset_Handler</name>
         <load_address>0x3244</load_address>
         <run_address>0x3244</run_address>
         <size>0xc</size>
         <input_file_ref idref="fl-9"/>
      </object_component>
      <object_component id="oc-49">
         <name>.text:decompress:ZI:__TI_zero_init</name>
         <load_address>0x3250</load_address>
         <run_address>0x3250</run_address>
         <size>0xc</size>
         <input_file_ref idref="fl-d5"/>
      </object_component>
      <object_component id="oc-271">
         <name>.text:_outc</name>
         <load_address>0x325c</load_address>
         <run_address>0x325c</run_address>
         <size>0xa</size>
         <input_file_ref idref="fl-d3"/>
      </object_component>
      <object_component id="oc-fd">
         <name>.text:ESP8266_GetBuffer</name>
         <load_address>0x3268</load_address>
         <run_address>0x3268</run_address>
         <size>0x8</size>
         <input_file_ref idref="fl-4"/>
      </object_component>
      <object_component id="oc-309">
         <name>.text:__aeabi_errno_addr</name>
         <load_address>0x3270</load_address>
         <run_address>0x3270</run_address>
         <size>0x8</size>
         <input_file_ref idref="fl-f2"/>
      </object_component>
      <object_component id="oc-9f">
         <name>.text:_system_pre_init</name>
         <load_address>0x3278</load_address>
         <run_address>0x3278</run_address>
         <size>0x4</size>
         <input_file_ref idref="fl-e7"/>
      </object_component>
      <object_component id="oc-141">
         <name>.text:abort:abort</name>
         <load_address>0x327c</load_address>
         <run_address>0x327c</run_address>
         <size>0x4</size>
         <input_file_ref idref="fl-e9"/>
      </object_component>
      <object_component id="oc-341">
         <name>.const:.string:_ctypes_</name>
         <load_address>0x3280</load_address>
         <run_address>0x3280</run_address>
         <size>0x101</size>
         <input_file_ref idref="fl-ee"/>
      </object_component>
      <object_component id="oc-43d">
         <name>.cinit..data.load</name>
         <load_address>0x3388</load_address>
         <run_address>0x3388</run_address>
         <size>0x1b</size>
      </object_component>
      <object_component id="oc-43b">
         <name>__TI_handler_table</name>
         <load_address>0x33a4</load_address>
         <run_address>0x33a4</run_address>
         <size>0xc</size>
      </object_component>
      <object_component id="oc-43e">
         <name>.cinit..bss.load</name>
         <load_address>0x33b0</load_address>
         <run_address>0x33b0</run_address>
         <size>0x8</size>
      </object_component>
      <object_component id="oc-43c">
         <name>__TI_cinit_table</name>
         <load_address>0x33b8</load_address>
         <run_address>0x33b8</run_address>
         <size>0x10</size>
      </object_component>
      <object_component id="oc-40f">
         <name>.binit</name>
         <load_address>0x0</load_address>
         <run_address>0x0</run_address>
         <size>0x0</size>
      </object_component>
      <object_component id="oc-139">
         <name>.data:UART0Config</name>
         <load_address>0x20001810</load_address>
         <run_address>0x20001810</run_address>
         <size>0x28</size>
         <input_file_ref idref="fl-2"/>
      </object_component>
      <object_component id="oc-13c">
         <name>.data:UART2Config</name>
         <load_address>0x20001838</load_address>
         <run_address>0x20001838</run_address>
         <size>0x28</size>
         <input_file_ref idref="fl-2"/>
      </object_component>
      <object_component id="oc-3a8">
         <name>.data</name>
         <load_address>0x20001860</load_address>
         <run_address>0x20001860</run_address>
         <size>0x4</size>
         <input_file_ref idref="fl-f2"/>
      </object_component>
      <object_component id="oc-1cc">
         <name>.common:ESP8266_Buffer</name>
         <uninitialized>true</uninitialized>
         <run_address>0x20000000</run_address>
         <size>0x800</size>
      </object_component>
      <object_component id="oc-c9">
         <name>.common:UARTA0Data</name>
         <uninitialized>true</uninitialized>
         <run_address>0x20000800</run_address>
         <size>0x800</size>
      </object_component>
      <object_component id="oc-c8">
         <name>.common:UARTA0ReadIndex</name>
         <uninitialized>true</uninitialized>
         <run_address>0x20001800</run_address>
         <size>0x4</size>
      </object_component>
      <object_component id="oc-c5">
         <name>.common:UARTA0WriteIndex</name>
         <uninitialized>true</uninitialized>
         <run_address>0x20001804</run_address>
         <size>0x4</size>
      </object_component>
      <object_component id="oc-d2">
         <name>.common:UARTA2Data</name>
         <uninitialized>true</uninitialized>
         <run_address>0x20001000</run_address>
         <size>0x800</size>
      </object_component>
      <object_component id="oc-d1">
         <name>.common:UARTA2ReadIndex</name>
         <uninitialized>true</uninitialized>
         <run_address>0x20001808</run_address>
         <size>0x4</size>
      </object_component>
      <object_component id="oc-d0">
         <name>.common:UARTA2WriteIndex</name>
         <uninitialized>true</uninitialized>
         <run_address>0x2000180c</run_address>
         <size>0x4</size>
      </object_component>
      <object_component id="oc-29">
         <name>.stack</name>
         <uninitialized>true</uninitialized>
         <run_address>0x2000fe00</run_address>
         <size>0x4</size>
         <input_file_ref idref="fl-d9"/>
      </object_component>
      <object_component id="oc-440">
         <name>.stack</name>
         <uninitialized>true</uninitialized>
         <run_address>0x2000fe00</run_address>
         <size>0x0</size>
      </object_component>
      <object_component id="oc-140">
         <name>.debug_info</name>
         <load_address>0x0</load_address>
         <run_address>0x0</run_address>
         <size>0x848</size>
         <input_file_ref idref="fl-2"/>
      </object_component>
      <object_component id="oc-13a">
         <name>.debug_info</name>
         <load_address>0x848</load_address>
         <run_address>0x848</run_address>
         <size>0x101</size>
         <input_file_ref idref="fl-2"/>
      </object_component>
      <object_component id="oc-13d">
         <name>.debug_info</name>
         <load_address>0x949</load_address>
         <run_address>0x949</run_address>
         <size>0x101</size>
         <input_file_ref idref="fl-2"/>
      </object_component>
      <object_component id="oc-a6">
         <name>.debug_info</name>
         <load_address>0xa4a</load_address>
         <run_address>0xa4a</run_address>
         <size>0x34d</size>
         <input_file_ref idref="fl-2"/>
      </object_component>
      <object_component id="oc-d6">
         <name>.debug_info</name>
         <load_address>0xd97</load_address>
         <run_address>0xd97</run_address>
         <size>0x26b</size>
         <input_file_ref idref="fl-2"/>
      </object_component>
      <object_component id="oc-198">
         <name>.debug_info</name>
         <load_address>0x1002</load_address>
         <run_address>0x1002</run_address>
         <size>0x1028</size>
         <input_file_ref idref="fl-2"/>
      </object_component>
      <object_component id="oc-193">
         <name>.debug_info</name>
         <load_address>0x202a</load_address>
         <run_address>0x202a</run_address>
         <size>0x37e2</size>
         <input_file_ref idref="fl-2"/>
      </object_component>
      <object_component id="oc-19d">
         <name>.debug_info</name>
         <load_address>0x580c</load_address>
         <run_address>0x580c</run_address>
         <size>0x8b</size>
         <input_file_ref idref="fl-2"/>
      </object_component>
      <object_component id="oc-1ac">
         <name>.debug_info</name>
         <load_address>0x5897</load_address>
         <run_address>0x5897</run_address>
         <size>0x2a4</size>
         <input_file_ref idref="fl-2"/>
      </object_component>
      <object_component id="oc-1a7">
         <name>.debug_info</name>
         <load_address>0x5b3b</load_address>
         <run_address>0x5b3b</run_address>
         <size>0xef</size>
         <input_file_ref idref="fl-2"/>
      </object_component>
      <object_component id="oc-cb">
         <name>.debug_info</name>
         <load_address>0x5c2a</load_address>
         <run_address>0x5c2a</run_address>
         <size>0xbb</size>
         <input_file_ref idref="fl-2"/>
      </object_component>
      <object_component id="oc-205">
         <name>.debug_info</name>
         <load_address>0x5ce5</load_address>
         <run_address>0x5ce5</run_address>
         <size>0x2c</size>
         <input_file_ref idref="fl-2"/>
      </object_component>
      <object_component id="oc-1a2">
         <name>.debug_info</name>
         <load_address>0x5d11</load_address>
         <run_address>0x5d11</run_address>
         <size>0x102</size>
         <input_file_ref idref="fl-2"/>
      </object_component>
      <object_component id="oc-b8">
         <name>.debug_info</name>
         <load_address>0x5e13</load_address>
         <run_address>0x5e13</run_address>
         <size>0x156</size>
         <input_file_ref idref="fl-3"/>
      </object_component>
      <object_component id="oc-32">
         <name>.debug_info</name>
         <load_address>0x5f69</load_address>
         <run_address>0x5f69</run_address>
         <size>0x84</size>
         <input_file_ref idref="fl-3"/>
      </object_component>
      <object_component id="oc-1cd">
         <name>.debug_info</name>
         <load_address>0x5fed</load_address>
         <run_address>0x5fed</run_address>
         <size>0x771</size>
         <input_file_ref idref="fl-4"/>
      </object_component>
      <object_component id="oc-1df">
         <name>.debug_info</name>
         <load_address>0x675e</load_address>
         <run_address>0x675e</run_address>
         <size>0x1dd</size>
         <input_file_ref idref="fl-4"/>
      </object_component>
      <object_component id="oc-110">
         <name>.debug_info</name>
         <load_address>0x693b</load_address>
         <run_address>0x693b</run_address>
         <size>0x1a0</size>
         <input_file_ref idref="fl-4"/>
      </object_component>
      <object_component id="oc-11c">
         <name>.debug_info</name>
         <load_address>0x6adb</load_address>
         <run_address>0x6adb</run_address>
         <size>0x1b8</size>
         <input_file_ref idref="fl-4"/>
      </object_component>
      <object_component id="oc-122">
         <name>.debug_info</name>
         <load_address>0x6c93</load_address>
         <run_address>0x6c93</run_address>
         <size>0x1fd</size>
         <input_file_ref idref="fl-4"/>
      </object_component>
      <object_component id="oc-128">
         <name>.debug_info</name>
         <load_address>0x6e90</load_address>
         <run_address>0x6e90</run_address>
         <size>0x1eb</size>
         <input_file_ref idref="fl-4"/>
      </object_component>
      <object_component id="oc-12e">
         <name>.debug_info</name>
         <load_address>0x707b</load_address>
         <run_address>0x707b</run_address>
         <size>0x24b</size>
         <input_file_ref idref="fl-4"/>
      </object_component>
      <object_component id="oc-134">
         <name>.debug_info</name>
         <load_address>0x72c6</load_address>
         <run_address>0x72c6</run_address>
         <size>0x220</size>
         <input_file_ref idref="fl-4"/>
      </object_component>
      <object_component id="oc-fe">
         <name>.debug_info</name>
         <load_address>0x74e6</load_address>
         <run_address>0x74e6</run_address>
         <size>0x15c</size>
         <input_file_ref idref="fl-4"/>
      </object_component>
      <object_component id="oc-104">
         <name>.debug_info</name>
         <load_address>0x7642</load_address>
         <run_address>0x7642</run_address>
         <size>0x178</size>
         <input_file_ref idref="fl-4"/>
      </object_component>
      <object_component id="oc-e2">
         <name>.debug_info</name>
         <load_address>0x77ba</load_address>
         <run_address>0x77ba</run_address>
         <size>0x2c</size>
         <input_file_ref idref="fl-4"/>
      </object_component>
      <object_component id="oc-204">
         <name>.debug_info</name>
         <load_address>0x77e6</load_address>
         <run_address>0x77e6</run_address>
         <size>0x5f3</size>
         <input_file_ref idref="fl-5"/>
      </object_component>
      <object_component id="oc-1f2">
         <name>.debug_info</name>
         <load_address>0x7dd9</load_address>
         <run_address>0x7dd9</run_address>
         <size>0x18d</size>
         <input_file_ref idref="fl-5"/>
      </object_component>
      <object_component id="oc-1f8">
         <name>.debug_info</name>
         <load_address>0x7f66</load_address>
         <run_address>0x7f66</run_address>
         <size>0x1a4</size>
         <input_file_ref idref="fl-5"/>
      </object_component>
      <object_component id="oc-1fe">
         <name>.debug_info</name>
         <load_address>0x810a</load_address>
         <run_address>0x810a</run_address>
         <size>0x1f6</size>
         <input_file_ref idref="fl-5"/>
      </object_component>
      <object_component id="oc-116">
         <name>.debug_info</name>
         <load_address>0x8300</load_address>
         <run_address>0x8300</run_address>
         <size>0x1e6</size>
         <input_file_ref idref="fl-5"/>
      </object_component>
      <object_component id="oc-ef">
         <name>.debug_info</name>
         <load_address>0x84e6</load_address>
         <run_address>0x84e6</run_address>
         <size>0x1c4</size>
         <input_file_ref idref="fl-6"/>
      </object_component>
      <object_component id="oc-fb">
         <name>.debug_info</name>
         <load_address>0x86aa</load_address>
         <run_address>0x86aa</run_address>
         <size>0x1b8</size>
         <input_file_ref idref="fl-7"/>
      </object_component>
      <object_component id="oc-1d8">
         <name>.debug_info</name>
         <load_address>0x8862</load_address>
         <run_address>0x8862</run_address>
         <size>0x1b8</size>
         <input_file_ref idref="fl-7"/>
      </object_component>
      <object_component id="oc-1d3">
         <name>.debug_info</name>
         <load_address>0x8a1a</load_address>
         <run_address>0x8a1a</run_address>
         <size>0x1b6</size>
         <input_file_ref idref="fl-7"/>
      </object_component>
      <object_component id="oc-c6">
         <name>.debug_info</name>
         <load_address>0x8bd0</load_address>
         <run_address>0x8bd0</run_address>
         <size>0x724</size>
         <input_file_ref idref="fl-8"/>
      </object_component>
      <object_component id="oc-f2">
         <name>.debug_info</name>
         <load_address>0x92f4</load_address>
         <run_address>0x92f4</run_address>
         <size>0x1fc</size>
         <input_file_ref idref="fl-8"/>
      </object_component>
      <object_component id="oc-1ec">
         <name>.debug_info</name>
         <load_address>0x94f0</load_address>
         <run_address>0x94f0</run_address>
         <size>0x1d5</size>
         <input_file_ref idref="fl-8"/>
      </object_component>
      <object_component id="oc-258">
         <name>.debug_info</name>
         <load_address>0x96c5</load_address>
         <run_address>0x96c5</run_address>
         <size>0x1f8</size>
         <input_file_ref idref="fl-8"/>
      </object_component>
      <object_component id="oc-251">
         <name>.debug_info</name>
         <load_address>0x98bd</load_address>
         <run_address>0x98bd</run_address>
         <size>0x188</size>
         <input_file_ref idref="fl-8"/>
      </object_component>
      <object_component id="oc-10a">
         <name>.debug_info</name>
         <load_address>0x9a45</load_address>
         <run_address>0x9a45</run_address>
         <size>0x17c</size>
         <input_file_ref idref="fl-8"/>
      </object_component>
      <object_component id="oc-74">
         <name>.debug_info</name>
         <load_address>0x9bc1</load_address>
         <run_address>0x9bc1</run_address>
         <size>0x1c5</size>
         <input_file_ref idref="fl-8"/>
      </object_component>
      <object_component id="oc-7a">
         <name>.debug_info</name>
         <load_address>0x9d86</load_address>
         <run_address>0x9d86</run_address>
         <size>0x1be</size>
         <input_file_ref idref="fl-8"/>
      </object_component>
      <object_component id="oc-81">
         <name>.debug_info</name>
         <load_address>0x9f44</load_address>
         <run_address>0x9f44</run_address>
         <size>0x2f6</size>
         <input_file_ref idref="fl-9"/>
      </object_component>
      <object_component id="oc-27">
         <name>.debug_info</name>
         <load_address>0xa23a</load_address>
         <run_address>0xa23a</run_address>
         <size>0x122</size>
         <input_file_ref idref="fl-9"/>
      </object_component>
      <object_component id="oc-69">
         <name>.debug_info</name>
         <load_address>0xa35c</load_address>
         <run_address>0xa35c</run_address>
         <size>0x185</size>
         <input_file_ref idref="fl-9"/>
      </object_component>
      <object_component id="oc-6f">
         <name>.debug_info</name>
         <load_address>0xa4e1</load_address>
         <run_address>0xa4e1</run_address>
         <size>0x16d</size>
         <input_file_ref idref="fl-9"/>
      </object_component>
      <object_component id="oc-29a">
         <name>.debug_info</name>
         <load_address>0xa64e</load_address>
         <run_address>0xa64e</run_address>
         <size>0x807</size>
         <input_file_ref idref="fl-14"/>
      </object_component>
      <object_component id="oc-1bf">
         <name>.debug_info</name>
         <load_address>0xae55</load_address>
         <run_address>0xae55</run_address>
         <size>0x1e5</size>
         <input_file_ref idref="fl-14"/>
      </object_component>
      <object_component id="oc-2b6">
         <name>.debug_info</name>
         <load_address>0xb03a</load_address>
         <run_address>0xb03a</run_address>
         <size>0x431a</size>
         <input_file_ref idref="fl-14"/>
      </object_component>
      <object_component id="oc-330">
         <name>.debug_info</name>
         <load_address>0xf354</load_address>
         <run_address>0xf354</run_address>
         <size>0x1b5</size>
         <input_file_ref idref="fl-14"/>
      </object_component>
      <object_component id="oc-2c0">
         <name>.debug_info</name>
         <load_address>0xf509</load_address>
         <run_address>0xf509</run_address>
         <size>0x26b</size>
         <input_file_ref idref="fl-14"/>
      </object_component>
      <object_component id="oc-2bb">
         <name>.debug_info</name>
         <load_address>0xf774</load_address>
         <run_address>0xf774</run_address>
         <size>0x1028</size>
         <input_file_ref idref="fl-14"/>
      </object_component>
      <object_component id="oc-23c">
         <name>.debug_info</name>
         <load_address>0x1079c</load_address>
         <run_address>0x1079c</run_address>
         <size>0x297</size>
         <input_file_ref idref="fl-14"/>
      </object_component>
      <object_component id="oc-187">
         <name>.debug_info</name>
         <load_address>0x10a33</load_address>
         <run_address>0x10a33</run_address>
         <size>0xef</size>
         <input_file_ref idref="fl-14"/>
      </object_component>
      <object_component id="oc-18c">
         <name>.debug_info</name>
         <load_address>0x10b22</load_address>
         <run_address>0x10b22</run_address>
         <size>0xbb</size>
         <input_file_ref idref="fl-14"/>
      </object_component>
      <object_component id="oc-1b5">
         <name>.debug_info</name>
         <load_address>0x10bdd</load_address>
         <run_address>0x10bdd</run_address>
         <size>0x224</size>
         <input_file_ref idref="fl-15"/>
      </object_component>
      <object_component id="oc-243">
         <name>.debug_info</name>
         <load_address>0x10e01</load_address>
         <run_address>0x10e01</run_address>
         <size>0x3a5</size>
         <input_file_ref idref="fl-17"/>
      </object_component>
      <object_component id="oc-1b8">
         <name>.debug_info</name>
         <load_address>0x111a6</load_address>
         <run_address>0x111a6</run_address>
         <size>0x220</size>
         <input_file_ref idref="fl-17"/>
      </object_component>
      <object_component id="oc-29c">
         <name>.debug_info</name>
         <load_address>0x113c6</load_address>
         <run_address>0x113c6</run_address>
         <size>0x1eb</size>
         <input_file_ref idref="fl-17"/>
      </object_component>
      <object_component id="oc-2a2">
         <name>.debug_info</name>
         <load_address>0x115b1</load_address>
         <run_address>0x115b1</run_address>
         <size>0x1f9</size>
         <input_file_ref idref="fl-17"/>
      </object_component>
      <object_component id="oc-339">
         <name>.debug_info</name>
         <load_address>0x117aa</load_address>
         <run_address>0x117aa</run_address>
         <size>0x346</size>
         <input_file_ref idref="fl-17"/>
      </object_component>
      <object_component id="oc-2ae">
         <name>.debug_info</name>
         <load_address>0x11af0</load_address>
         <run_address>0x11af0</run_address>
         <size>0x202</size>
         <input_file_ref idref="fl-17"/>
      </object_component>
      <object_component id="oc-2a8">
         <name>.debug_info</name>
         <load_address>0x11cf2</load_address>
         <run_address>0x11cf2</run_address>
         <size>0x1ac</size>
         <input_file_ref idref="fl-17"/>
      </object_component>
      <object_component id="oc-24b">
         <name>.debug_info</name>
         <load_address>0x11e9e</load_address>
         <run_address>0x11e9e</run_address>
         <size>0x6eb</size>
         <input_file_ref idref="fl-1b"/>
      </object_component>
      <object_component id="oc-1c5">
         <name>.debug_info</name>
         <load_address>0x12589</load_address>
         <run_address>0x12589</run_address>
         <size>0x234</size>
         <input_file_ref idref="fl-1b"/>
      </object_component>
      <object_component id="oc-181">
         <name>.debug_info</name>
         <load_address>0x127bd</load_address>
         <run_address>0x127bd</run_address>
         <size>0x229</size>
         <input_file_ref idref="fl-1b"/>
      </object_component>
      <object_component id="oc-c0">
         <name>.debug_info</name>
         <load_address>0x129e6</load_address>
         <run_address>0x129e6</run_address>
         <size>0x26c</size>
         <input_file_ref idref="fl-1b"/>
      </object_component>
      <object_component id="oc-2c5">
         <name>.debug_info</name>
         <load_address>0x12c52</load_address>
         <run_address>0x12c52</run_address>
         <size>0x102</size>
         <input_file_ref idref="fl-1b"/>
      </object_component>
      <object_component id="oc-278">
         <name>.debug_info</name>
         <load_address>0x12d54</load_address>
         <run_address>0x12d54</run_address>
         <size>0x333</size>
         <input_file_ref idref="fl-d3"/>
      </object_component>
      <object_component id="oc-20f">
         <name>.debug_info</name>
         <load_address>0x13087</load_address>
         <run_address>0x13087</run_address>
         <size>0x1d1</size>
         <input_file_ref idref="fl-d3"/>
      </object_component>
      <object_component id="oc-26c">
         <name>.debug_info</name>
         <load_address>0x13258</load_address>
         <run_address>0x13258</run_address>
         <size>0x18d</size>
         <input_file_ref idref="fl-d3"/>
      </object_component>
      <object_component id="oc-274">
         <name>.debug_info</name>
         <load_address>0x133e5</load_address>
         <run_address>0x133e5</run_address>
         <size>0x16d</size>
         <input_file_ref idref="fl-d3"/>
      </object_component>
      <object_component id="oc-3af">
         <name>.debug_info</name>
         <load_address>0x13552</load_address>
         <run_address>0x13552</run_address>
         <size>0x2c</size>
         <input_file_ref idref="fl-d3"/>
      </object_component>
      <object_component id="oc-38">
         <name>.debug_info</name>
         <load_address>0x1357e</load_address>
         <run_address>0x1357e</run_address>
         <size>0x119</size>
         <input_file_ref idref="fl-d4"/>
      </object_component>
      <object_component id="oc-98">
         <name>.debug_info</name>
         <load_address>0x13697</load_address>
         <run_address>0x13697</run_address>
         <size>0x2d4</size>
         <input_file_ref idref="fl-d5"/>
      </object_component>
      <object_component id="oc-4b">
         <name>.debug_info</name>
         <load_address>0x1396b</load_address>
         <run_address>0x1396b</run_address>
         <size>0x1b5</size>
         <input_file_ref idref="fl-d5"/>
      </object_component>
      <object_component id="oc-93">
         <name>.debug_info</name>
         <load_address>0x13b20</load_address>
         <run_address>0x13b20</run_address>
         <size>0x46</size>
         <input_file_ref idref="fl-d5"/>
      </object_component>
      <object_component id="oc-42">
         <name>.debug_info</name>
         <load_address>0x13b66</load_address>
         <run_address>0x13b66</run_address>
         <size>0x2a8</size>
         <input_file_ref idref="fl-d6"/>
      </object_component>
      <object_component id="oc-21">
         <name>.debug_info</name>
         <load_address>0x13e0e</load_address>
         <run_address>0x13e0e</run_address>
         <size>0x1ea</size>
         <input_file_ref idref="fl-d6"/>
      </object_component>
      <object_component id="oc-3d">
         <name>.debug_info</name>
         <load_address>0x13ff8</load_address>
         <run_address>0x13ff8</run_address>
         <size>0x46</size>
         <input_file_ref idref="fl-d6"/>
      </object_component>
      <object_component id="oc-8b">
         <name>.debug_info</name>
         <load_address>0x1403e</load_address>
         <run_address>0x1403e</run_address>
         <size>0x2c</size>
         <input_file_ref idref="fl-d6"/>
      </object_component>
      <object_component id="oc-89">
         <name>.debug_info</name>
         <load_address>0x1406a</load_address>
         <run_address>0x1406a</run_address>
         <size>0x29e</size>
         <input_file_ref idref="fl-d7"/>
      </object_component>
      <object_component id="oc-18">
         <name>.debug_info</name>
         <load_address>0x14308</load_address>
         <run_address>0x14308</run_address>
         <size>0x250</size>
         <input_file_ref idref="fl-d7"/>
      </object_component>
      <object_component id="oc-2d">
         <name>.debug_info</name>
         <load_address>0x14558</load_address>
         <run_address>0x14558</run_address>
         <size>0x60</size>
         <input_file_ref idref="fl-d7"/>
      </object_component>
      <object_component id="oc-db">
         <name>.debug_info</name>
         <load_address>0x145b8</load_address>
         <run_address>0x145b8</run_address>
         <size>0x46</size>
         <input_file_ref idref="fl-d7"/>
      </object_component>
      <object_component id="oc-84">
         <name>.debug_info</name>
         <load_address>0x145fe</load_address>
         <run_address>0x145fe</run_address>
         <size>0x39</size>
         <input_file_ref idref="fl-d7"/>
      </object_component>
      <object_component id="oc-25e">
         <name>.debug_info</name>
         <load_address>0x14637</load_address>
         <run_address>0x14637</run_address>
         <size>0x295</size>
         <input_file_ref idref="fl-d8"/>
      </object_component>
      <object_component id="oc-1e8">
         <name>.debug_info</name>
         <load_address>0x148cc</load_address>
         <run_address>0x148cc</run_address>
         <size>0x1d1</size>
         <input_file_ref idref="fl-d8"/>
      </object_component>
      <object_component id="oc-2a">
         <name>.debug_info</name>
         <load_address>0x14a9d</load_address>
         <run_address>0x14a9d</run_address>
         <size>0x10b</size>
         <input_file_ref idref="fl-d9"/>
      </object_component>
      <object_component id="oc-57">
         <name>.debug_info</name>
         <load_address>0x14ba8</load_address>
         <run_address>0x14ba8</run_address>
         <size>0x1a9</size>
         <input_file_ref idref="fl-d9"/>
      </object_component>
      <object_component id="oc-310">
         <name>.debug_info</name>
         <load_address>0x14d51</load_address>
         <run_address>0x14d51</run_address>
         <size>0x590</size>
         <input_file_ref idref="fl-da"/>
      </object_component>
      <object_component id="oc-2dc">
         <name>.debug_info</name>
         <load_address>0x152e1</load_address>
         <run_address>0x152e1</run_address>
         <size>0x21e</size>
         <input_file_ref idref="fl-da"/>
      </object_component>
      <object_component id="oc-372">
         <name>.debug_info</name>
         <load_address>0x154ff</load_address>
         <run_address>0x154ff</run_address>
         <size>0x1b3</size>
         <input_file_ref idref="fl-da"/>
      </object_component>
      <object_component id="oc-378">
         <name>.debug_info</name>
         <load_address>0x156b2</load_address>
         <run_address>0x156b2</run_address>
         <size>0x21b</size>
         <input_file_ref idref="fl-da"/>
      </object_component>
      <object_component id="oc-2e6">
         <name>.debug_info</name>
         <load_address>0x158cd</load_address>
         <run_address>0x158cd</run_address>
         <size>0x3c0</size>
         <input_file_ref idref="fl-da"/>
      </object_component>
      <object_component id="oc-37f">
         <name>.debug_info</name>
         <load_address>0x15c8d</load_address>
         <run_address>0x15c8d</run_address>
         <size>0x30a</size>
         <input_file_ref idref="fl-da"/>
      </object_component>
      <object_component id="oc-386">
         <name>.debug_info</name>
         <load_address>0x15f97</load_address>
         <run_address>0x15f97</run_address>
         <size>0x215</size>
         <input_file_ref idref="fl-da"/>
      </object_component>
      <object_component id="oc-2ed">
         <name>.debug_info</name>
         <load_address>0x161ac</load_address>
         <run_address>0x161ac</run_address>
         <size>0x215</size>
         <input_file_ref idref="fl-da"/>
      </object_component>
      <object_component id="oc-2f3">
         <name>.debug_info</name>
         <load_address>0x163c1</load_address>
         <run_address>0x163c1</run_address>
         <size>0x304</size>
         <input_file_ref idref="fl-da"/>
      </object_component>
      <object_component id="oc-2f9">
         <name>.debug_info</name>
         <load_address>0x166c5</load_address>
         <run_address>0x166c5</run_address>
         <size>0x4b5</size>
         <input_file_ref idref="fl-da"/>
      </object_component>
      <object_component id="oc-266">
         <name>.debug_info</name>
         <load_address>0x16b7a</load_address>
         <run_address>0x16b7a</run_address>
         <size>0x5f4</size>
         <input_file_ref idref="fl-da"/>
      </object_component>
      <object_component id="oc-311">
         <name>.debug_info</name>
         <load_address>0x1716e</load_address>
         <run_address>0x1716e</run_address>
         <size>0x86</size>
         <input_file_ref idref="fl-da"/>
      </object_component>
      <object_component id="oc-3b4">
         <name>.debug_info</name>
         <load_address>0x171f4</load_address>
         <run_address>0x171f4</run_address>
         <size>0x39</size>
         <input_file_ref idref="fl-da"/>
      </object_component>
      <object_component id="oc-3f6">
         <name>.debug_info</name>
         <load_address>0x1722d</load_address>
         <run_address>0x1722d</run_address>
         <size>0xb6</size>
         <input_file_ref idref="fl-da"/>
      </object_component>
      <object_component id="oc-3b9">
         <name>.debug_info</name>
         <load_address>0x172e3</load_address>
         <run_address>0x172e3</run_address>
         <size>0x46</size>
         <input_file_ref idref="fl-da"/>
      </object_component>
      <object_component id="oc-316">
         <name>.debug_info</name>
         <load_address>0x17329</load_address>
         <run_address>0x17329</run_address>
         <size>0x46</size>
         <input_file_ref idref="fl-da"/>
      </object_component>
      <object_component id="oc-3d9">
         <name>.debug_info</name>
         <load_address>0x1736f</load_address>
         <run_address>0x1736f</run_address>
         <size>0x29a</size>
         <input_file_ref idref="fl-db"/>
      </object_component>
      <object_component id="oc-38e">
         <name>.debug_info</name>
         <load_address>0x17609</load_address>
         <run_address>0x17609</run_address>
         <size>0x195</size>
         <input_file_ref idref="fl-db"/>
      </object_component>
      <object_component id="oc-402">
         <name>.debug_info</name>
         <load_address>0x1779e</load_address>
         <run_address>0x1779e</run_address>
         <size>0x39</size>
         <input_file_ref idref="fl-db"/>
      </object_component>
      <object_component id="oc-3da">
         <name>.debug_info</name>
         <load_address>0x177d7</load_address>
         <run_address>0x177d7</run_address>
         <size>0x2c</size>
         <input_file_ref idref="fl-db"/>
      </object_component>
      <object_component id="oc-3e6">
         <name>.debug_info</name>
         <load_address>0x17803</load_address>
         <run_address>0x17803</run_address>
         <size>0x2fd</size>
         <input_file_ref idref="fl-dc"/>
      </object_component>
      <object_component id="oc-393">
         <name>.debug_info</name>
         <load_address>0x17b00</load_address>
         <run_address>0x17b00</run_address>
         <size>0x225</size>
         <input_file_ref idref="fl-dc"/>
      </object_component>
      <object_component id="oc-3e0">
         <name>.debug_info</name>
         <load_address>0x17d25</load_address>
         <run_address>0x17d25</run_address>
         <size>0x161</size>
         <input_file_ref idref="fl-dd"/>
      </object_component>
      <object_component id="oc-347">
         <name>.debug_info</name>
         <load_address>0x17e86</load_address>
         <run_address>0x17e86</run_address>
         <size>0x134</size>
         <input_file_ref idref="fl-de"/>
      </object_component>
      <object_component id="oc-9b">
         <name>.debug_info</name>
         <load_address>0x17fba</load_address>
         <run_address>0x17fba</run_address>
         <size>0x147</size>
         <input_file_ref idref="fl-df"/>
      </object_component>
      <object_component id="oc-36f">
         <name>.debug_info</name>
         <load_address>0x18101</load_address>
         <run_address>0x18101</run_address>
         <size>0x14c</size>
         <input_file_ref idref="fl-e0"/>
      </object_component>
      <object_component id="oc-2e2">
         <name>.debug_info</name>
         <load_address>0x1824d</load_address>
         <run_address>0x1824d</run_address>
         <size>0x128</size>
         <input_file_ref idref="fl-e1"/>
      </object_component>
      <object_component id="oc-358">
         <name>.debug_info</name>
         <load_address>0x18375</load_address>
         <run_address>0x18375</run_address>
         <size>0x12a</size>
         <input_file_ref idref="fl-e1"/>
      </object_component>
      <object_component id="oc-354">
         <name>.debug_info</name>
         <load_address>0x1849f</load_address>
         <run_address>0x1849f</run_address>
         <size>0x13a</size>
         <input_file_ref idref="fl-e2"/>
      </object_component>
      <object_component id="oc-34f">
         <name>.debug_info</name>
         <load_address>0x185d9</load_address>
         <run_address>0x185d9</run_address>
         <size>0x13a</size>
         <input_file_ref idref="fl-e3"/>
      </object_component>
      <object_component id="oc-35d">
         <name>.debug_info</name>
         <load_address>0x18713</load_address>
         <run_address>0x18713</run_address>
         <size>0x12e</size>
         <input_file_ref idref="fl-e4"/>
      </object_component>
      <object_component id="oc-368">
         <name>.debug_info</name>
         <load_address>0x18841</load_address>
         <run_address>0x18841</run_address>
         <size>0x12c</size>
         <input_file_ref idref="fl-e5"/>
      </object_component>
      <object_component id="oc-226">
         <name>.debug_info</name>
         <load_address>0x1896d</load_address>
         <run_address>0x1896d</run_address>
         <size>0x4b3</size>
         <input_file_ref idref="fl-e6"/>
      </object_component>
      <object_component id="oc-14f">
         <name>.debug_info</name>
         <load_address>0x18e20</load_address>
         <run_address>0x18e20</run_address>
         <size>0x1a6</size>
         <input_file_ref idref="fl-e6"/>
      </object_component>
      <object_component id="oc-289">
         <name>.debug_info</name>
         <load_address>0x18fc6</load_address>
         <run_address>0x18fc6</run_address>
         <size>0x39</size>
         <input_file_ref idref="fl-e6"/>
      </object_component>
      <object_component id="oc-322">
         <name>.debug_info</name>
         <load_address>0x18fff</load_address>
         <run_address>0x18fff</run_address>
         <size>0x39</size>
         <input_file_ref idref="fl-e6"/>
      </object_component>
      <object_component id="oc-28e">
         <name>.debug_info</name>
         <load_address>0x19038</load_address>
         <run_address>0x19038</run_address>
         <size>0x39</size>
         <input_file_ref idref="fl-e6"/>
      </object_component>
      <object_component id="oc-293">
         <name>.debug_info</name>
         <load_address>0x19071</load_address>
         <run_address>0x19071</run_address>
         <size>0xcd</size>
         <input_file_ref idref="fl-e6"/>
      </object_component>
      <object_component id="oc-a2">
         <name>.debug_info</name>
         <load_address>0x1913e</load_address>
         <run_address>0x1913e</run_address>
         <size>0x153</size>
         <input_file_ref idref="fl-e7"/>
      </object_component>
      <object_component id="oc-145">
         <name>.debug_info</name>
         <load_address>0x19291</load_address>
         <run_address>0x19291</run_address>
         <size>0x122</size>
         <input_file_ref idref="fl-e9"/>
      </object_component>
      <object_component id="oc-3d1">
         <name>.debug_info</name>
         <load_address>0x193b3</load_address>
         <run_address>0x193b3</run_address>
         <size>0x29c</size>
         <input_file_ref idref="fl-eb"/>
      </object_component>
      <object_component id="oc-365">
         <name>.debug_info</name>
         <load_address>0x1964f</load_address>
         <run_address>0x1964f</run_address>
         <size>0x1da</size>
         <input_file_ref idref="fl-eb"/>
      </object_component>
      <object_component id="oc-345">
         <name>.debug_info</name>
         <load_address>0x19829</load_address>
         <run_address>0x19829</run_address>
         <size>0x2b9</size>
         <input_file_ref idref="fl-ed"/>
      </object_component>
      <object_component id="oc-2d8">
         <name>.debug_info</name>
         <load_address>0x19ae2</load_address>
         <run_address>0x19ae2</run_address>
         <size>0x17c</size>
         <input_file_ref idref="fl-ed"/>
      </object_component>
      <object_component id="oc-3c3">
         <name>.debug_info</name>
         <load_address>0x19c5e</load_address>
         <run_address>0x19c5e</run_address>
         <size>0xf9</size>
         <input_file_ref idref="fl-ee"/>
      </object_component>
      <object_component id="oc-342">
         <name>.debug_info</name>
         <load_address>0x19d57</load_address>
         <run_address>0x19d57</run_address>
         <size>0x105</size>
         <input_file_ref idref="fl-ee"/>
      </object_component>
      <object_component id="oc-3a0">
         <name>.debug_info</name>
         <load_address>0x19e5c</load_address>
         <run_address>0x19e5c</run_address>
         <size>0x2a7</size>
         <input_file_ref idref="fl-ef"/>
      </object_component>
      <object_component id="oc-300">
         <name>.debug_info</name>
         <load_address>0x1a103</load_address>
         <run_address>0x1a103</run_address>
         <size>0x1b8</size>
         <input_file_ref idref="fl-ef"/>
      </object_component>
      <object_component id="oc-3e8">
         <name>.debug_info</name>
         <load_address>0x1a2bb</load_address>
         <run_address>0x1a2bb</run_address>
         <size>0x29a</size>
         <input_file_ref idref="fl-f0"/>
      </object_component>
      <object_component id="oc-39a">
         <name>.debug_info</name>
         <load_address>0x1a555</load_address>
         <run_address>0x1a555</run_address>
         <size>0x262</size>
         <input_file_ref idref="fl-f0"/>
      </object_component>
      <object_component id="oc-340">
         <name>.debug_info</name>
         <load_address>0x1a7b7</load_address>
         <run_address>0x1a7b7</run_address>
         <size>0x28f</size>
         <input_file_ref idref="fl-f1"/>
      </object_component>
      <object_component id="oc-2d0">
         <name>.debug_info</name>
         <load_address>0x1aa46</load_address>
         <run_address>0x1aa46</run_address>
         <size>0x245</size>
         <input_file_ref idref="fl-f1"/>
      </object_component>
      <object_component id="oc-3ac">
         <name>.debug_info</name>
         <load_address>0x1ac8b</load_address>
         <run_address>0x1ac8b</run_address>
         <size>0x289</size>
         <input_file_ref idref="fl-f2"/>
      </object_component>
      <object_component id="oc-3a9">
         <name>.debug_info</name>
         <load_address>0x1af14</load_address>
         <run_address>0x1af14</run_address>
         <size>0x10e</size>
         <input_file_ref idref="fl-f2"/>
      </object_component>
      <object_component id="oc-30c">
         <name>.debug_info</name>
         <load_address>0x1b022</load_address>
         <run_address>0x1b022</run_address>
         <size>0x14e</size>
         <input_file_ref idref="fl-f2"/>
      </object_component>
      <object_component id="oc-3a7">
         <name>.debug_info</name>
         <load_address>0x1b170</load_address>
         <run_address>0x1b170</run_address>
         <size>0x28f</size>
         <input_file_ref idref="fl-f3"/>
      </object_component>
      <object_component id="oc-304">
         <name>.debug_info</name>
         <load_address>0x1b3ff</load_address>
         <run_address>0x1b3ff</run_address>
         <size>0x15a</size>
         <input_file_ref idref="fl-f3"/>
      </object_component>
      <object_component id="oc-3eb">
         <name>.debug_info</name>
         <load_address>0x1b559</load_address>
         <run_address>0x1b559</run_address>
         <size>0x46</size>
         <input_file_ref idref="fl-f3"/>
      </object_component>
      <object_component id="oc-3a2">
         <name>.debug_info</name>
         <load_address>0x1b59f</load_address>
         <run_address>0x1b59f</run_address>
         <size>0x39</size>
         <input_file_ref idref="fl-f3"/>
      </object_component>
      <object_component id="oc-3c9">
         <name>.debug_info</name>
         <load_address>0x1b5d8</load_address>
         <run_address>0x1b5d8</run_address>
         <size>0x115</size>
         <input_file_ref idref="fl-f4"/>
      </object_component>
      <object_component id="oc-441">
         <name>.debug_info</name>
         <load_address>0x1b6ed</load_address>
         <run_address>0x1b6ed</run_address>
         <size>0xca</size>
      </object_component>
      <object_component id="oc-21a">
         <name>.debug_line</name>
         <load_address>0x0</load_address>
         <run_address>0x0</run_address>
         <size>0x242</size>
         <input_file_ref idref="fl-2"/>
      </object_component>
      <object_component id="oc-216">
         <name>.debug_line</name>
         <load_address>0x242</load_address>
         <run_address>0x242</run_address>
         <size>0x2d</size>
         <input_file_ref idref="fl-2"/>
      </object_component>
      <object_component id="oc-218">
         <name>.debug_line</name>
         <load_address>0x26f</load_address>
         <run_address>0x26f</run_address>
         <size>0x2d</size>
         <input_file_ref idref="fl-2"/>
      </object_component>
      <object_component id="oc-aa">
         <name>.debug_line</name>
         <load_address>0x29c</load_address>
         <run_address>0x29c</run_address>
         <size>0x83</size>
         <input_file_ref idref="fl-2"/>
      </object_component>
      <object_component id="oc-d9">
         <name>.debug_line</name>
         <load_address>0x31f</load_address>
         <run_address>0x31f</run_address>
         <size>0x6f</size>
         <input_file_ref idref="fl-2"/>
      </object_component>
      <object_component id="oc-19b">
         <name>.debug_line</name>
         <load_address>0x38e</load_address>
         <run_address>0x38e</run_address>
         <size>0x78</size>
         <input_file_ref idref="fl-2"/>
      </object_component>
      <object_component id="oc-196">
         <name>.debug_line</name>
         <load_address>0x406</load_address>
         <run_address>0x406</run_address>
         <size>0x7b</size>
         <input_file_ref idref="fl-2"/>
      </object_component>
      <object_component id="oc-1a0">
         <name>.debug_line</name>
         <load_address>0x481</load_address>
         <run_address>0x481</run_address>
         <size>0x20</size>
         <input_file_ref idref="fl-2"/>
      </object_component>
      <object_component id="oc-1af">
         <name>.debug_line</name>
         <load_address>0x4a1</load_address>
         <run_address>0x4a1</run_address>
         <size>0x73</size>
         <input_file_ref idref="fl-2"/>
      </object_component>
[...]
      </symbol>
      <symbol id="sm-173">
         <name>ESP8266_GetBuffer</name>
         <value>0x3269</value>
         <object_component_ref idref="oc-fd"/>
      </symbol>
      <symbol id="sm-174">
         <name>ESP8266_EstablishConnection</name>
         <value>0x1f35</value>
         <object_component_ref idref="oc-12d"/>
      </symbol>
      <symbol id="sm-175">
         <name>ESP8266_SendData</name>
         <value>0x2221</value>
         <object_component_ref idref="oc-133"/>
      </symbol>
      <symbol id="sm-176">
         <name>ESP8266_CheckConnection</name>
         <value>0x2cfd</value>
         <object_component_ref idref="oc-10f"/>
      </symbol>
      <symbol id="sm-1aa">
         <name>PrintString</name>
         <value>0x30cb</value>
         <object_component_ref idref="oc-1f7"/>
      </symbol>
      <symbol id="sm-1ab">
         <name>PrintInteger</name>
         <value>0x2521</value>
         <object_component_ref idref="oc-1fd"/>
      </symbol>
      <symbol id="sm-1ac">
         <name>PrintChar</name>
         <value>0x31dd</value>
         <object_component_ref idref="oc-1f1"/>
      </symbol>
      <symbol id="sm-1ad">
         <name>MSPrintf</name>
         <value>0x1ff9</value>
         <object_component_ref idref="oc-115"/>
      </symbol>
      <symbol id="sm-1b7">
         <name>CS_Init</name>
         <value>0x3087</value>
         <object_component_ref idref="oc-eb"/>
      </symbol>
      <symbol id="sm-1d7">
         <name>GPIO_High</name>
         <value>0x30ed</value>
         <object_component_ref idref="oc-1d6"/>
      </symbol>
      <symbol id="sm-1d8">
         <name>GPIO_Init</name>
         <value>0x310d</value>
         <object_component_ref idref="oc-f7"/>
      </symbol>
      <symbol id="sm-1d9">
         <name>GPIO_Low</name>
         <value>0x312d</value>
         <object_component_ref idref="oc-1d0"/>
      </symbol>
      <symbol id="sm-262">
         <name>UARTA0Data</name>
         <value>0x20000800</value>
      </symbol>
      <symbol id="sm-263">
         <name>UARTA0ReadIndex</name>
         <value>0x20001800</value>
      </symbol>
      <symbol id="sm-264">
         <name>UARTA0WriteIndex</name>
         <value>0x20001804</value>
      </symbol>
      <symbol id="sm-265">
         <name>UARTA2Data</name>
         <value>0x20001000</value>
      </symbol>
      <symbol id="sm-266">
         <name>UARTA2ReadIndex</name>
         <value>0x20001808</value>
      </symbol>
      <symbol id="sm-267">
         <name>UARTA2WriteIndex</name>
         <value>0x2000180c</value>
      </symbol>
      <symbol id="sm-268">
         <name>UART_Available</name>
         <value>0x2d49</value>
         <object_component_ref idref="oc-250"/>
      </symbol>
      <symbol id="sm-269">
         <name>UART_Read</name>
         <value>0x1b09</value>
         <object_component_ref idref="oc-256"/>
      </symbol>
      <symbol id="sm-26a">
         <name>EUSCIA2_IRQHandler</name>
         <value>0x28b9</value>
         <object_component_ref idref="oc-79"/>
      </symbol>
      <symbol id="sm-26b">
         <name>UART_Flush</name>
         <value>0x2e29</value>
         <object_component_ref idref="oc-109"/>
      </symbol>
      <symbol id="sm-26c">
         <name>UART_Write</name>
         <value>0x2efd</value>
         <object_component_ref idref="oc-1eb"/>
      </symbol>
      <symbol id="sm-26d">
         <name>EUSCIA0_IRQHandler</name>
         <value>0x25ad</value>
         <object_component_ref idref="oc-73"/>
      </symbol>
      <symbol id="sm-26e">
         <name>UART_Init</name>
         <value>0x20b5</value>
         <object_component_ref idref="oc-f1"/>
      </symbol>
      <symbol id="sm-28a">
         <name>Reset_Handler</name>
         <value>0x3245</value>
         <object_component_ref idref="oc-67"/>
      </symbol>
      <symbol id="sm-28b">
         <name>Default_Handler</name>
         <value>0xb33</value>
         <object_component_ref idref="oc-6d"/>
      </symbol>
      <symbol id="sm-28c">
         <name>interruptVectors</name>
         <value>0x0</value>
         <object_component_ref idref="oc-26"/>
      </symbol>
      <symbol id="sm-2c0">
         <name>CS_setDCOCenteredFrequency</name>
         <value>0x2fbd</value>
         <object_component_ref idref="oc-1bd"/>
      </symbol>
      <symbol id="sm-2cf">
         <name>FlashCtl_setWaitState</name>
         <value>0x2de1</value>
         <object_component_ref idref="oc-1b1"/>
      </symbol>
      <symbol id="sm-34e">
         <name>PCM_setCoreVoltageLevel</name>
         <value>0x3217</value>
         <object_component_ref idref="oc-1b7"/>
      </symbol>
      <symbol id="sm-34f">
         <name>PCM_getCoreVoltageLevel</name>
         <value>0x2b49</value>
         <object_component_ref idref="oc-2a1"/>
      </symbol>
      <symbol id="sm-350">
         <name>PCM_getPowerMode</name>
         <value>0x2ba7</value>
         <object_component_ref idref="oc-29b"/>
      </symbol>
      <symbol id="sm-351">
         <name>PCM_getPowerState</name>
         <value>0x31c9</value>
         <object_component_ref idref="oc-2a7"/>
      </symbol>
      <symbol id="sm-352">
         <name>PCM_setPowerMode</name>
         <value>0x3227</value>
         <object_component_ref idref="oc-2ad"/>
      </symbol>
      <symbol id="sm-38d">
         <name>UART_getEnabledInterruptStatus</name>
         <value>0x2a7f</value>
         <object_component_ref idref="oc-bf"/>
      </symbol>
      <symbol id="sm-38e">
         <name>UART_getInterruptStatus</name>
         <value>0x3183</value>
         <object_component_ref idref="oc-180"/>
      </symbol>
      <symbol id="sm-38f">
         <name>UART_initModule</name>
         <value>0x19ed</value>
         <object_component_ref idref="oc-1c4"/>
      </symbol>
      <symbol id="sm-3b8">
         <name>sprintf</name>
         <value>0x2f3d</value>
         <object_component_ref idref="oc-20d"/>
      </symbol>
      <symbol id="sm-3d3">
         <name>memcpy</name>
         <value>0x235d</value>
         <object_component_ref idref="oc-37"/>
      </symbol>
      <symbol id="sm-3d4">
         <name>__aeabi_memcpy</name>
         <value>0x235d</value>
         <object_component_ref idref="oc-37"/>
      </symbol>
      <symbol id="sm-3d5">
         <name>__aeabi_memcpy8</name>
         <value>0x235d</value>
         <object_component_ref idref="oc-37"/>
      </symbol>
      <symbol id="sm-3d6">
         <name>__aeabi_memcpy4</name>
         <value>0x235d</value>
         <object_component_ref idref="oc-37"/>
      </symbol>
      <symbol id="sm-3e8">
         <name>__TI_zero_init</name>
         <value>0x3251</value>
         <object_component_ref idref="oc-49"/>
      </symbol>
      <symbol id="sm-3ff">
         <name>__TI_decompress_none</name>
         <value>0x3237</value>
         <object_component_ref idref="oc-1d"/>
      </symbol>
      <symbol id="sm-422">
         <name>__TI_decompress_lzss</name>
         <value>0x2a17</value>
         <object_component_ref idref="oc-17"/>
      </symbol>
      <symbol id="sm-435">
         <name>strstr</name>
         <value>0x3025</value>
         <object_component_ref idref="oc-1e4"/>
      </symbol>
      <symbol id="sm-448">
         <name>__stack</name>
         <value>0x2000fe00</value>
         <object_component_ref idref="oc-29"/>
      </symbol>
      <symbol id="sm-449">
         <name>_c_int00_noargs</name>
         <value>0x2ff1</value>
         <object_component_ref idref="oc-55"/>
      </symbol>
      <symbol id="sm-5ae">
         <name>__TI_printfi</name>
         <value>0xe5</value>
         <object_component_ref idref="oc-265"/>
      </symbol>
      <symbol id="sm-5ce">
         <name>frexpl</name>
         <value>0x2ae5</value>
         <object_component_ref idref="oc-38c"/>
      </symbol>
      <symbol id="sm-5cf">
         <name>frexp</name>
         <value>0x2ae5</value>
         <object_component_ref idref="oc-38c"/>
      </symbol>
      <symbol id="sm-5ec">
         <name>scalbn</name>
         <value>0x1c21</value>
         <object_component_ref idref="oc-392"/>
      </symbol>
      <symbol id="sm-5ed">
         <name>scalbnl</name>
         <value>0x1c21</value>
         <object_component_ref idref="oc-392"/>
      </symbol>
      <symbol id="sm-5ee">
         <name>ldexpl</name>
         <value>0x1c21</value>
         <object_component_ref idref="oc-392"/>
      </symbol>
      <symbol id="sm-5ef">
         <name>ldexp</name>
         <value>0x1c21</value>
         <object_component_ref idref="oc-392"/>
      </symbol>
      <symbol id="sm-5f9">
         <name>copysign</name>
         <value>0x3169</value>
         <object_component_ref idref="oc-3df"/>
      </symbol>
      <symbol id="sm-5fa">
         <name>copysignl</name>
         <value>0x3169</value>
         <object_component_ref idref="oc-3df"/>
      </symbol>
      <symbol id="sm-607">
         <name>__aeabi_uldivmod</name>
         <value>0x23f9</value>
         <object_component_ref idref="oc-346"/>
      </symbol>
      <symbol id="sm-616">
         <name>__aeabi_memset</name>
         <value>0x283f</value>
         <object_component_ref idref="oc-99"/>
      </symbol>
      <symbol id="sm-617">
         <name>memset</name>
         <value>0x2845</value>
         <object_component_ref idref="oc-99"/>
      </symbol>
      <symbol id="sm-618">
         <name>__aeabi_memset8</name>
         <value>0x283f</value>
         <object_component_ref idref="oc-99"/>
      </symbol>
      <symbol id="sm-619">
         <name>__aeabi_memset4</name>
         <value>0x283f</value>
         <object_component_ref idref="oc-99"/>
      </symbol>
      <symbol id="sm-61a">
         <name>__aeabi_memclr8</name>
         <value>0x283d</value>
         <object_component_ref idref="oc-99"/>
      </symbol>
      <symbol id="sm-61b">
         <name>__aeabi_memclr4</name>
         <value>0x283d</value>
         <object_component_ref idref="oc-99"/>
      </symbol>
      <symbol id="sm-61c">
         <name>__aeabi_memclr</name>
         <value>0x283d</value>
         <object_component_ref idref="oc-99"/>
      </symbol>
      <symbol id="sm-633">
         <name>__aeabi_dsub</name>
         <value>0x1341</value>
         <object_component_ref idref="oc-36c"/>
      </symbol>
      <symbol id="sm-634">
         <name>__aeabi_dadd</name>
         <value>0x134b</value>
         <object_component_ref idref="oc-36c"/>
      </symbol>
      <symbol id="sm-656">
         <name>__aeabi_cdcmpeq</name>
         <value>0x2635</value>
         <object_component_ref idref="oc-2e0"/>
      </symbol>
      <symbol id="sm-657">
         <name>__aeabi_cdcmple</name>
         <value>0x2635</value>
         <object_component_ref idref="oc-2e0"/>
      </symbol>
      <symbol id="sm-658">
         <name>__aeabi_cdrcmple</name>
         <value>0x26bb</value>
         <object_component_ref idref="oc-357"/>
      </symbol>
      <symbol id="sm-66c">
         <name>__aeabi_ddiv</name>
         <value>0x1791</value>
         <object_component_ref idref="oc-352"/>
      </symbol>
      <symbol id="sm-677">
         <name>__aeabi_dmul</name>
         <value>0x1e39</value>
         <object_component_ref idref="oc-34d"/>
      </symbol>
      <symbol id="sm-681">
         <name>__aeabi_d2iz</name>
         <value>0x2e71</value>
         <object_component_ref idref="oc-35c"/>
      </symbol>
      <symbol id="sm-68b">
         <name>__aeabi_i2d</name>
         <value>0x3059</value>
         <object_component_ref idref="oc-367"/>
      </symbol>
      <symbol id="sm-6b3">
         <name>__TI_auto_init_nobinit_nopinit</name>
         <value>0x2eb9</value>
         <object_component_ref idref="oc-14d"/>
      </symbol>
      <symbol id="sm-6bd">
         <name>_system_pre_init</name>
         <value>0x3279</value>
         <object_component_ref idref="oc-9f"/>
      </symbol>
      <symbol id="sm-6c9">
         <name>C$$EXIT</name>
         <value>0x327d</value>
         <object_component_ref idref="oc-141"/>
      </symbol>
      <symbol id="sm-6ca">
         <name>abort</name>
         <value>0x327d</value>
         <object_component_ref idref="oc-141"/>
      </symbol>
      <symbol id="sm-6da">
         <name>__TI_ltoa</name>
         <value>0x2c57</value>
         <object_component_ref idref="oc-361"/>
      </symbol>
      <symbol id="sm-6f1">
         <name>atoi</name>
         <value>0x2d95</value>
         <object_component_ref idref="oc-2d4"/>
      </symbol>
      <symbol id="sm-6fc">
         <name>_ctypes_</name>
         <value>0x3280</value>
         <object_component_ref idref="oc-341"/>
      </symbol>
      <symbol id="sm-70c">
         <name>memccpy</name>
         <value>0x314d</value>
         <object_component_ref idref="oc-2fd"/>
      </symbol>
      <symbol id="sm-71c">
         <name>strchr</name>
         <value>0x31b3</value>
         <object_component_ref idref="oc-398"/>
      </symbol>
      <symbol id="sm-72a">
         <name>strlen</name>
         <value>0x31f1</value>
         <object_component_ref idref="oc-2ce"/>
      </symbol>
      <symbol id="sm-740">
         <name>__aeabi_errno_addr</name>
         <value>0x3271</value>
         <object_component_ref idref="oc-309"/>
      </symbol>
      <symbol id="sm-741">
         <name>errno</name>
         <value>0x20001860</value>
         <object_component_ref idref="oc-3a8"/>
      </symbol>
      <symbol id="sm-75a">
         <name>wcslen</name>
         <value>0x3205</value>
         <object_component_ref idref="oc-303"/>
      </symbol>
      <symbol id="sm-764">
         <name>__aeabi_idiv0</name>
         <value>0x14f7</value>
         <object_component_ref idref="oc-3c6"/>
      </symbol>
      <symbol id="sm-765">
         <name>__aeabi_ldiv0</name>
         <value>0x14f7</value>
         <object_component_ref idref="oc-3c6"/>
      </symbol>
      <symbol id="sm-766">
         <name>__TI_static_base__</name>
         <value>0x0</value>
      </symbol>
      <symbol id="sm-769">
         <name>__mpu_init</name>
         <value>0x0</value>
      </symbol>
      <symbol id="sm-76a">
         <name>_system_post_cinit</name>
         <value>0x0</value>
      </symbol>
      <symbol id="sm-76b">
         <name>NMI_Handler</name>
         <value>0xb33</value>
      </symbol>
      <symbol id="sm-76c">
         <name>HardFault_Handler</name>
         <value>0xb33</value>
      </symbol>
      <symbol id="sm-76d">
         <name>MemManage_Handler</name>
         <value>0xb33</value>
      </symbol>
      <symbol id="sm-76e">
         <name>BusFault_Handler</name>
         <value>0xb33</value>
      </symbol>
      <symbol id="sm-76f">
         <name>UsageFault_Handler</name>
         <value>0xb33</value>
      </symbol>
      <symbol id="sm-770">
         <name>SVC_Handler</name>
         <value>0xb33</value>
      </symbol>
      <symbol id="sm-771">
         <name>DebugMon_Handler</name>
         <value>0xb33</value>
      </symbol>
      <symbol id="sm-772">
         <name>PendSV_Handler</name>
         <value>0xb33</value>
      </symbol>
      <symbol id="sm-773">
         <name>SysTick_Handler</name>
         <value>0xb33</value>
      </symbol>
      <symbol id="sm-774">
         <name>PSS_IRQHandler</name>
         <value>0xb33</value>
      </symbol>
      <symbol id="sm-775">
         <name>CS_IRQHandler</name>
         <value>0xb33</value>
      </symbol>
      <symbol id="sm-776">
         <name>PCM_IRQHandler</name>
         <value>0xb33</value>
      </symbol>
      <symbol id="sm-777">
         <name>WDT_A_IRQHandler</name>
         <value>0xb33</value>
      </symbol>
      <symbol id="sm-778">
         <name>FPU_IRQHandler</name>
         <value>0xb33</value>
      </symbol>
      <symbol id="sm-779">
         <name>FLCTL_IRQHandler</name>
         <value>0xb33</value>
      </symbol>
      <symbol id="sm-77a">
         <name>COMP_E0_IRQHandler</name>
         <value>0xb33</value>
      </symbol>
      <symbol id="sm-77b">
         <name>COMP_E1_IRQHandler</name>
         <value>0xb33</value>
      </symbol>
      <symbol id="sm-77c">
         <name>TA0_0_IRQHandler</name>
         <value>0xb33</value>
      </symbol>
      <symbol id="sm-77d">
         <name>TA0_N_IRQHandler</name>
         <value>0xb33</value>
      </symbol>
      <symbol id="sm-77e">
         <name>TA1_0_IRQHandler</name>
         <value>0xb33</value>
      </symbol>
      <symbol id="sm-77f">
         <name>TA1_N_IRQHandler</name>
         <value>0xb33</value>
      </symbol>
      <symbol id="sm-780">
         <name>TA2_0_IRQHandler</name>
         <value>0xb33</value>
      </symbol>
      <symbol id="sm-781">
         <name>TA2_N_IRQHandler</name>
         <value>0xb33</value>
      </symbol>
      <symbol id="sm-782">
         <name>TA3_0_IRQHandler</name>
         <value>0xb33</value>
      </symbol>
      <symbol id="sm-783">
         <name>TA3_N_IRQHandler</name>
         <value>0xb33</value>
      </symbol>
      <symbol id="sm-784">
         <name>EUSCIA0_IRQHandler</name>
         <value>0x25ad</value>
      </symbol>
      <symbol id="sm-785">
         <name>EUSCIA1_IRQHandler</name>
         <value>0xb33</value>
      </symbol>
      <symbol id="sm-786">
         <name>EUSCIA2_IRQHandler</name>
         <value>0x28b9</value>
      </symbol>
      <symbol id="sm-787">
         <name>EUSCIA3_IRQHandler</name>
         <value>0xb33</value>
      </symbol>
      <symbol id="sm-788">
         <name>EUSCIB0_IRQHandler</name>
         <value>0xb33</value>
      </symbol>
      <symbol id="sm-789">
         <name>EUSCIB1_IRQHandler</name>
         <value>0xb33</value>
      </symbol>
      <symbol id="sm-78a">
         <name>EUSCIB2_IRQHandler</name>
         <value>0xb33</value>
      </symbol>
      <symbol id="sm-78b">
         <name>EUSCIB3_IRQHandler</name>
         <value>0xb33</value>
      </symbol>
      <symbol id="sm-78c">
         <name>ADC14_IRQHandler</name>
         <value>0xb33</value>
      </symbol>
      <symbol id="sm-78d">
         <name>T32_INT1_IRQHandler</name>
         <value>0xb33</value>
      </symbol>
      <symbol id="sm-78e">
         <name>T32_INT2_IRQHandler</name>
         <value>0xb33</value>
      </symbol>
      <symbol id="sm-78f">
         <name>T32_INTC_IRQHandler</name>
         <value>0xb33</value>
      </symbol>
      <symbol id="sm-790">
         <name>AES256_IRQHandler</name>
         <value>0xb33</value>
      </symbol>
      <symbol id="sm-791">
         <name>RTC_C_IRQHandler</name>
         <value>0xb33</value>
      </symbol>
      <symbol id="sm-792">
         <name>DMA_ERR_IRQHandler</name>
         <value>0xb33</value>
      </symbol>
      <symbol id="sm-793">
         <name>DMA_INT3_IRQHandler</name>
         <value>0xb33</value>
      </symbol>
      <symbol id="sm-794">
         <name>DMA_INT2_IRQHandler</name>
         <value>0xb33</value>
      </symbol>
      <symbol id="sm-795">
         <name>DMA_INT1_IRQHandler</name>
         <value>0xb33</value>
      </symbol>
      <symbol id="sm-796">
         <name>DMA_INT0_IRQHandler</name>
         <value>0xb33</value>
      </symbol>
      <symbol id="sm-797">
         <name>PORT1_IRQHandler</name>
         <value>0xb33</value>
      </symbol>
      <symbol id="sm-798">
         <name>PORT2_IRQHandler</name>
         <value>0xb33</value>
      </symbol>
      <symbol id="sm-799">
         <name>PORT3_IRQHandler</name>
         <value>0xb33</value>
      </symbol>
      <symbol id="sm-79a">
         <name>PORT4_IRQHandler</name>
         <value>0xb33</value>
      </symbol>
      <symbol id="sm-79b">
         <name>PORT5_IRQHandler</name>
         <value>0xb33</value>
      </symbol>
      <symbol id="sm-79c">
         <name>PORT6_IRQHandler</name>
         <value>0xb33</value>
      </symbol>
   </symbol_table>
   <title>Link successful</title>
</link_info>
