Archive member included to satisfy reference by file (symbol)

C:/ti/simplelink_msp432p4_sdk_3_40_01_02/source\ti/devices/msp432p4xx/driverlib/gcc/msp432p4xx_driverlib.a(cs.o)
                              ./spi_3wire_incrementing_data-master.o (CS_getDCOFrequency)
C:/ti/simplelink_msp432p4_sdk_3_40_01_02/source\ti/devices/msp432p4xx/driverlib/gcc/msp432p4xx_driverlib.a(gpio.o)
                              ./spi_3wire_incrementing_data-master.o (GPIO_setAsPeripheralModuleFunctionInputPin)
C:/ti/simplelink_msp432p4_sdk_3_40_01_02/source\ti/devices/msp432p4xx/driverlib/gcc/msp432p4xx_driverlib.a(interrupt.o)
                              C:/ti/simplelink_msp432p4_sdk_3_40_01_02/source\ti/devices/msp432p4xx/driverlib/gcc/msp432p4xx_driverlib.a(cs.o) (Interrupt_registerInterrupt)
C:/ti/simplelink_msp432p4_sdk_3_40_01_02/source\ti/devices/msp432p4xx/driverlib/gcc/msp432p4xx_driverlib.a(pcm.o)
                              ./spi_3wire_incrementing_data-master.o (PCM_gotoLPM0)
C:/ti/simplelink_msp432p4_sdk_3_40_01_02/source\ti/devices/msp432p4xx/driverlib/gcc/msp432p4xx_driverlib.a(rtc_c.o)
                              C:/ti/simplelink_msp432p4_sdk_3_40_01_02/source\ti/devices/msp432p4xx/driverlib/gcc/msp432p4xx_driverlib.a(pcm.o) (RTC_C_holdClock)
C:/ti/simplelink_msp432p4_sdk_3_40_01_02/source\ti/devices/msp432p4xx/driverlib/gcc/msp432p4xx_driverlib.a(spi.o)
                              ./spi_3wire_incrementing_data-master.o (SPI_initMaster)
C:/ti/simplelink_msp432p4_sdk_3_40_01_02/source\ti/devices/msp432p4xx/driverlib/gcc/msp432p4xx_driverlib.a(sysctl_a.o)
                              C:/ti/simplelink_msp432p4_sdk_3_40_01_02/source\ti/devices/msp432p4xx/driverlib/gcc/msp432p4xx_driverlib.a(cs.o) (SysCtl_A_getTLVInfo)
C:/ti/simplelink_msp432p4_sdk_3_40_01_02/source\ti/devices/msp432p4xx/driverlib/gcc/msp432p4xx_driverlib.a(uart.o)
                              ./spi_3wire_incrementing_data-master.o (UART_transmitData)
C:/ti/simplelink_msp432p4_sdk_3_40_01_02/source\ti/devices/msp432p4xx/driverlib/gcc/msp432p4xx_driverlib.a(wdt_a.o)
                              ./spi_3wire_incrementing_data-master.o (WDT_A_holdTimer)
C:/ti/simplelink_msp432p4_sdk_3_40_01_02/source\ti/devices/msp432p4xx/driverlib/gcc/msp432p4xx_driverlib.a(cpu.o)
                              C:/ti/simplelink_msp432p4_sdk_3_40_01_02/source\ti/devices/msp432p4xx/driverlib/gcc/msp432p4xx_driverlib.a(interrupt.o) (CPU_cpsid)
c:/ti/ccs1011/ccs/tools/compiler/gcc-arm-none-eabi-9-2019-q4-major/bin/../lib/gcc/arm-none-eabi/9.2.1/../../../../arm-none-eabi/lib/thumb/v7e-m+fp/hard\libc_nano.a(lib_a-exit.o)
                              c:/ti/ccs1011/ccs/tools/compiler/gcc-arm-none-eabi-9-2019-q4-major/bin/../lib/gcc/arm-none-eabi/9.2.1/../../../../arm-none-eabi/lib/thumb/v7e-m+fp/hard/crt0.o (exit)
c:/ti/ccs1011/ccs/tools/compiler/gcc-arm-none-eabi-9-2019-q4-major/bin/../lib/gcc/arm-none-eabi/9.2.1/../../../../arm-none-eabi/lib/thumb/v7e-m+fp/hard\libc_nano.a(lib_a-impure.o)
                              c:/ti/ccs1011/ccs/tools/compiler/gcc-arm-none-eabi-9-2019-q4-major/bin/../lib/gcc/arm-none-eabi/9.2.1/../../../../arm-none-eabi/lib/thumb/v7e-m+fp/hard\libc_nano.a(lib_a-exit.o) (_global_impure_ptr)
c:/ti/ccs1011/ccs/tools/compiler/gcc-arm-none-eabi-9-2019-q4-major/bin/../lib/gcc/arm-none-eabi/9.2.1/../../../../arm-none-eabi/lib/thumb/v7e-m+fp/hard\libc_nano.a(lib_a-init.o)
                              c:/ti/ccs1011/ccs/tools/compiler/gcc-arm-none-eabi-9-2019-q4-major/bin/../lib/gcc/arm-none-eabi/9.2.1/../../../../arm-none-eabi/lib/thumb/v7e-m+fp/hard/crt0.o (__libc_init_array)
c:/ti/ccs1011/ccs/tools/compiler/gcc-arm-none-eabi-9-2019-q4-major/bin/../lib/gcc/arm-none-eabi/9.2.1/../../../../arm-none-eabi/lib/thumb/v7e-m+fp/hard\libc_nano.a(lib_a-memset.o)
                              c:/ti/ccs1011/ccs/tools/compiler/gcc-arm-none-eabi-9-2019-q4-major/bin/../lib/gcc/arm-none-eabi/9.2.1/../../../../arm-none-eabi/lib/thumb/v7e-m+fp/hard/crt0.o (memset)
c:/ti/ccs1011/ccs/tools/compiler/gcc-arm-none-eabi-9-2019-q4-major/bin/../lib/gcc/arm-none-eabi/9.2.1/../../../../arm-none-eabi/lib/thumb/v7e-m+fp/hard\libc_nano.a(lib_a-sprintf.o)
                              ./spi_3wire_incrementing_data-master.o (sprintf)
c:/ti/ccs1011/ccs/tools/compiler/gcc-arm-none-eabi-9-2019-q4-major/bin/../lib/gcc/arm-none-eabi/9.2.1/../../../../arm-none-eabi/lib/thumb/v7e-m+fp/hard\libc_nano.a(lib_a-strlen.o)
                              ./spi_3wire_incrementing_data-master.o (strlen)
c:/ti/ccs1011/ccs/tools/compiler/gcc-arm-none-eabi-9-2019-q4-major/bin/../lib/gcc/arm-none-eabi/9.2.1/../../../../arm-none-eabi/lib/thumb/v7e-m+fp/hard\libc_nano.a(lib_a-nano-svfprintf.o)
                              c:/ti/ccs1011/ccs/tools/compiler/gcc-arm-none-eabi-9-2019-q4-major/bin/../lib/gcc/arm-none-eabi/9.2.1/../../../../arm-none-eabi/lib/thumb/v7e-m+fp/hard\libc_nano.a(lib_a-sprintf.o) (_svfprintf_r)
[...]
Memory Configuration

Name             Origin             Length             Attributes
MAIN_FLASH       0x00000000         0x00040000         xr
INFO_FLASH       0x00200000         0x00004000         xr
SRAM_CODE        0x01000000         0x00010000         xrw
SRAM_DATA        0x20000000         0x00010000         rw
*default*        0x00000000         0xffffffff

Linker script and memory map

LOAD c:/ti/ccs1011/ccs/tools/compiler/gcc-arm-none-eabi-9-2019-q4-major/bin/../lib/gcc/arm-none-eabi/9.2.1/thumb/v7e-m+fp/hard/crti.o
LOAD c:/ti/ccs1011/ccs/tools/compiler/gcc-arm-none-eabi-9-2019-q4-major/bin/../lib/gcc/arm-none-eabi/9.2.1/thumb/v7e-m+fp/hard/crtbegin.o
LOAD c:/ti/ccs1011/ccs/tools/compiler/gcc-arm-none-eabi-9-2019-q4-major/bin/../lib/gcc/arm-none-eabi/9.2.1/../../../../arm-none-eabi/lib/thumb/v7e-m+fp/hard/crt0.o
LOAD ./spi_3wire_incrementing_data-master.o
LOAD ./system_msp432p401r.o
LOAD ./gcc/startup_msp432p401r_gcc.o
                0x00000000                PROVIDE (_intvecs_base_address = DEFINED (_intvecs_base_address)?_intvecs_base_address:0x0)

.intvecs        0x00000000       0xe4
 *(.intvecs)
 .intvecs       0x00000000       0xe4 ./gcc/startup_msp432p401r_gcc.o
                0x00000000                interruptVectors
                0x00200000                PROVIDE (_mailbox_base_address = 0x200000)

.flashMailbox
 *(.flashMailbox)
                0x00201000                PROVIDE (_tlv_base_address = 0x201000)

.tlvTable
 *(.tlvTable)
                0x00202000                PROVIDE (_bsl_base_address = 0x202000)

.bslArea
 *(.bslArea)
                0x20000000                PROVIDE (_vtable_base_address = DEFINED (_vtable_base_address)?_vtable_base_address:0x20000000)

.vtable
 *(.vtable)

.text           0x000000f0     0x1740
 CREATE_OBJECT_SYMBOLS
 *(.text)
 .text          0x000000f0        0x0 c:/ti/ccs1011/ccs/tools/compiler/gcc-arm-none-eabi-9-2019-q4-major/bin/../lib/gcc/arm-none-eabi/9.2.1/thumb/v7e-m+fp/hard/crti.o
 .text          0x000000f0       0x40 c:/ti/ccs1011/ccs/tools/compiler/gcc-arm-none-eabi-9-2019-q4-major/bin/../lib/gcc/arm-none-eabi/9.2.1/thumb/v7e-m+fp/hard/crtbegin.o
 .text          0x00000130       0x74 c:/ti/ccs1011/ccs/tools/compiler/gcc-arm-none-eabi-9-2019-q4-major/bin/../lib/gcc/arm-none-eabi/9.2.1/../../../../arm-none-eabi/lib/thumb/v7e-m+fp/hard/crt0.o
                0x00000130                _start
                0x00000130                _mainCRTStartup
 .text          0x000001a4        0x0 ./spi_3wire_incrementing_data-master.o
 .text          0x000001a4        0x0 ./system_msp432p401r.o
 .text          0x000001a4        0x0 ./gcc/startup_msp432p401r_gcc.o
 .text          0x000001a4        0x0 C:/ti/simplelink_msp432p4_sdk_3_40_01_02/source\ti/devices/msp432p4xx/driverlib/gcc/msp432p4xx_driverlib.a(cs.o)
 .text          0x000001a4        0x0 C:/ti/simplelink_msp432p4_sdk_3_40_01_02/source\ti/devices/msp432p4xx/driverlib/gcc/msp432p4xx_driverlib.a(gpio.o)
 .text          0x000001a4        0x0 C:/ti/simplelink_msp432p4_sdk_3_40_01_02/source\ti/devices/msp432p4xx/driverlib/gcc/msp432p4xx_driverlib.a(interrupt.o)
 .text          0x000001a4        0x0 C:/ti/simplelink_msp432p4_sdk_3_40_01_02/source\ti/devices/msp432p4xx/driverlib/gcc/msp432p4xx_driverlib.a(pcm.o)
 .text          0x000001a4        0x0 C:/ti/simplelink_msp432p4_sdk_3_40_01_02/source\ti/devices/msp432p4xx/driverlib/gcc/msp432p4xx_driverlib.a(rtc_c.o)
 .text          0x000001a4        0x0 C:/ti/simplelink_msp432p4_sdk_3_40_01_02/source\ti/devices/msp432p4xx/driverlib/gcc/msp432p4xx_driverlib.a(spi.o)
 .text          0x000001a4        0x0 C:/ti/simplelink_msp432p4_sdk_3_40_01_02/source\ti/devices/msp432p4xx/driverlib/gcc/msp432p4xx_driverlib.a(sysctl_a.o)
 .text          0x000001a4        0x0 C:/ti/simplelink_msp432p4_sdk_3_40_01_02/source\ti/devices/msp432p4xx/driverlib/gcc/msp432p4xx_driverlib.a(uart.o)
 .text          0x000001a4        0x0 C:/ti/simplelink_msp432p4_sdk_3_40_01_02/source\ti/devices/msp432p4xx/driverlib/gcc/msp432p4xx_driverlib.a(wdt_a.o)
 .text          0x000001a4        0x0 C:/ti/simplelink_msp432p4_sdk_3_40_01_02/source\ti/devices/msp432p4xx/driverlib/gcc/msp432p4xx_driverlib.a(cpu.o)
 .text          0x000001a4        0x0 c:/ti/ccs1011/ccs/tools/compiler/gcc-arm-none-eabi-9-2019-q4-major/bin/../lib/gcc/arm-none-eabi/9.2.1/../../../../arm-none-eabi/lib/thumb/v7e-m+fp/hard\libc_nano.a(lib_a-exit.o)
 .text          0x000001a4        0x0 c:/ti/ccs1011/ccs/tools/compiler/gcc-arm-none-eabi-9-2019-q4-major/bin/../lib/gcc/arm-none-eabi/9.2.1/../../../../arm-none-eabi/lib/thumb/v7e-m+fp/hard\libc_nano.a(lib_a-impure.o)
 .text          0x000001a4        0x0 c:/ti/ccs1011/ccs/tools/compiler/gcc-arm-none-eabi-9-2019-q4-major/bin/../lib/gcc/arm-none-eabi/9.2.1/../../../../arm-none-eabi/lib/thumb/v7e-m+fp/hard\libc_nano.a(lib_a-init.o)
 .text          0x000001a4        0x0 c:/ti/ccs1011/ccs/tools/compiler/gcc-arm-none-eabi-9-2019-q4-major/bin/../lib/gcc/arm-none-eabi/9.2.1/../../../../arm-none-eabi/lib/thumb/v7e-m+fp/hard\libc_nano.a(lib_a-memset.o)
 .text          0x000001a4        0x0 c:/ti/ccs1011/ccs/tools/compiler/gcc-arm-none-eabi-9-2019-q4-major/bin/../lib/gcc/arm-none-eabi/9.2.1/../../../../arm-none-eabi/lib/thumb/v7e-m+fp/hard\libc_nano.a(lib_a-sprintf.o)
 .text          0x000001a4       0x10 c:/ti/ccs1011/ccs/tools/compiler/gcc-arm-none-eabi-9-2019-q4-major/bin/../lib/gcc/arm-none-eabi/9.2.1/../../../../arm-none-eabi/lib/thumb/v7e-m+fp/hard\libc_nano.a(lib_a-strlen.o)
                0x000001a4                strlen
 .text          0x000001b4        0x0 c:/ti/ccs1011/ccs/tools/compiler/gcc-arm-none-eabi-9-2019-q4-major/bin/../lib/gcc/arm-none-eabi/9.2.1/../../../../arm-none-eabi/lib/thumb/v7e-m+fp/hard\libc_nano.a(lib_a-nano-svfprintf.o)
 .text          0x000001b4        0x0 c:/ti/ccs1011/ccs/tools/compiler/gcc-arm-none-eabi-9-2019-q4-major/bin/../lib/gcc/arm-none-eabi/9.2.1/../../../../arm-none-eabi/lib/thumb/v7e-m+fp/hard\libc_nano.a(lib_a-nano-vfprintf_i.o)
 *fill*         0x000001b4        0xc 
 .text          0x000001c0       0xa0 c:/ti/ccs1011/ccs/tools/compiler/gcc-arm-none-eabi-9-2019-q4-major/bin/../lib/gcc/arm-none-eabi/9.2.1/../../../../arm-none-eabi/lib/thumb/v7e-m+fp/hard\libc_nano.a(lib_a-memchr.o)
                0x000001c0                memchr
 .text          0x00000260        0x0 c:/ti/ccs1011/ccs/tools/compiler/gcc-arm-none-eabi-9-2019-q4-major/bin/../lib/gcc/arm-none-eabi/9.2.1/../../../../arm-none-eabi/lib/thumb/v7e-m+fp/hard\libc_nano.a(lib_a-memcpy-stub.o)
 .text          0x00000260        0x0 c:/ti/ccs1011/ccs/tools/compiler/gcc-arm-none-eabi-9-2019-q4-major/bin/../lib/gcc/arm-none-eabi/9.2.1/../../../../arm-none-eabi/lib/thumb/v7e-m+fp/hard\libc_nano.a(lib_a-memmove.o)
 .text          0x00000260        0x0 c:/ti/ccs1011/ccs/tools/compiler/gcc-arm-none-eabi-9-2019-q4-major/bin/../lib/gcc/arm-none-eabi/9.2.1/../../../../arm-none-eabi/lib/thumb/v7e-m+fp/hard\libc_nano.a(lib_a-nano-freer.o)
 .text          0x00000260        0x0 c:/ti/ccs1011/ccs/tools/compiler/gcc-arm-none-eabi-9-2019-q4-major/bin/../lib/gcc/arm-none-eabi/9.2.1/../../../../arm-none-eabi/lib/thumb/v7e-m+fp/hard\libc_nano.a(lib_a-nano-mallocr.o)
 .text          0x00000260        0x0 c:/ti/ccs1011/ccs/tools/compiler/gcc-arm-none-eabi-9-2019-q4-major/bin/../lib/gcc/arm-none-eabi/9.2.1/../../../../arm-none-eabi/lib/thumb/v7e-m+fp/hard\libc_nano.a(lib_a-nano-reallocr.o)
 .text          0x00000260        0x0 c:/ti/ccs1011/ccs/tools/compiler/gcc-arm-none-eabi-9-2019-q4-major/bin/../lib/gcc/arm-none-eabi/9.2.1/../../../../arm-none-eabi/lib/thumb/v7e-m+fp/hard\libc_nano.a(lib_a-sbrkr.o)
 .text          0x00000260        0x0 c:/ti/ccs1011/ccs/tools/compiler/gcc-arm-none-eabi-9-2019-q4-major/bin/../lib/gcc/arm-none-eabi/9.2.1/../../../../arm-none-eabi/lib/thumb/v7e-m+fp/hard\libc_nano.a(lib_a-mlock.o)
 .text          0x00000260        0x0 c:/ti/ccs1011/ccs/tools/compiler/gcc-arm-none-eabi-9-2019-q4-major/bin/../lib/gcc/arm-none-eabi/9.2.1/../../../../arm-none-eabi/lib/thumb/v7e-m+fp/hard\libc_nano.a(lib_a-nano-msizer.o)
 .text          0x00000260        0x0 c:/ti/ccs1011/ccs/tools/compiler/gcc-arm-none-eabi-9-2019-q4-major/bin/../lib/gcc/arm-none-eabi/9.2.1/../../../../arm-none-eabi/lib/thumb/v7e-m+fp/hard\libc_nano.a(lib_a-reent.o)
 .text          0x00000260        0x0 c:/ti/ccs1011/ccs/tools/compiler/gcc-arm-none-eabi-9-2019-q4-major/bin/../lib/gcc/arm-none-eabi/9.2.1/../../../../arm-none-eabi/lib/thumb/v7e-m+fp/hard\libc_nano.a(lib_a-lock.o)
 .text          0x00000260        0x0 c:/ti/ccs1011/ccs/tools/compiler/gcc-arm-none-eabi-9-2019-q4-major/bin/../lib/gcc/arm-none-eabi/9.2.1/../../../../arm-none-eabi/lib/thumb/v7e-m+fp/hard\libnosys.a(sbrk.o)
 .text          0x00000260        0x0 c:/ti/ccs1011/ccs/tools/compiler/gcc-arm-none-eabi-9-2019-q4-major/bin/../lib/gcc/arm-none-eabi/9.2.1/../../../../arm-none-eabi/lib/thumb/v7e-m+fp/hard\libnosys.a(_exit.o)
 .text          0x00000260        0x0 c:/ti/ccs1011/ccs/tools/compiler/gcc-arm-none-eabi-9-2019-q4-major/bin/../lib/gcc/arm-none-eabi/9.2.1/thumb/v7e-m+fp/hard/crtend.o
 .text          0x00000260        0x0 c:/ti/ccs1011/ccs/tools/compiler/gcc-arm-none-eabi-9-2019-q4-major/bin/../lib/gcc/arm-none-eabi/9.2.1/thumb/v7e-m+fp/hard/crtn.o
 *(.text.*)
 .text.main     0x00000260       0xa8 ./spi_3wire_incrementing_data-master.o
                0x00000260                main
 .text.EUSCIB0_IRQHandler
                0x00000308       0x74 ./spi_3wire_incrementing_data-master.o
                0x00000308                EUSCIB0_IRQHandler
 .text.print_uart
                0x0000037c       0x40 ./spi_3wire_incrementing_data-master.o
 .text.SystemInit
                0x000003bc       0x80 ./system_msp432p401r.o
                0x000003bc                SystemInit
 .text.Reset_Handler
                0x0000043c       0x44 ./gcc/startup_msp432p401r_gcc.o
                0x0000043c                Reset_Handler
 .text.Default_Handler
                0x00000480        0x6 ./gcc/startup_msp432p401r_gcc.o
                0x00000480                CS_IRQHandler
                0x00000480                DebugMon_Handler
                0x00000480                AES256_IRQHandler
                0x00000480                HardFault_Handler
                0x00000480                SysTick_Handler
                0x00000480                PendSV_Handler
                0x00000480                NMI_Handler
                0x00000480                RTC_C_IRQHandler
                0x00000480                PORT1_IRQHandler
                0x00000480                FPU_IRQHandler
                0x00000480                PORT2_IRQHandler
                0x00000480                TA3_0_IRQHandler
                0x00000480                UsageFault_Handler
                0x00000480                DMA_INT3_IRQHandler
                0x00000480                TA2_0_IRQHandler
                0x00000480                DMA_INT1_IRQHandler
                0x00000480                WDT_A_IRQHandler
                0x00000480                TA2_N_IRQHandler
                0x00000480                TA1_0_IRQHandler
                0x00000480                PSS_IRQHandler
                0x00000480                DMA_INT2_IRQHandler
                0x00000480                EUSCIA3_IRQHandler
                0x00000480                DMA_INT0_IRQHandler
                0x00000480                PORT4_IRQHandler
                0x00000480                PORT5_IRQHandler
                0x00000480                Default_Handler
                0x00000480                T32_INTC_IRQHandler
                0x00000480                TA3_N_IRQHandler
                0x00000480                TA0_0_IRQHandler
                0x00000480                EUSCIA2_IRQHandler
                0x00000480                PORT6_IRQHandler
                0x00000480                PORT3_IRQHandler
                0x00000480                MemManage_Handler
                0x00000480                SVC_Handler
                0x00000480                TA1_N_IRQHandler
                0x00000480                EUSCIA1_IRQHandler
                0x00000480                COMP_E1_IRQHandler
                0x00000480                EUSCIB2_IRQHandler
                0x00000480                FLCTL_IRQHandler
                0x00000480                EUSCIB3_IRQHandler
                0x00000480                T32_INT1_IRQHandler
                0x00000480                DMA_ERR_IRQHandler
                0x00000480                ADC14_IRQHandler
                0x00000480                EUSCIA0_IRQHandler
                0x00000480                BusFault_Handler
                0x00000480                PCM_IRQHandler
                0x00000480                TA0_N_IRQHandler
                0x00000480                COMP_E0_IRQHandler
                0x00000480                EUSCIB1_IRQHandler
                0x00000480                T32_INT2_IRQHandler
 .text._CSGetDividerValue
                0x00000486       0x78 C:/ti/simplelink_msp432p4_sdk_3_40_01_02/source\ti/devices/msp432p4xx/driverlib/gcc/msp432p4xx_driverlib.a(cs.o)
 *fill*         0x000004fe        0x2 
 .text._CSComputeCLKFrequency
                0x00000500      0x130 C:/ti/simplelink_msp432p4_sdk_3_40_01_02/source\ti/devices/msp432p4xx/driverlib/gcc/msp432p4xx_driverlib.a(cs.o)
 .text._CSGetDOCFrequency
                0x00000630       0x8c C:/ti/simplelink_msp432p4_sdk_3_40_01_02/source\ti/devices/msp432p4xx/driverlib/gcc/msp432p4xx_driverlib.a(cs.o)
 .text.CS_getDCOFrequency
                0x000006bc      0x118 C:/ti/simplelink_msp432p4_sdk_3_40_01_02/source\ti/devices/msp432p4xx/driverlib/gcc/msp432p4xx_driverlib.a(cs.o)
                0x000006bc                CS_getDCOFrequency
 .text.CS_getMCLK
                0x000007d4       0x34 C:/ti/simplelink_msp432p4_sdk_3_40_01_02/source\ti/devices/msp432p4xx/driverlib/gcc/msp432p4xx_driverlib.a(cs.o)
                0x000007d4                CS_getMCLK
 .text.CS_clearInterruptFlag
                0x00000808       0x38 C:/ti/simplelink_msp432p4_sdk_3_40_01_02/source\ti/devices/msp432p4xx/driverlib/gcc/msp432p4xx_driverlib.a(cs.o)
                0x00000808                CS_clearInterruptFlag
 .text.GPIO_setAsPeripheralModuleFunctionInputPin
                0x00000840       0xe4 C:/ti/simplelink_msp432p4_sdk_3_40_01_02/source\ti/devices/msp432p4xx/driverlib/gcc/msp432p4xx_driverlib.a(gpio.o)
                0x00000840                GPIO_setAsPeripheralModuleFunctionInputPin
 .text.Interrupt_enableInterrupt
                0x00000924       0x94 C:/ti/simplelink_msp432p4_sdk_3_40_01_02/source\ti/devices/msp432p4xx/driverlib/gcc/msp432p4xx_driverlib.a(interrupt.o)
                0x00000924                Interrupt_enableInterrupt
 .text.Interrupt_enableSleepOnIsrExit
                0x000009b8       0x20 C:/ti/simplelink_msp432p4_sdk_3_40_01_02/source\ti/devices/msp432p4xx/driverlib/gcc/msp432p4xx_driverlib.a(interrupt.o)
                0x000009b8                Interrupt_enableSleepOnIsrExit
 .text.PCM_gotoLPM0
                0x000009d8       0x30 C:/ti/simplelink_msp432p4_sdk_3_40_01_02/source\ti/devices/msp432p4xx/driverlib/gcc/msp432p4xx_driverlib.a(pcm.o)
                0x000009d8                PCM_gotoLPM0
 .text.is_A_Module
                0x00000a08       0x4c C:/ti/simplelink_msp432p4_sdk_3_40_01_02/source\ti/devices/msp432p4xx/driverlib/gcc/msp432p4xx_driverlib.a(spi.o)
 .text.SPI_initMaster
                0x00000a54       0xf6 C:/ti/simplelink_msp432p4_sdk_3_40_01_02/source\ti/devices/msp432p4xx/driverlib/gcc/msp432p4xx_driverlib.a(spi.o)
                0x00000a54                SPI_initMaster
 .text.SPI_transmitData
                0x00000b4a       0x38 C:/ti/simplelink_msp432p4_sdk_3_40_01_02/source\ti/devices/msp432p4xx/driverlib/gcc/msp432p4xx_driverlib.a(spi.o)
                0x00000b4a                SPI_transmitData
 .text.SPI_receiveData
                0x00000b82       0x2e C:/ti/simplelink_msp432p4_sdk_3_40_01_02/source\ti/devices/msp432p4xx/driverlib/gcc/msp432p4xx_driverlib.a(spi.o)
                0x00000b82                SPI_receiveData
 .text.SPI_enableModule
                0x00000bb0       0x2a C:/ti/simplelink_msp432p4_sdk_3_40_01_02/source\ti/devices/msp432p4xx/driverlib/gcc/msp432p4xx_driverlib.a(spi.o)
                0x00000bb0                SPI_enableModule
 .text.SPI_enableInterrupt
                0x00000bda       0x38 C:/ti/simplelink_msp432p4_sdk_3_40_01_02/source\ti/devices/msp432p4xx/driverlib/gcc/msp432p4xx_driverlib.a(spi.o)
                0x00000bda                SPI_enableInterrupt
 .text.SPI_getInterruptStatus
                0x00000c12       0x3e C:/ti/simplelink_msp432p4_sdk_3_40_01_02/source\ti/devices/msp432p4xx/driverlib/gcc/msp432p4xx_driverlib.a(spi.o)
                0x00000c12                SPI_getInterruptStatus
 .text.SPI_getEnabledInterruptStatus
                0x00000c50       0x42 C:/ti/simplelink_msp432p4_sdk_3_40_01_02/source\ti/devices/msp432p4xx/driverlib/gcc/msp432p4xx_driverlib.a(spi.o)
                0x00000c50                SPI_getEnabledInterruptStatus
 .text.EUSCI_B_SPI_transmitData
                0x00000c92       0x20 C:/ti/simplelink_msp432p4_sdk_3_40_01_02/source\ti/devices/msp432p4xx/driverlib/gcc/msp432p4xx_driverlib.a(spi.o)
                0x00000c92                EUSCI_B_SPI_transmitData
 .text.EUSCI_B_SPI_receiveData
                0x00000cb2       0x1c C:/ti/simplelink_msp432p4_sdk_3_40_01_02/source\ti/devices/msp432p4xx/driverlib/gcc/msp432p4xx_driverlib.a(spi.o)
                0x00000cb2                EUSCI_B_SPI_receiveData
 .text.EUSCI_B_SPI_enableInterrupt
                0x00000cce       0x28 C:/ti/simplelink_msp432p4_sdk_3_40_01_02/source\ti/devices/msp432p4xx/driverlib/gcc/msp432p4xx_driverlib.a(spi.o)
                0x00000cce                EUSCI_B_SPI_enableInterrupt
 .text.EUSCI_B_SPI_getInterruptStatus
                0x00000cf6       0x26 C:/ti/simplelink_msp432p4_sdk_3_40_01_02/source\ti/devices/msp432p4xx/driverlib/gcc/msp432p4xx_driverlib.a(spi.o)
                0x00000cf6                EUSCI_B_SPI_getInterruptStatus
 .text.EUSCI_B_SPI_enable
                0x00000d1c       0x20 C:/ti/simplelink_msp432p4_sdk_3_40_01_02/source\ti/devices/msp432p4xx/driverlib/gcc/msp432p4xx_driverlib.a(spi.o)
                0x00000d1c                EUSCI_B_SPI_enable
 .text.EUSCI_A_SPI_transmitData
                0x00000d3c       0x20 C:/ti/simplelink_msp432p4_sdk_3_40_01_02/source\ti/devices/msp432p4xx/driverlib/gcc/msp432p4xx_driverlib.a(spi.o)
                0x00000d3c                EUSCI_A_SPI_transmitData
 .text.EUSCI_A_SPI_receiveData
                0x00000d5c       0x1c C:/ti/simplelink_msp432p4_sdk_3_40_01_02/source\ti/devices/msp432p4xx/driverlib/gcc/msp432p4xx_driverlib.a(spi.o)
                0x00000d5c                EUSCI_A_SPI_receiveData
 .text.EUSCI_A_SPI_enableInterrupt
                0x00000d78       0x28 C:/ti/simplelink_msp432p4_sdk_3_40_01_02/source\ti/devices/msp432p4xx/driverlib/gcc/msp432p4xx_driverlib.a(spi.o)
                0x00000d78                EUSCI_A_SPI_enableInterrupt
 .text.EUSCI_A_SPI_getInterruptStatus
                0x00000da0       0x26 C:/ti/simplelink_msp432p4_sdk_3_40_01_02/source\ti/devices/msp432p4xx/driverlib/gcc/msp432p4xx_driverlib.a(spi.o)
                0x00000da0                EUSCI_A_SPI_getInterruptStatus
 .text.EUSCI_A_SPI_enable
                0x00000dc6       0x20 C:/ti/simplelink_msp432p4_sdk_3_40_01_02/source\ti/devices/msp432p4xx/driverlib/gcc/msp432p4xx_driverlib.a(spi.o)
                0x00000dc6                EUSCI_A_SPI_enable
 *fill*         0x00000de6        0x2 
 .text.SysCtl_A_getTLVInfo
                0x00000de8       0xa8 C:/ti/simplelink_msp432p4_sdk_3_40_01_02/source\ti/devices/msp432p4xx/driverlib/gcc/msp432p4xx_driverlib.a(sysctl_a.o)
                0x00000de8                SysCtl_A_getTLVInfo
 .text.UART_transmitData
                0x00000e90       0x48 C:/ti/simplelink_msp432p4_sdk_3_40_01_02/source\ti/devices/msp432p4xx/driverlib/gcc/msp432p4xx_driverlib.a(uart.o)
                0x00000e90                UART_transmitData
 .text.WDT_A_holdTimer
                0x00000ed8       0x34 C:/ti/simplelink_msp432p4_sdk_3_40_01_02/source\ti/devices/msp432p4xx/driverlib/gcc/msp432p4xx_driverlib.a(wdt_a.o)
                0x00000ed8                WDT_A_holdTimer
 .text.CPU_wfi  0x00000f0c        0x6 C:/ti/simplelink_msp432p4_sdk_3_40_01_02/source\ti/devices/msp432p4xx/driverlib/gcc/msp432p4xx_driverlib.a(cpu.o)
                0x00000f0c                CPU_wfi
 *fill*         0x00000f12        0x2 
 .text.exit     0x00000f14       0x28 c:/ti/ccs1011/ccs/tools/compiler/gcc-arm-none-eabi-9-2019-q4-major/bin/../lib/gcc/arm-none-eabi/9.2.1/../../../../arm-none-eabi/lib/thumb/v7e-m+fp/hard\libc_nano.a(lib_a-exit.o)
                0x00000f14                exit
 .text.__libc_init_array
                0x00000f3c       0x48 c:/ti/ccs1011/ccs/tools/compiler/gcc-arm-none-eabi-9-2019-q4-major/bin/../lib/gcc/arm-none-eabi/9.2.1/../../../../arm-none-eabi/lib/thumb/v7e-m+fp/hard\libc_nano.a(lib_a-init.o)
                0x00000f3c                __libc_init_array
 .text.memset   0x00000f84       0x10 c:/ti/ccs1011/ccs/tools/compiler/gcc-arm-none-eabi-9-2019-q4-major/bin/../lib/gcc/arm-none-eabi/9.2.1/../../../../arm-none-eabi/lib/thumb/v7e-m+fp/hard\libc_nano.a(lib_a-memset.o)
                0x00000f84                memset
 .text.sprintf  0x00000f94       0x40 c:/ti/ccs1011/ccs/tools/compiler/gcc-arm-none-eabi-9-2019-q4-major/bin/../lib/gcc/arm-none-eabi/9.2.1/../../../../arm-none-eabi/lib/thumb/v7e-m+fp/hard\libc_nano.a(lib_a-sprintf.o)
                0x00000f94                siprintf
                0x00000f94                sprintf
 .text.__ssputs_r
                0x00000fd4       0xb6 c:/ti/ccs1011/ccs/tools/compiler/gcc-arm-none-eabi-9-2019-q4-major/bin/../lib/gcc/arm-none-eabi/9.2.1/../../../../arm-none-eabi/lib/thumb/v7e-m+fp/hard\libc_nano.a(lib_a-nano-svfprintf.o)
                0x00000fd4                __ssputs_r
 *fill*         0x0000108a        0x2 
 .text._svfprintf_r
                0x0000108c      0x200 c:/ti/ccs1011/ccs/tools/compiler/gcc-arm-none-eabi-9-2019-q4-major/bin/../lib/gcc/arm-none-eabi/9.2.1/../../../../arm-none-eabi/lib/thumb/v7e-m+fp/hard\libc_nano.a(lib_a-nano-svfprintf.o)
                0x0000108c                _svfiprintf_r
                0x0000108c                _svfprintf_r
 .text._printf_common
                0x0000128c       0xda c:/ti/ccs1011/ccs/tools/compiler/gcc-arm-none-eabi-9-2019-q4-major/bin/../lib/gcc/arm-none-eabi/9.2.1/../../../../arm-none-eabi/lib/thumb/v7e-m+fp/hard\libc_nano.a(lib_a-nano-vfprintf_i.o)
                0x0000128c                _printf_common
 *fill*         0x00001366        0x2 
 .text._printf_i
                0x00001368      0x24c c:/ti/ccs1011/ccs/tools/compiler/gcc-arm-none-eabi-9-2019-q4-major/bin/../lib/gcc/arm-none-eabi/9.2.1/../../../../arm-none-eabi/lib/thumb/v7e-m+fp/hard\libc_nano.a(lib_a-nano-vfprintf_i.o)
                0x00001368                _printf_i
 .text.memcpy   0x000015b4       0x1c c:/ti/ccs1011/ccs/tools/compiler/gcc-arm-none-eabi-9-2019-q4-major/bin/../lib/gcc/arm-none-eabi/9.2.1/../../../../arm-none-eabi/lib/thumb/v7e-m+fp/hard\libc_nano.a(lib_a-memcpy-stub.o)
                0x000015b4                memcpy
 .text.memmove  0x000015d0       0x34 c:/ti/ccs1011/ccs/tools/compiler/gcc-arm-none-eabi-9-2019-q4-major/bin/../lib/gcc/arm-none-eabi/9.2.1/../../../../arm-none-eabi/lib/thumb/v7e-m+fp/hard\libc_nano.a(lib_a-memmove.o)
                0x000015d0                memmove
 .text._free_r  0x00001604       0xa0 c:/ti/ccs1011/ccs/tools/compiler/gcc-arm-none-eabi-9-2019-q4-major/bin/../lib/gcc/arm-none-eabi/9.2.1/../../../../arm-none-eabi/lib/thumb/v7e-m+fp/hard\libc_nano.a(lib_a-nano-freer.o)
                0x00001604                _free_r
 .text._malloc_r
                0x000016a4       0xb4 c:/ti/ccs1011/ccs/tools/compiler/gcc-arm-none-eabi-9-2019-q4-major/bin/../lib/gcc/arm-none-eabi/9.2.1/../../../../arm-none-eabi/lib/thumb/v7e-m+fp/hard\libc_nano.a(lib_a-nano-mallocr.o)
                0x000016a4                _malloc_r
 .text._realloc_r
                0x00001758       0x4c c:/ti/ccs1011/ccs/tools/compiler/gcc-arm-none-eabi-9-2019-q4-major/bin/../lib/gcc/arm-none-eabi/9.2.1/../../../../arm-none-eabi/lib/thumb/v7e-m+fp/hard\libc_nano.a(lib_a-nano-reallocr.o)
                0x00001758                _realloc_r
 .text._sbrk_r  0x000017a4       0x20 c:/ti/ccs1011/ccs/tools/compiler/gcc-arm-none-eabi-9-2019-q4-major/bin/../lib/gcc/arm-none-eabi/9.2.1/../../../../arm-none-eabi/lib/thumb/v7e-m+fp/hard\libc_nano.a(lib_a-sbrkr.o)
                0x000017a4                _sbrk_r
 .text.__malloc_lock
                0x000017c4        0xc c:/ti/ccs1011/ccs/tools/compiler/gcc-arm-none-eabi-9-2019-q4-major/bin/../lib/gcc/arm-none-eabi/9.2.1/../../../../arm-none-eabi/lib/thumb/v7e-m+fp/hard\libc_nano.a(lib_a-mlock.o)
                0x000017c4                __malloc_lock
 .text.__malloc_unlock
                0x000017d0        0xc c:/ti/ccs1011/ccs/tools/compiler/gcc-arm-none-eabi-9-2019-q4-major/bin/../lib/gcc/arm-none-eabi/9.2.1/../../../../arm-none-eabi/lib/thumb/v7e-m+fp/hard\libc_nano.a(lib_a-mlock.o)
                0x000017d0                __malloc_unlock
 .text._malloc_usable_size_r
                0x000017dc       0x10 c:/ti/ccs1011/ccs/tools/compiler/gcc-arm-none-eabi-9-2019-q4-major/bin/../lib/gcc/arm-none-eabi/9.2.1/../../../../arm-none-eabi/lib/thumb/v7e-m+fp/hard\libc_nano.a(lib_a-nano-msizer.o)
                0x000017dc                _malloc_usable_size_r
 .text.__retarget_lock_acquire_recursive
                0x000017ec        0x2 c:/ti/ccs1011/ccs/tools/compiler/gcc-arm-none-eabi-9-2019-q4-major/bin/../lib/gcc/arm-none-eabi/9.2.1/../../../../arm-none-eabi/lib/thumb/v7e-m+fp/hard\libc_nano.a(lib_a-lock.o)
                0x000017ec                __retarget_lock_acquire_recursive
 .text.__retarget_lock_release_recursive
                0x000017ee        0x2 c:/ti/ccs1011/ccs/tools/compiler/gcc-arm-none-eabi-9-2019-q4-major/bin/../lib/gcc/arm-none-eabi/9.2.1/../../../../arm-none-eabi/lib/thumb/v7e-m+fp/hard\libc_nano.a(lib_a-lock.o)
                0x000017ee                __retarget_lock_release_recursive
 .text._sbrk    0x000017f0       0x1c c:/ti/ccs1011/ccs/tools/compiler/gcc-arm-none-eabi-9-2019-q4-major/bin/../lib/gcc/arm-none-eabi/9.2.1/../../../../arm-none-eabi/lib/thumb/v7e-m+fp/hard\libnosys.a(sbrk.o)
                0x000017f0                _sbrk
 .text._exit    0x0000180c        0x4 c:/ti/ccs1011/ccs/tools/compiler/gcc-arm-none-eabi-9-2019-q4-major/bin/../lib/gcc/arm-none-eabi/9.2.1/../../../../arm-none-eabi/lib/thumb/v7e-m+fp/hard\libnosys.a(_exit.o)
                0x0000180c                _exit
                0x00001810                . = ALIGN (0x4)
 *(.ctors)
                0x00001810                . = ALIGN (0x4)
 *(.dtors)
                0x00001810                . = ALIGN (0x4)
                0x00001810                __init_array_start = .
 *(.init_array*)
 .init_array    0x00001810        0x4 c:/ti/ccs1011/ccs/tools/compiler/gcc-arm-none-eabi-9-2019-q4-major/bin/../lib/gcc/arm-none-eabi/9.2.1/thumb/v7e-m+fp/hard/crtbegin.o
                0x00001814                __init_array_end = .
 *(.init)
 .init          0x00001814        0x4 c:/ti/ccs1011/ccs/tools/compiler/gcc-arm-none-eabi-9-2019-q4-major/bin/../lib/gcc/arm-none-eabi/9.2.1/thumb/v7e-m+fp/hard/crti.o
                0x00001814                _init
 .init          0x00001818        0x8 c:/ti/ccs1011/ccs/tools/compiler/gcc-arm-none-eabi-9-2019-q4-major/bin/../lib/gcc/arm-none-eabi/9.2.1/thumb/v7e-m+fp/hard/crtn.o
 *(.fini*)
 .fini          0x00001820        0x4 c:/ti/ccs1011/ccs/tools/compiler/gcc-arm-none-eabi-9-2019-q4-major/bin/../lib/gcc/arm-none-eabi/9.2.1/thumb/v7e-m+fp/hard/crti.o
                0x00001820                _fini
 .fini_array    0x00001824        0x4 c:/ti/ccs1011/ccs/tools/compiler/gcc-arm-none-eabi-9-2019-q4-major/bin/../lib/gcc/arm-none-eabi/9.2.1/thumb/v7e-m+fp/hard/crtbegin.o
 .fini          0x00001828        0x8 c:/ti/ccs1011/ccs/tools/compiler/gcc-arm-none-eabi-9-2019-q4-major/bin/../lib/gcc/arm-none-eabi/9.2.1/thumb/v7e-m+fp/hard/crtn.o

.glue_7         0x00001830        0x0
 .glue_7        0x00001830        0x0 linker stubs

.glue_7t        0x00001830        0x0
 .glue_7t       0x00001830        0x0 linker stubs

.vfp11_veneer   0x00001830        0x0
 .vfp11_veneer  0x00001830        0x0 linker stubs

.v4_bx          0x00001830        0x0
 .v4_bx         0x00001830        0x0 linker stubs

.iplt           0x00001830        0x0
 .iplt          0x00001830        0x0 c:/ti/ccs1011/ccs/tools/compiler/gcc-arm-none-eabi-9-2019-q4-major/bin/../lib/gcc/arm-none-eabi/9.2.1/thumb/v7e-m+fp/hard/crtbegin.o

.rodata         0x00001830       0x9f
 *(.rodata)
 .rodata        0x00001830       0x14 ./spi_3wire_incrementing_data-master.o
 *(.rodata.*)
 .rodata.spiMasterConfig
                0x00001844       0x1c ./spi_3wire_incrementing_data-master.o
                0x00001844                spiMasterConfig
 .rodata.GPIO_PORT_TO_BASE
                0x00001860       0x30 C:/ti/simplelink_msp432p4_sdk_3_40_01_02/source\ti/devices/msp432p4xx/driverlib/gcc/msp432p4xx_driverlib.a(gpio.o)
 .rodata.g_pulEnRegs
                0x00001890        0x8 C:/ti/simplelink_msp432p4_sdk_3_40_01_02/source\ti/devices/msp432p4xx/driverlib/gcc/msp432p4xx_driverlib.a(interrupt.o)
 .rodata._global_impure_ptr
                0x00001898        0x4 c:/ti/ccs1011/ccs/tools/compiler/gcc-arm-none-eabi-9-2019-q4-major/bin/../lib/gcc/arm-none-eabi/9.2.1/../../../../arm-none-eabi/lib/thumb/v7e-m+fp/hard\libc_nano.a(lib_a-impure.o)
                0x00001898                _global_impure_ptr
 .rodata._svfprintf_r.str1.1
                0x0000189c       0x11 c:/ti/ccs1011/ccs/tools/compiler/gcc-arm-none-eabi-9-2019-q4-major/bin/../lib/gcc/arm-none-eabi/9.2.1/../../../../arm-none-eabi/lib/thumb/v7e-m+fp/hard\libc_nano.a(lib_a-nano-svfprintf.o)
 .rodata._printf_i.str1.1
                0x000018ad       0x22 c:/ti/ccs1011/ccs/tools/compiler/gcc-arm-none-eabi-9-2019-q4-major/bin/../lib/gcc/arm-none-eabi/9.2.1/../../../../arm-none-eabi/lib/thumb/v7e-m+fp/hard\libc_nano.a(lib_a-nano-vfprintf_i.o)

.eh_frame       0x000018d0        0x0
 .eh_frame      0x000018d0        0x0 c:/ti/ccs1011/ccs/tools/compiler/gcc-arm-none-eabi-9-2019-q4-major/bin/../lib/gcc/arm-none-eabi/9.2.1/thumb/v7e-m+fp/hard/crtbegin.o

.ARM.exidx      0x000018d0        0x8
                0x000018d0                __exidx_start = .
 *(.ARM.exidx* .gnu.linkonce.armexidx.*)
 .ARM.exidx     0x000018d0        0x8 c:/ti/ccs1011/ccs/tools/compiler/gcc-arm-none-eabi-9-2019-q4-major/bin/../lib/gcc/arm-none-eabi/9.2.1/../../../../arm-none-eabi/lib/thumb/v7e-m+fp/hard/crt0.o
                0x000018d8                __exidx_end = .

.ARM.extab      0x000018d8        0x0
 *(.ARM.extab* .gnu.linkonce.armextab.*)
 .ARM.extab     0x000018d8        0x0 c:/ti/ccs1011/ccs/tools/compiler/gcc-arm-none-eabi-9-2019-q4-major/bin/../lib/gcc/arm-none-eabi/9.2.1/../../../../arm-none-eabi/lib/thumb/v7e-m+fp/hard/crt0.o
                0x000018d8                __etext = .

.rel.dyn        0x000018d8        0x0
 .rel.iplt      0x000018d8        0x0 c:/ti/ccs1011/ccs/tools/compiler/gcc-arm-none-eabi-9-2019-q4-major/bin/../lib/gcc/arm-none-eabi/9.2.1/thumb/v7e-m+fp/hard/crtbegin.o

.data           0x20000000       0x6c load address 0x000018d8
                0x000018d8                __data_load__ = LOADADDR (.data)
                0x20000000                __data_start__ = .
 *(.data)
 .data          0x20000000        0x0 c:/ti/ccs1011/ccs/tools/compiler/gcc-arm-none-eabi-9-2019-q4-major/bin/../lib/gcc/arm-none-eabi/9.2.1/thumb/v7e-m+fp/hard/crti.o
 .data          0x20000000        0x4 c:/ti/ccs1011/ccs/tools/compiler/gcc-arm-none-eabi-9-2019-q4-major/bin/../lib/gcc/arm-none-eabi/9.2.1/thumb/v7e-m+fp/hard/crtbegin.o
                0x20000000                __dso_handle
 .data          0x20000004        0x0 c:/ti/ccs1011/ccs/tools/compiler/gcc-arm-none-eabi-9-2019-q4-major/bin/../lib/gcc/arm-none-eabi/9.2.1/../../../../arm-none-eabi/lib/thumb/v7e-m+fp/hard/crt0.o
 .data          0x20000004        0x0 ./spi_3wire_incrementing_data-master.o
 .data          0x20000004        0x0 ./system_msp432p401r.o
 .data          0x20000004        0x0 ./gcc/startup_msp432p401r_gcc.o
 .data          0x20000004        0x0 C:/ti/simplelink_msp432p4_sdk_3_40_01_02/source\ti/devices/msp432p4xx/driverlib/gcc/msp432p4xx_driverlib.a(cs.o)
 .data          0x20000004        0x0 C:/ti/simplelink_msp432p4_sdk_3_40_01_02/source\ti/devices/msp432p4xx/driverlib/gcc/msp432p4xx_driverlib.a(gpio.o)
 .data          0x20000004        0x0 C:/ti/simplelink_msp432p4_sdk_3_40_01_02/source\ti/devices/msp432p4xx/driverlib/gcc/msp432p4xx_driverlib.a(interrupt.o)
 .data          0x20000004        0x0 C:/ti/simplelink_msp432p4_sdk_3_40_01_02/source\ti/devices/msp432p4xx/driverlib/gcc/msp432p4xx_driverlib.a(pcm.o)
 .data          0x20000004        0x0 C:/ti/simplelink_msp432p4_sdk_3_40_01_02/source\ti/devices/msp432p4xx/driverlib/gcc/msp432p4xx_driverlib.a(rtc_c.o)
 .data          0x20000004        0x0 C:/ti/simplelink_msp432p4_sdk_3_40_01_02/source\ti/devices/msp432p4xx/driverlib/gcc/msp432p4xx_driverlib.a(spi.o)
 .data          0x20000004        0x0 C:/ti/simplelink_msp432p4_sdk_3_40_01_02/source\ti/devices/msp432p4xx/driverlib/gcc/msp432p4xx_driverlib.a(sysctl_a.o)
 .data          0x20000004        0x0 C:/ti/simplelink_msp432p4_sdk_3_40_01_02/source\ti/devices/msp432p4xx/driverlib/gcc/msp432p4xx_driverlib.a(uart.o)
 .data          0x20000004        0x0 C:/ti/simplelink_msp432p4_sdk_3_40_01_02/source\ti/devices/msp432p4xx/driverlib/gcc/msp432p4xx_driverlib.a(wdt_a.o)
 .data          0x20000004        0x0 C:/ti/simplelink_msp432p4_sdk_3_40_01_02/source\ti/devices/msp432p4xx/driverlib/gcc/msp432p4xx_driverlib.a(cpu.o)
 .data          0x20000004        0x0 c:/ti/ccs1011/ccs/tools/compiler/gcc-arm-none-eabi-9-2019-q4-major/bin/../lib/gcc/arm-none-eabi/9.2.1/../../../../arm-none-eabi/lib/thumb/v7e-m+fp/hard\libc_nano.a(lib_a-exit.o)
 .data          0x20000004        0x0 c:/ti/ccs1011/ccs/tools/compiler/gcc-arm-none-eabi-9-2019-q4-major/bin/../lib/gcc/arm-none-eabi/9.2.1/../../../../arm-none-eabi/lib/thumb/v7e-m+fp/hard\libc_nano.a(lib_a-impure.o)
 .data          0x20000004        0x0 c:/ti/ccs1011/ccs/tools/compiler/gcc-arm-none-eabi-9-2019-q4-major/bin/../lib/gcc/arm-none-eabi/9.2.1/../../../../arm-none-eabi/lib/thumb/v7e-m+fp/hard\libc_nano.a(lib_a-init.o)
 .data          0x20000004        0x0 c:/ti/ccs1011/ccs/tools/compiler/gcc-arm-none-eabi-9-2019-q4-major/bin/../lib/gcc/arm-none-eabi/9.2.1/../../../../arm-none-eabi/lib/thumb/v7e-m+fp/hard\libc_nano.a(lib_a-memset.o)
 .data          0x20000004        0x0 c:/ti/ccs1011/ccs/tools/compiler/gcc-arm-none-eabi-9-2019-q4-major/bin/../lib/gcc/arm-none-eabi/9.2.1/../../../../arm-none-eabi/lib/thumb/v7e-m+fp/hard\libc_nano.a(lib_a-sprintf.o)
 .data          0x20000004        0x0 c:/ti/ccs1011/ccs/tools/compiler/gcc-arm-none-eabi-9-2019-q4-major/bin/../lib/gcc/arm-none-eabi/9.2.1/../../../../arm-none-eabi/lib/thumb/v7e-m+fp/hard\libc_nano.a(lib_a-strlen.o)
 .data          0x20000004        0x0 c:/ti/ccs1011/ccs/tools/compiler/gcc-arm-none-eabi-9-2019-q4-major/bin/../lib/gcc/arm-none-eabi/9.2.1/../../../../arm-none-eabi/lib/thumb/v7e-m+fp/hard\libc_nano.a(lib_a-nano-svfprintf.o)
 .data          0x20000004        0x0 c:/ti/ccs1011/ccs/tools/compiler/gcc-arm-none-eabi-9-2019-q4-major/bin/../lib/gcc/arm-none-eabi/9.2.1/../../../../arm-none-eabi/lib/thumb/v7e-m+fp/hard\libc_nano.a(lib_a-nano-vfprintf_i.o)
 .data          0x20000004        0x0 c:/ti/ccs1011/ccs/tools/compiler/gcc-arm-none-eabi-9-2019-q4-major/bin/../lib/gcc/arm-none-eabi/9.2.1/../../../../arm-none-eabi/lib/thumb/v7e-m+fp/hard\libc_nano.a(lib_a-memchr.o)
 .data          0x20000004        0x0 c:/ti/ccs1011/ccs/tools/compiler/gcc-arm-none-eabi-9-2019-q4-major/bin/../lib/gcc/arm-none-eabi/9.2.1/../../../../arm-none-eabi/lib/thumb/v7e-m+fp/hard\libc_nano.a(lib_a-memcpy-stub.o)
 .data          0x20000004        0x0 c:/ti/ccs1011/ccs/tools/compiler/gcc-arm-none-eabi-9-2019-q4-major/bin/../lib/gcc/arm-none-eabi/9.2.1/../../../../arm-none-eabi/lib/thumb/v7e-m+fp/hard\libc_nano.a(lib_a-memmove.o)
 .data          0x20000004        0x0 c:/ti/ccs1011/ccs/tools/compiler/gcc-arm-none-eabi-9-2019-q4-major/bin/../lib/gcc/arm-none-eabi/9.2.1/../../../../arm-none-eabi/lib/thumb/v7e-m+fp/hard\libc_nano.a(lib_a-nano-freer.o)
 .data          0x20000004        0x0 c:/ti/ccs1011/ccs/tools/compiler/gcc-arm-none-eabi-9-2019-q4-major/bin/../lib/gcc/arm-none-eabi/9.2.1/../../../../arm-none-eabi/lib/thumb/v7e-m+fp/hard\libc_nano.a(lib_a-nano-mallocr.o)
 .data          0x20000004        0x0 c:/ti/ccs1011/ccs/tools/compiler/gcc-arm-none-eabi-9-2019-q4-major/bin/../lib/gcc/arm-none-eabi/9.2.1/../../../../arm-none-eabi/lib/thumb/v7e-m+fp/hard\libc_nano.a(lib_a-nano-reallocr.o)
 .data          0x20000004        0x0 c:/ti/ccs1011/ccs/tools/compiler/gcc-arm-none-eabi-9-2019-q4-major/bin/../lib/gcc/arm-none-eabi/9.2.1/../../../../arm-none-eabi/lib/thumb/v7e-m+fp/hard\libc_nano.a(lib_a-sbrkr.o)
 .data          0x20000004        0x0 c:/ti/ccs1011/ccs/tools/compiler/gcc-arm-none-eabi-9-2019-q4-major/bin/../lib/gcc/arm-none-eabi/9.2.1/../../../../arm-none-eabi/lib/thumb/v7e-m+fp/hard\libc_nano.a(lib_a-mlock.o)
 .data          0x20000004        0x0 c:/ti/ccs1011/ccs/tools/compiler/gcc-arm-none-eabi-9-2019-q4-major/bin/../lib/gcc/arm-none-eabi/9.2.1/../../../../arm-none-eabi/lib/thumb/v7e-m+fp/hard\libc_nano.a(lib_a-nano-msizer.o)
 .data          0x20000004        0x0 c:/ti/ccs1011/ccs/tools/compiler/gcc-arm-none-eabi-9-2019-q4-major/bin/../lib/gcc/arm-none-eabi/9.2.1/../../../../arm-none-eabi/lib/thumb/v7e-m+fp/hard\libc_nano.a(lib_a-reent.o)
 .data          0x20000004        0x0 c:/ti/ccs1011/ccs/tools/compiler/gcc-arm-none-eabi-9-2019-q4-major/bin/../lib/gcc/arm-none-eabi/9.2.1/../../../../arm-none-eabi/lib/thumb/v7e-m+fp/hard\libc_nano.a(lib_a-lock.o)
 .data          0x20000004        0x0 c:/ti/ccs1011/ccs/tools/compiler/gcc-arm-none-eabi-9-2019-q4-major/bin/../lib/gcc/arm-none-eabi/9.2.1/../../../../arm-none-eabi/lib/thumb/v7e-m+fp/hard\libnosys.a(sbrk.o)
 .data          0x20000004        0x0 c:/ti/ccs1011/ccs/tools/compiler/gcc-arm-none-eabi-9-2019-q4-major/bin/../lib/gcc/arm-none-eabi/9.2.1/../../../../arm-none-eabi/lib/thumb/v7e-m+fp/hard\libnosys.a(_exit.o)
 .data          0x20000004        0x0 c:/ti/ccs1011/ccs/tools/compiler/gcc-arm-none-eabi-9-2019-q4-major/bin/../lib/gcc/arm-none-eabi/9.2.1/thumb/v7e-m+fp/hard/crtend.o
 .data          0x20000004        0x0 c:/ti/ccs1011/ccs/tools/compiler/gcc-arm-none-eabi-9-2019-q4-major/bin/../lib/gcc/arm-none-eabi/9.2.1/thumb/v7e-m+fp/hard/crtn.o
 *(.data*)
 .data.SystemCoreClock
                0x20000004        0x4 ./system_msp432p401r.o
                0x20000004                SystemCoreClock
 .data._impure_ptr
                0x20000008        0x4 c:/ti/ccs1011/ccs/tools/compiler/gcc-arm-none-eabi-9-2019-q4-major/bin/../lib/gcc/arm-none-eabi/9.2.1/../../../../arm-none-eabi/lib/thumb/v7e-m+fp/hard\libc_nano.a(lib_a-impure.o)
                0x20000008                _impure_ptr
 .data.impure_data
                0x2000000c       0x60 c:/ti/ccs1011/ccs/tools/compiler/gcc-arm-none-eabi-9-2019-q4-major/bin/../lib/gcc/arm-none-eabi/9.2.1/../../../../arm-none-eabi/lib/thumb/v7e-m+fp/hard\libc_nano.a(lib_a-impure.o)
                0x2000006c                . = ALIGN (0x4)
                0x2000006c                __data_end__ = .

.igot.plt       0x2000006c        0x0 load address 0x00001944
 .igot.plt      0x2000006c        0x0 c:/ti/ccs1011/ccs/tools/compiler/gcc-arm-none-eabi-9-2019-q4-major/bin/../lib/gcc/arm-none-eabi/9.2.1/thumb/v7e-m+fp/hard/crtbegin.o

.bss            0x2000006c       0x80
                0x2000006c                __bss_start__ = .
 *(.shbss)
 *(.bss)
 .bss           0x2000006c        0x0 c:/ti/ccs1011/ccs/tools/compiler/gcc-arm-none-eabi-9-2019-q4-major/bin/../lib/gcc/arm-none-eabi/9.2.1/thumb/v7e-m+fp/hard/crti.o
 .bss           0x2000006c       0x1c c:/ti/ccs1011/ccs/tools/compiler/gcc-arm-none-eabi-9-2019-q4-major/bin/../lib/gcc/arm-none-eabi/9.2.1/thumb/v7e-m+fp/hard/crtbegin.o
 .bss           0x20000088        0x0 c:/ti/ccs1011/ccs/tools/compiler/gcc-arm-none-eabi-9-2019-q4-major/bin/../lib/gcc/arm-none-eabi/9.2.1/../../../../arm-none-eabi/lib/thumb/v7e-m+fp/hard/crt0.o
 .bss           0x20000088        0x0 ./spi_3wire_incrementing_data-master.o
 .bss           0x20000088        0x0 ./system_msp432p401r.o
 .bss           0x20000088        0x0 ./gcc/startup_msp432p401r_gcc.o
 .bss           0x20000088        0x0 C:/ti/simplelink_msp432p4_sdk_3_40_01_02/source\ti/devices/msp432p4xx/driverlib/gcc/msp432p4xx_driverlib.a(cs.o)
 .bss           0x20000088        0x0 C:/ti/simplelink_msp432p4_sdk_3_40_01_02/source\ti/devices/msp432p4xx/driverlib/gcc/msp432p4xx_driverlib.a(gpio.o)
 .bss           0x20000088        0x0 C:/ti/simplelink_msp432p4_sdk_3_40_01_02/source\ti/devices/msp432p4xx/driverlib/gcc/msp432p4xx_driverlib.a(interrupt.o)
 .bss           0x20000088        0x0 C:/ti/simplelink_msp432p4_sdk_3_40_01_02/source\ti/devices/msp432p4xx/driverlib/gcc/msp432p4xx_driverlib.a(pcm.o)
 .bss           0x20000088        0x0 C:/ti/simplelink_msp432p4_sdk_3_40_01_02/source\ti/devices/msp432p4xx/driverlib/gcc/msp432p4xx_driverlib.a(rtc_c.o)
 .bss           0x20000088        0x0 C:/ti/simplelink_msp432p4_sdk_3_40_01_02/source\ti/devices/msp432p4xx/driverlib/gcc/msp432p4xx_driverlib.a(spi.o)
 .bss           0x20000088        0x0 C:/ti/simplelink_msp432p4_sdk_3_40_01_02/source\ti/devices/msp432p4xx/driverlib/gcc/msp432p4xx_driverlib.a(sysctl_a.o)
 .bss           0x20000088        0x0 C:/ti/simplelink_msp432p4_sdk_3_40_01_02/source\ti/devices/msp432p4xx/driverlib/gcc/msp432p4xx_driverlib.a(uart.o)
 .bss           0x20000088        0x0 C:/ti/simplelink_msp432p4_sdk_3_40_01_02/source\ti/devices/msp432p4xx/driverlib/gcc/msp432p4xx_driverlib.a(wdt_a.o)
 .bss           0x20000088        0x0 C:/ti/simplelink_msp432p4_sdk_3_40_01_02/source\ti/devices/msp432p4xx/driverlib/gcc/msp432p4xx_driverlib.a(cpu.o)
 .bss           0x20000088        0x0 c:/ti/ccs1011/ccs/tools/compiler/gcc-arm-none-eabi-9-2019-q4-major/bin/../lib/gcc/arm-none-eabi/9.2.1/../../../../arm-none-eabi/lib/thumb/v7e-m+fp/hard\libc_nano.a(lib_a-exit.o)
 .bss           0x20000088        0x0 c:/ti/ccs1011/ccs/tools/compiler/gcc-arm-none-eabi-9-2019-q4-major/bin/../lib/gcc/arm-none-eabi/9.2.1/../../../../arm-none-eabi/lib/thumb/v7e-m+fp/hard\libc_nano.a(lib_a-impure.o)
 .bss           0x20000088        0x0 c:/ti/ccs1011/ccs/tools/compiler/gcc-arm-none-eabi-9-2019-q4-major/bin/../lib/gcc/arm-none-eabi/9.2.1/../../../../arm-none-eabi/lib/thumb/v7e-m+fp/hard\libc_nano.a(lib_a-init.o)
 .bss           0x20000088        0x0 c:/ti/ccs1011/ccs/tools/compiler/gcc-arm-none-eabi-9-2019-q4-major/bin/../lib/gcc/arm-none-eabi/9.2.1/../../../../arm-none-eabi/lib/thumb/v7e-m+fp/hard\libc_nano.a(lib_a-memset.o)
 .bss           0x20000088        0x0 c:/ti/ccs1011/ccs/tools/compiler/gcc-arm-none-eabi-9-2019-q4-major/bin/../lib/gcc/arm-none-eabi/9.2.1/../../../../arm-none-eabi/lib/thumb/v7e-m+fp/hard\libc_nano.a(lib_a-sprintf.o)
 .bss           0x20000088        0x0 c:/ti/ccs1011/ccs/tools/compiler/gcc-arm-none-eabi-9-2019-q4-major/bin/../lib/gcc/arm-none-eabi/9.2.1/../../../../arm-none-eabi/lib/thumb/v7e-m+fp/hard\libc_nano.a(lib_a-strlen.o)
 .bss           0x20000088        0x0 c:/ti/ccs1011/ccs/tools/compiler/gcc-arm-none-eabi-9-2019-q4-major/bin/../lib/gcc/arm-none-eabi/9.2.1/../../../../arm-none-eabi/lib/thumb/v7e-m+fp/hard\libc_nano.a(lib_a-nano-svfprintf.o)
 .bss           0x20000088        0x0 c:/ti/ccs1011/ccs/tools/compiler/gcc-arm-none-eabi-9-2019-q4-major/bin/../lib/gcc/arm-none-eabi/9.2.1/../../../../arm-none-eabi/lib/thumb/v7e-m+fp/hard\libc_nano.a(lib_a-nano-vfprintf_i.o)
 .bss           0x20000088        0x0 c:/ti/ccs1011/ccs/tools/compiler/gcc-arm-none-eabi-9-2019-q4-major/bin/../lib/gcc/arm-none-eabi/9.2.1/../../../../arm-none-eabi/lib/thumb/v7e-m+fp/hard\libc_nano.a(lib_a-memchr.o)
 .bss           0x20000088        0x0 c:/ti/ccs1011/ccs/tools/compiler/gcc-arm-none-eabi-9-2019-q4-major/bin/../lib/gcc/arm-none-eabi/9.2.1/../../../../arm-none-eabi/lib/thumb/v7e-m+fp/hard\libc_nano.a(lib_a-memcpy-stub.o)
 .bss           0x20000088        0x0 c:/ti/ccs1011/ccs/tools/compiler/gcc-arm-none-eabi-9-2019-q4-major/bin/../lib/gcc/arm-none-eabi/9.2.1/../../../../arm-none-eabi/lib/thumb/v7e-m+fp/hard\libc_nano.a(lib_a-memmove.o)
 .bss           0x20000088        0x0 c:/ti/ccs1011/ccs/tools/compiler/gcc-arm-none-eabi-9-2019-q4-major/bin/../lib/gcc/arm-none-eabi/9.2.1/../../../../arm-none-eabi/lib/thumb/v7e-m+fp/hard\libc_nano.a(lib_a-nano-freer.o)
 .bss           0x20000088        0x0 c:/ti/ccs1011/ccs/tools/compiler/gcc-arm-none-eabi-9-2019-q4-major/bin/../lib/gcc/arm-none-eabi/9.2.1/../../../../arm-none-eabi/lib/thumb/v7e-m+fp/hard\libc_nano.a(lib_a-nano-mallocr.o)
 .bss           0x20000088        0x0 c:/ti/ccs1011/ccs/tools/compiler/gcc-arm-none-eabi-9-2019-q4-major/bin/../lib/gcc/arm-none-eabi/9.2.1/../../../../arm-none-eabi/lib/thumb/v7e-m+fp/hard\libc_nano.a(lib_a-nano-reallocr.o)
 .bss           0x20000088        0x0 c:/ti/ccs1011/ccs/tools/compiler/gcc-arm-none-eabi-9-2019-q4-major/bin/../lib/gcc/arm-none-eabi/9.2.1/../../../../arm-none-eabi/lib/thumb/v7e-m+fp/hard\libc_nano.a(lib_a-sbrkr.o)
 .bss           0x20000088        0x0 c:/ti/ccs1011/ccs/tools/compiler/gcc-arm-none-eabi-9-2019-q4-major/bin/../lib/gcc/arm-none-eabi/9.2.1/../../../../arm-none-eabi/lib/thumb/v7e-m+fp/hard\libc_nano.a(lib_a-mlock.o)
 .bss           0x20000088        0x0 c:/ti/ccs1011/ccs/tools/compiler/gcc-arm-none-eabi-9-2019-q4-major/bin/../lib/gcc/arm-none-eabi/9.2.1/../../../../arm-none-eabi/lib/thumb/v7e-m+fp/hard\libc_nano.a(lib_a-nano-msizer.o)
 .bss           0x20000088        0x0 c:/ti/ccs1011/ccs/tools/compiler/gcc-arm-none-eabi-9-2019-q4-major/bin/../lib/gcc/arm-none-eabi/9.2.1/../../../../arm-none-eabi/lib/thumb/v7e-m+fp/hard\libc_nano.a(lib_a-reent.o)
 .bss           0x20000088        0x0 c:/ti/ccs1011/ccs/tools/compiler/gcc-arm-none-eabi-9-2019-q4-major/bin/../lib/gcc/arm-none-eabi/9.2.1/../../../../arm-none-eabi/lib/thumb/v7e-m+fp/hard\libc_nano.a(lib_a-lock.o)
 .bss           0x20000088        0x0 c:/ti/ccs1011/ccs/tools/compiler/gcc-arm-none-eabi-9-2019-q4-major/bin/../lib/gcc/arm-none-eabi/9.2.1/../../../../arm-none-eabi/lib/thumb/v7e-m+fp/hard\libnosys.a(sbrk.o)
 .bss           0x20000088        0x0 c:/ti/ccs1011/ccs/tools/compiler/gcc-arm-none-eabi-9-2019-q4-major/bin/../lib/gcc/arm-none-eabi/9.2.1/../../../../arm-none-eabi/lib/thumb/v7e-m+fp/hard\libnosys.a(_exit.o)
 .bss           0x20000088        0x0 c:/ti/ccs1011/ccs/tools/compiler/gcc-arm-none-eabi-9-2019-q4-major/bin/../lib/gcc/arm-none-eabi/9.2.1/thumb/v7e-m+fp/hard/crtend.o
 .bss           0x20000088        0x0 c:/ti/ccs1011/ccs/tools/compiler/gcc-arm-none-eabi-9-2019-q4-major/bin/../lib/gcc/arm-none-eabi/9.2.1/thumb/v7e-m+fp/hard/crtn.o
 *(.bss.*)
 .bss.RXData    0x20000088        0x1 ./spi_3wire_incrementing_data-master.o
 .bss.TXData    0x20000089        0x1 ./spi_3wire_incrementing_data-master.o
 *fill*         0x2000008a        0x2 
 .bss.mclk      0x2000008c        0x4 ./spi_3wire_incrementing_data-master.o
 .bss.dco       0x20000090        0x4 ./spi_3wire_incrementing_data-master.o
 .bss.msg       0x20000094       0x32 ./spi_3wire_incrementing_data-master.o
 *fill*         0x200000c6        0x2 
 .bss.hfxtFreq  0x200000c8        0x4 C:/ti/simplelink_msp432p4_sdk_3_40_01_02/source\ti/devices/msp432p4xx/driverlib/gcc/msp432p4xx_driverlib.a(cs.o)
 .bss.lfxtFreq  0x200000cc        0x4 C:/ti/simplelink_msp432p4_sdk_3_40_01_02/source\ti/devices/msp432p4xx/driverlib/gcc/msp432p4xx_driverlib.a(cs.o)
 .bss.__malloc_free_list
                0x200000d0        0x4 c:/ti/ccs1011/ccs/tools/compiler/gcc-arm-none-eabi-9-2019-q4-major/bin/../lib/gcc/arm-none-eabi/9.2.1/../../../../arm-none-eabi/lib/thumb/v7e-m+fp/hard\libc_nano.a(lib_a-nano-mallocr.o)
                0x200000d0                __malloc_free_list
 .bss.__malloc_sbrk_start
                0x200000d4        0x4 c:/ti/ccs1011/ccs/tools/compiler/gcc-arm-none-eabi-9-2019-q4-major/bin/../lib/gcc/arm-none-eabi/9.2.1/../../../../arm-none-eabi/lib/thumb/v7e-m+fp/hard\libc_nano.a(lib_a-nano-mallocr.o)
                0x200000d4                __malloc_sbrk_start
 .bss.heap_end.5507
                0x200000d8        0x4 c:/ti/ccs1011/ccs/tools/compiler/gcc-arm-none-eabi-9-2019-q4-major/bin/../lib/gcc/arm-none-eabi/9.2.1/../../../../arm-none-eabi/lib/thumb/v7e-m+fp/hard\libnosys.a(sbrk.o)
 *(COMMON)
 COMMON         0x200000dc        0x4 c:/ti/ccs1011/ccs/tools/compiler/gcc-arm-none-eabi-9-2019-q4-major/bin/../lib/gcc/arm-none-eabi/9.2.1/../../../../arm-none-eabi/lib/thumb/v7e-m+fp/hard\libc_nano.a(lib_a-reent.o)
                0x200000dc                errno
 COMMON         0x200000e0        0x9 c:/ti/ccs1011/ccs/tools/compiler/gcc-arm-none-eabi-9-2019-q4-major/bin/../lib/gcc/arm-none-eabi/9.2.1/../../../../arm-none-eabi/lib/thumb/v7e-m+fp/hard\libc_nano.a(lib_a-lock.o)
                0x200000e0                __lock___atexit_recursive_mutex
                0x200000e1                __lock___arc4random_mutex
                0x200000e2                __lock___env_recursive_mutex
                0x200000e3                __lock___sinit_recursive_mutex
                0x200000e4                __lock___malloc_recursive_mutex
                0x200000e5                __lock___at_quick_exit_mutex
                0x200000e6                __lock___dd_hash_mutex
                0x200000e7                __lock___tz_mutex
                0x200000e8                __lock___sfp_recursive_mutex
                0x200000ec                . = ALIGN (0x4)
 *fill*         0x200000e9        0x3 
                0x200000ec                __bss_end__ = .

.heap           0x200000ec        0x0
                0x200000ec                __heap_start__ = .
                0x200000ec                end = __heap_start__
                0x200000ec                _end = end
                0x200000ec                __end = end
 *(.heap)
                0x200000ec                __heap_end__ = .
                0x200000ec                __HeapLimit = __heap_end__

.stack          0x200000f0        0x0
                0x200000f0                _stack = .
 *(.stack)
                0x20010000                __StackTop = (ORIGIN (REGION_STACK) + LENGTH (REGION_STACK))
                0x20010000                PROVIDE (__stack = __StackTop)
LOAD C:/ti/simplelink_msp432p4_sdk_3_40_01_02/source\ti/display/lib/display.am4fg
LOAD C:/ti/simplelink_msp432p4_sdk_3_40_01_02/source\ti/grlib/lib/gcc/m4f/grlib.a
LOAD C:/ti/simplelink_msp432p4_sdk_3_40_01_02/source\third_party/spiffs/lib/gcc/m4f/spiffs.a
LOAD C:/ti/simplelink_msp432p4_sdk_3_40_01_02/source\ti/drivers/lib/drivers_msp432p401x.am4fg
LOAD C:/ti/simplelink_msp432p4_sdk_3_40_01_02/source\third_party/fatfs/lib/gcc/m4f/fatfs.a
LOAD C:/ti/simplelink_msp432p4_sdk_3_40_01_02/source\ti/devices/msp432p4xx/driverlib/gcc/msp432p4xx_driverlib.a
LOAD c:/ti/ccs1011/ccs/tools/compiler/gcc-arm-none-eabi-9-2019-q4-major/bin/../lib/gcc/arm-none-eabi/9.2.1/thumb/v7e-m+fp/hard\libgcc.a
LOAD c:/ti/ccs1011/ccs/tools/compiler/gcc-arm-none-eabi-9-2019-q4-major/bin/../lib/gcc/arm-none-eabi/9.2.1/../../../../arm-none-eabi/lib/thumb/v7e-m+fp/hard\libc_nano.a
LOAD c:/ti/ccs1011/ccs/tools/compiler/gcc-arm-none-eabi-9-2019-q4-major/bin/../lib/gcc/arm-none-eabi/9.2.1/../../../../arm-none-eabi/lib/thumb/v7e-m+fp/hard\libm.a
LOAD c:/ti/ccs1011/ccs/tools/compiler/gcc-arm-none-eabi-9-2019-q4-major/bin/../lib/gcc/arm-none-eabi/9.2.1/../../../../arm-none-eabi/lib/thumb/v7e-m+fp/hard\libnosys.a
START GROUP
LOAD c:/ti/ccs1011/ccs/tools/compiler/gcc-arm-none-eabi-9-2019-q4-major/bin/../lib/gcc/arm-none-eabi/9.2.1/thumb/v7e-m+fp/hard\libgcc.a
LOAD c:/ti/ccs1011/ccs/tools/compiler/gcc-arm-none-eabi-9-2019-q4-major/bin/../lib/gcc/arm-none-eabi/9.2.1/../../../../arm-none-eabi/lib/thumb/v7e-m+fp/hard\libg_nano.a
LOAD c:/ti/ccs1011/ccs/tools/compiler/gcc-arm-none-eabi-9-2019-q4-major/bin/../lib/gcc/arm-none-eabi/9.2.1/../../../../arm-none-eabi/lib/thumb/v7e-m+fp/hard\libc_nano.a
END GROUP
START GROUP
LOAD c:/ti/ccs1011/ccs/tools/compiler/gcc-arm-none-eabi-9-2019-q4-major/bin/../lib/gcc/arm-none-eabi/9.2.1/thumb/v7e-m+fp/hard\libgcc.a
LOAD c:/ti/ccs1011/ccs/tools/compiler/gcc-arm-none-eabi-9-2019-q4-major/bin/../lib/gcc/arm-none-eabi/9.2.1/../../../../arm-none-eabi/lib/thumb/v7e-m+fp/hard\libc_nano.a
END GROUP
LOAD c:/ti/ccs1011/ccs/tools/compiler/gcc-arm-none-eabi-9-2019-q4-major/bin/../lib/gcc/arm-none-eabi/9.2.1/thumb/v7e-m+fp/hard/crtend.o
LOAD c:/ti/ccs1011/ccs/tools/compiler/gcc-arm-none-eabi-9-2019-q4-major/bin/../lib/gcc/arm-none-eabi/9.2.1/thumb/v7e-m+fp/hard/crtn.o
OUTPUT(spi_3wire_incrementing_data-master_MSP_EXP432P401R_nortos_gcc.out elf32-littlearm)

.ARM.attributes
                0x00000000       0x30
 .ARM.attributes
                0x00000000       0x1e c:/ti/ccs1011/ccs/tools/compiler/gcc-arm-none-eabi-9-2019-q4-major/bin/../lib/gcc/arm-none-eabi/9.2.1/thumb/v7e-m+fp/hard/crti.o
 .ARM.attributes
                0x0000001e       0x34 c:/ti/ccs1011/ccs/tools/compiler/gcc-arm-none-eabi-9-2019-q4-major/bin/../lib/gcc/arm-none-eabi/9.2.1/thumb/v7e-m+fp/hard/crtbegin.o
 .ARM.attributes
                0x00000052       0x1c c:/ti/ccs1011/ccs/tools/compiler/gcc-arm-none-eabi-9-2019-q4-major/bin/../lib/gcc/arm-none-eabi/9.2.1/../../../../arm-none-eabi/lib/thumb/v7e-m+fp/hard/crt0.o
 .ARM.attributes
                0x0000006e       0x34 ./spi_3wire_incrementing_data-master.o
 .ARM.attributes
                0x000000a2       0x34 ./system_msp432p401r.o
 .ARM.attributes
                0x000000d6       0x34 ./gcc/startup_msp432p401r_gcc.o
 .ARM.attributes
                0x0000010a       0x39 C:/ti/simplelink_msp432p4_sdk_3_40_01_02/source\ti/devices/msp432p4xx/driverlib/gcc/msp432p4xx_driverlib.a(cs.o)
 .ARM.attributes
                0x00000143       0x39 C:/ti/simplelink_msp432p4_sdk_3_40_01_02/source\ti/devices/msp432p4xx/driverlib/gcc/msp432p4xx_driverlib.a(gpio.o)
 .ARM.attributes
                0x0000017c       0x39 C:/ti/simplelink_msp432p4_sdk_3_40_01_02/source\ti/devices/msp432p4xx/driverlib/gcc/msp432p4xx_driverlib.a(interrupt.o)
 .ARM.attributes
                0x000001b5       0x39 C:/ti/simplelink_msp432p4_sdk_3_40_01_02/source\ti/devices/msp432p4xx/driverlib/gcc/msp432p4xx_driverlib.a(pcm.o)
 .ARM.attributes
                0x000001ee       0x39 C:/ti/simplelink_msp432p4_sdk_3_40_01_02/source\ti/devices/msp432p4xx/driverlib/gcc/msp432p4xx_driverlib.a(rtc_c.o)
 .ARM.attributes
                0x00000227       0x39 C:/ti/simplelink_msp432p4_sdk_3_40_01_02/source\ti/devices/msp432p4xx/driverlib/gcc/msp432p4xx_driverlib.a(spi.o)
 .ARM.attributes
                0x00000260       0x39 C:/ti/simplelink_msp432p4_sdk_3_40_01_02/source\ti/devices/msp432p4xx/driverlib/gcc/msp432p4xx_driverlib.a(sysctl_a.o)
 .ARM.attributes
                0x00000299       0x39 C:/ti/simplelink_msp432p4_sdk_3_40_01_02/source\ti/devices/msp432p4xx/driverlib/gcc/msp432p4xx_driverlib.a(uart.o)
 .ARM.attributes
                0x000002d2       0x39 C:/ti/simplelink_msp432p4_sdk_3_40_01_02/source\ti/devices/msp432p4xx/driverlib/gcc/msp432p4xx_driverlib.a(wdt_a.o)
 .ARM.attributes
                0x0000030b       0x39 C:/ti/simplelink_msp432p4_sdk_3_40_01_02/source\ti/devices/msp432p4xx/driverlib/gcc/msp432p4xx_driverlib.a(cpu.o)
 .ARM.attributes
                0x00000344       0x34 c:/ti/ccs1011/ccs/tools/compiler/gcc-arm-none-eabi-9-2019-q4-major/bin/../lib/gcc/arm-none-eabi/9.2.1/../../../../arm-none-eabi/lib/thumb/v7e-m+fp/hard\libc_nano.a(lib_a-exit.o)
 .ARM.attributes
                0x00000378       0x32 c:/ti/ccs1011/ccs/tools/compiler/gcc-arm-none-eabi-9-2019-q4-major/bin/../lib/gcc/arm-none-eabi/9.2.1/../../../../arm-none-eabi/lib/thumb/v7e-m+fp/hard\libc_nano.a(lib_a-impure.o)
 .ARM.attributes
                0x000003aa       0x34 c:/ti/ccs1011/ccs/tools/compiler/gcc-arm-none-eabi-9-2019-q4-major/bin/../lib/gcc/arm-none-eabi/9.2.1/../../../../arm-none-eabi/lib/thumb/v7e-m+fp/hard\libc_nano.a(lib_a-init.o)
 .ARM.attributes
                0x000003de       0x34 c:/ti/ccs1011/ccs/tools/compiler/gcc-arm-none-eabi-9-2019-q4-major/bin/../lib/gcc/arm-none-eabi/9.2.1/../../../../arm-none-eabi/lib/thumb/v7e-m+fp/hard\libc_nano.a(lib_a-memset.o)
 .ARM.attributes
                0x00000412       0x34 c:/ti/ccs1011/ccs/tools/compiler/gcc-arm-none-eabi-9-2019-q4-major/bin/../lib/gcc/arm-none-eabi/9.2.1/../../../../arm-none-eabi/lib/thumb/v7e-m+fp/hard\libc_nano.a(lib_a-sprintf.o)
 .ARM.attributes
                0x00000446       0x17 c:/ti/ccs1011/ccs/tools/compiler/gcc-arm-none-eabi-9-2019-q4-major/bin/../lib/gcc/arm-none-eabi/9.2.1/../../../../arm-none-eabi/lib/thumb/v7e-m+fp/hard\libc_nano.a(lib_a-strlen.o)
 .ARM.attributes
                0x0000045d       0x34 c:/ti/ccs1011/ccs/tools/compiler/gcc-arm-none-eabi-9-2019-q4-major/bin/../lib/gcc/arm-none-eabi/9.2.1/../../../../arm-none-eabi/lib/thumb/v7e-m+fp/hard\libc_nano.a(lib_a-nano-svfprintf.o)
 .ARM.attributes
                0x00000491       0x34 c:/ti/ccs1011/ccs/tools/compiler/gcc-arm-none-eabi-9-2019-q4-major/bin/../lib/gcc/arm-none-eabi/9.2.1/../../../../arm-none-eabi/lib/thumb/v7e-m+fp/hard\libc_nano.a(lib_a-nano-vfprintf_i.o)
 .ARM.attributes
                0x000004c5       0x1c c:/ti/ccs1011/ccs/tools/compiler/gcc-arm-none-eabi-9-2019-q4-major/bin/../lib/gcc/arm-none-eabi/9.2.1/../../../../arm-none-eabi/lib/thumb/v7e-m+fp/hard\libc_nano.a(lib_a-memchr.o)
 .ARM.attributes
                0x000004e1       0x34 c:/ti/ccs1011/ccs/tools/compiler/gcc-arm-none-eabi-9-2019-q4-major/bin/../lib/gcc/arm-none-eabi/9.2.1/../../../../arm-none-eabi/lib/thumb/v7e-m+fp/hard\libc_nano.a(lib_a-memcpy-stub.o)
 .ARM.attributes
                0x00000515       0x34 c:/ti/ccs1011/ccs/tools/compiler/gcc-arm-none-eabi-9-2019-q4-major/bin/../lib/gcc/arm-none-eabi/9.2.1/../../../../arm-none-eabi/lib/thumb/v7e-m+fp/hard\libc_nano.a(lib_a-memmove.o)
 .ARM.attributes
                0x00000549       0x34 c:/ti/ccs1011/ccs/tools/compiler/gcc-arm-none-eabi-9-2019-q4-major/bin/../lib/gcc/arm-none-eabi/9.2.1/../../../../arm-none-eabi/lib/thumb/v7e-m+fp/hard\libc_nano.a(lib_a-nano-freer.o)
 .ARM.attributes
                0x0000057d       0x34 c:/ti/ccs1011/ccs/tools/compiler/gcc-arm-none-eabi-9-2019-q4-major/bin/../lib/gcc/arm-none-eabi/9.2.1/../../../../arm-none-eabi/lib/thumb/v7e-m+fp/hard\libc_nano.a(lib_a-nano-mallocr.o)
 .ARM.attributes
                0x000005b1       0x34 c:/ti/ccs1011/ccs/tools/compiler/gcc-arm-none-eabi-9-2019-q4-major/bin/../lib/gcc/arm-none-eabi/9.2.1/../../../../arm-none-eabi/lib/thumb/v7e-m+fp/hard\libc_nano.a(lib_a-nano-reallocr.o)
 .ARM.attributes
                0x000005e5       0x34 c:/ti/ccs1011/ccs/tools/compiler/gcc-arm-none-eabi-9-2019-q4-major/bin/../lib/gcc/arm-none-eabi/9.2.1/../../../../arm-none-eabi/lib/thumb/v7e-m+fp/hard\libc_nano.a(lib_a-sbrkr.o)
 .ARM.attributes
                0x00000619       0x34 c:/ti/ccs1011/ccs/tools/compiler/gcc-arm-none-eabi-9-2019-q4-major/bin/../lib/gcc/arm-none-eabi/9.2.1/../../../../arm-none-eabi/lib/thumb/v7e-m+fp/hard\libc_nano.a(lib_a-mlock.o)
 .ARM.attributes
                0x0000064d       0x34 c:/ti/ccs1011/ccs/tools/compiler/gcc-arm-none-eabi-9-2019-q4-major/bin/../lib/gcc/arm-none-eabi/9.2.1/../../../../arm-none-eabi/lib/thumb/v7e-m+fp/hard\libc_nano.a(lib_a-nano-msizer.o)
 .ARM.attributes
                0x00000681       0x34 c:/ti/ccs1011/ccs/tools/compiler/gcc-arm-none-eabi-9-2019-q4-major/bin/../lib/gcc/arm-none-eabi/9.2.1/../../../../arm-none-eabi/lib/thumb/v7e-m+fp/hard\libc_nano.a(lib_a-reent.o)
 .ARM.attributes
                0x000006b5       0x34 c:/ti/ccs1011/ccs/tools/compiler/gcc-arm-none-eabi-9-2019-q4-major/bin/../lib/gcc/arm-none-eabi/9.2.1/../../../../arm-none-eabi/lib/thumb/v7e-m+fp/hard\libc_nano.a(lib_a-lock.o)
 .ARM.attributes
                0x000006e9       0x34 c:/ti/ccs1011/ccs/tools/compiler/gcc-arm-none-eabi-9-2019-q4-major/bin/../lib/gcc/arm-none-eabi/9.2.1/../../../../arm-none-eabi/lib/thumb/v7e-m+fp/hard\libnosys.a(sbrk.o)
 .ARM.attributes
                0x0000071d       0x34 c:/ti/ccs1011/ccs/tools/compiler/gcc-arm-none-eabi-9-2019-q4-major/bin/../lib/gcc/arm-none-eabi/9.2.1/../../../../arm-none-eabi/lib/thumb/v7e-m+fp/hard\libnosys.a(_exit.o)
 .ARM.attributes
                0x00000751       0x32 c:/ti/ccs1011/ccs/tools/compiler/gcc-arm-none-eabi-9-2019-q4-major/bin/../lib/gcc/arm-none-eabi/9.2.1/thumb/v7e-m+fp/hard/crtend.o
 .ARM.attributes
                0x00000783       0x1e c:/ti/ccs1011/ccs/tools/compiler/gcc-arm-none-eabi-9-2019-q4-major/bin/../lib/gcc/arm-none-eabi/9.2.1/thumb/v7e-m+fp/hard/crtn.o

.comment        0x00000000       0xf7
 .comment       0x00000000       0x79 ./spi_3wire_incrementing_data-master.o
                                 0x7a (size before relaxing)
 .comment       0x00000079       0x7a ./system_msp432p401r.o
 .comment       0x00000079       0x7a ./gcc/startup_msp432p401r_gcc.o
 .comment       0x00000079       0x7e C:/ti/simplelink_msp432p4_sdk_3_40_01_02/source\ti/devices/msp432p4xx/driverlib/gcc/msp432p4xx_driverlib.a(cs.o)
                                 0x7f (size before relaxing)
 .comment       0x000000f7       0x7f C:/ti/simplelink_msp432p4_sdk_3_40_01_02/source\ti/devices/msp432p4xx/driverlib/gcc/msp432p4xx_driverlib.a(gpio.o)
 .comment       0x000000f7       0x7f C:/ti/simplelink_msp432p4_sdk_3_40_01_02/source\ti/devices/msp432p4xx/driverlib/gcc/msp432p4xx_driverlib.a(interrupt.o)
 .comment       0x000000f7       0x7f C:/ti/simplelink_msp432p4_sdk_3_40_01_02/source\ti/devices/msp432p4xx/driverlib/gcc/msp432p4xx_driverlib.a(pcm.o)
 .comment       0x000000f7       0x7f C:/ti/simplelink_msp432p4_sdk_3_40_01_02/source\ti/devices/msp432p4xx/driverlib/gcc/msp432p4xx_driverlib.a(rtc_c.o)
 .comment       0x000000f7       0x7f C:/ti/simplelink_msp432p4_sdk_3_40_01_02/source\ti/devices/msp432p4xx/driverlib/gcc/msp432p4xx_driverlib.a(spi.o)
 .comment       0x000000f7       0x7f C:/ti/simplelink_msp432p4_sdk_3_40_01_02/source\ti/devices/msp432p4xx/driverlib/gcc/msp432p4xx_driverlib.a(sysctl_a.o)
 .comment       0x000000f7       0x7f C:/ti/simplelink_msp432p4_sdk_3_40_01_02/source\ti/devices/msp432p4xx/driverlib/gcc/msp432p4xx_driverlib.a(uart.o)
 .comment       0x000000f7       0x7f C:/ti/simplelink_msp432p4_sdk_3_40_01_02/source\ti/devices/msp432p4xx/driverlib/gcc/msp432p4xx_driverlib.a(wdt_a.o)
 .comment       0x000000f7       0x7f C:/ti/simplelink_msp432p4_sdk_3_40_01_02/source\ti/devices/msp432p4xx/driverlib/gcc/msp432p4xx_driverlib.a(cpu.o)

.debug_info     0x00000000     0x5bcc
 .debug_info    0x00000000      0x398 ./spi_3wire_incrementing_data-master.o
 .debug_info    0x00000398      0xdfb ./system_msp432p401r.o
 .debug_info    0x00001193      0x14e ./gcc/startup_msp432p401r_gcc.o
 .debug_info    0x000012e1      0xa60 C:/ti/simplelink_msp432p4_sdk_3_40_01_02/source\ti/devices/msp432p4xx/driverlib/gcc/msp432p4xx_driverlib.a(cs.o)
 .debug_info    0x00001d41      0xa5a C:/ti/simplelink_msp432p4_sdk_3_40_01_02/source\ti/devices/msp432p4xx/driverlib/gcc/msp432p4xx_driverlib.a(gpio.o)
 .debug_info    0x0000279b      0x694 C:/ti/simplelink_msp432p4_sdk_3_40_01_02/source\ti/devices/msp432p4xx/driverlib/gcc/msp432p4xx_driverlib.a(interrupt.o)
 .debug_info    0x00002e2f      0x849 C:/ti/simplelink_msp432p4_sdk_3_40_01_02/source\ti/devices/msp432p4xx/driverlib/gcc/msp432p4xx_driverlib.a(pcm.o)
 .debug_info    0x00003678      0x5d5 C:/ti/simplelink_msp432p4_sdk_3_40_01_02/source\ti/devices/msp432p4xx/driverlib/gcc/msp432p4xx_driverlib.a(rtc_c.o)
 .debug_info    0x00003c4d      0xdfe C:/ti/simplelink_msp432p4_sdk_3_40_01_02/source\ti/devices/msp432p4xx/driverlib/gcc/msp432p4xx_driverlib.a(spi.o)
 .debug_info    0x00004a4b      0x5f0 C:/ti/simplelink_msp432p4_sdk_3_40_01_02/source\ti/devices/msp432p4xx/driverlib/gcc/msp432p4xx_driverlib.a(sysctl_a.o)
 .debug_info    0x0000503b      0x78c C:/ti/simplelink_msp432p4_sdk_3_40_01_02/source\ti/devices/msp432p4xx/driverlib/gcc/msp432p4xx_driverlib.a(uart.o)
 .debug_info    0x000057c7      0x280 C:/ti/simplelink_msp432p4_sdk_3_40_01_02/source\ti/devices/msp432p4xx/driverlib/gcc/msp432p4xx_driverlib.a(wdt_a.o)
 .debug_info    0x00005a47      0x185 C:/ti/simplelink_msp432p4_sdk_3_40_01_02/source\ti/devices/msp432p4xx/driverlib/gcc/msp432p4xx_driverlib.a(cpu.o)

.debug_abbrev   0x00000000     0x1226
 .debug_abbrev  0x00000000      0x161 ./spi_3wire_incrementing_data-master.o
 .debug_abbrev  0x00000161      0x12f ./system_msp432p401r.o
 .debug_abbrev  0x00000290       0xc9 ./gcc/startup_msp432p401r_gcc.o
 .debug_abbrev  0x00000359      0x1b6 C:/ti/simplelink_msp432p4_sdk_3_40_01_02/source\ti/devices/msp432p4xx/driverlib/gcc/msp432p4xx_driverlib.a(cs.o)
 .debug_abbrev  0x0000050f      0x1a9 C:/ti/simplelink_msp432p4_sdk_3_40_01_02/source\ti/devices/msp432p4xx/driverlib/gcc/msp432p4xx_driverlib.a(gpio.o)
 .debug_abbrev  0x000006b8      0x1b3 C:/ti/simplelink_msp432p4_sdk_3_40_01_02/source\ti/devices/msp432p4xx/driverlib/gcc/msp432p4xx_driverlib.a(interrupt.o)
 .debug_abbrev  0x0000086b      0x1b5 C:/ti/simplelink_msp432p4_sdk_3_40_01_02/source\ti/devices/msp432p4xx/driverlib/gcc/msp432p4xx_driverlib.a(pcm.o)
 .debug_abbrev  0x00000a20      0x193 C:/ti/simplelink_msp432p4_sdk_3_40_01_02/source\ti/devices/msp432p4xx/driverlib/gcc/msp432p4xx_driverlib.a(rtc_c.o)
 .debug_abbrev  0x00000bb3      0x172 C:/ti/simplelink_msp432p4_sdk_3_40_01_02/source\ti/devices/msp432p4xx/driverlib/gcc/msp432p4xx_driverlib.a(spi.o)
 .debug_abbrev  0x00000d25      0x16b C:/ti/simplelink_msp432p4_sdk_3_40_01_02/source\ti/devices/msp432p4xx/driverlib/gcc/msp432p4xx_driverlib.a(sysctl_a.o)
 .debug_abbrev  0x00000e90      0x17b C:/ti/simplelink_msp432p4_sdk_3_40_01_02/source\ti/devices/msp432p4xx/driverlib/gcc/msp432p4xx_driverlib.a(uart.o)
 .debug_abbrev  0x0000100b      0x119 C:/ti/simplelink_msp432p4_sdk_3_40_01_02/source\ti/devices/msp432p4xx/driverlib/gcc/msp432p4xx_driverlib.a(wdt_a.o)
 .debug_abbrev  0x00001124      0x102 C:/ti/simplelink_msp432p4_sdk_3_40_01_02/source\ti/devices/msp432p4xx/driverlib/gcc/msp432p4xx_driverlib.a(cpu.o)

.debug_aranges  0x00000000      0x8b0
 .debug_aranges
                0x00000000       0x30 ./spi_3wire_incrementing_data-master.o
 .debug_aranges
                0x00000030       0x28 ./system_msp432p401r.o
 .debug_aranges
                0x00000058       0x28 ./gcc/startup_msp432p401r_gcc.o
 .debug_aranges
                0x00000080      0x138 C:/ti/simplelink_msp432p4_sdk_3_40_01_02/source\ti/devices/msp432p4xx/driverlib/gcc/msp432p4xx_driverlib.a(cs.o)
 .debug_aranges
                0x000001b8       0xb8 C:/ti/simplelink_msp432p4_sdk_3_40_01_02/source\ti/devices/msp432p4xx/driverlib/gcc/msp432p4xx_driverlib.a(gpio.o)
 .debug_aranges
                0x00000270       0xb8 C:/ti/simplelink_msp432p4_sdk_3_40_01_02/source\ti/devices/msp432p4xx/driverlib/gcc/msp432p4xx_driverlib.a(interrupt.o)
 .debug_aranges
                0x00000328      0x110 C:/ti/simplelink_msp432p4_sdk_3_40_01_02/source\ti/devices/msp432p4xx/driverlib/gcc/msp432p4xx_driverlib.a(pcm.o)
 .debug_aranges
                0x00000438       0xc0 C:/ti/simplelink_msp432p4_sdk_3_40_01_02/source\ti/devices/msp432p4xx/driverlib/gcc/msp432p4xx_driverlib.a(rtc_c.o)
 .debug_aranges
                0x000004f8      0x1a8 C:/ti/simplelink_msp432p4_sdk_3_40_01_02/source\ti/devices/msp432p4xx/driverlib/gcc/msp432p4xx_driverlib.a(spi.o)
 .debug_aranges
                0x000006a0       0xb0 C:/ti/simplelink_msp432p4_sdk_3_40_01_02/source\ti/devices/msp432p4xx/driverlib/gcc/msp432p4xx_driverlib.a(sysctl_a.o)
 .debug_aranges
                0x00000750       0xb8 C:/ti/simplelink_msp432p4_sdk_3_40_01_02/source\ti/devices/msp432p4xx/driverlib/gcc/msp432p4xx_driverlib.a(uart.o)
 .debug_aranges
                0x00000808       0x60 C:/ti/simplelink_msp432p4_sdk_3_40_01_02/source\ti/devices/msp432p4xx/driverlib/gcc/msp432p4xx_driverlib.a(wdt_a.o)
 .debug_aranges
                0x00000868       0x48 C:/ti/simplelink_msp432p4_sdk_3_40_01_02/source\ti/devices/msp432p4xx/driverlib/gcc/msp432p4xx_driverlib.a(cpu.o)

.debug_ranges   0x00000000      0x7e0
 .debug_ranges  0x00000000       0x20 ./spi_3wire_incrementing_data-master.o
 .debug_ranges  0x00000020       0x18 ./system_msp432p401r.o
 .debug_ranges  0x00000038       0x18 ./gcc/startup_msp432p401r_gcc.o
 .debug_ranges  0x00000050      0x128 C:/ti/simplelink_msp432p4_sdk_3_40_01_02/source\ti/devices/msp432p4xx/driverlib/gcc/msp432p4xx_driverlib.a(cs.o)
 .debug_ranges  0x00000178       0xa8 C:/ti/simplelink_msp432p4_sdk_3_40_01_02/source\ti/devices/msp432p4xx/driverlib/gcc/msp432p4xx_driverlib.a(gpio.o)
 .debug_ranges  0x00000220       0xa8 C:/ti/simplelink_msp432p4_sdk_3_40_01_02/source\ti/devices/msp432p4xx/driverlib/gcc/msp432p4xx_driverlib.a(interrupt.o)
 .debug_ranges  0x000002c8      0x100 C:/ti/simplelink_msp432p4_sdk_3_40_01_02/source\ti/devices/msp432p4xx/driverlib/gcc/msp432p4xx_driverlib.a(pcm.o)
 .debug_ranges  0x000003c8       0xb0 C:/ti/simplelink_msp432p4_sdk_3_40_01_02/source\ti/devices/msp432p4xx/driverlib/gcc/msp432p4xx_driverlib.a(rtc_c.o)
 .debug_ranges  0x00000478      0x198 C:/ti/simplelink_msp432p4_sdk_3_40_01_02/source\ti/devices/msp432p4xx/driverlib/gcc/msp432p4xx_driverlib.a(spi.o)
 .debug_ranges  0x00000610       0xa0 C:/ti/simplelink_msp432p4_sdk_3_40_01_02/source\ti/devices/msp432p4xx/driverlib/gcc/msp432p4xx_driverlib.a(sysctl_a.o)
 .debug_ranges  0x000006b0       0xa8 C:/ti/simplelink_msp432p4_sdk_3_40_01_02/source\ti/devices/msp432p4xx/driverlib/gcc/msp432p4xx_driverlib.a(uart.o)
 .debug_ranges  0x00000758       0x50 C:/ti/simplelink_msp432p4_sdk_3_40_01_02/source\ti/devices/msp432p4xx/driverlib/gcc/msp432p4xx_driverlib.a(wdt_a.o)
 .debug_ranges  0x000007a8       0x38 C:/ti/simplelink_msp432p4_sdk_3_40_01_02/source\ti/devices/msp432p4xx/driverlib/gcc/msp432p4xx_driverlib.a(cpu.o)

.debug_line     0x00000000     0x3196
 .debug_line    0x00000000      0x364 ./spi_3wire_incrementing_data-master.o
 .debug_line    0x00000364      0x3d2 ./system_msp432p401r.o
 .debug_line    0x00000736      0x164 ./gcc/startup_msp432p401r_gcc.o
 .debug_line    0x0000089a      0x63c C:/ti/simplelink_msp432p4_sdk_3_40_01_02/source\ti/devices/msp432p4xx/driverlib/gcc/msp432p4xx_driverlib.a(cs.o)
 .debug_line    0x00000ed6      0x383 C:/ti/simplelink_msp432p4_sdk_3_40_01_02/source\ti/devices/msp432p4xx/driverlib/gcc/msp432p4xx_driverlib.a(gpio.o)
 .debug_line    0x00001259      0x39a C:/ti/simplelink_msp432p4_sdk_3_40_01_02/source\ti/devices/msp432p4xx/driverlib/gcc/msp432p4xx_driverlib.a(interrupt.o)
 .debug_line    0x000015f3      0x56d C:/ti/simplelink_msp432p4_sdk_3_40_01_02/source\ti/devices/msp432p4xx/driverlib/gcc/msp432p4xx_driverlib.a(pcm.o)
 .debug_line    0x00001b60      0x3e7 C:/ti/simplelink_msp432p4_sdk_3_40_01_02/source\ti/devices/msp432p4xx/driverlib/gcc/msp432p4xx_driverlib.a(rtc_c.o)
 .debug_line    0x00001f47      0x653 C:/ti/simplelink_msp432p4_sdk_3_40_01_02/source\ti/devices/msp432p4xx/driverlib/gcc/msp432p4xx_driverlib.a(spi.o)
 .debug_line    0x0000259a      0x3cc C:/ti/simplelink_msp432p4_sdk_3_40_01_02/source\ti/devices/msp432p4xx/driverlib/gcc/msp432p4xx_driverlib.a(sysctl_a.o)
 .debug_line    0x00002966      0x3d4 C:/ti/simplelink_msp432p4_sdk_3_40_01_02/source\ti/devices/msp432p4xx/driverlib/gcc/msp432p4xx_driverlib.a(uart.o)
 .debug_line    0x00002d3a      0x279 C:/ti/simplelink_msp432p4_sdk_3_40_01_02/source\ti/devices/msp432p4xx/driverlib/gcc/msp432p4xx_driverlib.a(wdt_a.o)
 .debug_line    0x00002fb3      0x1e3 C:/ti/simplelink_msp432p4_sdk_3_40_01_02/source\ti/devices/msp432p4xx/driverlib/gcc/msp432p4xx_driverlib.a(cpu.o)

.debug_str      0x00000000     0x322e
 .debug_str     0x00000000      0x398 ./spi_3wire_incrementing_data-master.o
                                0x41e (size before relaxing)
 .debug_str     0x00000398      0x80b ./system_msp432p401r.o
                                0xb19 (size before relaxing)
 .debug_str     0x00000ba3       0x9e ./gcc/startup_msp432p401r_gcc.o
                                0x28a (size before relaxing)
 .debug_str     0x00000c41      0x793 C:/ti/simplelink_msp432p4_sdk_3_40_01_02/source\ti/devices/msp432p4xx/driverlib/gcc/msp432p4xx_driverlib.a(cs.o)
                                0x94f (size before relaxing)
 .debug_str     0x000013d4      0x3de C:/ti/simplelink_msp432p4_sdk_3_40_01_02/source\ti/devices/msp432p4xx/driverlib/gcc/msp432p4xx_driverlib.a(gpio.o)
                                0x63e (size before relaxing)
 .debug_str     0x000017b2      0x38b C:/ti/simplelink_msp432p4_sdk_3_40_01_02/source\ti/devices/msp432p4xx/driverlib/gcc/msp432p4xx_driverlib.a(interrupt.o)
                                0x5a6 (size before relaxing)
 .debug_str     0x00001b3d      0x449 C:/ti/simplelink_msp432p4_sdk_3_40_01_02/source\ti/devices/msp432p4xx/driverlib/gcc/msp432p4xx_driverlib.a(pcm.o)
                                0x69c (size before relaxing)
 .debug_str     0x00001f86      0x448 C:/ti/simplelink_msp432p4_sdk_3_40_01_02/source\ti/devices/msp432p4xx/driverlib/gcc/msp432p4xx_driverlib.a(rtc_c.o)
                                0x64e (size before relaxing)
 .debug_str     0x000023ce      0x573 C:/ti/simplelink_msp432p4_sdk_3_40_01_02/source\ti/devices/msp432p4xx/driverlib/gcc/msp432p4xx_driverlib.a(spi.o)
                                0x93e (size before relaxing)
 .debug_str     0x00002941      0x425 C:/ti/simplelink_msp432p4_sdk_3_40_01_02/source\ti/devices/msp432p4xx/driverlib/gcc/msp432p4xx_driverlib.a(sysctl_a.o)
                                0x6a3 (size before relaxing)
 .debug_str     0x00002d66      0x26c C:/ti/simplelink_msp432p4_sdk_3_40_01_02/source\ti/devices/msp432p4xx/driverlib/gcc/msp432p4xx_driverlib.a(uart.o)
                                0x5ef (size before relaxing)
 .debug_str     0x00002fd2      0x180 C:/ti/simplelink_msp432p4_sdk_3_40_01_02/source\ti/devices/msp432p4xx/driverlib/gcc/msp432p4xx_driverlib.a(wdt_a.o)
                                0x377 (size before relaxing)
 .debug_str     0x00003152       0xdc C:/ti/simplelink_msp432p4_sdk_3_40_01_02/source\ti/devices/msp432p4xx/driverlib/gcc/msp432p4xx_driverlib.a(cpu.o)
                                0x276 (size before relaxing)

.debug_frame    0x00000000     0x27b8
 .debug_frame   0x00000000       0x74 ./spi_3wire_incrementing_data-master.o
 .debug_frame   0x00000074       0x58 ./system_msp432p401r.o
 .debug_frame   0x000000cc       0x4c ./gcc/startup_msp432p401r_gcc.o
 .debug_frame   0x00000118      0x53c C:/ti/simplelink_msp432p4_sdk_3_40_01_02/source\ti/devices/msp432p4xx/driverlib/gcc/msp432p4xx_driverlib.a(cs.o)
 .debug_frame   0x00000654      0x324 C:/ti/simplelink_msp432p4_sdk_3_40_01_02/source\ti/devices/msp432p4xx/driverlib/gcc/msp432p4xx_driverlib.a(gpio.o)
 .debug_frame   0x00000978      0x2e0 C:/ti/simplelink_msp432p4_sdk_3_40_01_02/source\ti/devices/msp432p4xx/driverlib/gcc/msp432p4xx_driverlib.a(interrupt.o)
 .debug_frame   0x00000c58      0x44c C:/ti/simplelink_msp432p4_sdk_3_40_01_02/source\ti/devices/msp432p4xx/driverlib/gcc/msp432p4xx_driverlib.a(pcm.o)
 .debug_frame   0x000010a4      0x338 C:/ti/simplelink_msp432p4_sdk_3_40_01_02/source\ti/devices/msp432p4xx/driverlib/gcc/msp432p4xx_driverlib.a(rtc_c.o)
 .debug_frame   0x000013dc      0x794 C:/ti/simplelink_msp432p4_sdk_3_40_01_02/source\ti/devices/msp432p4xx/driverlib/gcc/msp432p4xx_driverlib.a(spi.o)
 .debug_frame   0x00001b70      0x2c8 C:/ti/simplelink_msp432p4_sdk_3_40_01_02/source\ti/devices/msp432p4xx/driverlib/gcc/msp432p4xx_driverlib.a(sysctl_a.o)
 .debug_frame   0x00001e38      0x324 C:/ti/simplelink_msp432p4_sdk_3_40_01_02/source\ti/devices/msp432p4xx/driverlib/gcc/msp432p4xx_driverlib.a(uart.o)
 .debug_frame   0x0000215c      0x160 C:/ti/simplelink_msp432p4_sdk_3_40_01_02/source\ti/devices/msp432p4xx/driverlib/gcc/msp432p4xx_driverlib.a(wdt_a.o)
 .debug_frame   0x000022bc       0x70 C:/ti/simplelink_msp432p4_sdk_3_40_01_02/source\ti/devices/msp432p4xx/driverlib/gcc/msp432p4xx_driverlib.a(cpu.o)
 .debug_frame   0x0000232c       0x28 c:/ti/ccs1011/ccs/tools/compiler/gcc-arm-none-eabi-9-2019-q4-major/bin/../lib/gcc/arm-none-eabi/9.2.1/../../../../arm-none-eabi/lib/thumb/v7e-m+fp/hard\libc_nano.a(lib_a-exit.o)
 .debug_frame   0x00002354       0x2c c:/ti/ccs1011/ccs/tools/compiler/gcc-arm-none-eabi-9-2019-q4-major/bin/../lib/gcc/arm-none-eabi/9.2.1/../../../../arm-none-eabi/lib/thumb/v7e-m+fp/hard\libc_nano.a(lib_a-init.o)
 .debug_frame   0x00002380       0x20 c:/ti/ccs1011/ccs/tools/compiler/gcc-arm-none-eabi-9-2019-q4-major/bin/../lib/gcc/arm-none-eabi/9.2.1/../../../../arm-none-eabi/lib/thumb/v7e-m+fp/hard\libc_nano.a(lib_a-memset.o)
 .debug_frame   0x000023a0       0x6c c:/ti/ccs1011/ccs/tools/compiler/gcc-arm-none-eabi-9-2019-q4-major/bin/../lib/gcc/arm-none-eabi/9.2.1/../../../../arm-none-eabi/lib/thumb/v7e-m+fp/hard\libc_nano.a(lib_a-sprintf.o)
 .debug_frame   0x0000240c       0x90 c:/ti/ccs1011/ccs/tools/compiler/gcc-arm-none-eabi-9-2019-q4-major/bin/../lib/gcc/arm-none-eabi/9.2.1/../../../../arm-none-eabi/lib/thumb/v7e-m+fp/hard\libc_nano.a(lib_a-nano-svfprintf.o)
 .debug_frame   0x0000249c       0x60 c:/ti/ccs1011/ccs/tools/compiler/gcc-arm-none-eabi-9-2019-q4-major/bin/../lib/gcc/arm-none-eabi/9.2.1/../../../../arm-none-eabi/lib/thumb/v7e-m+fp/hard\libc_nano.a(lib_a-nano-vfprintf_i.o)
 .debug_frame   0x000024fc       0x28 c:/ti/ccs1011/ccs/tools/compiler/gcc-arm-none-eabi-9-2019-q4-major/bin/../lib/gcc/arm-none-eabi/9.2.1/../../../../arm-none-eabi/lib/thumb/v7e-m+fp/hard\libc_nano.a(lib_a-memcpy-stub.o)
 .debug_frame   0x00002524       0x28 c:/ti/ccs1011/ccs/tools/compiler/gcc-arm-none-eabi-9-2019-q4-major/bin/../lib/gcc/arm-none-eabi/9.2.1/../../../../arm-none-eabi/lib/thumb/v7e-m+fp/hard\libc_nano.a(lib_a-memmove.o)
 .debug_frame   0x0000254c       0x38 c:/ti/ccs1011/ccs/tools/compiler/gcc-arm-none-eabi-9-2019-q4-major/bin/../lib/gcc/arm-none-eabi/9.2.1/../../../../arm-none-eabi/lib/thumb/v7e-m+fp/hard\libc_nano.a(lib_a-nano-freer.o)
 .debug_frame   0x00002584       0x30 c:/ti/ccs1011/ccs/tools/compiler/gcc-arm-none-eabi-9-2019-q4-major/bin/../lib/gcc/arm-none-eabi/9.2.1/../../../../arm-none-eabi/lib/thumb/v7e-m+fp/hard\libc_nano.a(lib_a-nano-mallocr.o)
 .debug_frame   0x000025b4       0x3c c:/ti/ccs1011/ccs/tools/compiler/gcc-arm-none-eabi-9-2019-q4-major/bin/../lib/gcc/arm-none-eabi/9.2.1/../../../../arm-none-eabi/lib/thumb/v7e-m+fp/hard\libc_nano.a(lib_a-nano-reallocr.o)
 .debug_frame   0x000025f0       0x2c c:/ti/ccs1011/ccs/tools/compiler/gcc-arm-none-eabi-9-2019-q4-major/bin/../lib/gcc/arm-none-eabi/9.2.1/../../../../arm-none-eabi/lib/thumb/v7e-m+fp/hard\libc_nano.a(lib_a-sbrkr.o)
 .debug_frame   0x0000261c       0x30 c:/ti/ccs1011/ccs/tools/compiler/gcc-arm-none-eabi-9-2019-q4-major/bin/../lib/gcc/arm-none-eabi/9.2.1/../../../../arm-none-eabi/lib/thumb/v7e-m+fp/hard\libc_nano.a(lib_a-mlock.o)
 .debug_frame   0x0000264c       0x20 c:/ti/ccs1011/ccs/tools/compiler/gcc-arm-none-eabi-9-2019-q4-major/bin/../lib/gcc/arm-none-eabi/9.2.1/../../../../arm-none-eabi/lib/thumb/v7e-m+fp/hard\libc_nano.a(lib_a-nano-msizer.o)
 .debug_frame   0x0000266c       0x5c c:/ti/ccs1011/ccs/tools/compiler/gcc-arm-none-eabi-9-2019-q4-major/bin/../lib/gcc/arm-none-eabi/9.2.1/../../../../arm-none-eabi/lib/thumb/v7e-m+fp/hard\libc_nano.a(lib_a-reent.o)
 .debug_frame   0x000026c8       0xb0 c:/ti/ccs1011/ccs/tools/compiler/gcc-arm-none-eabi-9-2019-q4-major/bin/../lib/gcc/arm-none-eabi/9.2.1/../../../../arm-none-eabi/lib/thumb/v7e-m+fp/hard\libc_nano.a(lib_a-lock.o)
 .debug_frame   0x00002778       0x20 c:/ti/ccs1011/ccs/tools/compiler/gcc-arm-none-eabi-9-2019-q4-major/bin/../lib/gcc/arm-none-eabi/9.2.1/../../../../arm-none-eabi/lib/thumb/v7e-m+fp/hard\libnosys.a(sbrk.o)
 .debug_frame   0x00002798       0x20 c:/ti/ccs1011/ccs/tools/compiler/gcc-arm-none-eabi-9-2019-q4-major/bin/../lib/gcc/arm-none-eabi/9.2.1/../../../../arm-none-eabi/lib/thumb/v7e-m+fp/hard\libnosys.a(_exit.o)
