******************************************************************************
                  TI ARM Linker PC v20.2.4                     
******************************************************************************
>> Linked Thu Jan 14 12:31:53 2021

OUTPUT FILE NAME:   <delay_using_timer.out>
ENTRY POINT SYMBOL: "_c_int00_noinit_noargs"  address: 00000441


MEMORY CONFIGURATION

         name            origin    length      used     unused   attr    fill
----------------------  --------  ---------  --------  --------  ----  --------
  MAIN                  00000000   00040000  000004f8  0003fb08  R  X
  INFO                  00200000   00004000  00000000  00004000  R  X
  SRAM_CODE             01000000   00010000  00000200  0000fe00  RW X
  SRAM_DATA             20000000   00010000  00000200  0000fe00  RW  


SEGMENT ALLOCATION MAP

run origin  load origin   length   init length attrs members
----------  ----------- ---------- ----------- ----- -------
00000000    00000000    000004f8   000004f8    r-x
  00000000    00000000    000000e4   000000e4    r-- .intvecs
  000000e4    000000e4    00000414   00000414    r-x .text
2000fe00    2000fe00    00000200   00000000    rw-
  2000fe00    2000fe00    00000200   00000000    rw- .stack


SECTION ALLOCATION MAP

 output                                  attributes/
section   page    origin      length       input sections
--------  ----  ----------  ----------   ----------------
.intvecs   0    00000000    000000e4     
                  00000000    000000e4     startup_msp432p401r_ccs.obj (.intvecs:retain)

.text      0    000000e4    00000414     
                  000000e4    0000011c     msp432p4xx_driverlib.lib : uart.o (.text:UART_initModule)
                  00000200    000000b8     main.obj (.text:main)
                  000002b8    00000078     system_msp432p401r.obj (.text:SystemInit)
                  00000330    00000040     main.obj (.text:config_uart)
                  00000370    00000038     main.obj (.text:delay1S)
                  000003a8    00000034     msp432p4xx_driverlib.lib : cs.o (.text:CS_setDCOCenteredFrequency)
                  000003dc    00000034                              : uart.o (.text:UART_transmitData)
                  00000410    00000030     main.obj (.text:print_uart)
                  00000440    0000002c     rtsv7M4_T_le_v4SPD16_eabi.lib : boot_cortex_m.c.obj (.text:_c_int00_noinit_noargs:_c_int00_noinit_noargs)
                  0000046c    00000024     msp432p4xx_driverlib.lib : wdt_a.o (.text:WDT_A_holdTimer)
                  00000490    0000001a     main.obj (.text:delay)
                  000004aa    00000016     msp432p4xx_driverlib.lib : uart.o (.text:UART_enableModule)
                  000004c0    00000014     rtsv7M4_T_le_v4SPD16_eabi.lib : strlen.c.obj (.text:strlen)
                  000004d4    0000000e     msp432p4xx_driverlib.lib : timer32.o (.text:Timer32_getValue)
                  000004e2    0000000c     startup_msp432p401r_ccs.obj (.text:Reset_Handler)
                  000004ee    00000004     rtsv7M4_T_le_v4SPD16_eabi.lib : pre_init.c.obj (.text:_system_pre_init)
                  000004f2    00000004                                   : exit.c.obj (.text:abort:abort)
                  000004f6    00000002     startup_msp432p401r_ccs.obj (.text:Default_Handler)

.cinit     0    00000000    00000000     UNINITIALIZED

.init_array 
*          0    00000000    00000000     UNINITIALIZED

.binit     0    00000000    00000000     

.stack     0    2000fe00    00000200     UNINITIALIZED
                  2000fe00    00000004     rtsv7M4_T_le_v4SPD16_eabi.lib : boot_cortex_m.c.obj (.stack)
                  2000fe04    000001fc     --HOLE--

__llvm_prf_cnts 
*          0    20000000    00000000     UNINITIALIZED

MODULE SUMMARY

       Module                        code   ro data   rw data
       ------                        ----   -------   -------
    .\
       main.obj                      378    0         0      
       system_msp432p401r.obj        120    0         0      
    +--+-----------------------------+------+---------+---------+
       Total:                        498    0         0      
                                                             
    .\ccs\
       startup_msp432p401r_ccs.obj   14     228       0      
    +--+-----------------------------+------+---------+---------+
       Total:                        14     228       0      
                                                             
    C:/ti/simplelink_msp432p4_sdk_3_40_01_02/source/ti/devices/msp432p4xx/driverlib/ccs/msp432p4xx_driverlib.lib
       uart.o                        358    0         0      
       cs.o                          52     0         0      
       wdt_a.o                       36     0         0      
       timer32.o                     14     0         0      
    +--+-----------------------------+------+---------+---------+
       Total:                        460    0         0      
                                                             
    C:\ti\ccs1011\ccs\tools\compiler\ti-cgt-arm_20.2.4.LTS\lib\rtsv7M4_T_le_v4SPD16_eabi.lib
       boot_cortex_m.c.obj           44     0         0      
       strlen.c.obj                  20     0         0      
       exit.c.obj                    4      0         0      
       pre_init.c.obj                4      0         0      
    +--+-----------------------------+------+---------+---------+
       Total:                        72     0         0      
                                                             
       Stack:                        0      0         1024   
    +--+-----------------------------+------+---------+---------+
       Grand Total:                  1044   228       1024   


GLOBAL SYMBOLS: SORTED ALPHABETICALLY BY Name 

address   name                      
-------   ----                      
000004f7  ADC14_IRQHandler          
000004f7  AES256_IRQHandler         
000004f7  BusFault_Handler          
000004f3  C$$EXIT                   
000004f7  COMP_E0_IRQHandler        
000004f7  COMP_E1_IRQHandler        
000004f7  CS_IRQHandler             
000003a9  CS_setDCOCenteredFrequency
000004f7  DMA_ERR_IRQHandler        
000004f7  DMA_INT0_IRQHandler       
000004f7  DMA_INT1_IRQHandler       
000004f7  DMA_INT2_IRQHandler       
000004f7  DMA_INT3_IRQHandler       
000004f7  DebugMon_Handler          
000004f7  Default_Handler           
000004f7  EUSCIA0_IRQHandler        
000004f7  EUSCIA1_IRQHandler        
000004f7  EUSCIA2_IRQHandler        
000004f7  EUSCIA3_IRQHandler        
000004f7  EUSCIB0_IRQHandler        
000004f7  EUSCIB1_IRQHandler        
000004f7  EUSCIB2_IRQHandler        
000004f7  EUSCIB3_IRQHandler        
000004f7  FLCTL_IRQHandler          
000004f7  FPU_IRQHandler            
000004f7  HardFault_Handler         
000004f7  MemManage_Handler         
000004f7  NMI_Handler               
000004f7  PCM_IRQHandler            
000004f7  PORT1_IRQHandler          
000004f7  PORT2_IRQHandler          
000004f7  PORT3_IRQHandler          
000004f7  PORT4_IRQHandler          
000004f7  PORT5_IRQHandler          
000004f7  PORT6_IRQHandler          
000004f7  PSS_IRQHandler            
000004f7  PendSV_Handler            
000004f7  RTC_C_IRQHandler          
000004e3  Reset_Handler             
000004f7  SVC_Handler               
000004f7  SysTick_Handler           
000002b9  SystemInit                
000004f7  T32_INT1_IRQHandler       
000004f7  T32_INT2_IRQHandler       
000004f7  T32_INTC_IRQHandler       
000004f7  TA0_0_IRQHandler          
000004f7  TA0_N_IRQHandler          
000004f7  TA1_0_IRQHandler          
000004f7  TA1_N_IRQHandler          
000004f7  TA2_0_IRQHandler          
000004f7  TA2_N_IRQHandler          
000004f7  TA3_0_IRQHandler          
000004f7  TA3_N_IRQHandler          
000004d5  Timer32_getValue          
000004ab  UART_enableModule         
000000e5  UART_initModule           
000003dd  UART_transmitData         
000004f7  UsageFault_Handler        
4000480c  WDTCTL_SYM                
000004f7  WDT_A_IRQHandler          
0000046d  WDT_A_holdTimer           
20010000  __STACK_END               
00000200  __STACK_SIZE              
ffffffff  __TI_pprof_out_hndl       
ffffffff  __TI_prof_data_size       
ffffffff  __TI_prof_data_start      
00000000  __TI_static_base__        
ffffffff  __binit__                 
ffffffff  __c_args__                
UNDEFED   __mpu_init                
2000fe00  __stack                   
20000000  __start___llvm_prf_cnts   
20000000  __stop___llvm_prf_cnts    
00000441  _c_int00_noinit_noargs    
000004ef  _system_pre_init          
000004f3  abort                     
ffffffff  binit                     
00000000  interruptVectors          
00000201  main                      
000004c1  strlen                    


GLOBAL SYMBOLS: SORTED BY Symbol Address 

address   name                      
-------   ----                      
00000000  __TI_static_base__        
00000000  interruptVectors          
000000e5  UART_initModule           
00000200  __STACK_SIZE              
00000201  main                      
000002b9  SystemInit                
000003a9  CS_setDCOCenteredFrequency
000003dd  UART_transmitData         
00000441  _c_int00_noinit_noargs    
0000046d  WDT_A_holdTimer           
000004ab  UART_enableModule         
000004c1  strlen                    
000004d5  Timer32_getValue          
000004e3  Reset_Handler             
000004ef  _system_pre_init          
000004f3  C$$EXIT                   
000004f3  abort                     
000004f7  ADC14_IRQHandler          
000004f7  AES256_IRQHandler         
000004f7  BusFault_Handler          
000004f7  COMP_E0_IRQHandler        
000004f7  COMP_E1_IRQHandler        
000004f7  CS_IRQHandler             
000004f7  DMA_ERR_IRQHandler        
000004f7  DMA_INT0_IRQHandler       
000004f7  DMA_INT1_IRQHandler       
000004f7  DMA_INT2_IRQHandler       
000004f7  DMA_INT3_IRQHandler       
000004f7  DebugMon_Handler          
000004f7  Default_Handler           
000004f7  EUSCIA0_IRQHandler        
000004f7  EUSCIA1_IRQHandler        
000004f7  EUSCIA2_IRQHandler        
000004f7  EUSCIA3_IRQHandler        
000004f7  EUSCIB0_IRQHandler        
000004f7  EUSCIB1_IRQHandler        
000004f7  EUSCIB2_IRQHandler        
000004f7  EUSCIB3_IRQHandler        
000004f7  FLCTL_IRQHandler          
000004f7  FPU_IRQHandler            
000004f7  HardFault_Handler         
000004f7  MemManage_Handler         
000004f7  NMI_Handler               
000004f7  PCM_IRQHandler            
000004f7  PORT1_IRQHandler          
000004f7  PORT2_IRQHandler          
000004f7  PORT3_IRQHandler          
000004f7  PORT4_IRQHandler          
000004f7  PORT5_IRQHandler          
000004f7  PORT6_IRQHandler          
000004f7  PSS_IRQHandler            
000004f7  PendSV_Handler            
000004f7  RTC_C_IRQHandler          
000004f7  SVC_Handler               
000004f7  SysTick_Handler           
000004f7  T32_INT1_IRQHandler       
000004f7  T32_INT2_IRQHandler       
000004f7  T32_INTC_IRQHandler       
000004f7  TA0_0_IRQHandler          
000004f7  TA0_N_IRQHandler          
000004f7  TA1_0_IRQHandler          
000004f7  TA1_N_IRQHandler          
000004f7  TA2_0_IRQHandler          
000004f7  TA2_N_IRQHandler          
000004f7  TA3_0_IRQHandler          
000004f7  TA3_N_IRQHandler          
000004f7  UsageFault_Handler        
000004f7  WDT_A_IRQHandler          
20000000  __start___llvm_prf_cnts   
20000000  __stop___llvm_prf_cnts    
2000fe00  __stack                   
20010000  __STACK_END               
4000480c  WDTCTL_SYM                
ffffffff  __TI_pprof_out_hndl       
ffffffff  __TI_prof_data_size       
ffffffff  __TI_prof_data_start      
ffffffff  __binit__                 
ffffffff  __c_args__                
ffffffff  binit                     
UNDEFED   __mpu_init                

[80 symbols]
